[2025-11-14T07:16:30.070+0000] {logging_mixin.py:188} INFO - Changing /opt/***/logs/dag_id=real_etl_pipeline_with_db_logging_v3/run_id=manual__2025-11-14T07:16:15.697466+00:00/task_id=create_tables permission to 509
[2025-11-14T07:16:30.204+0000] {logging_mixin.py:188} INFO - Changing /opt/***/logs/dag_id=real_etl_pipeline_with_db_logging_v3/run_id=manual__2025-11-14T07:16:15.697466+00:00/task_id=create_tables permission to 509
[2025-11-14T07:16:30.624+0000] {taskinstance.py:1956} INFO - Dependencies all met for dep_context=non-requeueable deps ti=<TaskInstance: real_etl_pipeline_with_db_logging_v3.create_tables manual__2025-11-14T07:16:15.697466+00:00 [queued]>
[2025-11-14T07:16:30.664+0000] {taskinstance.py:1956} INFO - Dependencies all met for dep_context=requeueable deps ti=<TaskInstance: real_etl_pipeline_with_db_logging_v3.create_tables manual__2025-11-14T07:16:15.697466+00:00 [queued]>
[2025-11-14T07:16:30.671+0000] {taskinstance.py:2170} INFO - Starting attempt 1 of 1
[2025-11-14T07:16:30.717+0000] {taskinstance.py:2191} INFO - Executing <Task(PostgresOperator): create_tables> on 2025-11-14 07:16:15.697466+00:00
[2025-11-14T07:16:30.729+0000] {standard_task_runner.py:60} INFO - Started process 6190 to run task
[2025-11-14T07:16:30.738+0000] {standard_task_runner.py:87} INFO - Running: ['***', 'tasks', 'run', 'real_etl_pipeline_with_db_logging_v3', 'create_tables', 'manual__2025-11-14T07:16:15.697466+00:00', '--job-id', '23', '--raw', '--subdir', 'DAGS_FOLDER/real_etl_with_failure.py', '--cfg-path', '/tmp/tmp_rqrmliu']
[2025-11-14T07:16:30.741+0000] {standard_task_runner.py:88} INFO - Job 23: Subtask create_tables
[2025-11-14T07:16:30.966+0000] {logging_mixin.py:188} INFO - Changing /opt/***/logs/dag_id=real_etl_pipeline_with_db_logging_v3/run_id=manual__2025-11-14T07:16:15.697466+00:00/task_id=create_tables permission to 509
[2025-11-14T07:16:30.972+0000] {task_command.py:423} INFO - Running <TaskInstance: real_etl_pipeline_with_db_logging_v3.create_tables manual__2025-11-14T07:16:15.697466+00:00 [running]> on host dd103ceb31c1
[2025-11-14T07:16:31.560+0000] {taskinstance.py:2480} INFO - Exporting env vars: AIRFLOW_CTX_DAG_OWNER='***' AIRFLOW_CTX_DAG_ID='real_etl_pipeline_with_db_logging_v3' AIRFLOW_CTX_TASK_ID='create_tables' AIRFLOW_CTX_EXECUTION_DATE='2025-11-14T07:16:15.697466+00:00' AIRFLOW_CTX_TRY_NUMBER='1' AIRFLOW_CTX_DAG_RUN_ID='manual__2025-11-14T07:16:15.697466+00:00'
[2025-11-14T07:16:31.746+0000] {base.py:83} INFO - Using connection ID 'postgres_default' for task execution.
[2025-11-14T07:16:31.845+0000] {base.py:83} INFO - Using connection ID 'postgres_default' for task execution.
[2025-11-14T07:16:31.877+0000] {base.py:83} INFO - Using connection ID 'postgres_default' for task execution.
[2025-11-14T07:16:31.887+0000] {sql.py:450} INFO - Running statement: SELECT CURRENT_SCHEMA;, parameters: None
[2025-11-14T07:16:31.896+0000] {sql.py:459} INFO - Rows affected: 1
[2025-11-14T07:16:31.926+0000] {base.py:83} INFO - Using connection ID 'postgres_default' for task execution.
[2025-11-14T07:16:32.083+0000] {base.py:83} INFO - Using connection ID 'postgres_default' for task execution.
[2025-11-14T07:16:39.225+0000] {adapter.py:122} WARNING - Failed to emit OpenLineage event of id ecfb46f3-d667-33fb-a2d0-83023a7c5c37
[2025-11-14T07:16:39.235+0000] {sql.py:276} INFO - Executing: 
        CREATE TABLE IF NOT EXISTS public.raw_orders (
            order_id VARCHAR(50),
            product VARCHAR(100),
            amount VARCHAR(50)
        );

        CREATE TABLE IF NOT EXISTS public.clean_orders (
            order_id VARCHAR(50) PRIMARY KEY,
            product VARCHAR(100),
            amount INTEGER NOT NULL
        );

        CREATE TABLE IF NOT EXISTS public.pipeline_audit_log (
            audit_id BIGSERIAL PRIMARY KEY,
            dag_id TEXT,
            task_id TEXT,
            ***_run_id TEXT,
            lineage_run_id TEXT,
            status TEXT,
            error_class TEXT,
            error_message TEXT,
            stack_trace TEXT,
            total_records INT,
            success_count INT,
            failure_count INT,
            failed_records JSONB,
            started_at TIMESTAMP,
            finished_at TIMESTAMP,
            hostname TEXT,
            extra_metadata JSONB
        );

        TRUNCATE TABLE public.raw_orders;
        TRUNCATE TABLE public.clean_orders;
        
[2025-11-14T07:16:39.297+0000] {base.py:83} INFO - Using connection ID 'postgres_default' for task execution.
[2025-11-14T07:16:39.361+0000] {sql.py:450} INFO - Running statement: 
        CREATE TABLE IF NOT EXISTS public.raw_orders (
            order_id VARCHAR(50),
            product VARCHAR(100),
            amount VARCHAR(50)
        );

        CREATE TABLE IF NOT EXISTS public.clean_orders (
            order_id VARCHAR(50) PRIMARY KEY,
            product VARCHAR(100),
            amount INTEGER NOT NULL
        );

        CREATE TABLE IF NOT EXISTS public.pipeline_audit_log (
            audit_id BIGSERIAL PRIMARY KEY,
            dag_id TEXT,
            task_id TEXT,
            ***_run_id TEXT,
            lineage_run_id TEXT,
            status TEXT,
            error_class TEXT,
            error_message TEXT,
            stack_trace TEXT,
            total_records INT,
            success_count INT,
            failure_count INT,
            failed_records JSONB,
            started_at TIMESTAMP,
            finished_at TIMESTAMP,
            hostname TEXT,
            extra_metadata JSONB
        );

        TRUNCATE TABLE public.raw_orders;
        TRUNCATE TABLE public.clean_orders;
        , parameters: None
[2025-11-14T07:16:39.873+0000] {taskinstance.py:1138} INFO - Marking task as SUCCESS. dag_id=real_etl_pipeline_with_db_logging_v3, task_id=create_tables, execution_date=20251114T071615, start_date=20251114T071630, end_date=20251114T071639
[2025-11-14T07:16:39.982+0000] {base.py:83} INFO - Using connection ID 'postgres_default' for task execution.
[2025-11-14T07:16:40.019+0000] {base.py:83} INFO - Using connection ID 'postgres_default' for task execution.
[2025-11-14T07:16:40.051+0000] {sql.py:450} INFO - Running statement: SELECT CURRENT_SCHEMA;, parameters: None
[2025-11-14T07:16:40.055+0000] {sql.py:459} INFO - Rows affected: 1
[2025-11-14T07:16:40.090+0000] {base.py:83} INFO - Using connection ID 'postgres_default' for task execution.
[2025-11-14T07:16:40.281+0000] {base.py:83} INFO - Using connection ID 'postgres_default' for task execution.
[2025-11-14T07:16:42.385+0000] {local_task_job_runner.py:234} INFO - Task exited with return code 0
[2025-11-14T07:16:42.488+0000] {taskinstance.py:3280} INFO - 0 downstream tasks scheduled from follow-on schedule check
