[2025-11-19T06:08:53.913+0000] {logging_mixin.py:188} INFO - Changing /opt/***/logs/dag_id=real_etl_pipeline_with_openlineage_errors/run_id=manual__2025-11-19T06:05:50.758523+00:00/task_id=load_data permission to 509
[2025-11-19T06:08:53.978+0000] {logging_mixin.py:188} INFO - Changing /opt/***/logs/dag_id=real_etl_pipeline_with_openlineage_errors/run_id=manual__2025-11-19T06:05:50.758523+00:00/task_id=load_data permission to 509
[2025-11-19T06:08:54.121+0000] {taskinstance.py:1956} INFO - Dependencies all met for dep_context=non-requeueable deps ti=<TaskInstance: real_etl_pipeline_with_openlineage_errors.load_data manual__2025-11-19T06:05:50.758523+00:00 [queued]>
[2025-11-19T06:08:54.149+0000] {taskinstance.py:1956} INFO - Dependencies all met for dep_context=requeueable deps ti=<TaskInstance: real_etl_pipeline_with_openlineage_errors.load_data manual__2025-11-19T06:05:50.758523+00:00 [queued]>
[2025-11-19T06:08:54.160+0000] {taskinstance.py:2170} INFO - Starting attempt 1 of 1
[2025-11-19T06:08:54.219+0000] {taskinstance.py:2191} INFO - Executing <Task(_PythonDecoratedOperator): load_data> on 2025-11-19 06:05:50.758523+00:00
[2025-11-19T06:08:54.239+0000] {standard_task_runner.py:60} INFO - Started process 33256 to run task
[2025-11-19T06:08:54.240+0000] {standard_task_runner.py:87} INFO - Running: ['***', 'tasks', 'run', 'real_etl_pipeline_with_openlineage_errors', 'load_data', 'manual__2025-11-19T06:05:50.758523+00:00', '--job-id', '40', '--raw', '--subdir', 'DAGS_FOLDER/etl_pipeline_with_openlineage_errors.py', '--cfg-path', '/tmp/tmpgo9me42i']
[2025-11-19T06:08:54.242+0000] {standard_task_runner.py:88} INFO - Job 40: Subtask load_data
[2025-11-19T06:08:54.387+0000] {logging_mixin.py:188} INFO - Changing /opt/***/logs/dag_id=real_etl_pipeline_with_openlineage_errors/run_id=manual__2025-11-19T06:05:50.758523+00:00/task_id=load_data permission to 509
[2025-11-19T06:08:54.391+0000] {task_command.py:423} INFO - Running <TaskInstance: real_etl_pipeline_with_openlineage_errors.load_data manual__2025-11-19T06:05:50.758523+00:00 [running]> on host bf83f8158c22
[2025-11-19T06:08:54.660+0000] {taskinstance.py:2480} INFO - Exporting env vars: AIRFLOW_CTX_DAG_OWNER='***' AIRFLOW_CTX_DAG_ID='real_etl_pipeline_with_openlineage_errors' AIRFLOW_CTX_TASK_ID='load_data' AIRFLOW_CTX_EXECUTION_DATE='2025-11-19T06:05:50.758523+00:00' AIRFLOW_CTX_TRY_NUMBER='1' AIRFLOW_CTX_DAG_RUN_ID='manual__2025-11-19T06:05:50.758523+00:00'
[2025-11-19T06:08:55.093+0000] {etl_pipeline_with_openlineage_errors.py:169} INFO - Attempting to load 5 records into clean_orders...
[2025-11-19T06:08:55.147+0000] {base.py:83} INFO - Using connection ID 'postgres_default' for task execution.
[2025-11-19T06:08:55.186+0000] {etl_pipeline_with_openlineage_errors.py:199} ERROR - Failed to insert record {'order_id': '103', 'product': 'Gadget', 'amount': 'ninety-nine'}: invalid input syntax for type integer: "ninety-nine"
LINE 1: ...der_id, product, amount) VALUES ('103', 'Gadget', 'ninety-ni...
                                                             ^

[2025-11-19T06:08:55.191+0000] {etl_pipeline_with_openlineage_errors.py:200} ERROR - Failed SQL: INSERT INTO public.clean_orders (order_id, product, amount) VALUES ('103', 'Gadget', 'ninety-nine');
[2025-11-19T06:08:55.206+0000] {base.py:83} INFO - Using connection ID 'postgres_default' for task execution.
[2025-11-19T06:08:55.215+0000] {sql.py:450} INFO - Running statement: 
        INSERT INTO public.pipeline_audit_log (
            dag_id, task_id, ***_run_id, lineage_run_id,
            job_name, namespace, status, error,
            error_class, error_message, stack_trace,
            total_records, success_count, failure_count, failed_records,
            started_at, finished_at, hostname, extra_metadata
        )
        VALUES (%s,%s,%s,%s,%s,%s,%s,%s,%s,%s,%s,%s,%s,%s,%s,%s,%s,%s,%s)
        , parameters: ('real_etl_pipeline_with_openlineage_errors', 'load_data', 'manual__2025-11-19T06:05:50.758523+00:00', 'not-found', 'real_etl_pipeline_with_openlineage_errors.load_data', 'default', 'FAILED', 'data_insertion_error', 'RecordInsertError', '1 of 5 record(s) failed to insert.', None, 5, 4, 1, '[{"order_id": "103", "product": "Gadget", "amount": "ninety-nine", "error_class": "InvalidTextRepresentation", "error_message": "invalid input syntax for type integer: \\"ninety-nine\\"\\nLINE 1: ...der_id, product, amount) VALUES (\'103\', \'Gadget\', \'ninety-ni...\\n                                                             ^", "failed_sql_statement": "INSERT INTO public.clean_orders (order_id, product, amount) VALUES (\'103\', \'Gadget\', \'ninety-nine\');"}]', datetime.datetime(2025, 11, 19, 6, 8, 55, 93308), datetime.datetime(2025, 11, 19, 6, 8, 55, 195304), 'bf83f8158c22', '{"component": "load_task", "version": "simplified_v2"}')
[2025-11-19T06:08:55.226+0000] {sql.py:459} INFO - Rows affected: 1
[2025-11-19T06:08:55.512+0000] {taskinstance.py:2698} ERROR - Task failed with exception
Traceback (most recent call last):
  File "/home/airflow/.local/lib/python3.8/site-packages/airflow/models/taskinstance.py", line 433, in _execute_task
    result = execute_callable(context=context, **execute_callable_kwargs)
  File "/home/airflow/.local/lib/python3.8/site-packages/airflow/decorators/base.py", line 241, in execute
    return_value = super().execute(context)
  File "/home/airflow/.local/lib/python3.8/site-packages/airflow/operators/python.py", line 199, in execute
    return_value = self.execute_callable()
  File "/home/airflow/.local/lib/python3.8/site-packages/airflow/operators/python.py", line 216, in execute_callable
    return self.python_callable(*self.op_args, **self.op_kwargs)
  File "/opt/airflow/dags/etl_pipeline_with_openlineage_errors.py", line 246, in load_data
    raise AirflowException(error_message)
airflow.exceptions.AirflowException: 1 of 5 record(s) failed to insert.
[2025-11-19T06:08:55.542+0000] {taskinstance.py:1138} INFO - Marking task as FAILED. dag_id=real_etl_pipeline_with_openlineage_errors, task_id=load_data, execution_date=20251119T060550, start_date=20251119T060854, end_date=20251119T060855
[2025-11-19T06:08:55.597+0000] {standard_task_runner.py:107} ERROR - Failed to execute job 40 for task load_data (1 of 5 record(s) failed to insert.; 33256)
[2025-11-19T06:08:55.634+0000] {local_task_job_runner.py:234} INFO - Task exited with return code 1
[2025-11-19T06:08:55.683+0000] {taskinstance.py:3280} INFO - 0 downstream tasks scheduled from follow-on schedule check
