[2025-11-17T17:21:05.370+0000] {logging_mixin.py:188} INFO - Changing /opt/***/logs/dag_id=real_etl_pipeline_with_db_logging_full/run_id=manual__2025-11-17T17:20:14.482965+00:00/task_id=load_data permission to 509
[2025-11-17T17:21:06.072+0000] {logging_mixin.py:188} INFO - Changing /opt/***/logs/dag_id=real_etl_pipeline_with_db_logging_full/run_id=manual__2025-11-17T17:20:14.482965+00:00/task_id=load_data permission to 509
[2025-11-17T17:21:06.164+0000] {taskinstance.py:1956} INFO - Dependencies all met for dep_context=non-requeueable deps ti=<TaskInstance: real_etl_pipeline_with_db_logging_full.load_data manual__2025-11-17T17:20:14.482965+00:00 [queued]>
[2025-11-17T17:21:06.195+0000] {taskinstance.py:1956} INFO - Dependencies all met for dep_context=requeueable deps ti=<TaskInstance: real_etl_pipeline_with_db_logging_full.load_data manual__2025-11-17T17:20:14.482965+00:00 [queued]>
[2025-11-17T17:21:06.199+0000] {taskinstance.py:2170} INFO - Starting attempt 1 of 1
[2025-11-17T17:21:06.242+0000] {taskinstance.py:2191} INFO - Executing <Task(_PythonDecoratedOperator): load_data> on 2025-11-17 17:20:14.482965+00:00
[2025-11-17T17:21:06.264+0000] {standard_task_runner.py:87} INFO - Running: ['***', 'tasks', 'run', 'real_etl_pipeline_with_db_logging_full', 'load_data', 'manual__2025-11-17T17:20:14.482965+00:00', '--job-id', '20', '--raw', '--subdir', 'DAGS_FOLDER/real_etl_with_failure.py', '--cfg-path', '/tmp/tmphmqc28mh']
[2025-11-17T17:21:06.259+0000] {standard_task_runner.py:60} INFO - Started process 8883 to run task
[2025-11-17T17:21:06.271+0000] {standard_task_runner.py:88} INFO - Job 20: Subtask load_data
[2025-11-17T17:21:06.408+0000] {logging_mixin.py:188} INFO - Changing /opt/***/logs/dag_id=real_etl_pipeline_with_db_logging_full/run_id=manual__2025-11-17T17:20:14.482965+00:00/task_id=load_data permission to 509
[2025-11-17T17:21:06.420+0000] {task_command.py:423} INFO - Running <TaskInstance: real_etl_pipeline_with_db_logging_full.load_data manual__2025-11-17T17:20:14.482965+00:00 [running]> on host bf83f8158c22
[2025-11-17T17:21:06.854+0000] {taskinstance.py:2480} INFO - Exporting env vars: AIRFLOW_CTX_DAG_OWNER='***' AIRFLOW_CTX_DAG_ID='real_etl_pipeline_with_db_logging_full' AIRFLOW_CTX_TASK_ID='load_data' AIRFLOW_CTX_EXECUTION_DATE='2025-11-17T17:20:14.482965+00:00' AIRFLOW_CTX_TRY_NUMBER='1' AIRFLOW_CTX_DAG_RUN_ID='manual__2025-11-17T17:20:14.482965+00:00'
[2025-11-17T17:21:07.193+0000] {real_etl_with_failure.py:151} INFO - Loading 4 records into clean_orders...
[2025-11-17T17:21:07.234+0000] {base.py:83} INFO - Using connection ID 'postgres_default' for task execution.
[2025-11-17T17:21:07.290+0000] {real_etl_with_failure.py:166} ERROR - Failed to insert record {'order_id': '103', 'product': 'Gadget', 'amount': 'ninety-nine'}: invalid input syntax for type integer: "ninety-nine"
LINE 1: ...der_id, product, amount) VALUES ('103', 'Gadget', 'ninety-ni...
                                                             ^

[2025-11-17T17:21:07.319+0000] {base.py:83} INFO - Using connection ID 'postgres_default' for task execution.
[2025-11-17T17:21:07.344+0000] {sql.py:450} INFO - Running statement: 
        INSERT INTO public.pipeline_audit_log (
            dag_id, task_id, ***_run_id, lineage_run_id,
            job_name, namespace, status, error,
            error_class, error_message, stack_trace,
            total_records, success_count, failure_count, failed_records,
            started_at, finished_at, hostname, extra_metadata
        )
        VALUES (%s,%s,%s,%s,%s,%s,%s,%s,%s,%s,%s,%s,%s,%s,%s,%s,%s,%s,%s)
        , parameters: ('real_etl_pipeline_with_db_logging_full', 'load_data', 'manual__2025-11-17T17:20:14.482965+00:00', 'not-found', 'real_etl_pipeline_with_db_logging_full', 'ecommerce_demo', 'FAILED', 'task_failure', 'RecordInsertError', '1 record(s) could not be inserted.', None, 4, 3, 1, '[{"order_id": "103", "product": "Gadget", "amount": "ninety-nine", "error_message": "invalid input syntax for type integer: \\"ninety-nine\\"\\nLINE 1: ...der_id, product, amount) VALUES (\'103\', \'Gadget\', \'ninety-ni...\\n                                                             ^\\n"}]', datetime.datetime(2025, 11, 17, 17, 21, 7, 193302), datetime.datetime(2025, 11, 17, 17, 21, 7, 308885), 'bf83f8158c22', '{"component": "load_task", "version": "full_v2"}')
[2025-11-17T17:21:07.373+0000] {sql.py:459} INFO - Rows affected: 1
[2025-11-17T17:21:08.149+0000] {taskinstance.py:2698} ERROR - Task failed with exception
Traceback (most recent call last):
  File "/home/airflow/.local/lib/python3.8/site-packages/airflow/models/taskinstance.py", line 433, in _execute_task
    result = execute_callable(context=context, **execute_callable_kwargs)
  File "/home/airflow/.local/lib/python3.8/site-packages/airflow/decorators/base.py", line 241, in execute
    return_value = super().execute(context)
  File "/home/airflow/.local/lib/python3.8/site-packages/airflow/operators/python.py", line 199, in execute
    return_value = self.execute_callable()
  File "/home/airflow/.local/lib/python3.8/site-packages/airflow/operators/python.py", line 216, in execute_callable
    return self.python_callable(*self.op_args, **self.op_kwargs)
  File "/opt/airflow/dags/real_etl_with_failure.py", line 197, in load_data
    raise Exception(f"Load failed for {len(failed_records)} record(s). Check pipeline_audit_log for details.")
Exception: Load failed for 1 record(s). Check pipeline_audit_log for details.
[2025-11-17T17:21:08.344+0000] {taskinstance.py:1138} INFO - Marking task as FAILED. dag_id=real_etl_pipeline_with_db_logging_full, task_id=load_data, execution_date=20251117T172014, start_date=20251117T172106, end_date=20251117T172108
[2025-11-17T17:21:08.514+0000] {standard_task_runner.py:107} ERROR - Failed to execute job 20 for task load_data (Load failed for 1 record(s). Check pipeline_audit_log for details.; 8883)
[2025-11-17T17:21:08.613+0000] {local_task_job_runner.py:234} INFO - Task exited with return code 1
[2025-11-17T17:21:08.651+0000] {taskinstance.py:3280} INFO - 0 downstream tasks scheduled from follow-on schedule check
