[2025-11-08T07:41:08.360+0000] {processor.py:161} INFO - Started process (PID=682) to work on /opt/airflow/dags/ecommerce_etl_dag.py
[2025-11-08T07:41:08.362+0000] {processor.py:830} INFO - Processing file /opt/airflow/dags/ecommerce_etl_dag.py for tasks to queue
[2025-11-08T07:41:08.370+0000] {logging_mixin.py:188} INFO - [2025-11-08T07:41:08.370+0000] {dagbag.py:538} INFO - Filling up the DagBag from /opt/airflow/dags/ecommerce_etl_dag.py
[2025-11-08T07:41:08.512+0000] {processor.py:840} INFO - DAG(s) 'ecommerce_etl_pipeline' retrieved from /opt/airflow/dags/ecommerce_etl_dag.py
[2025-11-08T07:41:08.611+0000] {logging_mixin.py:188} INFO - [2025-11-08T07:41:08.611+0000] {dag.py:3036} INFO - Sync 1 DAGs
[2025-11-08T07:41:08.655+0000] {logging_mixin.py:188} INFO - [2025-11-08T07:41:08.647+0000] {dag.py:3823} INFO - Setting next_dagrun for ecommerce_etl_pipeline to None, run_after=None
[2025-11-08T07:41:09.309+0000] {processor.py:183} INFO - Processing /opt/airflow/dags/ecommerce_etl_dag.py took 0.954 seconds
[2025-11-08T07:41:39.687+0000] {processor.py:161} INFO - Started process (PID=689) to work on /opt/airflow/dags/ecommerce_etl_dag.py
[2025-11-08T07:41:39.695+0000] {processor.py:830} INFO - Processing file /opt/airflow/dags/ecommerce_etl_dag.py for tasks to queue
[2025-11-08T07:41:39.697+0000] {logging_mixin.py:188} INFO - [2025-11-08T07:41:39.697+0000] {dagbag.py:538} INFO - Filling up the DagBag from /opt/airflow/dags/ecommerce_etl_dag.py
[2025-11-08T07:41:39.755+0000] {processor.py:840} INFO - DAG(s) 'ecommerce_etl_pipeline' retrieved from /opt/airflow/dags/ecommerce_etl_dag.py
[2025-11-08T07:41:39.809+0000] {logging_mixin.py:188} INFO - [2025-11-08T07:41:39.809+0000] {dag.py:3036} INFO - Sync 1 DAGs
[2025-11-08T07:41:39.896+0000] {logging_mixin.py:188} INFO - [2025-11-08T07:41:39.895+0000] {dag.py:3823} INFO - Setting next_dagrun for ecommerce_etl_pipeline to None, run_after=None
[2025-11-08T07:41:39.988+0000] {processor.py:183} INFO - Processing /opt/airflow/dags/ecommerce_etl_dag.py took 0.311 seconds
[2025-11-08T07:42:10.477+0000] {processor.py:161} INFO - Started process (PID=694) to work on /opt/airflow/dags/ecommerce_etl_dag.py
[2025-11-08T07:42:10.479+0000] {processor.py:830} INFO - Processing file /opt/airflow/dags/ecommerce_etl_dag.py for tasks to queue
[2025-11-08T07:42:10.480+0000] {logging_mixin.py:188} INFO - [2025-11-08T07:42:10.479+0000] {dagbag.py:538} INFO - Filling up the DagBag from /opt/airflow/dags/ecommerce_etl_dag.py
[2025-11-08T07:42:10.508+0000] {processor.py:840} INFO - DAG(s) 'ecommerce_etl_pipeline' retrieved from /opt/airflow/dags/ecommerce_etl_dag.py
[2025-11-08T07:42:10.540+0000] {logging_mixin.py:188} INFO - [2025-11-08T07:42:10.539+0000] {dag.py:3036} INFO - Sync 1 DAGs
[2025-11-08T07:42:10.567+0000] {logging_mixin.py:188} INFO - [2025-11-08T07:42:10.566+0000] {dag.py:3823} INFO - Setting next_dagrun for ecommerce_etl_pipeline to None, run_after=None
[2025-11-08T07:42:10.589+0000] {processor.py:183} INFO - Processing /opt/airflow/dags/ecommerce_etl_dag.py took 0.117 seconds
[2025-11-08T07:42:40.760+0000] {processor.py:161} INFO - Started process (PID=699) to work on /opt/airflow/dags/ecommerce_etl_dag.py
[2025-11-08T07:42:40.790+0000] {processor.py:830} INFO - Processing file /opt/airflow/dags/ecommerce_etl_dag.py for tasks to queue
[2025-11-08T07:42:40.814+0000] {logging_mixin.py:188} INFO - [2025-11-08T07:42:40.813+0000] {dagbag.py:538} INFO - Filling up the DagBag from /opt/airflow/dags/ecommerce_etl_dag.py
[2025-11-08T07:42:40.906+0000] {processor.py:840} INFO - DAG(s) 'ecommerce_etl_pipeline' retrieved from /opt/airflow/dags/ecommerce_etl_dag.py
[2025-11-08T07:42:40.966+0000] {logging_mixin.py:188} INFO - [2025-11-08T07:42:40.966+0000] {dag.py:3036} INFO - Sync 1 DAGs
[2025-11-08T07:42:41.003+0000] {logging_mixin.py:188} INFO - [2025-11-08T07:42:41.003+0000] {dag.py:3823} INFO - Setting next_dagrun for ecommerce_etl_pipeline to None, run_after=None
[2025-11-08T07:42:41.071+0000] {processor.py:183} INFO - Processing /opt/airflow/dags/ecommerce_etl_dag.py took 0.332 seconds
[2025-11-08T07:43:11.175+0000] {processor.py:161} INFO - Started process (PID=704) to work on /opt/airflow/dags/ecommerce_etl_dag.py
[2025-11-08T07:43:11.177+0000] {processor.py:830} INFO - Processing file /opt/airflow/dags/ecommerce_etl_dag.py for tasks to queue
[2025-11-08T07:43:11.179+0000] {logging_mixin.py:188} INFO - [2025-11-08T07:43:11.178+0000] {dagbag.py:538} INFO - Filling up the DagBag from /opt/airflow/dags/ecommerce_etl_dag.py
[2025-11-08T07:43:11.218+0000] {processor.py:840} INFO - DAG(s) 'ecommerce_etl_pipeline' retrieved from /opt/airflow/dags/ecommerce_etl_dag.py
[2025-11-08T07:43:11.259+0000] {logging_mixin.py:188} INFO - [2025-11-08T07:43:11.259+0000] {dag.py:3036} INFO - Sync 1 DAGs
[2025-11-08T07:43:11.301+0000] {logging_mixin.py:188} INFO - [2025-11-08T07:43:11.301+0000] {dag.py:3823} INFO - Setting next_dagrun for ecommerce_etl_pipeline to None, run_after=None
[2025-11-08T07:43:11.422+0000] {processor.py:183} INFO - Processing /opt/airflow/dags/ecommerce_etl_dag.py took 0.251 seconds
[2025-11-08T07:43:41.706+0000] {processor.py:161} INFO - Started process (PID=709) to work on /opt/airflow/dags/ecommerce_etl_dag.py
[2025-11-08T07:43:41.708+0000] {processor.py:830} INFO - Processing file /opt/airflow/dags/ecommerce_etl_dag.py for tasks to queue
[2025-11-08T07:43:41.709+0000] {logging_mixin.py:188} INFO - [2025-11-08T07:43:41.709+0000] {dagbag.py:538} INFO - Filling up the DagBag from /opt/airflow/dags/ecommerce_etl_dag.py
[2025-11-08T07:43:41.773+0000] {processor.py:840} INFO - DAG(s) 'ecommerce_etl_pipeline' retrieved from /opt/airflow/dags/ecommerce_etl_dag.py
[2025-11-08T07:43:41.862+0000] {logging_mixin.py:188} INFO - [2025-11-08T07:43:41.862+0000] {dag.py:3036} INFO - Sync 1 DAGs
[2025-11-08T07:43:41.882+0000] {logging_mixin.py:188} INFO - [2025-11-08T07:43:41.882+0000] {dag.py:3823} INFO - Setting next_dagrun for ecommerce_etl_pipeline to None, run_after=None
[2025-11-08T07:43:41.913+0000] {processor.py:183} INFO - Processing /opt/airflow/dags/ecommerce_etl_dag.py took 0.209 seconds
[2025-11-08T07:44:12.050+0000] {processor.py:161} INFO - Started process (PID=714) to work on /opt/airflow/dags/ecommerce_etl_dag.py
[2025-11-08T07:44:12.053+0000] {processor.py:830} INFO - Processing file /opt/airflow/dags/ecommerce_etl_dag.py for tasks to queue
[2025-11-08T07:44:12.054+0000] {logging_mixin.py:188} INFO - [2025-11-08T07:44:12.054+0000] {dagbag.py:538} INFO - Filling up the DagBag from /opt/airflow/dags/ecommerce_etl_dag.py
[2025-11-08T07:44:12.086+0000] {processor.py:840} INFO - DAG(s) 'ecommerce_etl_pipeline' retrieved from /opt/airflow/dags/ecommerce_etl_dag.py
[2025-11-08T07:44:12.117+0000] {logging_mixin.py:188} INFO - [2025-11-08T07:44:12.117+0000] {dag.py:3036} INFO - Sync 1 DAGs
[2025-11-08T07:44:12.131+0000] {logging_mixin.py:188} INFO - [2025-11-08T07:44:12.131+0000] {dag.py:3823} INFO - Setting next_dagrun for ecommerce_etl_pipeline to None, run_after=None
[2025-11-08T07:44:12.160+0000] {processor.py:183} INFO - Processing /opt/airflow/dags/ecommerce_etl_dag.py took 0.115 seconds
[2025-11-08T07:44:42.363+0000] {processor.py:161} INFO - Started process (PID=719) to work on /opt/airflow/dags/ecommerce_etl_dag.py
[2025-11-08T07:44:42.365+0000] {processor.py:830} INFO - Processing file /opt/airflow/dags/ecommerce_etl_dag.py for tasks to queue
[2025-11-08T07:44:42.366+0000] {logging_mixin.py:188} INFO - [2025-11-08T07:44:42.366+0000] {dagbag.py:538} INFO - Filling up the DagBag from /opt/airflow/dags/ecommerce_etl_dag.py
[2025-11-08T07:44:42.394+0000] {processor.py:840} INFO - DAG(s) 'ecommerce_etl_pipeline' retrieved from /opt/airflow/dags/ecommerce_etl_dag.py
[2025-11-08T07:44:42.419+0000] {logging_mixin.py:188} INFO - [2025-11-08T07:44:42.419+0000] {dag.py:3036} INFO - Sync 1 DAGs
[2025-11-08T07:44:42.430+0000] {logging_mixin.py:188} INFO - [2025-11-08T07:44:42.430+0000] {dag.py:3823} INFO - Setting next_dagrun for ecommerce_etl_pipeline to None, run_after=None
[2025-11-08T07:44:42.453+0000] {processor.py:183} INFO - Processing /opt/airflow/dags/ecommerce_etl_dag.py took 0.094 seconds
[2025-11-08T07:45:12.658+0000] {processor.py:161} INFO - Started process (PID=724) to work on /opt/airflow/dags/ecommerce_etl_dag.py
[2025-11-08T07:45:12.660+0000] {processor.py:830} INFO - Processing file /opt/airflow/dags/ecommerce_etl_dag.py for tasks to queue
[2025-11-08T07:45:12.663+0000] {logging_mixin.py:188} INFO - [2025-11-08T07:45:12.662+0000] {dagbag.py:538} INFO - Filling up the DagBag from /opt/airflow/dags/ecommerce_etl_dag.py
[2025-11-08T07:45:12.788+0000] {processor.py:840} INFO - DAG(s) 'ecommerce_etl_pipeline' retrieved from /opt/airflow/dags/ecommerce_etl_dag.py
[2025-11-08T07:45:12.833+0000] {logging_mixin.py:188} INFO - [2025-11-08T07:45:12.833+0000] {dag.py:3036} INFO - Sync 1 DAGs
[2025-11-08T07:45:12.861+0000] {logging_mixin.py:188} INFO - [2025-11-08T07:45:12.861+0000] {dag.py:3823} INFO - Setting next_dagrun for ecommerce_etl_pipeline to None, run_after=None
[2025-11-08T07:45:12.890+0000] {processor.py:183} INFO - Processing /opt/airflow/dags/ecommerce_etl_dag.py took 0.238 seconds
[2025-11-08T07:45:43.206+0000] {processor.py:161} INFO - Started process (PID=729) to work on /opt/airflow/dags/ecommerce_etl_dag.py
[2025-11-08T07:45:43.207+0000] {processor.py:830} INFO - Processing file /opt/airflow/dags/ecommerce_etl_dag.py for tasks to queue
[2025-11-08T07:45:43.209+0000] {logging_mixin.py:188} INFO - [2025-11-08T07:45:43.208+0000] {dagbag.py:538} INFO - Filling up the DagBag from /opt/airflow/dags/ecommerce_etl_dag.py
[2025-11-08T07:45:43.252+0000] {processor.py:840} INFO - DAG(s) 'ecommerce_etl_pipeline' retrieved from /opt/airflow/dags/ecommerce_etl_dag.py
[2025-11-08T07:45:43.283+0000] {logging_mixin.py:188} INFO - [2025-11-08T07:45:43.283+0000] {dag.py:3036} INFO - Sync 1 DAGs
[2025-11-08T07:45:43.302+0000] {logging_mixin.py:188} INFO - [2025-11-08T07:45:43.301+0000] {dag.py:3823} INFO - Setting next_dagrun for ecommerce_etl_pipeline to None, run_after=None
[2025-11-08T07:45:43.337+0000] {processor.py:183} INFO - Processing /opt/airflow/dags/ecommerce_etl_dag.py took 0.136 seconds
[2025-11-08T07:46:13.576+0000] {processor.py:161} INFO - Started process (PID=734) to work on /opt/airflow/dags/ecommerce_etl_dag.py
[2025-11-08T07:46:13.579+0000] {processor.py:830} INFO - Processing file /opt/airflow/dags/ecommerce_etl_dag.py for tasks to queue
[2025-11-08T07:46:13.585+0000] {logging_mixin.py:188} INFO - [2025-11-08T07:46:13.585+0000] {dagbag.py:538} INFO - Filling up the DagBag from /opt/airflow/dags/ecommerce_etl_dag.py
[2025-11-08T07:46:13.611+0000] {processor.py:840} INFO - DAG(s) 'ecommerce_etl_pipeline' retrieved from /opt/airflow/dags/ecommerce_etl_dag.py
[2025-11-08T07:46:13.643+0000] {logging_mixin.py:188} INFO - [2025-11-08T07:46:13.643+0000] {dag.py:3036} INFO - Sync 1 DAGs
[2025-11-08T07:46:13.665+0000] {logging_mixin.py:188} INFO - [2025-11-08T07:46:13.665+0000] {dag.py:3823} INFO - Setting next_dagrun for ecommerce_etl_pipeline to None, run_after=None
[2025-11-08T07:46:13.718+0000] {processor.py:183} INFO - Processing /opt/airflow/dags/ecommerce_etl_dag.py took 0.147 seconds
[2025-11-08T07:52:06.886+0000] {processor.py:161} INFO - Started process (PID=740) to work on /opt/airflow/dags/ecommerce_etl_dag.py
[2025-11-08T07:52:06.895+0000] {processor.py:830} INFO - Processing file /opt/airflow/dags/ecommerce_etl_dag.py for tasks to queue
[2025-11-08T07:52:06.897+0000] {logging_mixin.py:188} INFO - [2025-11-08T07:52:06.897+0000] {dagbag.py:538} INFO - Filling up the DagBag from /opt/airflow/dags/ecommerce_etl_dag.py
[2025-11-08T07:52:06.985+0000] {processor.py:840} INFO - DAG(s) 'ecommerce_etl_pipeline' retrieved from /opt/airflow/dags/ecommerce_etl_dag.py
[2025-11-08T07:52:07.051+0000] {logging_mixin.py:188} INFO - [2025-11-08T07:52:07.050+0000] {dag.py:3036} INFO - Sync 1 DAGs
[2025-11-08T07:52:07.099+0000] {logging_mixin.py:188} INFO - [2025-11-08T07:52:07.099+0000] {dag.py:3823} INFO - Setting next_dagrun for ecommerce_etl_pipeline to None, run_after=None
[2025-11-08T07:52:07.153+0000] {processor.py:183} INFO - Processing /opt/airflow/dags/ecommerce_etl_dag.py took 0.283 seconds
[2025-11-08T07:52:37.288+0000] {processor.py:161} INFO - Started process (PID=750) to work on /opt/airflow/dags/ecommerce_etl_dag.py
[2025-11-08T07:52:37.289+0000] {processor.py:830} INFO - Processing file /opt/airflow/dags/ecommerce_etl_dag.py for tasks to queue
[2025-11-08T07:52:37.291+0000] {logging_mixin.py:188} INFO - [2025-11-08T07:52:37.290+0000] {dagbag.py:538} INFO - Filling up the DagBag from /opt/airflow/dags/ecommerce_etl_dag.py
[2025-11-08T07:52:37.326+0000] {processor.py:840} INFO - DAG(s) 'ecommerce_etl_pipeline' retrieved from /opt/airflow/dags/ecommerce_etl_dag.py
[2025-11-08T07:52:37.360+0000] {logging_mixin.py:188} INFO - [2025-11-08T07:52:37.359+0000] {dag.py:3036} INFO - Sync 1 DAGs
[2025-11-08T07:52:37.379+0000] {logging_mixin.py:188} INFO - [2025-11-08T07:52:37.378+0000] {dag.py:3823} INFO - Setting next_dagrun for ecommerce_etl_pipeline to None, run_after=None
[2025-11-08T07:52:37.411+0000] {processor.py:183} INFO - Processing /opt/airflow/dags/ecommerce_etl_dag.py took 0.128 seconds
[2025-11-08T13:43:39.856+0000] {processor.py:161} INFO - Started process (PID=764) to work on /opt/airflow/dags/ecommerce_etl_dag.py
[2025-11-08T13:43:39.866+0000] {processor.py:830} INFO - Processing file /opt/airflow/dags/ecommerce_etl_dag.py for tasks to queue
[2025-11-08T13:43:39.867+0000] {logging_mixin.py:188} INFO - [2025-11-08T13:43:39.867+0000] {dagbag.py:538} INFO - Filling up the DagBag from /opt/airflow/dags/ecommerce_etl_dag.py
[2025-11-08T13:43:39.918+0000] {processor.py:840} INFO - DAG(s) 'ecommerce_etl_pipeline' retrieved from /opt/airflow/dags/ecommerce_etl_dag.py
[2025-11-08T13:43:40.088+0000] {logging_mixin.py:188} INFO - [2025-11-08T13:43:40.088+0000] {dag.py:3036} INFO - Sync 1 DAGs
[2025-11-08T13:43:40.115+0000] {logging_mixin.py:188} INFO - [2025-11-08T13:43:40.115+0000] {dag.py:3823} INFO - Setting next_dagrun for ecommerce_etl_pipeline to None, run_after=None
[2025-11-08T13:43:40.174+0000] {processor.py:183} INFO - Processing /opt/airflow/dags/ecommerce_etl_dag.py took 0.506 seconds
[2025-11-08T14:27:59.834+0000] {processor.py:161} INFO - Started process (PID=775) to work on /opt/airflow/dags/ecommerce_etl_dag.py
[2025-11-08T14:27:59.838+0000] {processor.py:830} INFO - Processing file /opt/airflow/dags/ecommerce_etl_dag.py for tasks to queue
[2025-11-08T14:27:59.841+0000] {logging_mixin.py:188} INFO - [2025-11-08T14:27:59.841+0000] {dagbag.py:538} INFO - Filling up the DagBag from /opt/airflow/dags/ecommerce_etl_dag.py
[2025-11-08T14:28:00.333+0000] {processor.py:840} INFO - DAG(s) 'ecommerce_etl_pipeline' retrieved from /opt/airflow/dags/ecommerce_etl_dag.py
[2025-11-08T14:28:00.601+0000] {logging_mixin.py:188} INFO - [2025-11-08T14:28:00.593+0000] {dag.py:3036} INFO - Sync 1 DAGs
[2025-11-08T14:28:00.646+0000] {logging_mixin.py:188} INFO - [2025-11-08T14:28:00.645+0000] {dag.py:3823} INFO - Setting next_dagrun for ecommerce_etl_pipeline to None, run_after=None
[2025-11-08T14:28:00.747+0000] {processor.py:183} INFO - Processing /opt/airflow/dags/ecommerce_etl_dag.py took 0.919 seconds
[2025-11-08T14:28:31.220+0000] {processor.py:161} INFO - Started process (PID=780) to work on /opt/airflow/dags/ecommerce_etl_dag.py
[2025-11-08T14:28:31.226+0000] {processor.py:830} INFO - Processing file /opt/airflow/dags/ecommerce_etl_dag.py for tasks to queue
[2025-11-08T14:28:31.231+0000] {logging_mixin.py:188} INFO - [2025-11-08T14:28:31.231+0000] {dagbag.py:538} INFO - Filling up the DagBag from /opt/airflow/dags/ecommerce_etl_dag.py
[2025-11-08T14:28:31.496+0000] {processor.py:840} INFO - DAG(s) 'ecommerce_etl_pipeline' retrieved from /opt/airflow/dags/ecommerce_etl_dag.py
[2025-11-08T14:28:31.772+0000] {logging_mixin.py:188} INFO - [2025-11-08T14:28:31.771+0000] {dag.py:3036} INFO - Sync 1 DAGs
[2025-11-08T14:28:31.886+0000] {logging_mixin.py:188} INFO - [2025-11-08T14:28:31.885+0000] {dag.py:3823} INFO - Setting next_dagrun for ecommerce_etl_pipeline to None, run_after=None
[2025-11-08T14:28:31.996+0000] {processor.py:183} INFO - Processing /opt/airflow/dags/ecommerce_etl_dag.py took 0.780 seconds
[2025-11-08T14:29:02.660+0000] {processor.py:161} INFO - Started process (PID=785) to work on /opt/airflow/dags/ecommerce_etl_dag.py
[2025-11-08T14:29:02.666+0000] {processor.py:830} INFO - Processing file /opt/airflow/dags/ecommerce_etl_dag.py for tasks to queue
[2025-11-08T14:29:02.675+0000] {logging_mixin.py:188} INFO - [2025-11-08T14:29:02.674+0000] {dagbag.py:538} INFO - Filling up the DagBag from /opt/airflow/dags/ecommerce_etl_dag.py
[2025-11-08T14:29:02.786+0000] {processor.py:840} INFO - DAG(s) 'ecommerce_etl_pipeline' retrieved from /opt/airflow/dags/ecommerce_etl_dag.py
[2025-11-08T14:29:02.853+0000] {logging_mixin.py:188} INFO - [2025-11-08T14:29:02.853+0000] {dag.py:3036} INFO - Sync 1 DAGs
[2025-11-08T14:29:02.904+0000] {logging_mixin.py:188} INFO - [2025-11-08T14:29:02.903+0000] {dag.py:3823} INFO - Setting next_dagrun for ecommerce_etl_pipeline to None, run_after=None
[2025-11-08T14:29:02.967+0000] {processor.py:183} INFO - Processing /opt/airflow/dags/ecommerce_etl_dag.py took 0.304 seconds
[2025-11-08T14:29:33.383+0000] {processor.py:161} INFO - Started process (PID=790) to work on /opt/airflow/dags/ecommerce_etl_dag.py
[2025-11-08T14:29:33.385+0000] {processor.py:830} INFO - Processing file /opt/airflow/dags/ecommerce_etl_dag.py for tasks to queue
[2025-11-08T14:29:33.387+0000] {logging_mixin.py:188} INFO - [2025-11-08T14:29:33.386+0000] {dagbag.py:538} INFO - Filling up the DagBag from /opt/airflow/dags/ecommerce_etl_dag.py
[2025-11-08T14:29:33.434+0000] {processor.py:840} INFO - DAG(s) 'ecommerce_etl_pipeline' retrieved from /opt/airflow/dags/ecommerce_etl_dag.py
[2025-11-08T14:29:33.466+0000] {logging_mixin.py:188} INFO - [2025-11-08T14:29:33.466+0000] {dag.py:3036} INFO - Sync 1 DAGs
[2025-11-08T14:29:33.479+0000] {logging_mixin.py:188} INFO - [2025-11-08T14:29:33.479+0000] {dag.py:3823} INFO - Setting next_dagrun for ecommerce_etl_pipeline to None, run_after=None
[2025-11-08T14:29:33.503+0000] {processor.py:183} INFO - Processing /opt/airflow/dags/ecommerce_etl_dag.py took 0.125 seconds
[2025-11-08T14:30:03.785+0000] {processor.py:161} INFO - Started process (PID=795) to work on /opt/airflow/dags/ecommerce_etl_dag.py
[2025-11-08T14:30:03.788+0000] {processor.py:830} INFO - Processing file /opt/airflow/dags/ecommerce_etl_dag.py for tasks to queue
[2025-11-08T14:30:03.790+0000] {logging_mixin.py:188} INFO - [2025-11-08T14:30:03.790+0000] {dagbag.py:538} INFO - Filling up the DagBag from /opt/airflow/dags/ecommerce_etl_dag.py
[2025-11-08T14:30:03.827+0000] {processor.py:840} INFO - DAG(s) 'ecommerce_etl_pipeline' retrieved from /opt/airflow/dags/ecommerce_etl_dag.py
[2025-11-08T14:30:03.857+0000] {logging_mixin.py:188} INFO - [2025-11-08T14:30:03.857+0000] {dag.py:3036} INFO - Sync 1 DAGs
[2025-11-08T14:30:03.870+0000] {logging_mixin.py:188} INFO - [2025-11-08T14:30:03.870+0000] {dag.py:3823} INFO - Setting next_dagrun for ecommerce_etl_pipeline to None, run_after=None
[2025-11-08T14:30:03.901+0000] {processor.py:183} INFO - Processing /opt/airflow/dags/ecommerce_etl_dag.py took 0.120 seconds
[2025-11-08T14:30:34.040+0000] {processor.py:161} INFO - Started process (PID=800) to work on /opt/airflow/dags/ecommerce_etl_dag.py
[2025-11-08T14:30:34.042+0000] {processor.py:830} INFO - Processing file /opt/airflow/dags/ecommerce_etl_dag.py for tasks to queue
[2025-11-08T14:30:34.044+0000] {logging_mixin.py:188} INFO - [2025-11-08T14:30:34.044+0000] {dagbag.py:538} INFO - Filling up the DagBag from /opt/airflow/dags/ecommerce_etl_dag.py
[2025-11-08T14:30:34.088+0000] {processor.py:840} INFO - DAG(s) 'ecommerce_etl_pipeline' retrieved from /opt/airflow/dags/ecommerce_etl_dag.py
[2025-11-08T14:30:34.120+0000] {logging_mixin.py:188} INFO - [2025-11-08T14:30:34.118+0000] {dag.py:3036} INFO - Sync 1 DAGs
[2025-11-08T14:30:34.133+0000] {logging_mixin.py:188} INFO - [2025-11-08T14:30:34.133+0000] {dag.py:3823} INFO - Setting next_dagrun for ecommerce_etl_pipeline to None, run_after=None
[2025-11-08T14:30:34.179+0000] {processor.py:183} INFO - Processing /opt/airflow/dags/ecommerce_etl_dag.py took 0.144 seconds
[2025-11-08T14:51:03.882+0000] {processor.py:161} INFO - Started process (PID=808) to work on /opt/airflow/dags/ecommerce_etl_dag.py
[2025-11-08T14:51:03.887+0000] {processor.py:830} INFO - Processing file /opt/airflow/dags/ecommerce_etl_dag.py for tasks to queue
[2025-11-08T14:51:03.890+0000] {logging_mixin.py:188} INFO - [2025-11-08T14:51:03.890+0000] {dagbag.py:538} INFO - Filling up the DagBag from /opt/airflow/dags/ecommerce_etl_dag.py
[2025-11-08T14:51:03.961+0000] {processor.py:840} INFO - DAG(s) 'ecommerce_etl_pipeline' retrieved from /opt/airflow/dags/ecommerce_etl_dag.py
[2025-11-08T14:51:04.047+0000] {logging_mixin.py:188} INFO - [2025-11-08T14:51:04.046+0000] {dag.py:3036} INFO - Sync 1 DAGs
[2025-11-08T14:51:04.094+0000] {logging_mixin.py:188} INFO - [2025-11-08T14:51:04.094+0000] {dag.py:3823} INFO - Setting next_dagrun for ecommerce_etl_pipeline to None, run_after=None
[2025-11-08T14:51:04.150+0000] {processor.py:183} INFO - Processing /opt/airflow/dags/ecommerce_etl_dag.py took 0.279 seconds
[2025-11-08T14:57:16.856+0000] {processor.py:161} INFO - Started process (PID=823) to work on /opt/airflow/dags/ecommerce_etl_dag.py
[2025-11-08T14:57:16.867+0000] {processor.py:830} INFO - Processing file /opt/airflow/dags/ecommerce_etl_dag.py for tasks to queue
[2025-11-08T14:57:16.870+0000] {logging_mixin.py:188} INFO - [2025-11-08T14:57:16.870+0000] {dagbag.py:538} INFO - Filling up the DagBag from /opt/airflow/dags/ecommerce_etl_dag.py
[2025-11-08T14:57:17.244+0000] {processor.py:840} INFO - DAG(s) 'ecommerce_etl_pipeline' retrieved from /opt/airflow/dags/ecommerce_etl_dag.py
[2025-11-08T14:57:17.473+0000] {logging_mixin.py:188} INFO - [2025-11-08T14:57:17.472+0000] {dag.py:3036} INFO - Sync 1 DAGs
[2025-11-08T14:57:17.521+0000] {logging_mixin.py:188} INFO - [2025-11-08T14:57:17.521+0000] {dag.py:3823} INFO - Setting next_dagrun for ecommerce_etl_pipeline to None, run_after=None
[2025-11-08T14:57:17.588+0000] {processor.py:183} INFO - Processing /opt/airflow/dags/ecommerce_etl_dag.py took 0.736 seconds
[2025-11-08T14:57:49.227+0000] {processor.py:161} INFO - Started process (PID=828) to work on /opt/airflow/dags/ecommerce_etl_dag.py
[2025-11-08T14:57:49.233+0000] {processor.py:830} INFO - Processing file /opt/airflow/dags/ecommerce_etl_dag.py for tasks to queue
[2025-11-08T14:57:49.239+0000] {logging_mixin.py:188} INFO - [2025-11-08T14:57:49.238+0000] {dagbag.py:538} INFO - Filling up the DagBag from /opt/airflow/dags/ecommerce_etl_dag.py
[2025-11-08T14:57:49.598+0000] {processor.py:840} INFO - DAG(s) 'ecommerce_etl_pipeline' retrieved from /opt/airflow/dags/ecommerce_etl_dag.py
[2025-11-08T14:57:49.755+0000] {logging_mixin.py:188} INFO - [2025-11-08T14:57:49.755+0000] {dag.py:3036} INFO - Sync 1 DAGs
[2025-11-08T14:57:49.940+0000] {logging_mixin.py:188} INFO - [2025-11-08T14:57:49.939+0000] {dag.py:3823} INFO - Setting next_dagrun for ecommerce_etl_pipeline to None, run_after=None
[2025-11-08T14:57:50.036+0000] {processor.py:183} INFO - Processing /opt/airflow/dags/ecommerce_etl_dag.py took 0.822 seconds
[2025-11-08T14:58:20.435+0000] {processor.py:161} INFO - Started process (PID=833) to work on /opt/airflow/dags/ecommerce_etl_dag.py
[2025-11-08T14:58:20.436+0000] {processor.py:830} INFO - Processing file /opt/airflow/dags/ecommerce_etl_dag.py for tasks to queue
[2025-11-08T14:58:20.445+0000] {logging_mixin.py:188} INFO - [2025-11-08T14:58:20.439+0000] {dagbag.py:538} INFO - Filling up the DagBag from /opt/airflow/dags/ecommerce_etl_dag.py
[2025-11-08T14:58:20.485+0000] {processor.py:840} INFO - DAG(s) 'ecommerce_etl_pipeline' retrieved from /opt/airflow/dags/ecommerce_etl_dag.py
[2025-11-08T14:58:20.539+0000] {logging_mixin.py:188} INFO - [2025-11-08T14:58:20.539+0000] {dag.py:3036} INFO - Sync 1 DAGs
[2025-11-08T14:58:20.556+0000] {logging_mixin.py:188} INFO - [2025-11-08T14:58:20.556+0000] {dag.py:3823} INFO - Setting next_dagrun for ecommerce_etl_pipeline to None, run_after=None
[2025-11-08T14:58:20.581+0000] {processor.py:183} INFO - Processing /opt/airflow/dags/ecommerce_etl_dag.py took 0.150 seconds
[2025-11-08T14:58:50.690+0000] {processor.py:161} INFO - Started process (PID=838) to work on /opt/airflow/dags/ecommerce_etl_dag.py
[2025-11-08T14:58:50.692+0000] {processor.py:830} INFO - Processing file /opt/airflow/dags/ecommerce_etl_dag.py for tasks to queue
[2025-11-08T14:58:50.694+0000] {logging_mixin.py:188} INFO - [2025-11-08T14:58:50.693+0000] {dagbag.py:538} INFO - Filling up the DagBag from /opt/airflow/dags/ecommerce_etl_dag.py
[2025-11-08T14:58:50.723+0000] {processor.py:840} INFO - DAG(s) 'ecommerce_etl_pipeline' retrieved from /opt/airflow/dags/ecommerce_etl_dag.py
[2025-11-08T14:58:50.759+0000] {logging_mixin.py:188} INFO - [2025-11-08T14:58:50.758+0000] {dag.py:3036} INFO - Sync 1 DAGs
[2025-11-08T14:58:50.772+0000] {logging_mixin.py:188} INFO - [2025-11-08T14:58:50.771+0000] {dag.py:3823} INFO - Setting next_dagrun for ecommerce_etl_pipeline to None, run_after=None
[2025-11-08T14:58:50.798+0000] {processor.py:183} INFO - Processing /opt/airflow/dags/ecommerce_etl_dag.py took 0.113 seconds
[2025-11-08T14:59:21.490+0000] {processor.py:161} INFO - Started process (PID=843) to work on /opt/airflow/dags/ecommerce_etl_dag.py
[2025-11-08T14:59:21.491+0000] {processor.py:830} INFO - Processing file /opt/airflow/dags/ecommerce_etl_dag.py for tasks to queue
[2025-11-08T14:59:21.492+0000] {logging_mixin.py:188} INFO - [2025-11-08T14:59:21.492+0000] {dagbag.py:538} INFO - Filling up the DagBag from /opt/airflow/dags/ecommerce_etl_dag.py
[2025-11-08T14:59:21.515+0000] {processor.py:840} INFO - DAG(s) 'ecommerce_etl_pipeline' retrieved from /opt/airflow/dags/ecommerce_etl_dag.py
[2025-11-08T14:59:21.544+0000] {logging_mixin.py:188} INFO - [2025-11-08T14:59:21.543+0000] {dag.py:3036} INFO - Sync 1 DAGs
[2025-11-08T14:59:21.556+0000] {logging_mixin.py:188} INFO - [2025-11-08T14:59:21.556+0000] {dag.py:3823} INFO - Setting next_dagrun for ecommerce_etl_pipeline to None, run_after=None
[2025-11-08T14:59:21.578+0000] {processor.py:183} INFO - Processing /opt/airflow/dags/ecommerce_etl_dag.py took 0.092 seconds
[2025-11-08T14:59:51.931+0000] {processor.py:161} INFO - Started process (PID=848) to work on /opt/airflow/dags/ecommerce_etl_dag.py
[2025-11-08T14:59:51.932+0000] {processor.py:830} INFO - Processing file /opt/airflow/dags/ecommerce_etl_dag.py for tasks to queue
[2025-11-08T14:59:51.934+0000] {logging_mixin.py:188} INFO - [2025-11-08T14:59:51.933+0000] {dagbag.py:538} INFO - Filling up the DagBag from /opt/airflow/dags/ecommerce_etl_dag.py
[2025-11-08T14:59:51.960+0000] {processor.py:840} INFO - DAG(s) 'ecommerce_etl_pipeline' retrieved from /opt/airflow/dags/ecommerce_etl_dag.py
[2025-11-08T14:59:52.006+0000] {logging_mixin.py:188} INFO - [2025-11-08T14:59:52.006+0000] {dag.py:3036} INFO - Sync 1 DAGs
[2025-11-08T14:59:52.022+0000] {logging_mixin.py:188} INFO - [2025-11-08T14:59:52.022+0000] {dag.py:3823} INFO - Setting next_dagrun for ecommerce_etl_pipeline to None, run_after=None
[2025-11-08T14:59:52.047+0000] {processor.py:183} INFO - Processing /opt/airflow/dags/ecommerce_etl_dag.py took 0.121 seconds
[2025-11-08T15:00:22.238+0000] {processor.py:161} INFO - Started process (PID=853) to work on /opt/airflow/dags/ecommerce_etl_dag.py
[2025-11-08T15:00:22.280+0000] {processor.py:830} INFO - Processing file /opt/airflow/dags/ecommerce_etl_dag.py for tasks to queue
[2025-11-08T15:00:22.282+0000] {logging_mixin.py:188} INFO - [2025-11-08T15:00:22.281+0000] {dagbag.py:538} INFO - Filling up the DagBag from /opt/airflow/dags/ecommerce_etl_dag.py
[2025-11-08T15:00:22.317+0000] {processor.py:840} INFO - DAG(s) 'ecommerce_etl_pipeline' retrieved from /opt/airflow/dags/ecommerce_etl_dag.py
[2025-11-08T15:00:22.356+0000] {logging_mixin.py:188} INFO - [2025-11-08T15:00:22.355+0000] {dag.py:3036} INFO - Sync 1 DAGs
[2025-11-08T15:00:22.370+0000] {logging_mixin.py:188} INFO - [2025-11-08T15:00:22.370+0000] {dag.py:3823} INFO - Setting next_dagrun for ecommerce_etl_pipeline to None, run_after=None
[2025-11-08T15:00:22.408+0000] {processor.py:183} INFO - Processing /opt/airflow/dags/ecommerce_etl_dag.py took 0.174 seconds
[2025-11-08T15:00:52.664+0000] {processor.py:161} INFO - Started process (PID=858) to work on /opt/airflow/dags/ecommerce_etl_dag.py
[2025-11-08T15:00:52.665+0000] {processor.py:830} INFO - Processing file /opt/airflow/dags/ecommerce_etl_dag.py for tasks to queue
[2025-11-08T15:00:52.666+0000] {logging_mixin.py:188} INFO - [2025-11-08T15:00:52.666+0000] {dagbag.py:538} INFO - Filling up the DagBag from /opt/airflow/dags/ecommerce_etl_dag.py
[2025-11-08T15:00:52.697+0000] {processor.py:840} INFO - DAG(s) 'ecommerce_etl_pipeline' retrieved from /opt/airflow/dags/ecommerce_etl_dag.py
[2025-11-08T15:00:52.757+0000] {logging_mixin.py:188} INFO - [2025-11-08T15:00:52.757+0000] {dag.py:3036} INFO - Sync 1 DAGs
[2025-11-08T15:00:52.778+0000] {logging_mixin.py:188} INFO - [2025-11-08T15:00:52.777+0000] {dag.py:3823} INFO - Setting next_dagrun for ecommerce_etl_pipeline to None, run_after=None
[2025-11-08T15:00:52.839+0000] {processor.py:183} INFO - Processing /opt/airflow/dags/ecommerce_etl_dag.py took 0.179 seconds
[2025-11-08T15:01:23.153+0000] {processor.py:161} INFO - Started process (PID=863) to work on /opt/airflow/dags/ecommerce_etl_dag.py
[2025-11-08T15:01:23.164+0000] {processor.py:830} INFO - Processing file /opt/airflow/dags/ecommerce_etl_dag.py for tasks to queue
[2025-11-08T15:01:23.172+0000] {logging_mixin.py:188} INFO - [2025-11-08T15:01:23.171+0000] {dagbag.py:538} INFO - Filling up the DagBag from /opt/airflow/dags/ecommerce_etl_dag.py
[2025-11-08T15:01:23.232+0000] {processor.py:840} INFO - DAG(s) 'ecommerce_etl_pipeline' retrieved from /opt/airflow/dags/ecommerce_etl_dag.py
[2025-11-08T15:01:23.284+0000] {logging_mixin.py:188} INFO - [2025-11-08T15:01:23.284+0000] {dag.py:3036} INFO - Sync 1 DAGs
[2025-11-08T15:01:23.313+0000] {logging_mixin.py:188} INFO - [2025-11-08T15:01:23.313+0000] {dag.py:3823} INFO - Setting next_dagrun for ecommerce_etl_pipeline to None, run_after=None
[2025-11-08T15:01:23.395+0000] {processor.py:183} INFO - Processing /opt/airflow/dags/ecommerce_etl_dag.py took 0.246 seconds
[2025-11-08T15:01:53.737+0000] {processor.py:161} INFO - Started process (PID=868) to work on /opt/airflow/dags/ecommerce_etl_dag.py
[2025-11-08T15:01:53.738+0000] {processor.py:830} INFO - Processing file /opt/airflow/dags/ecommerce_etl_dag.py for tasks to queue
[2025-11-08T15:01:53.740+0000] {logging_mixin.py:188} INFO - [2025-11-08T15:01:53.739+0000] {dagbag.py:538} INFO - Filling up the DagBag from /opt/airflow/dags/ecommerce_etl_dag.py
[2025-11-08T15:01:53.772+0000] {processor.py:840} INFO - DAG(s) 'ecommerce_etl_pipeline' retrieved from /opt/airflow/dags/ecommerce_etl_dag.py
[2025-11-08T15:01:53.810+0000] {logging_mixin.py:188} INFO - [2025-11-08T15:01:53.810+0000] {dag.py:3036} INFO - Sync 1 DAGs
[2025-11-08T15:01:53.833+0000] {logging_mixin.py:188} INFO - [2025-11-08T15:01:53.833+0000] {dag.py:3823} INFO - Setting next_dagrun for ecommerce_etl_pipeline to None, run_after=None
[2025-11-08T15:01:53.858+0000] {processor.py:183} INFO - Processing /opt/airflow/dags/ecommerce_etl_dag.py took 0.126 seconds
[2025-11-08T15:02:24.116+0000] {processor.py:161} INFO - Started process (PID=873) to work on /opt/airflow/dags/ecommerce_etl_dag.py
[2025-11-08T15:02:24.117+0000] {processor.py:830} INFO - Processing file /opt/airflow/dags/ecommerce_etl_dag.py for tasks to queue
[2025-11-08T15:02:24.119+0000] {logging_mixin.py:188} INFO - [2025-11-08T15:02:24.119+0000] {dagbag.py:538} INFO - Filling up the DagBag from /opt/airflow/dags/ecommerce_etl_dag.py
[2025-11-08T15:02:24.142+0000] {processor.py:840} INFO - DAG(s) 'ecommerce_etl_pipeline' retrieved from /opt/airflow/dags/ecommerce_etl_dag.py
[2025-11-08T15:02:24.168+0000] {logging_mixin.py:188} INFO - [2025-11-08T15:02:24.168+0000] {dag.py:3036} INFO - Sync 1 DAGs
[2025-11-08T15:02:24.178+0000] {logging_mixin.py:188} INFO - [2025-11-08T15:02:24.178+0000] {dag.py:3823} INFO - Setting next_dagrun for ecommerce_etl_pipeline to None, run_after=None
[2025-11-08T15:02:24.206+0000] {processor.py:183} INFO - Processing /opt/airflow/dags/ecommerce_etl_dag.py took 0.093 seconds
[2025-11-08T15:02:54.597+0000] {processor.py:161} INFO - Started process (PID=878) to work on /opt/airflow/dags/ecommerce_etl_dag.py
[2025-11-08T15:02:54.599+0000] {processor.py:830} INFO - Processing file /opt/airflow/dags/ecommerce_etl_dag.py for tasks to queue
[2025-11-08T15:02:54.600+0000] {logging_mixin.py:188} INFO - [2025-11-08T15:02:54.600+0000] {dagbag.py:538} INFO - Filling up the DagBag from /opt/airflow/dags/ecommerce_etl_dag.py
[2025-11-08T15:02:54.643+0000] {processor.py:840} INFO - DAG(s) 'ecommerce_etl_pipeline' retrieved from /opt/airflow/dags/ecommerce_etl_dag.py
[2025-11-08T15:02:54.671+0000] {logging_mixin.py:188} INFO - [2025-11-08T15:02:54.671+0000] {dag.py:3036} INFO - Sync 1 DAGs
[2025-11-08T15:02:54.687+0000] {logging_mixin.py:188} INFO - [2025-11-08T15:02:54.686+0000] {dag.py:3823} INFO - Setting next_dagrun for ecommerce_etl_pipeline to None, run_after=None
[2025-11-08T15:02:54.726+0000] {processor.py:183} INFO - Processing /opt/airflow/dags/ecommerce_etl_dag.py took 0.133 seconds
[2025-11-08T15:03:24.991+0000] {processor.py:161} INFO - Started process (PID=883) to work on /opt/airflow/dags/ecommerce_etl_dag.py
[2025-11-08T15:03:24.995+0000] {processor.py:830} INFO - Processing file /opt/airflow/dags/ecommerce_etl_dag.py for tasks to queue
[2025-11-08T15:03:25.004+0000] {logging_mixin.py:188} INFO - [2025-11-08T15:03:25.003+0000] {dagbag.py:538} INFO - Filling up the DagBag from /opt/airflow/dags/ecommerce_etl_dag.py
[2025-11-08T15:03:25.082+0000] {processor.py:840} INFO - DAG(s) 'ecommerce_etl_pipeline' retrieved from /opt/airflow/dags/ecommerce_etl_dag.py
[2025-11-08T15:03:25.128+0000] {logging_mixin.py:188} INFO - [2025-11-08T15:03:25.128+0000] {dag.py:3036} INFO - Sync 1 DAGs
[2025-11-08T15:03:25.170+0000] {logging_mixin.py:188} INFO - [2025-11-08T15:03:25.169+0000] {dag.py:3823} INFO - Setting next_dagrun for ecommerce_etl_pipeline to None, run_after=None
[2025-11-08T15:03:25.210+0000] {processor.py:183} INFO - Processing /opt/airflow/dags/ecommerce_etl_dag.py took 0.224 seconds
[2025-11-08T15:03:56.054+0000] {processor.py:161} INFO - Started process (PID=888) to work on /opt/airflow/dags/ecommerce_etl_dag.py
[2025-11-08T15:03:56.058+0000] {processor.py:830} INFO - Processing file /opt/airflow/dags/ecommerce_etl_dag.py for tasks to queue
[2025-11-08T15:03:56.066+0000] {logging_mixin.py:188} INFO - [2025-11-08T15:03:56.066+0000] {dagbag.py:538} INFO - Filling up the DagBag from /opt/airflow/dags/ecommerce_etl_dag.py
[2025-11-08T15:03:56.311+0000] {processor.py:840} INFO - DAG(s) 'ecommerce_etl_pipeline' retrieved from /opt/airflow/dags/ecommerce_etl_dag.py
[2025-11-08T15:03:56.401+0000] {logging_mixin.py:188} INFO - [2025-11-08T15:03:56.400+0000] {dag.py:3036} INFO - Sync 1 DAGs
[2025-11-08T15:03:56.453+0000] {logging_mixin.py:188} INFO - [2025-11-08T15:03:56.453+0000] {dag.py:3823} INFO - Setting next_dagrun for ecommerce_etl_pipeline to None, run_after=None
[2025-11-08T15:03:56.503+0000] {processor.py:183} INFO - Processing /opt/airflow/dags/ecommerce_etl_dag.py took 0.453 seconds
[2025-11-08T15:04:59.529+0000] {processor.py:161} INFO - Started process (PID=895) to work on /opt/airflow/dags/ecommerce_etl_dag.py
[2025-11-08T15:04:59.531+0000] {processor.py:830} INFO - Processing file /opt/airflow/dags/ecommerce_etl_dag.py for tasks to queue
[2025-11-08T15:04:59.534+0000] {logging_mixin.py:188} INFO - [2025-11-08T15:04:59.533+0000] {dagbag.py:538} INFO - Filling up the DagBag from /opt/airflow/dags/ecommerce_etl_dag.py
[2025-11-08T15:04:59.613+0000] {processor.py:840} INFO - DAG(s) 'ecommerce_etl_pipeline' retrieved from /opt/airflow/dags/ecommerce_etl_dag.py
[2025-11-08T15:04:59.695+0000] {logging_mixin.py:188} INFO - [2025-11-08T15:04:59.694+0000] {dag.py:3036} INFO - Sync 1 DAGs
[2025-11-08T15:04:59.742+0000] {logging_mixin.py:188} INFO - [2025-11-08T15:04:59.735+0000] {dag.py:3823} INFO - Setting next_dagrun for ecommerce_etl_pipeline to None, run_after=None
[2025-11-08T15:04:59.809+0000] {processor.py:183} INFO - Processing /opt/airflow/dags/ecommerce_etl_dag.py took 0.295 seconds
[2025-11-08T15:05:30.054+0000] {processor.py:161} INFO - Started process (PID=900) to work on /opt/airflow/dags/ecommerce_etl_dag.py
[2025-11-08T15:05:30.057+0000] {processor.py:830} INFO - Processing file /opt/airflow/dags/ecommerce_etl_dag.py for tasks to queue
[2025-11-08T15:05:30.060+0000] {logging_mixin.py:188} INFO - [2025-11-08T15:05:30.058+0000] {dagbag.py:538} INFO - Filling up the DagBag from /opt/airflow/dags/ecommerce_etl_dag.py
[2025-11-08T15:05:30.100+0000] {processor.py:840} INFO - DAG(s) 'ecommerce_etl_pipeline' retrieved from /opt/airflow/dags/ecommerce_etl_dag.py
[2025-11-08T15:05:30.133+0000] {logging_mixin.py:188} INFO - [2025-11-08T15:05:30.133+0000] {dag.py:3036} INFO - Sync 1 DAGs
[2025-11-08T15:05:30.150+0000] {logging_mixin.py:188} INFO - [2025-11-08T15:05:30.150+0000] {dag.py:3823} INFO - Setting next_dagrun for ecommerce_etl_pipeline to None, run_after=None
[2025-11-08T15:05:30.230+0000] {processor.py:183} INFO - Processing /opt/airflow/dags/ecommerce_etl_dag.py took 0.173 seconds
[2025-11-08T15:06:00.686+0000] {processor.py:161} INFO - Started process (PID=905) to work on /opt/airflow/dags/ecommerce_etl_dag.py
[2025-11-08T15:06:00.688+0000] {processor.py:830} INFO - Processing file /opt/airflow/dags/ecommerce_etl_dag.py for tasks to queue
[2025-11-08T15:06:00.691+0000] {logging_mixin.py:188} INFO - [2025-11-08T15:06:00.690+0000] {dagbag.py:538} INFO - Filling up the DagBag from /opt/airflow/dags/ecommerce_etl_dag.py
[2025-11-08T15:06:00.734+0000] {processor.py:840} INFO - DAG(s) 'ecommerce_etl_pipeline' retrieved from /opt/airflow/dags/ecommerce_etl_dag.py
[2025-11-08T15:06:00.770+0000] {logging_mixin.py:188} INFO - [2025-11-08T15:06:00.769+0000] {dag.py:3036} INFO - Sync 1 DAGs
[2025-11-08T15:06:00.790+0000] {logging_mixin.py:188} INFO - [2025-11-08T15:06:00.789+0000] {dag.py:3823} INFO - Setting next_dagrun for ecommerce_etl_pipeline to None, run_after=None
[2025-11-08T15:06:00.857+0000] {processor.py:183} INFO - Processing /opt/airflow/dags/ecommerce_etl_dag.py took 0.175 seconds
[2025-11-08T15:06:31.038+0000] {processor.py:161} INFO - Started process (PID=910) to work on /opt/airflow/dags/ecommerce_etl_dag.py
[2025-11-08T15:06:31.040+0000] {processor.py:830} INFO - Processing file /opt/airflow/dags/ecommerce_etl_dag.py for tasks to queue
[2025-11-08T15:06:31.042+0000] {logging_mixin.py:188} INFO - [2025-11-08T15:06:31.041+0000] {dagbag.py:538} INFO - Filling up the DagBag from /opt/airflow/dags/ecommerce_etl_dag.py
[2025-11-08T15:06:31.080+0000] {processor.py:840} INFO - DAG(s) 'ecommerce_etl_pipeline' retrieved from /opt/airflow/dags/ecommerce_etl_dag.py
[2025-11-08T15:06:31.112+0000] {logging_mixin.py:188} INFO - [2025-11-08T15:06:31.111+0000] {dag.py:3036} INFO - Sync 1 DAGs
[2025-11-08T15:06:31.126+0000] {logging_mixin.py:188} INFO - [2025-11-08T15:06:31.125+0000] {dag.py:3823} INFO - Setting next_dagrun for ecommerce_etl_pipeline to None, run_after=None
[2025-11-08T15:06:31.149+0000] {processor.py:183} INFO - Processing /opt/airflow/dags/ecommerce_etl_dag.py took 0.115 seconds
[2025-11-08T15:07:01.286+0000] {processor.py:161} INFO - Started process (PID=915) to work on /opt/airflow/dags/ecommerce_etl_dag.py
[2025-11-08T15:07:01.289+0000] {processor.py:830} INFO - Processing file /opt/airflow/dags/ecommerce_etl_dag.py for tasks to queue
[2025-11-08T15:07:01.290+0000] {logging_mixin.py:188} INFO - [2025-11-08T15:07:01.290+0000] {dagbag.py:538} INFO - Filling up the DagBag from /opt/airflow/dags/ecommerce_etl_dag.py
[2025-11-08T15:07:01.360+0000] {processor.py:840} INFO - DAG(s) 'ecommerce_etl_pipeline' retrieved from /opt/airflow/dags/ecommerce_etl_dag.py
[2025-11-08T15:07:01.403+0000] {logging_mixin.py:188} INFO - [2025-11-08T15:07:01.403+0000] {dag.py:3036} INFO - Sync 1 DAGs
[2025-11-08T15:07:01.434+0000] {logging_mixin.py:188} INFO - [2025-11-08T15:07:01.433+0000] {dag.py:3823} INFO - Setting next_dagrun for ecommerce_etl_pipeline to None, run_after=None
[2025-11-08T15:07:01.474+0000] {processor.py:183} INFO - Processing /opt/airflow/dags/ecommerce_etl_dag.py took 0.193 seconds
[2025-11-08T15:07:31.800+0000] {processor.py:161} INFO - Started process (PID=920) to work on /opt/airflow/dags/ecommerce_etl_dag.py
[2025-11-08T15:07:31.801+0000] {processor.py:830} INFO - Processing file /opt/airflow/dags/ecommerce_etl_dag.py for tasks to queue
[2025-11-08T15:07:31.803+0000] {logging_mixin.py:188} INFO - [2025-11-08T15:07:31.802+0000] {dagbag.py:538} INFO - Filling up the DagBag from /opt/airflow/dags/ecommerce_etl_dag.py
[2025-11-08T15:07:31.831+0000] {processor.py:840} INFO - DAG(s) 'ecommerce_etl_pipeline' retrieved from /opt/airflow/dags/ecommerce_etl_dag.py
[2025-11-08T15:07:31.860+0000] {logging_mixin.py:188} INFO - [2025-11-08T15:07:31.860+0000] {dag.py:3036} INFO - Sync 1 DAGs
[2025-11-08T15:07:31.876+0000] {logging_mixin.py:188} INFO - [2025-11-08T15:07:31.875+0000] {dag.py:3823} INFO - Setting next_dagrun for ecommerce_etl_pipeline to None, run_after=None
[2025-11-08T15:07:31.906+0000] {processor.py:183} INFO - Processing /opt/airflow/dags/ecommerce_etl_dag.py took 0.109 seconds
[2025-11-08T15:08:02.195+0000] {processor.py:161} INFO - Started process (PID=925) to work on /opt/airflow/dags/ecommerce_etl_dag.py
[2025-11-08T15:08:02.233+0000] {processor.py:830} INFO - Processing file /opt/airflow/dags/ecommerce_etl_dag.py for tasks to queue
[2025-11-08T15:08:02.243+0000] {logging_mixin.py:188} INFO - [2025-11-08T15:08:02.243+0000] {dagbag.py:538} INFO - Filling up the DagBag from /opt/airflow/dags/ecommerce_etl_dag.py
[2025-11-08T15:08:02.288+0000] {processor.py:840} INFO - DAG(s) 'ecommerce_etl_pipeline' retrieved from /opt/airflow/dags/ecommerce_etl_dag.py
[2025-11-08T15:08:02.339+0000] {logging_mixin.py:188} INFO - [2025-11-08T15:08:02.339+0000] {dag.py:3036} INFO - Sync 1 DAGs
[2025-11-08T15:08:02.357+0000] {logging_mixin.py:188} INFO - [2025-11-08T15:08:02.357+0000] {dag.py:3823} INFO - Setting next_dagrun for ecommerce_etl_pipeline to None, run_after=None
[2025-11-08T15:08:02.409+0000] {processor.py:183} INFO - Processing /opt/airflow/dags/ecommerce_etl_dag.py took 0.219 seconds
[2025-11-08T15:17:59.319+0000] {processor.py:161} INFO - Started process (PID=935) to work on /opt/airflow/dags/ecommerce_etl_dag.py
[2025-11-08T15:17:59.342+0000] {processor.py:830} INFO - Processing file /opt/airflow/dags/ecommerce_etl_dag.py for tasks to queue
[2025-11-08T15:17:59.434+0000] {logging_mixin.py:188} INFO - [2025-11-08T15:17:59.432+0000] {dagbag.py:538} INFO - Filling up the DagBag from /opt/airflow/dags/ecommerce_etl_dag.py
[2025-11-08T15:36:03.677+0000] {processor.py:840} INFO - DAG(s) 'ecommerce_etl_pipeline' retrieved from /opt/airflow/dags/ecommerce_etl_dag.py
[2025-11-08T15:36:03.873+0000] {logging_mixin.py:188} INFO - [2025-11-08T15:36:03.872+0000] {dag.py:3036} INFO - Sync 1 DAGs
[2025-11-08T15:36:04.024+0000] {logging_mixin.py:188} INFO - [2025-11-08T15:36:04.023+0000] {dag.py:3823} INFO - Setting next_dagrun for ecommerce_etl_pipeline to None, run_after=None
[2025-11-08T15:36:04.159+0000] {processor.py:183} INFO - Processing /opt/airflow/dags/ecommerce_etl_dag.py took 5.992 seconds
[2025-11-08T18:49:22.936+0000] {processor.py:161} INFO - Started process (PID=953) to work on /opt/airflow/dags/ecommerce_etl_dag.py
[2025-11-08T18:49:22.940+0000] {processor.py:830} INFO - Processing file /opt/airflow/dags/ecommerce_etl_dag.py for tasks to queue
[2025-11-08T18:49:22.949+0000] {logging_mixin.py:188} INFO - [2025-11-08T18:49:22.948+0000] {dagbag.py:538} INFO - Filling up the DagBag from /opt/airflow/dags/ecommerce_etl_dag.py
[2025-11-08T18:49:23.113+0000] {processor.py:840} INFO - DAG(s) 'ecommerce_etl_pipeline' retrieved from /opt/airflow/dags/ecommerce_etl_dag.py
[2025-11-08T18:49:23.242+0000] {logging_mixin.py:188} INFO - [2025-11-08T18:49:23.242+0000] {dag.py:3036} INFO - Sync 1 DAGs
[2025-11-08T18:49:23.285+0000] {logging_mixin.py:188} INFO - [2025-11-08T18:49:23.285+0000] {dag.py:3823} INFO - Setting next_dagrun for ecommerce_etl_pipeline to None, run_after=None
[2025-11-08T18:49:23.359+0000] {processor.py:183} INFO - Processing /opt/airflow/dags/ecommerce_etl_dag.py took 0.428 seconds
[2025-11-08T18:50:19.966+0000] {processor.py:161} INFO - Started process (PID=958) to work on /opt/airflow/dags/ecommerce_etl_dag.py
[2025-11-08T18:50:20.045+0000] {processor.py:830} INFO - Processing file /opt/airflow/dags/ecommerce_etl_dag.py for tasks to queue
[2025-11-08T18:50:20.159+0000] {logging_mixin.py:188} INFO - [2025-11-08T18:50:20.098+0000] {dagbag.py:538} INFO - Filling up the DagBag from /opt/airflow/dags/ecommerce_etl_dag.py
[2025-11-08T18:50:23.507+0000] {processor.py:840} INFO - DAG(s) 'ecommerce_etl_pipeline' retrieved from /opt/airflow/dags/ecommerce_etl_dag.py
[2025-11-08T18:50:28.889+0000] {logging_mixin.py:188} INFO - [2025-11-08T18:50:28.889+0000] {dag.py:3036} INFO - Sync 1 DAGs
[2025-11-08T18:50:29.665+0000] {logging_mixin.py:188} INFO - [2025-11-08T18:50:29.664+0000] {dag.py:3823} INFO - Setting next_dagrun for ecommerce_etl_pipeline to None, run_after=None
[2025-11-08T18:50:30.904+0000] {processor.py:183} INFO - Processing /opt/airflow/dags/ecommerce_etl_dag.py took 11.781 seconds
[2025-11-08T18:51:01.476+0000] {processor.py:161} INFO - Started process (PID=963) to work on /opt/airflow/dags/ecommerce_etl_dag.py
[2025-11-08T18:51:01.478+0000] {processor.py:830} INFO - Processing file /opt/airflow/dags/ecommerce_etl_dag.py for tasks to queue
[2025-11-08T18:51:01.480+0000] {logging_mixin.py:188} INFO - [2025-11-08T18:51:01.479+0000] {dagbag.py:538} INFO - Filling up the DagBag from /opt/airflow/dags/ecommerce_etl_dag.py
[2025-11-08T18:51:01.557+0000] {processor.py:840} INFO - DAG(s) 'ecommerce_etl_pipeline' retrieved from /opt/airflow/dags/ecommerce_etl_dag.py
[2025-11-08T18:51:01.632+0000] {logging_mixin.py:188} INFO - [2025-11-08T18:51:01.631+0000] {dag.py:3036} INFO - Sync 1 DAGs
[2025-11-08T18:51:01.682+0000] {logging_mixin.py:188} INFO - [2025-11-08T18:51:01.681+0000] {dag.py:3823} INFO - Setting next_dagrun for ecommerce_etl_pipeline to None, run_after=None
[2025-11-08T18:51:01.765+0000] {processor.py:183} INFO - Processing /opt/airflow/dags/ecommerce_etl_dag.py took 0.301 seconds
[2025-11-08T18:51:31.981+0000] {processor.py:161} INFO - Started process (PID=968) to work on /opt/airflow/dags/ecommerce_etl_dag.py
[2025-11-08T18:51:31.983+0000] {processor.py:830} INFO - Processing file /opt/airflow/dags/ecommerce_etl_dag.py for tasks to queue
[2025-11-08T18:51:31.985+0000] {logging_mixin.py:188} INFO - [2025-11-08T18:51:31.984+0000] {dagbag.py:538} INFO - Filling up the DagBag from /opt/airflow/dags/ecommerce_etl_dag.py
[2025-11-08T18:51:32.031+0000] {processor.py:840} INFO - DAG(s) 'ecommerce_etl_pipeline' retrieved from /opt/airflow/dags/ecommerce_etl_dag.py
[2025-11-08T18:51:32.101+0000] {logging_mixin.py:188} INFO - [2025-11-08T18:51:32.101+0000] {dag.py:3036} INFO - Sync 1 DAGs
[2025-11-08T18:51:32.126+0000] {logging_mixin.py:188} INFO - [2025-11-08T18:51:32.126+0000] {dag.py:3823} INFO - Setting next_dagrun for ecommerce_etl_pipeline to None, run_after=None
[2025-11-08T18:51:32.188+0000] {processor.py:183} INFO - Processing /opt/airflow/dags/ecommerce_etl_dag.py took 0.212 seconds
[2025-11-08T18:52:02.891+0000] {processor.py:161} INFO - Started process (PID=973) to work on /opt/airflow/dags/ecommerce_etl_dag.py
[2025-11-08T18:52:02.895+0000] {processor.py:830} INFO - Processing file /opt/airflow/dags/ecommerce_etl_dag.py for tasks to queue
[2025-11-08T18:52:02.897+0000] {logging_mixin.py:188} INFO - [2025-11-08T18:52:02.896+0000] {dagbag.py:538} INFO - Filling up the DagBag from /opt/airflow/dags/ecommerce_etl_dag.py
[2025-11-08T18:52:02.942+0000] {processor.py:840} INFO - DAG(s) 'ecommerce_etl_pipeline' retrieved from /opt/airflow/dags/ecommerce_etl_dag.py
[2025-11-08T18:52:02.986+0000] {logging_mixin.py:188} INFO - [2025-11-08T18:52:02.986+0000] {dag.py:3036} INFO - Sync 1 DAGs
[2025-11-08T18:52:03.000+0000] {logging_mixin.py:188} INFO - [2025-11-08T18:52:02.999+0000] {dag.py:3823} INFO - Setting next_dagrun for ecommerce_etl_pipeline to None, run_after=None
[2025-11-08T18:52:03.026+0000] {processor.py:183} INFO - Processing /opt/airflow/dags/ecommerce_etl_dag.py took 0.141 seconds
[2025-11-08T18:52:33.288+0000] {processor.py:161} INFO - Started process (PID=978) to work on /opt/airflow/dags/ecommerce_etl_dag.py
[2025-11-08T18:52:33.291+0000] {processor.py:830} INFO - Processing file /opt/airflow/dags/ecommerce_etl_dag.py for tasks to queue
[2025-11-08T18:52:33.292+0000] {logging_mixin.py:188} INFO - [2025-11-08T18:52:33.292+0000] {dagbag.py:538} INFO - Filling up the DagBag from /opt/airflow/dags/ecommerce_etl_dag.py
[2025-11-08T18:52:33.338+0000] {processor.py:840} INFO - DAG(s) 'ecommerce_etl_pipeline' retrieved from /opt/airflow/dags/ecommerce_etl_dag.py
[2025-11-08T18:52:33.368+0000] {logging_mixin.py:188} INFO - [2025-11-08T18:52:33.368+0000] {dag.py:3036} INFO - Sync 1 DAGs
[2025-11-08T18:52:33.381+0000] {logging_mixin.py:188} INFO - [2025-11-08T18:52:33.381+0000] {dag.py:3823} INFO - Setting next_dagrun for ecommerce_etl_pipeline to None, run_after=None
[2025-11-08T18:52:33.404+0000] {processor.py:183} INFO - Processing /opt/airflow/dags/ecommerce_etl_dag.py took 0.120 seconds
[2025-11-08T18:53:03.576+0000] {processor.py:161} INFO - Started process (PID=983) to work on /opt/airflow/dags/ecommerce_etl_dag.py
[2025-11-08T18:53:03.578+0000] {processor.py:830} INFO - Processing file /opt/airflow/dags/ecommerce_etl_dag.py for tasks to queue
[2025-11-08T18:53:03.580+0000] {logging_mixin.py:188} INFO - [2025-11-08T18:53:03.580+0000] {dagbag.py:538} INFO - Filling up the DagBag from /opt/airflow/dags/ecommerce_etl_dag.py
[2025-11-08T18:53:03.632+0000] {processor.py:840} INFO - DAG(s) 'ecommerce_etl_pipeline' retrieved from /opt/airflow/dags/ecommerce_etl_dag.py
[2025-11-08T18:53:03.677+0000] {logging_mixin.py:188} INFO - [2025-11-08T18:53:03.676+0000] {dag.py:3036} INFO - Sync 1 DAGs
[2025-11-08T18:53:03.705+0000] {logging_mixin.py:188} INFO - [2025-11-08T18:53:03.703+0000] {dag.py:3823} INFO - Setting next_dagrun for ecommerce_etl_pipeline to None, run_after=None
[2025-11-08T18:53:03.795+0000] {processor.py:183} INFO - Processing /opt/airflow/dags/ecommerce_etl_dag.py took 0.225 seconds
[2025-11-08T18:53:34.267+0000] {processor.py:161} INFO - Started process (PID=988) to work on /opt/airflow/dags/ecommerce_etl_dag.py
[2025-11-08T18:53:34.271+0000] {processor.py:830} INFO - Processing file /opt/airflow/dags/ecommerce_etl_dag.py for tasks to queue
[2025-11-08T18:53:34.274+0000] {logging_mixin.py:188} INFO - [2025-11-08T18:53:34.273+0000] {dagbag.py:538} INFO - Filling up the DagBag from /opt/airflow/dags/ecommerce_etl_dag.py
[2025-11-08T18:53:34.308+0000] {processor.py:840} INFO - DAG(s) 'ecommerce_etl_pipeline' retrieved from /opt/airflow/dags/ecommerce_etl_dag.py
[2025-11-08T18:53:34.340+0000] {logging_mixin.py:188} INFO - [2025-11-08T18:53:34.340+0000] {dag.py:3036} INFO - Sync 1 DAGs
[2025-11-08T18:53:34.352+0000] {logging_mixin.py:188} INFO - [2025-11-08T18:53:34.352+0000] {dag.py:3823} INFO - Setting next_dagrun for ecommerce_etl_pipeline to None, run_after=None
[2025-11-08T18:53:34.380+0000] {processor.py:183} INFO - Processing /opt/airflow/dags/ecommerce_etl_dag.py took 0.117 seconds
[2025-11-08T18:54:04.684+0000] {processor.py:161} INFO - Started process (PID=993) to work on /opt/airflow/dags/ecommerce_etl_dag.py
[2025-11-08T18:54:04.686+0000] {processor.py:830} INFO - Processing file /opt/airflow/dags/ecommerce_etl_dag.py for tasks to queue
[2025-11-08T18:54:04.687+0000] {logging_mixin.py:188} INFO - [2025-11-08T18:54:04.687+0000] {dagbag.py:538} INFO - Filling up the DagBag from /opt/airflow/dags/ecommerce_etl_dag.py
[2025-11-08T18:54:04.723+0000] {processor.py:840} INFO - DAG(s) 'ecommerce_etl_pipeline' retrieved from /opt/airflow/dags/ecommerce_etl_dag.py
[2025-11-08T18:54:04.767+0000] {logging_mixin.py:188} INFO - [2025-11-08T18:54:04.766+0000] {dag.py:3036} INFO - Sync 1 DAGs
[2025-11-08T18:54:04.802+0000] {logging_mixin.py:188} INFO - [2025-11-08T18:54:04.802+0000] {dag.py:3823} INFO - Setting next_dagrun for ecommerce_etl_pipeline to None, run_after=None
[2025-11-08T18:54:04.861+0000] {processor.py:183} INFO - Processing /opt/airflow/dags/ecommerce_etl_dag.py took 0.183 seconds
[2025-11-08T18:54:35.106+0000] {processor.py:161} INFO - Started process (PID=998) to work on /opt/airflow/dags/ecommerce_etl_dag.py
[2025-11-08T18:54:35.112+0000] {processor.py:830} INFO - Processing file /opt/airflow/dags/ecommerce_etl_dag.py for tasks to queue
[2025-11-08T18:54:35.114+0000] {logging_mixin.py:188} INFO - [2025-11-08T18:54:35.114+0000] {dagbag.py:538} INFO - Filling up the DagBag from /opt/airflow/dags/ecommerce_etl_dag.py
[2025-11-08T18:54:35.147+0000] {processor.py:840} INFO - DAG(s) 'ecommerce_etl_pipeline' retrieved from /opt/airflow/dags/ecommerce_etl_dag.py
[2025-11-08T18:54:35.176+0000] {logging_mixin.py:188} INFO - [2025-11-08T18:54:35.176+0000] {dag.py:3036} INFO - Sync 1 DAGs
[2025-11-08T18:54:35.188+0000] {logging_mixin.py:188} INFO - [2025-11-08T18:54:35.188+0000] {dag.py:3823} INFO - Setting next_dagrun for ecommerce_etl_pipeline to None, run_after=None
[2025-11-08T18:54:35.215+0000] {processor.py:183} INFO - Processing /opt/airflow/dags/ecommerce_etl_dag.py took 0.114 seconds
[2025-11-08T18:55:05.525+0000] {processor.py:161} INFO - Started process (PID=1003) to work on /opt/airflow/dags/ecommerce_etl_dag.py
[2025-11-08T18:55:05.528+0000] {processor.py:830} INFO - Processing file /opt/airflow/dags/ecommerce_etl_dag.py for tasks to queue
[2025-11-08T18:55:05.529+0000] {logging_mixin.py:188} INFO - [2025-11-08T18:55:05.529+0000] {dagbag.py:538} INFO - Filling up the DagBag from /opt/airflow/dags/ecommerce_etl_dag.py
[2025-11-08T18:55:05.565+0000] {processor.py:840} INFO - DAG(s) 'ecommerce_etl_pipeline' retrieved from /opt/airflow/dags/ecommerce_etl_dag.py
[2025-11-08T18:55:05.603+0000] {logging_mixin.py:188} INFO - [2025-11-08T18:55:05.602+0000] {dag.py:3036} INFO - Sync 1 DAGs
[2025-11-08T18:55:05.627+0000] {logging_mixin.py:188} INFO - [2025-11-08T18:55:05.626+0000] {dag.py:3823} INFO - Setting next_dagrun for ecommerce_etl_pipeline to None, run_after=None
[2025-11-08T18:55:05.673+0000] {processor.py:183} INFO - Processing /opt/airflow/dags/ecommerce_etl_dag.py took 0.153 seconds
[2025-11-08T18:55:35.897+0000] {processor.py:161} INFO - Started process (PID=1008) to work on /opt/airflow/dags/ecommerce_etl_dag.py
[2025-11-08T18:55:35.913+0000] {processor.py:830} INFO - Processing file /opt/airflow/dags/ecommerce_etl_dag.py for tasks to queue
[2025-11-08T18:55:35.926+0000] {logging_mixin.py:188} INFO - [2025-11-08T18:55:35.925+0000] {dagbag.py:538} INFO - Filling up the DagBag from /opt/airflow/dags/ecommerce_etl_dag.py
[2025-11-08T18:55:35.987+0000] {processor.py:840} INFO - DAG(s) 'ecommerce_etl_pipeline' retrieved from /opt/airflow/dags/ecommerce_etl_dag.py
[2025-11-08T18:55:36.043+0000] {logging_mixin.py:188} INFO - [2025-11-08T18:55:36.033+0000] {dag.py:3036} INFO - Sync 1 DAGs
[2025-11-08T18:55:36.070+0000] {logging_mixin.py:188} INFO - [2025-11-08T18:55:36.070+0000] {dag.py:3823} INFO - Setting next_dagrun for ecommerce_etl_pipeline to None, run_after=None
[2025-11-08T18:55:36.125+0000] {processor.py:183} INFO - Processing /opt/airflow/dags/ecommerce_etl_dag.py took 0.232 seconds
[2025-11-08T18:56:06.432+0000] {processor.py:161} INFO - Started process (PID=1013) to work on /opt/airflow/dags/ecommerce_etl_dag.py
[2025-11-08T18:56:06.441+0000] {processor.py:830} INFO - Processing file /opt/airflow/dags/ecommerce_etl_dag.py for tasks to queue
[2025-11-08T18:56:06.444+0000] {logging_mixin.py:188} INFO - [2025-11-08T18:56:06.443+0000] {dagbag.py:538} INFO - Filling up the DagBag from /opt/airflow/dags/ecommerce_etl_dag.py
[2025-11-08T18:56:06.506+0000] {processor.py:840} INFO - DAG(s) 'ecommerce_etl_pipeline' retrieved from /opt/airflow/dags/ecommerce_etl_dag.py
[2025-11-08T18:56:06.566+0000] {logging_mixin.py:188} INFO - [2025-11-08T18:56:06.566+0000] {dag.py:3036} INFO - Sync 1 DAGs
[2025-11-08T18:56:06.603+0000] {logging_mixin.py:188} INFO - [2025-11-08T18:56:06.603+0000] {dag.py:3823} INFO - Setting next_dagrun for ecommerce_etl_pipeline to None, run_after=None
[2025-11-08T18:56:06.673+0000] {processor.py:183} INFO - Processing /opt/airflow/dags/ecommerce_etl_dag.py took 0.351 seconds
[2025-11-08T18:56:36.759+0000] {processor.py:161} INFO - Started process (PID=1018) to work on /opt/airflow/dags/ecommerce_etl_dag.py
[2025-11-08T18:56:36.761+0000] {processor.py:830} INFO - Processing file /opt/airflow/dags/ecommerce_etl_dag.py for tasks to queue
[2025-11-08T18:56:36.764+0000] {logging_mixin.py:188} INFO - [2025-11-08T18:56:36.763+0000] {dagbag.py:538} INFO - Filling up the DagBag from /opt/airflow/dags/ecommerce_etl_dag.py
[2025-11-08T18:56:36.805+0000] {processor.py:840} INFO - DAG(s) 'ecommerce_etl_pipeline' retrieved from /opt/airflow/dags/ecommerce_etl_dag.py
[2025-11-08T18:56:36.844+0000] {logging_mixin.py:188} INFO - [2025-11-08T18:56:36.843+0000] {dag.py:3036} INFO - Sync 1 DAGs
[2025-11-08T18:56:36.860+0000] {logging_mixin.py:188} INFO - [2025-11-08T18:56:36.860+0000] {dag.py:3823} INFO - Setting next_dagrun for ecommerce_etl_pipeline to None, run_after=None
[2025-11-08T18:56:36.924+0000] {processor.py:183} INFO - Processing /opt/airflow/dags/ecommerce_etl_dag.py took 0.169 seconds
[2025-11-08T18:57:07.370+0000] {processor.py:161} INFO - Started process (PID=1023) to work on /opt/airflow/dags/ecommerce_etl_dag.py
[2025-11-08T18:57:07.372+0000] {processor.py:830} INFO - Processing file /opt/airflow/dags/ecommerce_etl_dag.py for tasks to queue
[2025-11-08T18:57:07.374+0000] {logging_mixin.py:188} INFO - [2025-11-08T18:57:07.373+0000] {dagbag.py:538} INFO - Filling up the DagBag from /opt/airflow/dags/ecommerce_etl_dag.py
[2025-11-08T18:57:07.427+0000] {processor.py:840} INFO - DAG(s) 'ecommerce_etl_pipeline' retrieved from /opt/airflow/dags/ecommerce_etl_dag.py
[2025-11-08T18:57:07.456+0000] {logging_mixin.py:188} INFO - [2025-11-08T18:57:07.456+0000] {dag.py:3036} INFO - Sync 1 DAGs
[2025-11-08T18:57:07.471+0000] {logging_mixin.py:188} INFO - [2025-11-08T18:57:07.470+0000] {dag.py:3823} INFO - Setting next_dagrun for ecommerce_etl_pipeline to None, run_after=None
[2025-11-08T18:57:07.499+0000] {processor.py:183} INFO - Processing /opt/airflow/dags/ecommerce_etl_dag.py took 0.133 seconds
