[2025-11-08T19:47:31.217+0000] {processor.py:161} INFO - Started process (PID=175) to work on /opt/airflow/dags/etl_dag.py
[2025-11-08T19:47:31.226+0000] {processor.py:830} INFO - Processing file /opt/airflow/dags/etl_dag.py for tasks to queue
[2025-11-08T19:47:31.233+0000] {logging_mixin.py:188} INFO - [2025-11-08T19:47:31.232+0000] {dagbag.py:538} INFO - Filling up the DagBag from /opt/airflow/dags/etl_dag.py
[2025-11-08T19:47:31.325+0000] {processor.py:840} INFO - DAG(s) 'simple_etl_lineage' retrieved from /opt/airflow/dags/etl_dag.py
[2025-11-08T19:47:31.828+0000] {logging_mixin.py:188} INFO - [2025-11-08T19:47:31.825+0000] {override.py:1769} INFO - Created Permission View: can delete on DAG:simple_etl_lineage
[2025-11-08T19:47:31.871+0000] {logging_mixin.py:188} INFO - [2025-11-08T19:47:31.867+0000] {override.py:1769} INFO - Created Permission View: can edit on DAG:simple_etl_lineage
[2025-11-08T19:47:31.900+0000] {logging_mixin.py:188} INFO - [2025-11-08T19:47:31.897+0000] {override.py:1769} INFO - Created Permission View: can read on DAG:simple_etl_lineage
[2025-11-08T19:47:31.902+0000] {logging_mixin.py:188} INFO - [2025-11-08T19:47:31.901+0000] {dag.py:3036} INFO - Sync 1 DAGs
[2025-11-08T19:47:31.932+0000] {logging_mixin.py:188} INFO - [2025-11-08T19:47:31.929+0000] {dag.py:3058} INFO - Creating ORM DAG for simple_etl_lineage
[2025-11-08T19:47:31.934+0000] {logging_mixin.py:188} INFO - [2025-11-08T19:47:31.934+0000] {dag.py:3823} INFO - Setting next_dagrun for simple_etl_lineage to None, run_after=None
[2025-11-08T19:47:31.982+0000] {processor.py:183} INFO - Processing /opt/airflow/dags/etl_dag.py took 0.775 seconds
[2025-11-08T19:48:03.371+0000] {processor.py:161} INFO - Started process (PID=185) to work on /opt/airflow/dags/etl_dag.py
[2025-11-08T19:48:03.475+0000] {processor.py:830} INFO - Processing file /opt/airflow/dags/etl_dag.py for tasks to queue
[2025-11-08T19:48:03.586+0000] {logging_mixin.py:188} INFO - [2025-11-08T19:48:03.481+0000] {dagbag.py:538} INFO - Filling up the DagBag from /opt/airflow/dags/etl_dag.py
[2025-11-08T19:48:04.351+0000] {processor.py:840} INFO - DAG(s) 'simple_etl_lineage' retrieved from /opt/airflow/dags/etl_dag.py
[2025-11-08T19:48:04.691+0000] {logging_mixin.py:188} INFO - [2025-11-08T19:48:04.690+0000] {dag.py:3036} INFO - Sync 1 DAGs
[2025-11-08T19:48:04.812+0000] {logging_mixin.py:188} INFO - [2025-11-08T19:48:04.811+0000] {dag.py:3823} INFO - Setting next_dagrun for simple_etl_lineage to None, run_after=None
[2025-11-08T19:48:04.951+0000] {processor.py:183} INFO - Processing /opt/airflow/dags/etl_dag.py took 1.588 seconds
[2025-11-08T19:48:36.137+0000] {processor.py:161} INFO - Started process (PID=195) to work on /opt/airflow/dags/etl_dag.py
[2025-11-08T19:48:36.150+0000] {processor.py:830} INFO - Processing file /opt/airflow/dags/etl_dag.py for tasks to queue
[2025-11-08T19:48:36.155+0000] {logging_mixin.py:188} INFO - [2025-11-08T19:48:36.154+0000] {dagbag.py:538} INFO - Filling up the DagBag from /opt/airflow/dags/etl_dag.py
[2025-11-08T19:48:36.292+0000] {processor.py:840} INFO - DAG(s) 'simple_etl_lineage' retrieved from /opt/airflow/dags/etl_dag.py
[2025-11-08T19:48:36.415+0000] {logging_mixin.py:188} INFO - [2025-11-08T19:48:36.414+0000] {dag.py:3036} INFO - Sync 1 DAGs
[2025-11-08T19:48:36.498+0000] {logging_mixin.py:188} INFO - [2025-11-08T19:48:36.497+0000] {dag.py:3823} INFO - Setting next_dagrun for simple_etl_lineage to None, run_after=None
[2025-11-08T19:48:36.600+0000] {processor.py:183} INFO - Processing /opt/airflow/dags/etl_dag.py took 0.484 seconds
[2025-11-08T19:49:06.941+0000] {processor.py:161} INFO - Started process (PID=211) to work on /opt/airflow/dags/etl_dag.py
[2025-11-08T19:49:06.943+0000] {processor.py:830} INFO - Processing file /opt/airflow/dags/etl_dag.py for tasks to queue
[2025-11-08T19:49:06.944+0000] {logging_mixin.py:188} INFO - [2025-11-08T19:49:06.944+0000] {dagbag.py:538} INFO - Filling up the DagBag from /opt/airflow/dags/etl_dag.py
[2025-11-08T19:49:06.970+0000] {processor.py:840} INFO - DAG(s) 'simple_etl_lineage' retrieved from /opt/airflow/dags/etl_dag.py
[2025-11-08T19:49:07.010+0000] {logging_mixin.py:188} INFO - [2025-11-08T19:49:07.010+0000] {dag.py:3036} INFO - Sync 1 DAGs
[2025-11-08T19:49:07.026+0000] {logging_mixin.py:188} INFO - [2025-11-08T19:49:07.026+0000] {dag.py:3823} INFO - Setting next_dagrun for simple_etl_lineage to None, run_after=None
[2025-11-08T19:49:07.050+0000] {processor.py:183} INFO - Processing /opt/airflow/dags/etl_dag.py took 0.116 seconds
[2025-11-08T19:49:37.215+0000] {processor.py:161} INFO - Started process (PID=218) to work on /opt/airflow/dags/etl_dag.py
[2025-11-08T19:49:37.219+0000] {processor.py:830} INFO - Processing file /opt/airflow/dags/etl_dag.py for tasks to queue
[2025-11-08T19:49:37.221+0000] {logging_mixin.py:188} INFO - [2025-11-08T19:49:37.220+0000] {dagbag.py:538} INFO - Filling up the DagBag from /opt/airflow/dags/etl_dag.py
[2025-11-08T19:49:37.261+0000] {processor.py:840} INFO - DAG(s) 'simple_etl_lineage' retrieved from /opt/airflow/dags/etl_dag.py
[2025-11-08T19:49:37.295+0000] {logging_mixin.py:188} INFO - [2025-11-08T19:49:37.294+0000] {dag.py:3036} INFO - Sync 1 DAGs
[2025-11-08T19:49:37.309+0000] {logging_mixin.py:188} INFO - [2025-11-08T19:49:37.308+0000] {dag.py:3823} INFO - Setting next_dagrun for simple_etl_lineage to None, run_after=None
[2025-11-08T19:49:37.337+0000] {processor.py:183} INFO - Processing /opt/airflow/dags/etl_dag.py took 0.129 seconds
[2025-11-08T19:50:07.502+0000] {processor.py:161} INFO - Started process (PID=223) to work on /opt/airflow/dags/etl_dag.py
[2025-11-08T19:50:07.503+0000] {processor.py:830} INFO - Processing file /opt/airflow/dags/etl_dag.py for tasks to queue
[2025-11-08T19:50:07.504+0000] {logging_mixin.py:188} INFO - [2025-11-08T19:50:07.504+0000] {dagbag.py:538} INFO - Filling up the DagBag from /opt/airflow/dags/etl_dag.py
[2025-11-08T19:50:07.526+0000] {processor.py:840} INFO - DAG(s) 'simple_etl_lineage' retrieved from /opt/airflow/dags/etl_dag.py
[2025-11-08T19:50:07.557+0000] {logging_mixin.py:188} INFO - [2025-11-08T19:50:07.557+0000] {dag.py:3036} INFO - Sync 1 DAGs
[2025-11-08T19:50:07.576+0000] {logging_mixin.py:188} INFO - [2025-11-08T19:50:07.576+0000] {dag.py:3823} INFO - Setting next_dagrun for simple_etl_lineage to None, run_after=None
[2025-11-08T19:50:07.614+0000] {processor.py:183} INFO - Processing /opt/airflow/dags/etl_dag.py took 0.116 seconds
[2025-11-08T19:50:38.224+0000] {processor.py:161} INFO - Started process (PID=234) to work on /opt/airflow/dags/etl_dag.py
[2025-11-08T19:50:38.232+0000] {processor.py:830} INFO - Processing file /opt/airflow/dags/etl_dag.py for tasks to queue
[2025-11-08T19:50:38.233+0000] {logging_mixin.py:188} INFO - [2025-11-08T19:50:38.233+0000] {dagbag.py:538} INFO - Filling up the DagBag from /opt/airflow/dags/etl_dag.py
[2025-11-08T19:50:38.297+0000] {processor.py:840} INFO - DAG(s) 'simple_etl_lineage' retrieved from /opt/airflow/dags/etl_dag.py
[2025-11-08T19:50:38.468+0000] {logging_mixin.py:188} INFO - [2025-11-08T19:50:38.467+0000] {dag.py:3036} INFO - Sync 1 DAGs
[2025-11-08T19:50:38.508+0000] {logging_mixin.py:188} INFO - [2025-11-08T19:50:38.507+0000] {dag.py:3823} INFO - Setting next_dagrun for simple_etl_lineage to None, run_after=None
[2025-11-08T19:50:38.564+0000] {processor.py:183} INFO - Processing /opt/airflow/dags/etl_dag.py took 0.347 seconds
[2025-11-08T19:51:09.784+0000] {processor.py:161} INFO - Started process (PID=241) to work on /opt/airflow/dags/etl_dag.py
[2025-11-08T19:51:09.799+0000] {processor.py:830} INFO - Processing file /opt/airflow/dags/etl_dag.py for tasks to queue
[2025-11-08T19:51:09.821+0000] {logging_mixin.py:188} INFO - [2025-11-08T19:51:09.820+0000] {dagbag.py:538} INFO - Filling up the DagBag from /opt/airflow/dags/etl_dag.py
[2025-11-08T19:51:10.218+0000] {processor.py:840} INFO - DAG(s) 'simple_etl_lineage' retrieved from /opt/airflow/dags/etl_dag.py
[2025-11-08T19:51:10.453+0000] {logging_mixin.py:188} INFO - [2025-11-08T19:51:10.452+0000] {dag.py:3036} INFO - Sync 1 DAGs
[2025-11-08T19:51:10.674+0000] {logging_mixin.py:188} INFO - [2025-11-08T19:51:10.673+0000] {dag.py:3823} INFO - Setting next_dagrun for simple_etl_lineage to None, run_after=None
[2025-11-08T19:51:11.101+0000] {processor.py:183} INFO - Processing /opt/airflow/dags/etl_dag.py took 1.336 seconds
[2025-11-08T19:51:41.820+0000] {processor.py:161} INFO - Started process (PID=246) to work on /opt/airflow/dags/etl_dag.py
[2025-11-08T19:51:41.830+0000] {processor.py:830} INFO - Processing file /opt/airflow/dags/etl_dag.py for tasks to queue
[2025-11-08T19:51:41.832+0000] {logging_mixin.py:188} INFO - [2025-11-08T19:51:41.831+0000] {dagbag.py:538} INFO - Filling up the DagBag from /opt/airflow/dags/etl_dag.py
[2025-11-08T19:51:41.862+0000] {processor.py:840} INFO - DAG(s) 'simple_etl_lineage' retrieved from /opt/airflow/dags/etl_dag.py
[2025-11-08T19:51:41.927+0000] {logging_mixin.py:188} INFO - [2025-11-08T19:51:41.927+0000] {dag.py:3036} INFO - Sync 1 DAGs
[2025-11-08T19:51:41.953+0000] {logging_mixin.py:188} INFO - [2025-11-08T19:51:41.952+0000] {dag.py:3823} INFO - Setting next_dagrun for simple_etl_lineage to None, run_after=None
[2025-11-08T19:51:41.997+0000] {processor.py:183} INFO - Processing /opt/airflow/dags/etl_dag.py took 0.182 seconds
[2025-11-08T19:55:10.135+0000] {processor.py:161} INFO - Started process (PID=178) to work on /opt/airflow/dags/etl_dag.py
[2025-11-08T19:55:10.150+0000] {processor.py:830} INFO - Processing file /opt/airflow/dags/etl_dag.py for tasks to queue
[2025-11-08T19:55:10.155+0000] {logging_mixin.py:188} INFO - [2025-11-08T19:55:10.154+0000] {dagbag.py:538} INFO - Filling up the DagBag from /opt/airflow/dags/etl_dag.py
[2025-11-08T19:55:10.284+0000] {processor.py:840} INFO - DAG(s) 'simple_etl_lineage' retrieved from /opt/airflow/dags/etl_dag.py
[2025-11-08T19:55:11.350+0000] {logging_mixin.py:188} INFO - [2025-11-08T19:55:11.344+0000] {override.py:1769} INFO - Created Permission View: can delete on DAG:simple_etl_lineage
[2025-11-08T19:55:11.418+0000] {logging_mixin.py:188} INFO - [2025-11-08T19:55:11.406+0000] {override.py:1769} INFO - Created Permission View: can read on DAG:simple_etl_lineage
[2025-11-08T19:55:11.440+0000] {logging_mixin.py:188} INFO - [2025-11-08T19:55:11.440+0000] {override.py:1769} INFO - Created Permission View: can edit on DAG:simple_etl_lineage
[2025-11-08T19:55:11.442+0000] {logging_mixin.py:188} INFO - [2025-11-08T19:55:11.441+0000] {dag.py:3036} INFO - Sync 1 DAGs
[2025-11-08T19:55:11.494+0000] {logging_mixin.py:188} INFO - [2025-11-08T19:55:11.493+0000] {dag.py:3058} INFO - Creating ORM DAG for simple_etl_lineage
[2025-11-08T19:55:11.498+0000] {logging_mixin.py:188} INFO - [2025-11-08T19:55:11.498+0000] {dag.py:3823} INFO - Setting next_dagrun for simple_etl_lineage to None, run_after=None
[2025-11-08T19:55:11.615+0000] {processor.py:183} INFO - Processing /opt/airflow/dags/etl_dag.py took 1.492 seconds
[2025-11-08T19:55:42.160+0000] {processor.py:161} INFO - Started process (PID=193) to work on /opt/airflow/dags/etl_dag.py
[2025-11-08T19:55:42.164+0000] {processor.py:830} INFO - Processing file /opt/airflow/dags/etl_dag.py for tasks to queue
[2025-11-08T19:55:42.173+0000] {logging_mixin.py:188} INFO - [2025-11-08T19:55:42.172+0000] {dagbag.py:538} INFO - Filling up the DagBag from /opt/airflow/dags/etl_dag.py
[2025-11-08T19:55:42.285+0000] {processor.py:840} INFO - DAG(s) 'simple_etl_lineage' retrieved from /opt/airflow/dags/etl_dag.py
[2025-11-08T19:55:42.411+0000] {logging_mixin.py:188} INFO - [2025-11-08T19:55:42.410+0000] {dag.py:3036} INFO - Sync 1 DAGs
[2025-11-08T19:55:42.490+0000] {logging_mixin.py:188} INFO - [2025-11-08T19:55:42.490+0000] {dag.py:3823} INFO - Setting next_dagrun for simple_etl_lineage to None, run_after=None
[2025-11-08T19:55:42.579+0000] {processor.py:183} INFO - Processing /opt/airflow/dags/etl_dag.py took 0.427 seconds
[2025-11-08T19:56:13.158+0000] {processor.py:161} INFO - Started process (PID=211) to work on /opt/airflow/dags/etl_dag.py
[2025-11-08T19:56:13.162+0000] {processor.py:830} INFO - Processing file /opt/airflow/dags/etl_dag.py for tasks to queue
[2025-11-08T19:56:13.166+0000] {logging_mixin.py:188} INFO - [2025-11-08T19:56:13.164+0000] {dagbag.py:538} INFO - Filling up the DagBag from /opt/airflow/dags/etl_dag.py
[2025-11-08T19:56:13.225+0000] {processor.py:840} INFO - DAG(s) 'simple_etl_lineage' retrieved from /opt/airflow/dags/etl_dag.py
[2025-11-08T19:56:13.300+0000] {logging_mixin.py:188} INFO - [2025-11-08T19:56:13.300+0000] {dag.py:3036} INFO - Sync 1 DAGs
[2025-11-08T19:56:13.346+0000] {logging_mixin.py:188} INFO - [2025-11-08T19:56:13.345+0000] {dag.py:3823} INFO - Setting next_dagrun for simple_etl_lineage to None, run_after=None
[2025-11-08T19:56:13.409+0000] {processor.py:183} INFO - Processing /opt/airflow/dags/etl_dag.py took 0.262 seconds
[2025-11-08T19:56:43.769+0000] {processor.py:161} INFO - Started process (PID=225) to work on /opt/airflow/dags/etl_dag.py
[2025-11-08T19:56:43.771+0000] {processor.py:830} INFO - Processing file /opt/airflow/dags/etl_dag.py for tasks to queue
[2025-11-08T19:56:43.773+0000] {logging_mixin.py:188} INFO - [2025-11-08T19:56:43.773+0000] {dagbag.py:538} INFO - Filling up the DagBag from /opt/airflow/dags/etl_dag.py
[2025-11-08T19:56:43.824+0000] {processor.py:840} INFO - DAG(s) 'simple_etl_lineage' retrieved from /opt/airflow/dags/etl_dag.py
[2025-11-08T19:56:43.918+0000] {logging_mixin.py:188} INFO - [2025-11-08T19:56:43.917+0000] {dag.py:3036} INFO - Sync 1 DAGs
[2025-11-08T19:56:43.988+0000] {logging_mixin.py:188} INFO - [2025-11-08T19:56:43.987+0000] {dag.py:3823} INFO - Setting next_dagrun for simple_etl_lineage to None, run_after=None
[2025-11-08T19:56:44.061+0000] {processor.py:183} INFO - Processing /opt/airflow/dags/etl_dag.py took 0.297 seconds
[2025-11-08T19:57:14.478+0000] {processor.py:161} INFO - Started process (PID=235) to work on /opt/airflow/dags/etl_dag.py
[2025-11-08T19:57:14.481+0000] {processor.py:830} INFO - Processing file /opt/airflow/dags/etl_dag.py for tasks to queue
[2025-11-08T19:57:14.487+0000] {logging_mixin.py:188} INFO - [2025-11-08T19:57:14.486+0000] {dagbag.py:538} INFO - Filling up the DagBag from /opt/airflow/dags/etl_dag.py
[2025-11-08T19:57:14.525+0000] {processor.py:840} INFO - DAG(s) 'simple_etl_lineage' retrieved from /opt/airflow/dags/etl_dag.py
[2025-11-08T19:57:14.625+0000] {logging_mixin.py:188} INFO - [2025-11-08T19:57:14.625+0000] {dag.py:3036} INFO - Sync 1 DAGs
[2025-11-08T19:57:14.678+0000] {logging_mixin.py:188} INFO - [2025-11-08T19:57:14.677+0000] {dag.py:3823} INFO - Setting next_dagrun for simple_etl_lineage to None, run_after=None
[2025-11-08T19:57:14.766+0000] {processor.py:183} INFO - Processing /opt/airflow/dags/etl_dag.py took 0.296 seconds
[2025-11-08T19:57:45.160+0000] {processor.py:161} INFO - Started process (PID=245) to work on /opt/airflow/dags/etl_dag.py
[2025-11-08T19:57:45.165+0000] {processor.py:830} INFO - Processing file /opt/airflow/dags/etl_dag.py for tasks to queue
[2025-11-08T19:57:45.172+0000] {logging_mixin.py:188} INFO - [2025-11-08T19:57:45.172+0000] {dagbag.py:538} INFO - Filling up the DagBag from /opt/airflow/dags/etl_dag.py
[2025-11-08T19:57:45.263+0000] {processor.py:840} INFO - DAG(s) 'simple_etl_lineage' retrieved from /opt/airflow/dags/etl_dag.py
[2025-11-08T19:57:45.375+0000] {logging_mixin.py:188} INFO - [2025-11-08T19:57:45.374+0000] {dag.py:3036} INFO - Sync 1 DAGs
[2025-11-08T19:57:45.453+0000] {logging_mixin.py:188} INFO - [2025-11-08T19:57:45.453+0000] {dag.py:3823} INFO - Setting next_dagrun for simple_etl_lineage to None, run_after=None
[2025-11-08T19:57:45.601+0000] {processor.py:183} INFO - Processing /opt/airflow/dags/etl_dag.py took 0.446 seconds
[2025-11-08T19:58:15.803+0000] {processor.py:161} INFO - Started process (PID=252) to work on /opt/airflow/dags/etl_dag.py
[2025-11-08T19:58:15.809+0000] {processor.py:830} INFO - Processing file /opt/airflow/dags/etl_dag.py for tasks to queue
[2025-11-08T19:58:15.813+0000] {logging_mixin.py:188} INFO - [2025-11-08T19:58:15.812+0000] {dagbag.py:538} INFO - Filling up the DagBag from /opt/airflow/dags/etl_dag.py
[2025-11-08T19:58:15.896+0000] {processor.py:840} INFO - DAG(s) 'simple_etl_lineage' retrieved from /opt/airflow/dags/etl_dag.py
[2025-11-08T19:58:15.972+0000] {logging_mixin.py:188} INFO - [2025-11-08T19:58:15.971+0000] {dag.py:3036} INFO - Sync 1 DAGs
[2025-11-08T19:58:16.016+0000] {logging_mixin.py:188} INFO - [2025-11-08T19:58:16.015+0000] {dag.py:3823} INFO - Setting next_dagrun for simple_etl_lineage to None, run_after=None
[2025-11-08T19:58:16.144+0000] {processor.py:183} INFO - Processing /opt/airflow/dags/etl_dag.py took 0.345 seconds
[2025-11-08T19:58:47.213+0000] {processor.py:161} INFO - Started process (PID=265) to work on /opt/airflow/dags/etl_dag.py
[2025-11-08T19:58:47.217+0000] {processor.py:830} INFO - Processing file /opt/airflow/dags/etl_dag.py for tasks to queue
[2025-11-08T19:58:47.220+0000] {logging_mixin.py:188} INFO - [2025-11-08T19:58:47.219+0000] {dagbag.py:538} INFO - Filling up the DagBag from /opt/airflow/dags/etl_dag.py
[2025-11-08T19:58:47.341+0000] {processor.py:840} INFO - DAG(s) 'simple_etl_lineage' retrieved from /opt/airflow/dags/etl_dag.py
[2025-11-08T19:58:47.482+0000] {logging_mixin.py:188} INFO - [2025-11-08T19:58:47.482+0000] {dag.py:3036} INFO - Sync 1 DAGs
[2025-11-08T19:58:47.536+0000] {logging_mixin.py:188} INFO - [2025-11-08T19:58:47.536+0000] {dag.py:3823} INFO - Setting next_dagrun for simple_etl_lineage to None, run_after=None
[2025-11-08T19:58:47.611+0000] {processor.py:183} INFO - Processing /opt/airflow/dags/etl_dag.py took 0.403 seconds
[2025-11-08T19:59:17.966+0000] {processor.py:161} INFO - Started process (PID=277) to work on /opt/airflow/dags/etl_dag.py
[2025-11-08T19:59:17.968+0000] {processor.py:830} INFO - Processing file /opt/airflow/dags/etl_dag.py for tasks to queue
[2025-11-08T19:59:17.969+0000] {logging_mixin.py:188} INFO - [2025-11-08T19:59:17.968+0000] {dagbag.py:538} INFO - Filling up the DagBag from /opt/airflow/dags/etl_dag.py
[2025-11-08T19:59:17.999+0000] {processor.py:840} INFO - DAG(s) 'simple_etl_lineage' retrieved from /opt/airflow/dags/etl_dag.py
[2025-11-08T19:59:18.052+0000] {logging_mixin.py:188} INFO - [2025-11-08T19:59:18.047+0000] {dag.py:3036} INFO - Sync 1 DAGs
[2025-11-08T19:59:18.079+0000] {logging_mixin.py:188} INFO - [2025-11-08T19:59:18.078+0000] {dag.py:3823} INFO - Setting next_dagrun for simple_etl_lineage to None, run_after=None
[2025-11-08T19:59:18.114+0000] {processor.py:183} INFO - Processing /opt/airflow/dags/etl_dag.py took 0.151 seconds
[2025-11-08T19:59:48.246+0000] {processor.py:161} INFO - Started process (PID=285) to work on /opt/airflow/dags/etl_dag.py
[2025-11-08T19:59:48.255+0000] {processor.py:830} INFO - Processing file /opt/airflow/dags/etl_dag.py for tasks to queue
[2025-11-08T19:59:48.262+0000] {logging_mixin.py:188} INFO - [2025-11-08T19:59:48.261+0000] {dagbag.py:538} INFO - Filling up the DagBag from /opt/airflow/dags/etl_dag.py
[2025-11-08T19:59:48.332+0000] {processor.py:840} INFO - DAG(s) 'simple_etl_lineage' retrieved from /opt/airflow/dags/etl_dag.py
[2025-11-08T19:59:48.517+0000] {logging_mixin.py:188} INFO - [2025-11-08T19:59:48.516+0000] {dag.py:3036} INFO - Sync 1 DAGs
[2025-11-08T19:59:48.572+0000] {logging_mixin.py:188} INFO - [2025-11-08T19:59:48.572+0000] {dag.py:3823} INFO - Setting next_dagrun for simple_etl_lineage to None, run_after=None
[2025-11-08T19:59:48.666+0000] {processor.py:183} INFO - Processing /opt/airflow/dags/etl_dag.py took 0.428 seconds
[2025-11-08T20:00:19.653+0000] {processor.py:161} INFO - Started process (PID=295) to work on /opt/airflow/dags/etl_dag.py
[2025-11-08T20:00:19.702+0000] {processor.py:830} INFO - Processing file /opt/airflow/dags/etl_dag.py for tasks to queue
[2025-11-08T20:00:19.715+0000] {logging_mixin.py:188} INFO - [2025-11-08T20:00:19.714+0000] {dagbag.py:538} INFO - Filling up the DagBag from /opt/airflow/dags/etl_dag.py
[2025-11-08T20:00:19.953+0000] {processor.py:840} INFO - DAG(s) 'simple_etl_lineage' retrieved from /opt/airflow/dags/etl_dag.py
[2025-11-08T20:00:20.096+0000] {logging_mixin.py:188} INFO - [2025-11-08T20:00:20.095+0000] {dag.py:3036} INFO - Sync 1 DAGs
[2025-11-08T20:00:20.155+0000] {logging_mixin.py:188} INFO - [2025-11-08T20:00:20.155+0000] {dag.py:3823} INFO - Setting next_dagrun for simple_etl_lineage to None, run_after=None
[2025-11-08T20:00:20.241+0000] {processor.py:183} INFO - Processing /opt/airflow/dags/etl_dag.py took 0.606 seconds
[2025-11-08T20:00:50.848+0000] {processor.py:161} INFO - Started process (PID=305) to work on /opt/airflow/dags/etl_dag.py
[2025-11-08T20:00:50.850+0000] {processor.py:830} INFO - Processing file /opt/airflow/dags/etl_dag.py for tasks to queue
[2025-11-08T20:00:50.852+0000] {logging_mixin.py:188} INFO - [2025-11-08T20:00:50.851+0000] {dagbag.py:538} INFO - Filling up the DagBag from /opt/airflow/dags/etl_dag.py
[2025-11-08T20:00:50.894+0000] {processor.py:840} INFO - DAG(s) 'simple_etl_lineage' retrieved from /opt/airflow/dags/etl_dag.py
[2025-11-08T20:00:50.977+0000] {logging_mixin.py:188} INFO - [2025-11-08T20:00:50.977+0000] {dag.py:3036} INFO - Sync 1 DAGs
[2025-11-08T20:00:51.004+0000] {logging_mixin.py:188} INFO - [2025-11-08T20:00:51.003+0000] {dag.py:3823} INFO - Setting next_dagrun for simple_etl_lineage to None, run_after=None
[2025-11-08T20:00:51.038+0000] {processor.py:183} INFO - Processing /opt/airflow/dags/etl_dag.py took 0.194 seconds
[2025-11-08T20:01:21.376+0000] {processor.py:161} INFO - Started process (PID=315) to work on /opt/airflow/dags/etl_dag.py
[2025-11-08T20:01:21.379+0000] {processor.py:830} INFO - Processing file /opt/airflow/dags/etl_dag.py for tasks to queue
[2025-11-08T20:01:21.380+0000] {logging_mixin.py:188} INFO - [2025-11-08T20:01:21.380+0000] {dagbag.py:538} INFO - Filling up the DagBag from /opt/airflow/dags/etl_dag.py
[2025-11-08T20:01:21.405+0000] {processor.py:840} INFO - DAG(s) 'simple_etl_lineage' retrieved from /opt/airflow/dags/etl_dag.py
[2025-11-08T20:01:21.443+0000] {logging_mixin.py:188} INFO - [2025-11-08T20:01:21.443+0000] {dag.py:3036} INFO - Sync 1 DAGs
[2025-11-08T20:01:21.457+0000] {logging_mixin.py:188} INFO - [2025-11-08T20:01:21.457+0000] {dag.py:3823} INFO - Setting next_dagrun for simple_etl_lineage to None, run_after=None
[2025-11-08T20:01:21.479+0000] {processor.py:183} INFO - Processing /opt/airflow/dags/etl_dag.py took 0.108 seconds
[2025-11-08T20:01:52.044+0000] {processor.py:161} INFO - Started process (PID=325) to work on /opt/airflow/dags/etl_dag.py
[2025-11-08T20:01:52.046+0000] {processor.py:830} INFO - Processing file /opt/airflow/dags/etl_dag.py for tasks to queue
[2025-11-08T20:01:52.048+0000] {logging_mixin.py:188} INFO - [2025-11-08T20:01:52.048+0000] {dagbag.py:538} INFO - Filling up the DagBag from /opt/airflow/dags/etl_dag.py
[2025-11-08T20:01:52.090+0000] {processor.py:840} INFO - DAG(s) 'simple_etl_lineage' retrieved from /opt/airflow/dags/etl_dag.py
[2025-11-08T20:01:52.200+0000] {logging_mixin.py:188} INFO - [2025-11-08T20:01:52.199+0000] {dag.py:3036} INFO - Sync 1 DAGs
[2025-11-08T20:01:52.250+0000] {logging_mixin.py:188} INFO - [2025-11-08T20:01:52.250+0000] {dag.py:3823} INFO - Setting next_dagrun for simple_etl_lineage to None, run_after=None
[2025-11-08T20:01:52.319+0000] {processor.py:183} INFO - Processing /opt/airflow/dags/etl_dag.py took 0.281 seconds
[2025-11-08T20:02:22.867+0000] {processor.py:161} INFO - Started process (PID=335) to work on /opt/airflow/dags/etl_dag.py
[2025-11-08T20:02:22.872+0000] {processor.py:830} INFO - Processing file /opt/airflow/dags/etl_dag.py for tasks to queue
[2025-11-08T20:02:22.884+0000] {logging_mixin.py:188} INFO - [2025-11-08T20:02:22.884+0000] {dagbag.py:538} INFO - Filling up the DagBag from /opt/airflow/dags/etl_dag.py
[2025-11-08T20:02:22.996+0000] {processor.py:840} INFO - DAG(s) 'simple_etl_lineage' retrieved from /opt/airflow/dags/etl_dag.py
[2025-11-08T20:02:23.118+0000] {logging_mixin.py:188} INFO - [2025-11-08T20:02:23.108+0000] {dag.py:3036} INFO - Sync 1 DAGs
[2025-11-08T20:02:23.174+0000] {logging_mixin.py:188} INFO - [2025-11-08T20:02:23.173+0000] {dag.py:3823} INFO - Setting next_dagrun for simple_etl_lineage to None, run_after=None
[2025-11-08T20:02:23.260+0000] {processor.py:183} INFO - Processing /opt/airflow/dags/etl_dag.py took 0.398 seconds
[2025-11-08T20:02:54.158+0000] {processor.py:161} INFO - Started process (PID=345) to work on /opt/airflow/dags/etl_dag.py
[2025-11-08T20:02:54.160+0000] {processor.py:830} INFO - Processing file /opt/airflow/dags/etl_dag.py for tasks to queue
[2025-11-08T20:02:54.167+0000] {logging_mixin.py:188} INFO - [2025-11-08T20:02:54.163+0000] {dagbag.py:538} INFO - Filling up the DagBag from /opt/airflow/dags/etl_dag.py
[2025-11-08T20:02:54.223+0000] {processor.py:840} INFO - DAG(s) 'simple_etl_lineage' retrieved from /opt/airflow/dags/etl_dag.py
[2025-11-08T20:02:54.468+0000] {logging_mixin.py:188} INFO - [2025-11-08T20:02:54.467+0000] {dag.py:3036} INFO - Sync 1 DAGs
[2025-11-08T20:02:54.520+0000] {logging_mixin.py:188} INFO - [2025-11-08T20:02:54.511+0000] {dag.py:3823} INFO - Setting next_dagrun for simple_etl_lineage to None, run_after=None
[2025-11-08T20:02:54.594+0000] {processor.py:183} INFO - Processing /opt/airflow/dags/etl_dag.py took 0.446 seconds
[2025-11-08T20:03:25.091+0000] {processor.py:161} INFO - Started process (PID=355) to work on /opt/airflow/dags/etl_dag.py
[2025-11-08T20:03:25.092+0000] {processor.py:830} INFO - Processing file /opt/airflow/dags/etl_dag.py for tasks to queue
[2025-11-08T20:03:25.093+0000] {logging_mixin.py:188} INFO - [2025-11-08T20:03:25.093+0000] {dagbag.py:538} INFO - Filling up the DagBag from /opt/airflow/dags/etl_dag.py
[2025-11-08T20:03:25.136+0000] {processor.py:840} INFO - DAG(s) 'simple_etl_lineage' retrieved from /opt/airflow/dags/etl_dag.py
[2025-11-08T20:03:25.178+0000] {logging_mixin.py:188} INFO - [2025-11-08T20:03:25.178+0000] {dag.py:3036} INFO - Sync 1 DAGs
[2025-11-08T20:03:25.195+0000] {logging_mixin.py:188} INFO - [2025-11-08T20:03:25.194+0000] {dag.py:3823} INFO - Setting next_dagrun for simple_etl_lineage to None, run_after=None
[2025-11-08T20:03:25.221+0000] {processor.py:183} INFO - Processing /opt/airflow/dags/etl_dag.py took 0.134 seconds
[2025-11-08T20:03:55.577+0000] {processor.py:161} INFO - Started process (PID=365) to work on /opt/airflow/dags/etl_dag.py
[2025-11-08T20:03:55.579+0000] {processor.py:830} INFO - Processing file /opt/airflow/dags/etl_dag.py for tasks to queue
[2025-11-08T20:03:55.581+0000] {logging_mixin.py:188} INFO - [2025-11-08T20:03:55.580+0000] {dagbag.py:538} INFO - Filling up the DagBag from /opt/airflow/dags/etl_dag.py
[2025-11-08T20:03:55.777+0000] {processor.py:840} INFO - DAG(s) 'simple_etl_lineage' retrieved from /opt/airflow/dags/etl_dag.py
[2025-11-08T20:03:55.898+0000] {logging_mixin.py:188} INFO - [2025-11-08T20:03:55.898+0000] {dag.py:3036} INFO - Sync 1 DAGs
[2025-11-08T20:03:56.194+0000] {logging_mixin.py:188} INFO - [2025-11-08T20:03:56.194+0000] {dag.py:3823} INFO - Setting next_dagrun for simple_etl_lineage to None, run_after=None
[2025-11-08T20:03:56.265+0000] {processor.py:183} INFO - Processing /opt/airflow/dags/etl_dag.py took 0.698 seconds
[2025-11-08T20:04:26.896+0000] {processor.py:161} INFO - Started process (PID=375) to work on /opt/airflow/dags/etl_dag.py
[2025-11-08T20:04:26.900+0000] {processor.py:830} INFO - Processing file /opt/airflow/dags/etl_dag.py for tasks to queue
[2025-11-08T20:04:26.910+0000] {logging_mixin.py:188} INFO - [2025-11-08T20:04:26.909+0000] {dagbag.py:538} INFO - Filling up the DagBag from /opt/airflow/dags/etl_dag.py
[2025-11-08T20:04:26.976+0000] {processor.py:840} INFO - DAG(s) 'simple_etl_lineage' retrieved from /opt/airflow/dags/etl_dag.py
[2025-11-08T20:04:27.281+0000] {logging_mixin.py:188} INFO - [2025-11-08T20:04:27.281+0000] {dag.py:3036} INFO - Sync 1 DAGs
[2025-11-08T20:04:27.344+0000] {logging_mixin.py:188} INFO - [2025-11-08T20:04:27.344+0000] {dag.py:3823} INFO - Setting next_dagrun for simple_etl_lineage to None, run_after=None
[2025-11-08T20:04:27.467+0000] {processor.py:183} INFO - Processing /opt/airflow/dags/etl_dag.py took 0.576 seconds
[2025-11-08T20:04:58.490+0000] {processor.py:161} INFO - Started process (PID=385) to work on /opt/airflow/dags/etl_dag.py
[2025-11-08T20:04:58.492+0000] {processor.py:830} INFO - Processing file /opt/airflow/dags/etl_dag.py for tasks to queue
[2025-11-08T20:04:58.500+0000] {logging_mixin.py:188} INFO - [2025-11-08T20:04:58.497+0000] {dagbag.py:538} INFO - Filling up the DagBag from /opt/airflow/dags/etl_dag.py
[2025-11-08T20:04:58.568+0000] {processor.py:840} INFO - DAG(s) 'simple_etl_lineage' retrieved from /opt/airflow/dags/etl_dag.py
[2025-11-08T20:04:58.639+0000] {logging_mixin.py:188} INFO - [2025-11-08T20:04:58.639+0000] {dag.py:3036} INFO - Sync 1 DAGs
[2025-11-08T20:04:58.673+0000] {logging_mixin.py:188} INFO - [2025-11-08T20:04:58.672+0000] {dag.py:3823} INFO - Setting next_dagrun for simple_etl_lineage to None, run_after=None
[2025-11-08T20:04:58.726+0000] {processor.py:183} INFO - Processing /opt/airflow/dags/etl_dag.py took 0.241 seconds
[2025-11-08T20:05:29.079+0000] {processor.py:161} INFO - Started process (PID=395) to work on /opt/airflow/dags/etl_dag.py
[2025-11-08T20:05:29.081+0000] {processor.py:830} INFO - Processing file /opt/airflow/dags/etl_dag.py for tasks to queue
[2025-11-08T20:05:29.082+0000] {logging_mixin.py:188} INFO - [2025-11-08T20:05:29.082+0000] {dagbag.py:538} INFO - Filling up the DagBag from /opt/airflow/dags/etl_dag.py
[2025-11-08T20:05:29.114+0000] {processor.py:840} INFO - DAG(s) 'simple_etl_lineage' retrieved from /opt/airflow/dags/etl_dag.py
[2025-11-08T20:05:29.158+0000] {logging_mixin.py:188} INFO - [2025-11-08T20:05:29.158+0000] {dag.py:3036} INFO - Sync 1 DAGs
[2025-11-08T20:05:29.175+0000] {logging_mixin.py:188} INFO - [2025-11-08T20:05:29.174+0000] {dag.py:3823} INFO - Setting next_dagrun for simple_etl_lineage to None, run_after=None
[2025-11-08T20:05:29.222+0000] {processor.py:183} INFO - Processing /opt/airflow/dags/etl_dag.py took 0.148 seconds
[2025-11-08T20:05:59.625+0000] {processor.py:161} INFO - Started process (PID=405) to work on /opt/airflow/dags/etl_dag.py
[2025-11-08T20:05:59.626+0000] {processor.py:830} INFO - Processing file /opt/airflow/dags/etl_dag.py for tasks to queue
[2025-11-08T20:05:59.628+0000] {logging_mixin.py:188} INFO - [2025-11-08T20:05:59.627+0000] {dagbag.py:538} INFO - Filling up the DagBag from /opt/airflow/dags/etl_dag.py
[2025-11-08T20:05:59.675+0000] {processor.py:840} INFO - DAG(s) 'simple_etl_lineage' retrieved from /opt/airflow/dags/etl_dag.py
[2025-11-08T20:05:59.747+0000] {logging_mixin.py:188} INFO - [2025-11-08T20:05:59.747+0000] {dag.py:3036} INFO - Sync 1 DAGs
[2025-11-08T20:05:59.795+0000] {logging_mixin.py:188} INFO - [2025-11-08T20:05:59.795+0000] {dag.py:3823} INFO - Setting next_dagrun for simple_etl_lineage to None, run_after=None
[2025-11-08T20:05:59.927+0000] {processor.py:183} INFO - Processing /opt/airflow/dags/etl_dag.py took 0.307 seconds
[2025-11-08T20:06:30.586+0000] {processor.py:161} INFO - Started process (PID=415) to work on /opt/airflow/dags/etl_dag.py
[2025-11-08T20:06:30.588+0000] {processor.py:830} INFO - Processing file /opt/airflow/dags/etl_dag.py for tasks to queue
[2025-11-08T20:06:30.594+0000] {logging_mixin.py:188} INFO - [2025-11-08T20:06:30.593+0000] {dagbag.py:538} INFO - Filling up the DagBag from /opt/airflow/dags/etl_dag.py
[2025-11-08T20:06:30.657+0000] {processor.py:840} INFO - DAG(s) 'simple_etl_lineage' retrieved from /opt/airflow/dags/etl_dag.py
[2025-11-08T20:06:30.729+0000] {logging_mixin.py:188} INFO - [2025-11-08T20:06:30.728+0000] {dag.py:3036} INFO - Sync 1 DAGs
[2025-11-08T20:06:30.757+0000] {logging_mixin.py:188} INFO - [2025-11-08T20:06:30.756+0000] {dag.py:3823} INFO - Setting next_dagrun for simple_etl_lineage to None, run_after=None
[2025-11-08T20:06:30.824+0000] {processor.py:183} INFO - Processing /opt/airflow/dags/etl_dag.py took 0.248 seconds
[2025-11-08T20:07:01.032+0000] {processor.py:161} INFO - Started process (PID=427) to work on /opt/airflow/dags/etl_dag.py
[2025-11-08T20:07:01.035+0000] {processor.py:830} INFO - Processing file /opt/airflow/dags/etl_dag.py for tasks to queue
[2025-11-08T20:07:01.036+0000] {logging_mixin.py:188} INFO - [2025-11-08T20:07:01.036+0000] {dagbag.py:538} INFO - Filling up the DagBag from /opt/airflow/dags/etl_dag.py
[2025-11-08T20:07:01.068+0000] {processor.py:840} INFO - DAG(s) 'simple_etl_lineage' retrieved from /opt/airflow/dags/etl_dag.py
[2025-11-08T20:07:01.159+0000] {logging_mixin.py:188} INFO - [2025-11-08T20:07:01.158+0000] {dag.py:3036} INFO - Sync 1 DAGs
[2025-11-08T20:07:01.207+0000] {logging_mixin.py:188} INFO - [2025-11-08T20:07:01.206+0000] {dag.py:3823} INFO - Setting next_dagrun for simple_etl_lineage to None, run_after=None
[2025-11-08T20:07:01.254+0000] {processor.py:183} INFO - Processing /opt/airflow/dags/etl_dag.py took 0.226 seconds
[2025-11-08T20:07:31.359+0000] {processor.py:161} INFO - Started process (PID=435) to work on /opt/airflow/dags/etl_dag.py
[2025-11-08T20:07:31.360+0000] {processor.py:830} INFO - Processing file /opt/airflow/dags/etl_dag.py for tasks to queue
[2025-11-08T20:07:31.362+0000] {logging_mixin.py:188} INFO - [2025-11-08T20:07:31.361+0000] {dagbag.py:538} INFO - Filling up the DagBag from /opt/airflow/dags/etl_dag.py
[2025-11-08T20:07:31.387+0000] {processor.py:840} INFO - DAG(s) 'simple_etl_lineage' retrieved from /opt/airflow/dags/etl_dag.py
[2025-11-08T20:07:31.427+0000] {logging_mixin.py:188} INFO - [2025-11-08T20:07:31.427+0000] {dag.py:3036} INFO - Sync 1 DAGs
[2025-11-08T20:07:31.445+0000] {logging_mixin.py:188} INFO - [2025-11-08T20:07:31.444+0000] {dag.py:3823} INFO - Setting next_dagrun for simple_etl_lineage to None, run_after=None
[2025-11-08T20:07:31.472+0000] {processor.py:183} INFO - Processing /opt/airflow/dags/etl_dag.py took 0.118 seconds
[2025-11-08T20:08:01.853+0000] {processor.py:161} INFO - Started process (PID=445) to work on /opt/airflow/dags/etl_dag.py
[2025-11-08T20:08:01.865+0000] {processor.py:830} INFO - Processing file /opt/airflow/dags/etl_dag.py for tasks to queue
[2025-11-08T20:08:01.870+0000] {logging_mixin.py:188} INFO - [2025-11-08T20:08:01.869+0000] {dagbag.py:538} INFO - Filling up the DagBag from /opt/airflow/dags/etl_dag.py
[2025-11-08T20:08:01.926+0000] {processor.py:840} INFO - DAG(s) 'simple_etl_lineage' retrieved from /opt/airflow/dags/etl_dag.py
[2025-11-08T20:08:02.020+0000] {logging_mixin.py:188} INFO - [2025-11-08T20:08:02.019+0000] {dag.py:3036} INFO - Sync 1 DAGs
[2025-11-08T20:08:02.044+0000] {logging_mixin.py:188} INFO - [2025-11-08T20:08:02.043+0000] {dag.py:3823} INFO - Setting next_dagrun for simple_etl_lineage to None, run_after=None
[2025-11-08T20:08:02.103+0000] {processor.py:183} INFO - Processing /opt/airflow/dags/etl_dag.py took 0.255 seconds
[2025-11-08T20:08:32.640+0000] {processor.py:161} INFO - Started process (PID=455) to work on /opt/airflow/dags/etl_dag.py
[2025-11-08T20:08:32.641+0000] {processor.py:830} INFO - Processing file /opt/airflow/dags/etl_dag.py for tasks to queue
[2025-11-08T20:08:32.643+0000] {logging_mixin.py:188} INFO - [2025-11-08T20:08:32.642+0000] {dagbag.py:538} INFO - Filling up the DagBag from /opt/airflow/dags/etl_dag.py
[2025-11-08T20:08:32.676+0000] {processor.py:840} INFO - DAG(s) 'simple_etl_lineage' retrieved from /opt/airflow/dags/etl_dag.py
[2025-11-08T20:08:32.745+0000] {logging_mixin.py:188} INFO - [2025-11-08T20:08:32.745+0000] {dag.py:3036} INFO - Sync 1 DAGs
[2025-11-08T20:08:32.794+0000] {logging_mixin.py:188} INFO - [2025-11-08T20:08:32.794+0000] {dag.py:3823} INFO - Setting next_dagrun for simple_etl_lineage to None, run_after=None
[2025-11-08T20:08:32.844+0000] {processor.py:183} INFO - Processing /opt/airflow/dags/etl_dag.py took 0.207 seconds
[2025-11-08T20:09:03.203+0000] {processor.py:161} INFO - Started process (PID=465) to work on /opt/airflow/dags/etl_dag.py
[2025-11-08T20:09:03.204+0000] {processor.py:830} INFO - Processing file /opt/airflow/dags/etl_dag.py for tasks to queue
[2025-11-08T20:09:03.214+0000] {logging_mixin.py:188} INFO - [2025-11-08T20:09:03.214+0000] {dagbag.py:538} INFO - Filling up the DagBag from /opt/airflow/dags/etl_dag.py
[2025-11-08T20:09:03.252+0000] {processor.py:840} INFO - DAG(s) 'simple_etl_lineage' retrieved from /opt/airflow/dags/etl_dag.py
[2025-11-08T20:09:03.319+0000] {logging_mixin.py:188} INFO - [2025-11-08T20:09:03.318+0000] {dag.py:3036} INFO - Sync 1 DAGs
[2025-11-08T20:09:03.344+0000] {logging_mixin.py:188} INFO - [2025-11-08T20:09:03.344+0000] {dag.py:3823} INFO - Setting next_dagrun for simple_etl_lineage to None, run_after=None
[2025-11-08T20:09:03.373+0000] {processor.py:183} INFO - Processing /opt/airflow/dags/etl_dag.py took 0.174 seconds
[2025-11-08T20:09:33.781+0000] {processor.py:161} INFO - Started process (PID=475) to work on /opt/airflow/dags/etl_dag.py
[2025-11-08T20:09:33.786+0000] {processor.py:830} INFO - Processing file /opt/airflow/dags/etl_dag.py for tasks to queue
[2025-11-08T20:09:33.800+0000] {logging_mixin.py:188} INFO - [2025-11-08T20:09:33.800+0000] {dagbag.py:538} INFO - Filling up the DagBag from /opt/airflow/dags/etl_dag.py
[2025-11-08T20:09:33.859+0000] {processor.py:840} INFO - DAG(s) 'simple_etl_lineage' retrieved from /opt/airflow/dags/etl_dag.py
[2025-11-08T20:09:33.932+0000] {logging_mixin.py:188} INFO - [2025-11-08T20:09:33.932+0000] {dag.py:3036} INFO - Sync 1 DAGs
[2025-11-08T20:09:33.958+0000] {logging_mixin.py:188} INFO - [2025-11-08T20:09:33.956+0000] {dag.py:3823} INFO - Setting next_dagrun for simple_etl_lineage to None, run_after=None
[2025-11-08T20:09:34.008+0000] {processor.py:183} INFO - Processing /opt/airflow/dags/etl_dag.py took 0.231 seconds
[2025-11-08T20:10:04.462+0000] {processor.py:161} INFO - Started process (PID=485) to work on /opt/airflow/dags/etl_dag.py
[2025-11-08T20:10:04.464+0000] {processor.py:830} INFO - Processing file /opt/airflow/dags/etl_dag.py for tasks to queue
[2025-11-08T20:10:04.472+0000] {logging_mixin.py:188} INFO - [2025-11-08T20:10:04.467+0000] {dagbag.py:538} INFO - Filling up the DagBag from /opt/airflow/dags/etl_dag.py
[2025-11-08T20:10:04.577+0000] {processor.py:840} INFO - DAG(s) 'simple_etl_lineage' retrieved from /opt/airflow/dags/etl_dag.py
[2025-11-08T20:10:04.695+0000] {logging_mixin.py:188} INFO - [2025-11-08T20:10:04.694+0000] {dag.py:3036} INFO - Sync 1 DAGs
[2025-11-08T20:10:04.728+0000] {logging_mixin.py:188} INFO - [2025-11-08T20:10:04.727+0000] {dag.py:3823} INFO - Setting next_dagrun for simple_etl_lineage to None, run_after=None
[2025-11-08T20:10:04.828+0000] {processor.py:183} INFO - Processing /opt/airflow/dags/etl_dag.py took 0.374 seconds
[2025-11-08T20:10:35.578+0000] {processor.py:161} INFO - Started process (PID=495) to work on /opt/airflow/dags/etl_dag.py
[2025-11-08T20:10:35.580+0000] {processor.py:830} INFO - Processing file /opt/airflow/dags/etl_dag.py for tasks to queue
[2025-11-08T20:10:35.581+0000] {logging_mixin.py:188} INFO - [2025-11-08T20:10:35.581+0000] {dagbag.py:538} INFO - Filling up the DagBag from /opt/airflow/dags/etl_dag.py
[2025-11-08T20:10:35.609+0000] {processor.py:840} INFO - DAG(s) 'simple_etl_lineage' retrieved from /opt/airflow/dags/etl_dag.py
[2025-11-08T20:10:35.658+0000] {logging_mixin.py:188} INFO - [2025-11-08T20:10:35.658+0000] {dag.py:3036} INFO - Sync 1 DAGs
[2025-11-08T20:10:35.679+0000] {logging_mixin.py:188} INFO - [2025-11-08T20:10:35.678+0000] {dag.py:3823} INFO - Setting next_dagrun for simple_etl_lineage to None, run_after=None
[2025-11-08T20:10:35.702+0000] {processor.py:183} INFO - Processing /opt/airflow/dags/etl_dag.py took 0.128 seconds
[2025-11-08T20:11:05.921+0000] {processor.py:161} INFO - Started process (PID=505) to work on /opt/airflow/dags/etl_dag.py
[2025-11-08T20:11:05.923+0000] {processor.py:830} INFO - Processing file /opt/airflow/dags/etl_dag.py for tasks to queue
[2025-11-08T20:11:05.924+0000] {logging_mixin.py:188} INFO - [2025-11-08T20:11:05.924+0000] {dagbag.py:538} INFO - Filling up the DagBag from /opt/airflow/dags/etl_dag.py
[2025-11-08T20:11:05.952+0000] {processor.py:840} INFO - DAG(s) 'simple_etl_lineage' retrieved from /opt/airflow/dags/etl_dag.py
[2025-11-08T20:11:06.033+0000] {logging_mixin.py:188} INFO - [2025-11-08T20:11:06.033+0000] {dag.py:3036} INFO - Sync 1 DAGs
[2025-11-08T20:11:06.050+0000] {logging_mixin.py:188} INFO - [2025-11-08T20:11:06.049+0000] {dag.py:3823} INFO - Setting next_dagrun for simple_etl_lineage to None, run_after=None
[2025-11-08T20:11:06.132+0000] {processor.py:183} INFO - Processing /opt/airflow/dags/etl_dag.py took 0.214 seconds
[2025-11-08T20:11:37.464+0000] {processor.py:161} INFO - Started process (PID=515) to work on /opt/airflow/dags/etl_dag.py
[2025-11-08T20:11:37.468+0000] {processor.py:830} INFO - Processing file /opt/airflow/dags/etl_dag.py for tasks to queue
[2025-11-08T20:11:37.476+0000] {logging_mixin.py:188} INFO - [2025-11-08T20:11:37.475+0000] {dagbag.py:538} INFO - Filling up the DagBag from /opt/airflow/dags/etl_dag.py
[2025-11-08T20:11:37.567+0000] {processor.py:840} INFO - DAG(s) 'simple_etl_lineage' retrieved from /opt/airflow/dags/etl_dag.py
[2025-11-08T20:11:37.646+0000] {logging_mixin.py:188} INFO - [2025-11-08T20:11:37.645+0000] {dag.py:3036} INFO - Sync 1 DAGs
[2025-11-08T20:11:37.682+0000] {logging_mixin.py:188} INFO - [2025-11-08T20:11:37.682+0000] {dag.py:3823} INFO - Setting next_dagrun for simple_etl_lineage to None, run_after=None
[2025-11-08T20:11:37.730+0000] {processor.py:183} INFO - Processing /opt/airflow/dags/etl_dag.py took 0.271 seconds
[2025-11-08T20:12:08.053+0000] {processor.py:161} INFO - Started process (PID=525) to work on /opt/airflow/dags/etl_dag.py
[2025-11-08T20:12:08.054+0000] {processor.py:830} INFO - Processing file /opt/airflow/dags/etl_dag.py for tasks to queue
[2025-11-08T20:12:08.055+0000] {logging_mixin.py:188} INFO - [2025-11-08T20:12:08.055+0000] {dagbag.py:538} INFO - Filling up the DagBag from /opt/airflow/dags/etl_dag.py
[2025-11-08T20:12:08.081+0000] {processor.py:840} INFO - DAG(s) 'simple_etl_lineage' retrieved from /opt/airflow/dags/etl_dag.py
[2025-11-08T20:12:08.114+0000] {logging_mixin.py:188} INFO - [2025-11-08T20:12:08.113+0000] {dag.py:3036} INFO - Sync 1 DAGs
[2025-11-08T20:12:08.133+0000] {logging_mixin.py:188} INFO - [2025-11-08T20:12:08.133+0000] {dag.py:3823} INFO - Setting next_dagrun for simple_etl_lineage to None, run_after=None
[2025-11-08T20:12:08.173+0000] {processor.py:183} INFO - Processing /opt/airflow/dags/etl_dag.py took 0.124 seconds
[2025-11-08T20:12:38.579+0000] {processor.py:161} INFO - Started process (PID=535) to work on /opt/airflow/dags/etl_dag.py
[2025-11-08T20:12:38.581+0000] {processor.py:830} INFO - Processing file /opt/airflow/dags/etl_dag.py for tasks to queue
[2025-11-08T20:12:38.582+0000] {logging_mixin.py:188} INFO - [2025-11-08T20:12:38.582+0000] {dagbag.py:538} INFO - Filling up the DagBag from /opt/airflow/dags/etl_dag.py
[2025-11-08T20:12:38.603+0000] {processor.py:840} INFO - DAG(s) 'simple_etl_lineage' retrieved from /opt/airflow/dags/etl_dag.py
[2025-11-08T20:12:38.631+0000] {logging_mixin.py:188} INFO - [2025-11-08T20:12:38.631+0000] {dag.py:3036} INFO - Sync 1 DAGs
[2025-11-08T20:12:38.647+0000] {logging_mixin.py:188} INFO - [2025-11-08T20:12:38.646+0000] {dag.py:3823} INFO - Setting next_dagrun for simple_etl_lineage to None, run_after=None
[2025-11-08T20:12:38.676+0000] {processor.py:183} INFO - Processing /opt/airflow/dags/etl_dag.py took 0.100 seconds
[2025-11-08T20:13:09.038+0000] {processor.py:161} INFO - Started process (PID=545) to work on /opt/airflow/dags/etl_dag.py
[2025-11-08T20:13:09.040+0000] {processor.py:830} INFO - Processing file /opt/airflow/dags/etl_dag.py for tasks to queue
[2025-11-08T20:13:09.041+0000] {logging_mixin.py:188} INFO - [2025-11-08T20:13:09.041+0000] {dagbag.py:538} INFO - Filling up the DagBag from /opt/airflow/dags/etl_dag.py
[2025-11-08T20:13:09.068+0000] {processor.py:840} INFO - DAG(s) 'simple_etl_lineage' retrieved from /opt/airflow/dags/etl_dag.py
[2025-11-08T20:13:09.102+0000] {logging_mixin.py:188} INFO - [2025-11-08T20:13:09.102+0000] {dag.py:3036} INFO - Sync 1 DAGs
[2025-11-08T20:13:09.116+0000] {logging_mixin.py:188} INFO - [2025-11-08T20:13:09.116+0000] {dag.py:3823} INFO - Setting next_dagrun for simple_etl_lineage to None, run_after=None
[2025-11-08T20:13:09.143+0000] {processor.py:183} INFO - Processing /opt/airflow/dags/etl_dag.py took 0.108 seconds
[2025-11-08T20:13:39.479+0000] {processor.py:161} INFO - Started process (PID=555) to work on /opt/airflow/dags/etl_dag.py
[2025-11-08T20:13:39.480+0000] {processor.py:830} INFO - Processing file /opt/airflow/dags/etl_dag.py for tasks to queue
[2025-11-08T20:13:39.481+0000] {logging_mixin.py:188} INFO - [2025-11-08T20:13:39.481+0000] {dagbag.py:538} INFO - Filling up the DagBag from /opt/airflow/dags/etl_dag.py
[2025-11-08T20:13:39.506+0000] {processor.py:840} INFO - DAG(s) 'simple_etl_lineage' retrieved from /opt/airflow/dags/etl_dag.py
[2025-11-08T20:13:39.537+0000] {logging_mixin.py:188} INFO - [2025-11-08T20:13:39.537+0000] {dag.py:3036} INFO - Sync 1 DAGs
[2025-11-08T20:13:39.553+0000] {logging_mixin.py:188} INFO - [2025-11-08T20:13:39.553+0000] {dag.py:3823} INFO - Setting next_dagrun for simple_etl_lineage to None, run_after=None
[2025-11-08T20:13:39.581+0000] {processor.py:183} INFO - Processing /opt/airflow/dags/etl_dag.py took 0.106 seconds
[2025-11-08T20:14:09.826+0000] {processor.py:161} INFO - Started process (PID=565) to work on /opt/airflow/dags/etl_dag.py
[2025-11-08T20:14:09.827+0000] {processor.py:830} INFO - Processing file /opt/airflow/dags/etl_dag.py for tasks to queue
[2025-11-08T20:14:09.829+0000] {logging_mixin.py:188} INFO - [2025-11-08T20:14:09.828+0000] {dagbag.py:538} INFO - Filling up the DagBag from /opt/airflow/dags/etl_dag.py
[2025-11-08T20:14:10.868+0000] {processor.py:840} INFO - DAG(s) 'simple_etl_lineage' retrieved from /opt/airflow/dags/etl_dag.py
[2025-11-08T20:14:10.895+0000] {logging_mixin.py:188} INFO - [2025-11-08T20:14:10.894+0000] {dag.py:3036} INFO - Sync 1 DAGs
[2025-11-08T20:14:10.913+0000] {logging_mixin.py:188} INFO - [2025-11-08T20:14:10.913+0000] {dag.py:3823} INFO - Setting next_dagrun for simple_etl_lineage to None, run_after=None
[2025-11-08T20:14:10.938+0000] {processor.py:183} INFO - Processing /opt/airflow/dags/etl_dag.py took 1.115 seconds
[2025-11-08T20:14:41.693+0000] {processor.py:161} INFO - Started process (PID=577) to work on /opt/airflow/dags/etl_dag.py
[2025-11-08T20:14:41.709+0000] {processor.py:830} INFO - Processing file /opt/airflow/dags/etl_dag.py for tasks to queue
[2025-11-08T20:14:41.711+0000] {logging_mixin.py:188} INFO - [2025-11-08T20:14:41.711+0000] {dagbag.py:538} INFO - Filling up the DagBag from /opt/airflow/dags/etl_dag.py
[2025-11-08T20:14:41.744+0000] {processor.py:840} INFO - DAG(s) 'simple_etl_lineage' retrieved from /opt/airflow/dags/etl_dag.py
[2025-11-08T20:14:41.801+0000] {logging_mixin.py:188} INFO - [2025-11-08T20:14:41.800+0000] {dag.py:3036} INFO - Sync 1 DAGs
[2025-11-08T20:14:41.818+0000] {logging_mixin.py:188} INFO - [2025-11-08T20:14:41.818+0000] {dag.py:3823} INFO - Setting next_dagrun for simple_etl_lineage to None, run_after=None
[2025-11-08T20:14:41.850+0000] {processor.py:183} INFO - Processing /opt/airflow/dags/etl_dag.py took 0.163 seconds
[2025-11-08T20:15:12.618+0000] {processor.py:161} INFO - Started process (PID=587) to work on /opt/airflow/dags/etl_dag.py
[2025-11-08T20:15:12.621+0000] {processor.py:830} INFO - Processing file /opt/airflow/dags/etl_dag.py for tasks to queue
[2025-11-08T20:15:12.631+0000] {logging_mixin.py:188} INFO - [2025-11-08T20:15:12.630+0000] {dagbag.py:538} INFO - Filling up the DagBag from /opt/airflow/dags/etl_dag.py
[2025-11-08T20:15:12.938+0000] {processor.py:840} INFO - DAG(s) 'simple_etl_lineage' retrieved from /opt/airflow/dags/etl_dag.py
[2025-11-08T20:15:13.070+0000] {logging_mixin.py:188} INFO - [2025-11-08T20:15:13.061+0000] {dag.py:3036} INFO - Sync 1 DAGs
[2025-11-08T20:15:13.152+0000] {logging_mixin.py:188} INFO - [2025-11-08T20:15:13.152+0000] {dag.py:3823} INFO - Setting next_dagrun for simple_etl_lineage to None, run_after=None
[2025-11-08T20:15:13.233+0000] {processor.py:183} INFO - Processing /opt/airflow/dags/etl_dag.py took 0.645 seconds
[2025-11-08T20:15:43.594+0000] {processor.py:161} INFO - Started process (PID=597) to work on /opt/airflow/dags/etl_dag.py
[2025-11-08T20:15:43.608+0000] {processor.py:830} INFO - Processing file /opt/airflow/dags/etl_dag.py for tasks to queue
[2025-11-08T20:15:43.611+0000] {logging_mixin.py:188} INFO - [2025-11-08T20:15:43.610+0000] {dagbag.py:538} INFO - Filling up the DagBag from /opt/airflow/dags/etl_dag.py
[2025-11-08T20:15:43.676+0000] {processor.py:840} INFO - DAG(s) 'simple_etl_lineage' retrieved from /opt/airflow/dags/etl_dag.py
[2025-11-08T20:15:43.776+0000] {logging_mixin.py:188} INFO - [2025-11-08T20:15:43.775+0000] {dag.py:3036} INFO - Sync 1 DAGs
[2025-11-08T20:15:43.810+0000] {logging_mixin.py:188} INFO - [2025-11-08T20:15:43.809+0000] {dag.py:3823} INFO - Setting next_dagrun for simple_etl_lineage to None, run_after=None
[2025-11-08T20:15:43.870+0000] {processor.py:183} INFO - Processing /opt/airflow/dags/etl_dag.py took 0.281 seconds
[2025-11-08T20:16:14.240+0000] {processor.py:161} INFO - Started process (PID=607) to work on /opt/airflow/dags/etl_dag.py
[2025-11-08T20:16:14.243+0000] {processor.py:830} INFO - Processing file /opt/airflow/dags/etl_dag.py for tasks to queue
[2025-11-08T20:16:14.247+0000] {logging_mixin.py:188} INFO - [2025-11-08T20:16:14.246+0000] {dagbag.py:538} INFO - Filling up the DagBag from /opt/airflow/dags/etl_dag.py
[2025-11-08T20:16:14.294+0000] {processor.py:840} INFO - DAG(s) 'simple_etl_lineage' retrieved from /opt/airflow/dags/etl_dag.py
[2025-11-08T20:16:14.349+0000] {logging_mixin.py:188} INFO - [2025-11-08T20:16:14.348+0000] {dag.py:3036} INFO - Sync 1 DAGs
[2025-11-08T20:16:14.368+0000] {logging_mixin.py:188} INFO - [2025-11-08T20:16:14.368+0000] {dag.py:3823} INFO - Setting next_dagrun for simple_etl_lineage to None, run_after=None
[2025-11-08T20:16:14.401+0000] {processor.py:183} INFO - Processing /opt/airflow/dags/etl_dag.py took 0.167 seconds
[2025-11-08T20:16:44.879+0000] {processor.py:161} INFO - Started process (PID=617) to work on /opt/airflow/dags/etl_dag.py
[2025-11-08T20:16:44.884+0000] {processor.py:830} INFO - Processing file /opt/airflow/dags/etl_dag.py for tasks to queue
[2025-11-08T20:16:44.887+0000] {logging_mixin.py:188} INFO - [2025-11-08T20:16:44.887+0000] {dagbag.py:538} INFO - Filling up the DagBag from /opt/airflow/dags/etl_dag.py
[2025-11-08T20:16:44.963+0000] {processor.py:840} INFO - DAG(s) 'simple_etl_lineage' retrieved from /opt/airflow/dags/etl_dag.py
[2025-11-08T20:16:45.061+0000] {logging_mixin.py:188} INFO - [2025-11-08T20:16:45.060+0000] {dag.py:3036} INFO - Sync 1 DAGs
[2025-11-08T20:16:45.287+0000] {logging_mixin.py:188} INFO - [2025-11-08T20:16:45.287+0000] {dag.py:3823} INFO - Setting next_dagrun for simple_etl_lineage to None, run_after=None
[2025-11-08T20:16:45.438+0000] {processor.py:183} INFO - Processing /opt/airflow/dags/etl_dag.py took 0.566 seconds
[2025-11-08T20:17:16.289+0000] {processor.py:161} INFO - Started process (PID=627) to work on /opt/airflow/dags/etl_dag.py
[2025-11-08T20:17:16.291+0000] {processor.py:830} INFO - Processing file /opt/airflow/dags/etl_dag.py for tasks to queue
[2025-11-08T20:17:16.292+0000] {logging_mixin.py:188} INFO - [2025-11-08T20:17:16.292+0000] {dagbag.py:538} INFO - Filling up the DagBag from /opt/airflow/dags/etl_dag.py
[2025-11-08T20:17:16.311+0000] {processor.py:840} INFO - DAG(s) 'simple_etl_lineage' retrieved from /opt/airflow/dags/etl_dag.py
[2025-11-08T20:17:16.337+0000] {logging_mixin.py:188} INFO - [2025-11-08T20:17:16.337+0000] {dag.py:3036} INFO - Sync 1 DAGs
[2025-11-08T20:17:16.347+0000] {logging_mixin.py:188} INFO - [2025-11-08T20:17:16.347+0000] {dag.py:3823} INFO - Setting next_dagrun for simple_etl_lineage to None, run_after=None
[2025-11-08T20:17:16.369+0000] {processor.py:183} INFO - Processing /opt/airflow/dags/etl_dag.py took 0.083 seconds
[2025-11-08T20:19:32.894+0000] {processor.py:161} INFO - Started process (PID=178) to work on /opt/airflow/dags/etl_dag.py
[2025-11-08T20:19:32.897+0000] {processor.py:830} INFO - Processing file /opt/airflow/dags/etl_dag.py for tasks to queue
[2025-11-08T20:19:32.899+0000] {logging_mixin.py:188} INFO - [2025-11-08T20:19:32.898+0000] {dagbag.py:538} INFO - Filling up the DagBag from /opt/airflow/dags/etl_dag.py
[2025-11-08T20:19:32.932+0000] {processor.py:840} INFO - DAG(s) 'simple_etl_lineage' retrieved from /opt/airflow/dags/etl_dag.py
[2025-11-08T20:19:33.216+0000] {logging_mixin.py:188} INFO - [2025-11-08T20:19:33.215+0000] {override.py:1769} INFO - Created Permission View: can delete on DAG:simple_etl_lineage
[2025-11-08T20:19:33.256+0000] {logging_mixin.py:188} INFO - [2025-11-08T20:19:33.256+0000] {override.py:1769} INFO - Created Permission View: can edit on DAG:simple_etl_lineage
[2025-11-08T20:19:33.267+0000] {logging_mixin.py:188} INFO - [2025-11-08T20:19:33.266+0000] {override.py:1769} INFO - Created Permission View: can read on DAG:simple_etl_lineage
[2025-11-08T20:19:33.268+0000] {logging_mixin.py:188} INFO - [2025-11-08T20:19:33.267+0000] {dag.py:3036} INFO - Sync 1 DAGs
[2025-11-08T20:19:33.284+0000] {logging_mixin.py:188} INFO - [2025-11-08T20:19:33.284+0000] {dag.py:3058} INFO - Creating ORM DAG for simple_etl_lineage
[2025-11-08T20:19:33.286+0000] {logging_mixin.py:188} INFO - [2025-11-08T20:19:33.285+0000] {dag.py:3823} INFO - Setting next_dagrun for simple_etl_lineage to None, run_after=None
[2025-11-08T20:19:33.311+0000] {processor.py:183} INFO - Processing /opt/airflow/dags/etl_dag.py took 0.422 seconds
[2025-11-08T20:20:03.741+0000] {processor.py:161} INFO - Started process (PID=196) to work on /opt/airflow/dags/etl_dag.py
[2025-11-08T20:20:03.756+0000] {processor.py:830} INFO - Processing file /opt/airflow/dags/etl_dag.py for tasks to queue
[2025-11-08T20:20:03.758+0000] {logging_mixin.py:188} INFO - [2025-11-08T20:20:03.758+0000] {dagbag.py:538} INFO - Filling up the DagBag from /opt/airflow/dags/etl_dag.py
[2025-11-08T20:20:03.797+0000] {processor.py:840} INFO - DAG(s) 'simple_etl_lineage' retrieved from /opt/airflow/dags/etl_dag.py
[2025-11-08T20:20:03.861+0000] {logging_mixin.py:188} INFO - [2025-11-08T20:20:03.861+0000] {dag.py:3036} INFO - Sync 1 DAGs
[2025-11-08T20:20:03.894+0000] {logging_mixin.py:188} INFO - [2025-11-08T20:20:03.893+0000] {dag.py:3823} INFO - Setting next_dagrun for simple_etl_lineage to None, run_after=None
[2025-11-08T20:20:03.948+0000] {processor.py:183} INFO - Processing /opt/airflow/dags/etl_dag.py took 0.213 seconds
[2025-11-08T20:20:34.096+0000] {processor.py:161} INFO - Started process (PID=204) to work on /opt/airflow/dags/etl_dag.py
[2025-11-08T20:20:34.097+0000] {processor.py:830} INFO - Processing file /opt/airflow/dags/etl_dag.py for tasks to queue
[2025-11-08T20:20:34.099+0000] {logging_mixin.py:188} INFO - [2025-11-08T20:20:34.098+0000] {dagbag.py:538} INFO - Filling up the DagBag from /opt/airflow/dags/etl_dag.py
[2025-11-08T20:20:34.127+0000] {processor.py:840} INFO - DAG(s) 'simple_etl_lineage' retrieved from /opt/airflow/dags/etl_dag.py
[2025-11-08T20:20:34.172+0000] {logging_mixin.py:188} INFO - [2025-11-08T20:20:34.171+0000] {dag.py:3036} INFO - Sync 1 DAGs
[2025-11-08T20:20:34.202+0000] {logging_mixin.py:188} INFO - [2025-11-08T20:20:34.202+0000] {dag.py:3823} INFO - Setting next_dagrun for simple_etl_lineage to None, run_after=None
[2025-11-08T20:20:34.233+0000] {processor.py:183} INFO - Processing /opt/airflow/dags/etl_dag.py took 0.141 seconds
[2025-11-08T20:21:04.387+0000] {processor.py:161} INFO - Started process (PID=214) to work on /opt/airflow/dags/etl_dag.py
[2025-11-08T20:21:04.389+0000] {processor.py:830} INFO - Processing file /opt/airflow/dags/etl_dag.py for tasks to queue
[2025-11-08T20:21:04.391+0000] {logging_mixin.py:188} INFO - [2025-11-08T20:21:04.391+0000] {dagbag.py:538} INFO - Filling up the DagBag from /opt/airflow/dags/etl_dag.py
[2025-11-08T20:21:04.421+0000] {processor.py:840} INFO - DAG(s) 'simple_etl_lineage' retrieved from /opt/airflow/dags/etl_dag.py
[2025-11-08T20:21:04.468+0000] {logging_mixin.py:188} INFO - [2025-11-08T20:21:04.467+0000] {dag.py:3036} INFO - Sync 1 DAGs
[2025-11-08T20:21:04.488+0000] {logging_mixin.py:188} INFO - [2025-11-08T20:21:04.488+0000] {dag.py:3823} INFO - Setting next_dagrun for simple_etl_lineage to None, run_after=None
[2025-11-08T20:21:04.514+0000] {processor.py:183} INFO - Processing /opt/airflow/dags/etl_dag.py took 0.131 seconds
[2025-11-08T20:21:34.880+0000] {processor.py:161} INFO - Started process (PID=224) to work on /opt/airflow/dags/etl_dag.py
[2025-11-08T20:21:34.884+0000] {processor.py:830} INFO - Processing file /opt/airflow/dags/etl_dag.py for tasks to queue
[2025-11-08T20:21:34.886+0000] {logging_mixin.py:188} INFO - [2025-11-08T20:21:34.885+0000] {dagbag.py:538} INFO - Filling up the DagBag from /opt/airflow/dags/etl_dag.py
[2025-11-08T20:21:34.930+0000] {processor.py:840} INFO - DAG(s) 'simple_etl_lineage' retrieved from /opt/airflow/dags/etl_dag.py
[2025-11-08T20:21:34.961+0000] {logging_mixin.py:188} INFO - [2025-11-08T20:21:34.961+0000] {dag.py:3036} INFO - Sync 1 DAGs
[2025-11-08T20:21:34.973+0000] {logging_mixin.py:188} INFO - [2025-11-08T20:21:34.973+0000] {dag.py:3823} INFO - Setting next_dagrun for simple_etl_lineage to None, run_after=None
[2025-11-08T20:21:34.995+0000] {processor.py:183} INFO - Processing /opt/airflow/dags/etl_dag.py took 0.119 seconds
[2025-11-08T20:22:05.379+0000] {processor.py:161} INFO - Started process (PID=234) to work on /opt/airflow/dags/etl_dag.py
[2025-11-08T20:22:05.381+0000] {processor.py:830} INFO - Processing file /opt/airflow/dags/etl_dag.py for tasks to queue
[2025-11-08T20:22:05.383+0000] {logging_mixin.py:188} INFO - [2025-11-08T20:22:05.383+0000] {dagbag.py:538} INFO - Filling up the DagBag from /opt/airflow/dags/etl_dag.py
[2025-11-08T20:22:05.439+0000] {processor.py:840} INFO - DAG(s) 'simple_etl_lineage' retrieved from /opt/airflow/dags/etl_dag.py
[2025-11-08T20:22:05.482+0000] {logging_mixin.py:188} INFO - [2025-11-08T20:22:05.482+0000] {dag.py:3036} INFO - Sync 1 DAGs
[2025-11-08T20:22:05.509+0000] {logging_mixin.py:188} INFO - [2025-11-08T20:22:05.509+0000] {dag.py:3823} INFO - Setting next_dagrun for simple_etl_lineage to None, run_after=None
[2025-11-08T20:22:05.560+0000] {processor.py:183} INFO - Processing /opt/airflow/dags/etl_dag.py took 0.185 seconds
[2025-11-08T20:22:35.646+0000] {processor.py:161} INFO - Started process (PID=244) to work on /opt/airflow/dags/etl_dag.py
[2025-11-08T20:22:35.647+0000] {processor.py:830} INFO - Processing file /opt/airflow/dags/etl_dag.py for tasks to queue
[2025-11-08T20:22:35.648+0000] {logging_mixin.py:188} INFO - [2025-11-08T20:22:35.648+0000] {dagbag.py:538} INFO - Filling up the DagBag from /opt/airflow/dags/etl_dag.py
[2025-11-08T20:22:35.675+0000] {processor.py:840} INFO - DAG(s) 'simple_etl_lineage' retrieved from /opt/airflow/dags/etl_dag.py
[2025-11-08T20:22:35.715+0000] {logging_mixin.py:188} INFO - [2025-11-08T20:22:35.714+0000] {dag.py:3036} INFO - Sync 1 DAGs
[2025-11-08T20:22:35.731+0000] {logging_mixin.py:188} INFO - [2025-11-08T20:22:35.731+0000] {dag.py:3823} INFO - Setting next_dagrun for simple_etl_lineage to None, run_after=None
[2025-11-08T20:22:35.760+0000] {processor.py:183} INFO - Processing /opt/airflow/dags/etl_dag.py took 0.118 seconds
[2025-11-08T20:23:06.273+0000] {processor.py:161} INFO - Started process (PID=254) to work on /opt/airflow/dags/etl_dag.py
[2025-11-08T20:23:06.284+0000] {processor.py:830} INFO - Processing file /opt/airflow/dags/etl_dag.py for tasks to queue
[2025-11-08T20:23:06.295+0000] {logging_mixin.py:188} INFO - [2025-11-08T20:23:06.295+0000] {dagbag.py:538} INFO - Filling up the DagBag from /opt/airflow/dags/etl_dag.py
[2025-11-08T20:23:06.328+0000] {processor.py:840} INFO - DAG(s) 'simple_etl_lineage' retrieved from /opt/airflow/dags/etl_dag.py
[2025-11-08T20:23:06.402+0000] {logging_mixin.py:188} INFO - [2025-11-08T20:23:06.400+0000] {dag.py:3036} INFO - Sync 1 DAGs
[2025-11-08T20:23:06.428+0000] {logging_mixin.py:188} INFO - [2025-11-08T20:23:06.428+0000] {dag.py:3823} INFO - Setting next_dagrun for simple_etl_lineage to None, run_after=None
[2025-11-08T20:23:06.477+0000] {processor.py:183} INFO - Processing /opt/airflow/dags/etl_dag.py took 0.208 seconds
[2025-11-08T20:23:37.851+0000] {processor.py:161} INFO - Started process (PID=272) to work on /opt/airflow/dags/etl_dag.py
[2025-11-08T20:23:37.853+0000] {processor.py:830} INFO - Processing file /opt/airflow/dags/etl_dag.py for tasks to queue
[2025-11-08T20:23:37.855+0000] {logging_mixin.py:188} INFO - [2025-11-08T20:23:37.854+0000] {dagbag.py:538} INFO - Filling up the DagBag from /opt/airflow/dags/etl_dag.py
[2025-11-08T20:23:37.880+0000] {processor.py:840} INFO - DAG(s) 'simple_etl_lineage' retrieved from /opt/airflow/dags/etl_dag.py
[2025-11-08T20:23:37.913+0000] {logging_mixin.py:188} INFO - [2025-11-08T20:23:37.913+0000] {dag.py:3036} INFO - Sync 1 DAGs
[2025-11-08T20:23:37.927+0000] {logging_mixin.py:188} INFO - [2025-11-08T20:23:37.927+0000] {dag.py:3823} INFO - Setting next_dagrun for simple_etl_lineage to None, run_after=None
[2025-11-08T20:23:37.949+0000] {processor.py:183} INFO - Processing /opt/airflow/dags/etl_dag.py took 0.103 seconds
[2025-11-08T21:43:54.008+0000] {processor.py:161} INFO - Started process (PID=291) to work on /opt/airflow/dags/etl_dag.py
[2025-11-08T21:43:54.013+0000] {processor.py:830} INFO - Processing file /opt/airflow/dags/etl_dag.py for tasks to queue
[2025-11-08T21:43:54.024+0000] {logging_mixin.py:188} INFO - [2025-11-08T21:43:54.015+0000] {dagbag.py:538} INFO - Filling up the DagBag from /opt/airflow/dags/etl_dag.py
[2025-11-08T21:43:54.174+0000] {processor.py:840} INFO - DAG(s) 'simple_etl_lineage' retrieved from /opt/airflow/dags/etl_dag.py
[2025-11-08T21:43:54.429+0000] {logging_mixin.py:188} INFO - [2025-11-08T21:43:54.428+0000] {dag.py:3036} INFO - Sync 1 DAGs
[2025-11-08T21:43:54.523+0000] {logging_mixin.py:188} INFO - [2025-11-08T21:43:54.522+0000] {dag.py:3823} INFO - Setting next_dagrun for simple_etl_lineage to None, run_after=None
[2025-11-08T21:43:54.667+0000] {processor.py:183} INFO - Processing /opt/airflow/dags/etl_dag.py took 0.684 seconds
