[2025-11-08T19:55:10.084+0000] {processor.py:161} INFO - Started process (PID=175) to work on /opt/airflow/dags/failed_lineage_dag.py
[2025-11-08T19:55:10.099+0000] {processor.py:830} INFO - Processing file /opt/airflow/dags/failed_lineage_dag.py for tasks to queue
[2025-11-08T19:55:10.107+0000] {logging_mixin.py:188} INFO - [2025-11-08T19:55:10.106+0000] {dagbag.py:538} INFO - Filling up the DagBag from /opt/airflow/dags/failed_lineage_dag.py
[2025-11-08T19:55:10.387+0000] {processor.py:840} INFO - DAG(s) 'failed_lineage_dag' retrieved from /opt/airflow/dags/failed_lineage_dag.py
[2025-11-08T19:55:11.323+0000] {logging_mixin.py:188} INFO - [2025-11-08T19:55:11.321+0000] {override.py:1769} INFO - Created Permission View: can delete on DAG:failed_lineage_dag
[2025-11-08T19:55:11.411+0000] {logging_mixin.py:188} INFO - [2025-11-08T19:55:11.410+0000] {override.py:1769} INFO - Created Permission View: can read on DAG:failed_lineage_dag
[2025-11-08T19:55:11.480+0000] {logging_mixin.py:188} INFO - [2025-11-08T19:55:11.479+0000] {override.py:1769} INFO - Created Permission View: can edit on DAG:failed_lineage_dag
[2025-11-08T19:55:11.496+0000] {logging_mixin.py:188} INFO - [2025-11-08T19:55:11.495+0000] {dag.py:3036} INFO - Sync 1 DAGs
[2025-11-08T19:55:11.538+0000] {logging_mixin.py:188} INFO - [2025-11-08T19:55:11.538+0000] {dag.py:3058} INFO - Creating ORM DAG for failed_lineage_dag
[2025-11-08T19:55:11.554+0000] {logging_mixin.py:188} INFO - [2025-11-08T19:55:11.554+0000] {dag.py:3823} INFO - Setting next_dagrun for failed_lineage_dag to None, run_after=None
[2025-11-08T19:55:11.706+0000] {processor.py:183} INFO - Processing /opt/airflow/dags/failed_lineage_dag.py took 1.636 seconds
[2025-11-08T19:55:42.141+0000] {processor.py:161} INFO - Started process (PID=190) to work on /opt/airflow/dags/failed_lineage_dag.py
[2025-11-08T19:55:42.144+0000] {processor.py:830} INFO - Processing file /opt/airflow/dags/failed_lineage_dag.py for tasks to queue
[2025-11-08T19:55:42.147+0000] {logging_mixin.py:188} INFO - [2025-11-08T19:55:42.146+0000] {dagbag.py:538} INFO - Filling up the DagBag from /opt/airflow/dags/failed_lineage_dag.py
[2025-11-08T19:55:42.237+0000] {processor.py:840} INFO - DAG(s) 'failed_lineage_dag' retrieved from /opt/airflow/dags/failed_lineage_dag.py
[2025-11-08T19:55:42.384+0000] {logging_mixin.py:188} INFO - [2025-11-08T19:55:42.383+0000] {dag.py:3036} INFO - Sync 1 DAGs
[2025-11-08T19:55:42.442+0000] {logging_mixin.py:188} INFO - [2025-11-08T19:55:42.441+0000] {dag.py:3823} INFO - Setting next_dagrun for failed_lineage_dag to None, run_after=None
[2025-11-08T19:55:42.544+0000] {processor.py:183} INFO - Processing /opt/airflow/dags/failed_lineage_dag.py took 0.418 seconds
[2025-11-08T19:56:13.125+0000] {processor.py:161} INFO - Started process (PID=208) to work on /opt/airflow/dags/failed_lineage_dag.py
[2025-11-08T19:56:13.134+0000] {processor.py:830} INFO - Processing file /opt/airflow/dags/failed_lineage_dag.py for tasks to queue
[2025-11-08T19:56:13.143+0000] {logging_mixin.py:188} INFO - [2025-11-08T19:56:13.142+0000] {dagbag.py:538} INFO - Filling up the DagBag from /opt/airflow/dags/failed_lineage_dag.py
[2025-11-08T19:56:13.195+0000] {processor.py:840} INFO - DAG(s) 'failed_lineage_dag' retrieved from /opt/airflow/dags/failed_lineage_dag.py
[2025-11-08T19:56:13.295+0000] {logging_mixin.py:188} INFO - [2025-11-08T19:56:13.295+0000] {dag.py:3036} INFO - Sync 1 DAGs
[2025-11-08T19:56:13.334+0000] {logging_mixin.py:188} INFO - [2025-11-08T19:56:13.334+0000] {dag.py:3823} INFO - Setting next_dagrun for failed_lineage_dag to None, run_after=None
[2025-11-08T19:56:13.457+0000] {processor.py:183} INFO - Processing /opt/airflow/dags/failed_lineage_dag.py took 0.351 seconds
[2025-11-08T19:56:43.755+0000] {processor.py:161} INFO - Started process (PID=222) to work on /opt/airflow/dags/failed_lineage_dag.py
[2025-11-08T19:56:43.766+0000] {processor.py:830} INFO - Processing file /opt/airflow/dags/failed_lineage_dag.py for tasks to queue
[2025-11-08T19:56:43.768+0000] {logging_mixin.py:188} INFO - [2025-11-08T19:56:43.768+0000] {dagbag.py:538} INFO - Filling up the DagBag from /opt/airflow/dags/failed_lineage_dag.py
[2025-11-08T19:56:43.820+0000] {processor.py:840} INFO - DAG(s) 'failed_lineage_dag' retrieved from /opt/airflow/dags/failed_lineage_dag.py
[2025-11-08T19:56:43.904+0000] {logging_mixin.py:188} INFO - [2025-11-08T19:56:43.904+0000] {dag.py:3036} INFO - Sync 1 DAGs
[2025-11-08T19:56:43.954+0000] {logging_mixin.py:188} INFO - [2025-11-08T19:56:43.954+0000] {dag.py:3823} INFO - Setting next_dagrun for failed_lineage_dag to None, run_after=None
[2025-11-08T19:56:44.016+0000] {processor.py:183} INFO - Processing /opt/airflow/dags/failed_lineage_dag.py took 0.267 seconds
[2025-11-08T19:57:14.462+0000] {processor.py:161} INFO - Started process (PID=232) to work on /opt/airflow/dags/failed_lineage_dag.py
[2025-11-08T19:57:14.466+0000] {processor.py:830} INFO - Processing file /opt/airflow/dags/failed_lineage_dag.py for tasks to queue
[2025-11-08T19:57:14.471+0000] {logging_mixin.py:188} INFO - [2025-11-08T19:57:14.471+0000] {dagbag.py:538} INFO - Filling up the DagBag from /opt/airflow/dags/failed_lineage_dag.py
[2025-11-08T19:57:14.522+0000] {processor.py:840} INFO - DAG(s) 'failed_lineage_dag' retrieved from /opt/airflow/dags/failed_lineage_dag.py
[2025-11-08T19:57:14.627+0000] {logging_mixin.py:188} INFO - [2025-11-08T19:57:14.626+0000] {dag.py:3036} INFO - Sync 1 DAGs
[2025-11-08T19:57:14.680+0000] {logging_mixin.py:188} INFO - [2025-11-08T19:57:14.679+0000] {dag.py:3823} INFO - Setting next_dagrun for failed_lineage_dag to None, run_after=None
[2025-11-08T19:57:14.796+0000] {processor.py:183} INFO - Processing /opt/airflow/dags/failed_lineage_dag.py took 0.340 seconds
[2025-11-08T19:57:45.160+0000] {processor.py:161} INFO - Started process (PID=242) to work on /opt/airflow/dags/failed_lineage_dag.py
[2025-11-08T19:57:45.163+0000] {processor.py:830} INFO - Processing file /opt/airflow/dags/failed_lineage_dag.py for tasks to queue
[2025-11-08T19:57:45.175+0000] {logging_mixin.py:188} INFO - [2025-11-08T19:57:45.174+0000] {dagbag.py:538} INFO - Filling up the DagBag from /opt/airflow/dags/failed_lineage_dag.py
[2025-11-08T19:57:45.278+0000] {processor.py:840} INFO - DAG(s) 'failed_lineage_dag' retrieved from /opt/airflow/dags/failed_lineage_dag.py
[2025-11-08T19:57:45.470+0000] {logging_mixin.py:188} INFO - [2025-11-08T19:57:45.470+0000] {dag.py:3036} INFO - Sync 1 DAGs
[2025-11-08T19:57:45.515+0000] {logging_mixin.py:188} INFO - [2025-11-08T19:57:45.515+0000] {dag.py:3823} INFO - Setting next_dagrun for failed_lineage_dag to None, run_after=None
[2025-11-08T19:57:45.646+0000] {processor.py:183} INFO - Processing /opt/airflow/dags/failed_lineage_dag.py took 0.492 seconds
[2025-11-08T19:58:15.854+0000] {processor.py:161} INFO - Started process (PID=255) to work on /opt/airflow/dags/failed_lineage_dag.py
[2025-11-08T19:58:15.862+0000] {processor.py:830} INFO - Processing file /opt/airflow/dags/failed_lineage_dag.py for tasks to queue
[2025-11-08T19:58:15.864+0000] {logging_mixin.py:188} INFO - [2025-11-08T19:58:15.863+0000] {dagbag.py:538} INFO - Filling up the DagBag from /opt/airflow/dags/failed_lineage_dag.py
[2025-11-08T19:58:15.900+0000] {processor.py:840} INFO - DAG(s) 'failed_lineage_dag' retrieved from /opt/airflow/dags/failed_lineage_dag.py
[2025-11-08T19:58:15.972+0000] {logging_mixin.py:188} INFO - [2025-11-08T19:58:15.971+0000] {dag.py:3036} INFO - Sync 1 DAGs
[2025-11-08T19:58:16.004+0000] {logging_mixin.py:188} INFO - [2025-11-08T19:58:16.003+0000] {dag.py:3823} INFO - Setting next_dagrun for failed_lineage_dag to None, run_after=None
[2025-11-08T19:58:16.121+0000] {processor.py:183} INFO - Processing /opt/airflow/dags/failed_lineage_dag.py took 0.273 seconds
[2025-11-08T19:58:47.107+0000] {processor.py:161} INFO - Started process (PID=262) to work on /opt/airflow/dags/failed_lineage_dag.py
[2025-11-08T19:58:47.125+0000] {processor.py:830} INFO - Processing file /opt/airflow/dags/failed_lineage_dag.py for tasks to queue
[2025-11-08T19:58:47.132+0000] {logging_mixin.py:188} INFO - [2025-11-08T19:58:47.131+0000] {dagbag.py:538} INFO - Filling up the DagBag from /opt/airflow/dags/failed_lineage_dag.py
[2025-11-08T19:58:47.260+0000] {processor.py:840} INFO - DAG(s) 'failed_lineage_dag' retrieved from /opt/airflow/dags/failed_lineage_dag.py
[2025-11-08T19:58:47.375+0000] {logging_mixin.py:188} INFO - [2025-11-08T19:58:47.374+0000] {dag.py:3036} INFO - Sync 1 DAGs
[2025-11-08T19:58:47.450+0000] {logging_mixin.py:188} INFO - [2025-11-08T19:58:47.449+0000] {dag.py:3823} INFO - Setting next_dagrun for failed_lineage_dag to None, run_after=None
[2025-11-08T19:58:47.546+0000] {processor.py:183} INFO - Processing /opt/airflow/dags/failed_lineage_dag.py took 0.447 seconds
[2025-11-08T19:59:17.737+0000] {processor.py:161} INFO - Started process (PID=272) to work on /opt/airflow/dags/failed_lineage_dag.py
[2025-11-08T19:59:17.746+0000] {processor.py:830} INFO - Processing file /opt/airflow/dags/failed_lineage_dag.py for tasks to queue
[2025-11-08T19:59:17.749+0000] {logging_mixin.py:188} INFO - [2025-11-08T19:59:17.748+0000] {dagbag.py:538} INFO - Filling up the DagBag from /opt/airflow/dags/failed_lineage_dag.py
[2025-11-08T19:59:17.790+0000] {processor.py:840} INFO - DAG(s) 'failed_lineage_dag' retrieved from /opt/airflow/dags/failed_lineage_dag.py
[2025-11-08T19:59:17.867+0000] {logging_mixin.py:188} INFO - [2025-11-08T19:59:17.867+0000] {dag.py:3036} INFO - Sync 1 DAGs
[2025-11-08T19:59:17.894+0000] {logging_mixin.py:188} INFO - [2025-11-08T19:59:17.893+0000] {dag.py:3823} INFO - Setting next_dagrun for failed_lineage_dag to None, run_after=None
[2025-11-08T19:59:17.920+0000] {processor.py:183} INFO - Processing /opt/airflow/dags/failed_lineage_dag.py took 0.201 seconds
[2025-11-08T19:59:48.242+0000] {processor.py:161} INFO - Started process (PID=282) to work on /opt/airflow/dags/failed_lineage_dag.py
[2025-11-08T19:59:48.246+0000] {processor.py:830} INFO - Processing file /opt/airflow/dags/failed_lineage_dag.py for tasks to queue
[2025-11-08T19:59:48.248+0000] {logging_mixin.py:188} INFO - [2025-11-08T19:59:48.248+0000] {dagbag.py:538} INFO - Filling up the DagBag from /opt/airflow/dags/failed_lineage_dag.py
[2025-11-08T19:59:48.324+0000] {processor.py:840} INFO - DAG(s) 'failed_lineage_dag' retrieved from /opt/airflow/dags/failed_lineage_dag.py
[2025-11-08T19:59:48.508+0000] {logging_mixin.py:188} INFO - [2025-11-08T19:59:48.508+0000] {dag.py:3036} INFO - Sync 1 DAGs
[2025-11-08T19:59:48.571+0000] {logging_mixin.py:188} INFO - [2025-11-08T19:59:48.571+0000] {dag.py:3823} INFO - Setting next_dagrun for failed_lineage_dag to None, run_after=None
[2025-11-08T19:59:48.729+0000] {processor.py:183} INFO - Processing /opt/airflow/dags/failed_lineage_dag.py took 0.495 seconds
[2025-11-08T20:00:19.581+0000] {processor.py:161} INFO - Started process (PID=292) to work on /opt/airflow/dags/failed_lineage_dag.py
[2025-11-08T20:00:19.592+0000] {processor.py:830} INFO - Processing file /opt/airflow/dags/failed_lineage_dag.py for tasks to queue
[2025-11-08T20:00:19.594+0000] {logging_mixin.py:188} INFO - [2025-11-08T20:00:19.594+0000] {dagbag.py:538} INFO - Filling up the DagBag from /opt/airflow/dags/failed_lineage_dag.py
[2025-11-08T20:00:19.653+0000] {processor.py:840} INFO - DAG(s) 'failed_lineage_dag' retrieved from /opt/airflow/dags/failed_lineage_dag.py
[2025-11-08T20:00:19.805+0000] {logging_mixin.py:188} INFO - [2025-11-08T20:00:19.804+0000] {dag.py:3036} INFO - Sync 1 DAGs
[2025-11-08T20:00:19.868+0000] {logging_mixin.py:188} INFO - [2025-11-08T20:00:19.868+0000] {dag.py:3823} INFO - Setting next_dagrun for failed_lineage_dag to None, run_after=None
[2025-11-08T20:00:19.957+0000] {processor.py:183} INFO - Processing /opt/airflow/dags/failed_lineage_dag.py took 0.383 seconds
[2025-11-08T20:00:50.845+0000] {processor.py:161} INFO - Started process (PID=302) to work on /opt/airflow/dags/failed_lineage_dag.py
[2025-11-08T20:00:50.846+0000] {processor.py:830} INFO - Processing file /opt/airflow/dags/failed_lineage_dag.py for tasks to queue
[2025-11-08T20:00:50.847+0000] {logging_mixin.py:188} INFO - [2025-11-08T20:00:50.847+0000] {dagbag.py:538} INFO - Filling up the DagBag from /opt/airflow/dags/failed_lineage_dag.py
[2025-11-08T20:00:50.893+0000] {processor.py:840} INFO - DAG(s) 'failed_lineage_dag' retrieved from /opt/airflow/dags/failed_lineage_dag.py
[2025-11-08T20:00:50.975+0000] {logging_mixin.py:188} INFO - [2025-11-08T20:00:50.975+0000] {dag.py:3036} INFO - Sync 1 DAGs
[2025-11-08T20:00:51.004+0000] {logging_mixin.py:188} INFO - [2025-11-08T20:00:51.004+0000] {dag.py:3823} INFO - Setting next_dagrun for failed_lineage_dag to None, run_after=None
[2025-11-08T20:00:51.064+0000] {processor.py:183} INFO - Processing /opt/airflow/dags/failed_lineage_dag.py took 0.225 seconds
[2025-11-08T20:01:21.366+0000] {processor.py:161} INFO - Started process (PID=312) to work on /opt/airflow/dags/failed_lineage_dag.py
[2025-11-08T20:01:21.368+0000] {processor.py:830} INFO - Processing file /opt/airflow/dags/failed_lineage_dag.py for tasks to queue
[2025-11-08T20:01:21.369+0000] {logging_mixin.py:188} INFO - [2025-11-08T20:01:21.369+0000] {dagbag.py:538} INFO - Filling up the DagBag from /opt/airflow/dags/failed_lineage_dag.py
[2025-11-08T20:01:21.397+0000] {processor.py:840} INFO - DAG(s) 'failed_lineage_dag' retrieved from /opt/airflow/dags/failed_lineage_dag.py
[2025-11-08T20:01:21.443+0000] {logging_mixin.py:188} INFO - [2025-11-08T20:01:21.443+0000] {dag.py:3036} INFO - Sync 1 DAGs
[2025-11-08T20:01:21.464+0000] {logging_mixin.py:188} INFO - [2025-11-08T20:01:21.464+0000] {dag.py:3823} INFO - Setting next_dagrun for failed_lineage_dag to None, run_after=None
[2025-11-08T20:01:21.494+0000] {processor.py:183} INFO - Processing /opt/airflow/dags/failed_lineage_dag.py took 0.132 seconds
[2025-11-08T20:01:52.008+0000] {processor.py:161} INFO - Started process (PID=322) to work on /opt/airflow/dags/failed_lineage_dag.py
[2025-11-08T20:01:52.015+0000] {processor.py:830} INFO - Processing file /opt/airflow/dags/failed_lineage_dag.py for tasks to queue
[2025-11-08T20:01:52.017+0000] {logging_mixin.py:188} INFO - [2025-11-08T20:01:52.016+0000] {dagbag.py:538} INFO - Filling up the DagBag from /opt/airflow/dags/failed_lineage_dag.py
[2025-11-08T20:01:52.071+0000] {processor.py:840} INFO - DAG(s) 'failed_lineage_dag' retrieved from /opt/airflow/dags/failed_lineage_dag.py
[2025-11-08T20:01:52.180+0000] {logging_mixin.py:188} INFO - [2025-11-08T20:01:52.179+0000] {dag.py:3036} INFO - Sync 1 DAGs
[2025-11-08T20:01:52.233+0000] {logging_mixin.py:188} INFO - [2025-11-08T20:01:52.233+0000] {dag.py:3823} INFO - Setting next_dagrun for failed_lineage_dag to None, run_after=None
[2025-11-08T20:01:52.284+0000] {processor.py:183} INFO - Processing /opt/airflow/dags/failed_lineage_dag.py took 0.282 seconds
[2025-11-08T20:02:22.850+0000] {processor.py:161} INFO - Started process (PID=332) to work on /opt/airflow/dags/failed_lineage_dag.py
[2025-11-08T20:02:22.860+0000] {processor.py:830} INFO - Processing file /opt/airflow/dags/failed_lineage_dag.py for tasks to queue
[2025-11-08T20:02:22.869+0000] {logging_mixin.py:188} INFO - [2025-11-08T20:02:22.868+0000] {dagbag.py:538} INFO - Filling up the DagBag from /opt/airflow/dags/failed_lineage_dag.py
[2025-11-08T20:02:22.998+0000] {processor.py:840} INFO - DAG(s) 'failed_lineage_dag' retrieved from /opt/airflow/dags/failed_lineage_dag.py
[2025-11-08T20:02:23.111+0000] {logging_mixin.py:188} INFO - [2025-11-08T20:02:23.110+0000] {dag.py:3036} INFO - Sync 1 DAGs
[2025-11-08T20:02:23.171+0000] {logging_mixin.py:188} INFO - [2025-11-08T20:02:23.170+0000] {dag.py:3823} INFO - Setting next_dagrun for failed_lineage_dag to None, run_after=None
[2025-11-08T20:02:23.286+0000] {processor.py:183} INFO - Processing /opt/airflow/dags/failed_lineage_dag.py took 0.468 seconds
[2025-11-08T20:02:54.076+0000] {processor.py:161} INFO - Started process (PID=342) to work on /opt/airflow/dags/failed_lineage_dag.py
[2025-11-08T20:02:54.113+0000] {processor.py:830} INFO - Processing file /opt/airflow/dags/failed_lineage_dag.py for tasks to queue
[2025-11-08T20:02:54.115+0000] {logging_mixin.py:188} INFO - [2025-11-08T20:02:54.115+0000] {dagbag.py:538} INFO - Filling up the DagBag from /opt/airflow/dags/failed_lineage_dag.py
[2025-11-08T20:02:54.134+0000] {processor.py:840} INFO - DAG(s) 'failed_lineage_dag' retrieved from /opt/airflow/dags/failed_lineage_dag.py
[2025-11-08T20:02:54.185+0000] {logging_mixin.py:188} INFO - [2025-11-08T20:02:54.184+0000] {dag.py:3036} INFO - Sync 1 DAGs
[2025-11-08T20:02:54.217+0000] {logging_mixin.py:188} INFO - [2025-11-08T20:02:54.216+0000] {dag.py:3823} INFO - Setting next_dagrun for failed_lineage_dag to None, run_after=None
[2025-11-08T20:02:54.420+0000] {processor.py:183} INFO - Processing /opt/airflow/dags/failed_lineage_dag.py took 0.348 seconds
[2025-11-08T20:03:25.079+0000] {processor.py:161} INFO - Started process (PID=352) to work on /opt/airflow/dags/failed_lineage_dag.py
[2025-11-08T20:03:25.080+0000] {processor.py:830} INFO - Processing file /opt/airflow/dags/failed_lineage_dag.py for tasks to queue
[2025-11-08T20:03:25.082+0000] {logging_mixin.py:188} INFO - [2025-11-08T20:03:25.081+0000] {dagbag.py:538} INFO - Filling up the DagBag from /opt/airflow/dags/failed_lineage_dag.py
[2025-11-08T20:03:25.104+0000] {processor.py:840} INFO - DAG(s) 'failed_lineage_dag' retrieved from /opt/airflow/dags/failed_lineage_dag.py
[2025-11-08T20:03:25.150+0000] {logging_mixin.py:188} INFO - [2025-11-08T20:03:25.150+0000] {dag.py:3036} INFO - Sync 1 DAGs
[2025-11-08T20:03:25.171+0000] {logging_mixin.py:188} INFO - [2025-11-08T20:03:25.170+0000] {dag.py:3823} INFO - Setting next_dagrun for failed_lineage_dag to None, run_after=None
[2025-11-08T20:03:25.197+0000] {processor.py:183} INFO - Processing /opt/airflow/dags/failed_lineage_dag.py took 0.122 seconds
[2025-11-08T20:03:55.502+0000] {processor.py:161} INFO - Started process (PID=362) to work on /opt/airflow/dags/failed_lineage_dag.py
[2025-11-08T20:03:55.505+0000] {processor.py:830} INFO - Processing file /opt/airflow/dags/failed_lineage_dag.py for tasks to queue
[2025-11-08T20:03:55.507+0000] {logging_mixin.py:188} INFO - [2025-11-08T20:03:55.507+0000] {dagbag.py:538} INFO - Filling up the DagBag from /opt/airflow/dags/failed_lineage_dag.py
[2025-11-08T20:03:55.582+0000] {processor.py:840} INFO - DAG(s) 'failed_lineage_dag' retrieved from /opt/airflow/dags/failed_lineage_dag.py
[2025-11-08T20:03:55.743+0000] {logging_mixin.py:188} INFO - [2025-11-08T20:03:55.735+0000] {dag.py:3036} INFO - Sync 1 DAGs
[2025-11-08T20:03:55.788+0000] {logging_mixin.py:188} INFO - [2025-11-08T20:03:55.788+0000] {dag.py:3823} INFO - Setting next_dagrun for failed_lineage_dag to None, run_after=None
[2025-11-08T20:03:56.156+0000] {processor.py:183} INFO - Processing /opt/airflow/dags/failed_lineage_dag.py took 0.664 seconds
[2025-11-08T20:04:26.893+0000] {processor.py:161} INFO - Started process (PID=372) to work on /opt/airflow/dags/failed_lineage_dag.py
[2025-11-08T20:04:26.895+0000] {processor.py:830} INFO - Processing file /opt/airflow/dags/failed_lineage_dag.py for tasks to queue
[2025-11-08T20:04:26.901+0000] {logging_mixin.py:188} INFO - [2025-11-08T20:04:26.900+0000] {dagbag.py:538} INFO - Filling up the DagBag from /opt/airflow/dags/failed_lineage_dag.py
[2025-11-08T20:04:26.951+0000] {processor.py:840} INFO - DAG(s) 'failed_lineage_dag' retrieved from /opt/airflow/dags/failed_lineage_dag.py
[2025-11-08T20:04:27.072+0000] {logging_mixin.py:188} INFO - [2025-11-08T20:04:27.071+0000] {dag.py:3036} INFO - Sync 1 DAGs
[2025-11-08T20:04:27.316+0000] {logging_mixin.py:188} INFO - [2025-11-08T20:04:27.315+0000] {dag.py:3823} INFO - Setting next_dagrun for failed_lineage_dag to None, run_after=None
[2025-11-08T20:04:27.407+0000] {processor.py:183} INFO - Processing /opt/airflow/dags/failed_lineage_dag.py took 0.527 seconds
[2025-11-08T20:04:58.472+0000] {processor.py:161} INFO - Started process (PID=382) to work on /opt/airflow/dags/failed_lineage_dag.py
[2025-11-08T20:04:58.476+0000] {processor.py:830} INFO - Processing file /opt/airflow/dags/failed_lineage_dag.py for tasks to queue
[2025-11-08T20:04:58.484+0000] {logging_mixin.py:188} INFO - [2025-11-08T20:04:58.483+0000] {dagbag.py:538} INFO - Filling up the DagBag from /opt/airflow/dags/failed_lineage_dag.py
[2025-11-08T20:04:58.528+0000] {processor.py:840} INFO - DAG(s) 'failed_lineage_dag' retrieved from /opt/airflow/dags/failed_lineage_dag.py
[2025-11-08T20:04:58.608+0000] {logging_mixin.py:188} INFO - [2025-11-08T20:04:58.607+0000] {dag.py:3036} INFO - Sync 1 DAGs
[2025-11-08T20:04:58.641+0000] {logging_mixin.py:188} INFO - [2025-11-08T20:04:58.641+0000] {dag.py:3823} INFO - Setting next_dagrun for failed_lineage_dag to None, run_after=None
[2025-11-08T20:04:58.695+0000] {processor.py:183} INFO - Processing /opt/airflow/dags/failed_lineage_dag.py took 0.229 seconds
[2025-11-08T20:05:29.067+0000] {processor.py:161} INFO - Started process (PID=392) to work on /opt/airflow/dags/failed_lineage_dag.py
[2025-11-08T20:05:29.068+0000] {processor.py:830} INFO - Processing file /opt/airflow/dags/failed_lineage_dag.py for tasks to queue
[2025-11-08T20:05:29.070+0000] {logging_mixin.py:188} INFO - [2025-11-08T20:05:29.070+0000] {dagbag.py:538} INFO - Filling up the DagBag from /opt/airflow/dags/failed_lineage_dag.py
[2025-11-08T20:05:29.101+0000] {processor.py:840} INFO - DAG(s) 'failed_lineage_dag' retrieved from /opt/airflow/dags/failed_lineage_dag.py
[2025-11-08T20:05:29.151+0000] {logging_mixin.py:188} INFO - [2025-11-08T20:05:29.151+0000] {dag.py:3036} INFO - Sync 1 DAGs
[2025-11-08T20:05:29.170+0000] {logging_mixin.py:188} INFO - [2025-11-08T20:05:29.170+0000] {dag.py:3823} INFO - Setting next_dagrun for failed_lineage_dag to None, run_after=None
[2025-11-08T20:05:29.203+0000] {processor.py:183} INFO - Processing /opt/airflow/dags/failed_lineage_dag.py took 0.145 seconds
[2025-11-08T20:05:59.609+0000] {processor.py:161} INFO - Started process (PID=402) to work on /opt/airflow/dags/failed_lineage_dag.py
[2025-11-08T20:05:59.610+0000] {processor.py:830} INFO - Processing file /opt/airflow/dags/failed_lineage_dag.py for tasks to queue
[2025-11-08T20:05:59.612+0000] {logging_mixin.py:188} INFO - [2025-11-08T20:05:59.611+0000] {dagbag.py:538} INFO - Filling up the DagBag from /opt/airflow/dags/failed_lineage_dag.py
[2025-11-08T20:05:59.656+0000] {processor.py:840} INFO - DAG(s) 'failed_lineage_dag' retrieved from /opt/airflow/dags/failed_lineage_dag.py
[2025-11-08T20:05:59.720+0000] {logging_mixin.py:188} INFO - [2025-11-08T20:05:59.720+0000] {dag.py:3036} INFO - Sync 1 DAGs
[2025-11-08T20:05:59.767+0000] {logging_mixin.py:188} INFO - [2025-11-08T20:05:59.767+0000] {dag.py:3823} INFO - Setting next_dagrun for failed_lineage_dag to None, run_after=None
[2025-11-08T20:05:59.937+0000] {processor.py:183} INFO - Processing /opt/airflow/dags/failed_lineage_dag.py took 0.333 seconds
[2025-11-08T20:06:30.549+0000] {processor.py:161} INFO - Started process (PID=412) to work on /opt/airflow/dags/failed_lineage_dag.py
[2025-11-08T20:06:30.551+0000] {processor.py:830} INFO - Processing file /opt/airflow/dags/failed_lineage_dag.py for tasks to queue
[2025-11-08T20:06:30.553+0000] {logging_mixin.py:188} INFO - [2025-11-08T20:06:30.552+0000] {dagbag.py:538} INFO - Filling up the DagBag from /opt/airflow/dags/failed_lineage_dag.py
[2025-11-08T20:06:30.597+0000] {processor.py:840} INFO - DAG(s) 'failed_lineage_dag' retrieved from /opt/airflow/dags/failed_lineage_dag.py
[2025-11-08T20:06:30.670+0000] {logging_mixin.py:188} INFO - [2025-11-08T20:06:30.669+0000] {dag.py:3036} INFO - Sync 1 DAGs
[2025-11-08T20:06:30.705+0000] {logging_mixin.py:188} INFO - [2025-11-08T20:06:30.704+0000] {dag.py:3823} INFO - Setting next_dagrun for failed_lineage_dag to None, run_after=None
[2025-11-08T20:06:30.757+0000] {processor.py:183} INFO - Processing /opt/airflow/dags/failed_lineage_dag.py took 0.216 seconds
[2025-11-08T20:07:00.853+0000] {processor.py:161} INFO - Started process (PID=422) to work on /opt/airflow/dags/failed_lineage_dag.py
[2025-11-08T20:07:00.855+0000] {processor.py:830} INFO - Processing file /opt/airflow/dags/failed_lineage_dag.py for tasks to queue
[2025-11-08T20:07:00.856+0000] {logging_mixin.py:188} INFO - [2025-11-08T20:07:00.856+0000] {dagbag.py:538} INFO - Filling up the DagBag from /opt/airflow/dags/failed_lineage_dag.py
[2025-11-08T20:07:00.880+0000] {processor.py:840} INFO - DAG(s) 'failed_lineage_dag' retrieved from /opt/airflow/dags/failed_lineage_dag.py
[2025-11-08T20:07:00.922+0000] {logging_mixin.py:188} INFO - [2025-11-08T20:07:00.922+0000] {dag.py:3036} INFO - Sync 1 DAGs
[2025-11-08T20:07:00.938+0000] {logging_mixin.py:188} INFO - [2025-11-08T20:07:00.938+0000] {dag.py:3823} INFO - Setting next_dagrun for failed_lineage_dag to None, run_after=None
[2025-11-08T20:07:00.970+0000] {processor.py:183} INFO - Processing /opt/airflow/dags/failed_lineage_dag.py took 0.122 seconds
[2025-11-08T20:07:31.345+0000] {processor.py:161} INFO - Started process (PID=432) to work on /opt/airflow/dags/failed_lineage_dag.py
[2025-11-08T20:07:31.347+0000] {processor.py:830} INFO - Processing file /opt/airflow/dags/failed_lineage_dag.py for tasks to queue
[2025-11-08T20:07:31.348+0000] {logging_mixin.py:188} INFO - [2025-11-08T20:07:31.348+0000] {dagbag.py:538} INFO - Filling up the DagBag from /opt/airflow/dags/failed_lineage_dag.py
[2025-11-08T20:07:31.372+0000] {processor.py:840} INFO - DAG(s) 'failed_lineage_dag' retrieved from /opt/airflow/dags/failed_lineage_dag.py
[2025-11-08T20:07:31.411+0000] {logging_mixin.py:188} INFO - [2025-11-08T20:07:31.411+0000] {dag.py:3036} INFO - Sync 1 DAGs
[2025-11-08T20:07:31.426+0000] {logging_mixin.py:188} INFO - [2025-11-08T20:07:31.426+0000] {dag.py:3823} INFO - Setting next_dagrun for failed_lineage_dag to None, run_after=None
[2025-11-08T20:07:31.454+0000] {processor.py:183} INFO - Processing /opt/airflow/dags/failed_lineage_dag.py took 0.113 seconds
[2025-11-08T20:08:01.838+0000] {processor.py:161} INFO - Started process (PID=442) to work on /opt/airflow/dags/failed_lineage_dag.py
[2025-11-08T20:08:01.842+0000] {processor.py:830} INFO - Processing file /opt/airflow/dags/failed_lineage_dag.py for tasks to queue
[2025-11-08T20:08:01.843+0000] {logging_mixin.py:188} INFO - [2025-11-08T20:08:01.843+0000] {dagbag.py:538} INFO - Filling up the DagBag from /opt/airflow/dags/failed_lineage_dag.py
[2025-11-08T20:08:01.927+0000] {processor.py:840} INFO - DAG(s) 'failed_lineage_dag' retrieved from /opt/airflow/dags/failed_lineage_dag.py
[2025-11-08T20:08:02.007+0000] {logging_mixin.py:188} INFO - [2025-11-08T20:08:02.007+0000] {dag.py:3036} INFO - Sync 1 DAGs
[2025-11-08T20:08:02.038+0000] {logging_mixin.py:188} INFO - [2025-11-08T20:08:02.038+0000] {dag.py:3823} INFO - Setting next_dagrun for failed_lineage_dag to None, run_after=None
[2025-11-08T20:08:02.077+0000] {processor.py:183} INFO - Processing /opt/airflow/dags/failed_lineage_dag.py took 0.246 seconds
[2025-11-08T20:08:32.627+0000] {processor.py:161} INFO - Started process (PID=452) to work on /opt/airflow/dags/failed_lineage_dag.py
[2025-11-08T20:08:32.629+0000] {processor.py:830} INFO - Processing file /opt/airflow/dags/failed_lineage_dag.py for tasks to queue
[2025-11-08T20:08:32.638+0000] {logging_mixin.py:188} INFO - [2025-11-08T20:08:32.637+0000] {dagbag.py:538} INFO - Filling up the DagBag from /opt/airflow/dags/failed_lineage_dag.py
[2025-11-08T20:08:32.681+0000] {processor.py:840} INFO - DAG(s) 'failed_lineage_dag' retrieved from /opt/airflow/dags/failed_lineage_dag.py
[2025-11-08T20:08:32.763+0000] {logging_mixin.py:188} INFO - [2025-11-08T20:08:32.762+0000] {dag.py:3036} INFO - Sync 1 DAGs
[2025-11-08T20:08:32.796+0000] {logging_mixin.py:188} INFO - [2025-11-08T20:08:32.795+0000] {dag.py:3823} INFO - Setting next_dagrun for failed_lineage_dag to None, run_after=None
[2025-11-08T20:08:32.874+0000] {processor.py:183} INFO - Processing /opt/airflow/dags/failed_lineage_dag.py took 0.251 seconds
[2025-11-08T20:09:03.199+0000] {processor.py:161} INFO - Started process (PID=462) to work on /opt/airflow/dags/failed_lineage_dag.py
[2025-11-08T20:09:03.201+0000] {processor.py:830} INFO - Processing file /opt/airflow/dags/failed_lineage_dag.py for tasks to queue
[2025-11-08T20:09:03.202+0000] {logging_mixin.py:188} INFO - [2025-11-08T20:09:03.202+0000] {dagbag.py:538} INFO - Filling up the DagBag from /opt/airflow/dags/failed_lineage_dag.py
[2025-11-08T20:09:03.235+0000] {processor.py:840} INFO - DAG(s) 'failed_lineage_dag' retrieved from /opt/airflow/dags/failed_lineage_dag.py
[2025-11-08T20:09:03.319+0000] {logging_mixin.py:188} INFO - [2025-11-08T20:09:03.318+0000] {dag.py:3036} INFO - Sync 1 DAGs
[2025-11-08T20:09:03.343+0000] {logging_mixin.py:188} INFO - [2025-11-08T20:09:03.342+0000] {dag.py:3823} INFO - Setting next_dagrun for failed_lineage_dag to None, run_after=None
[2025-11-08T20:09:03.398+0000] {processor.py:183} INFO - Processing /opt/airflow/dags/failed_lineage_dag.py took 0.206 seconds
[2025-11-08T20:09:33.734+0000] {processor.py:161} INFO - Started process (PID=472) to work on /opt/airflow/dags/failed_lineage_dag.py
[2025-11-08T20:09:33.738+0000] {processor.py:830} INFO - Processing file /opt/airflow/dags/failed_lineage_dag.py for tasks to queue
[2025-11-08T20:09:33.750+0000] {logging_mixin.py:188} INFO - [2025-11-08T20:09:33.750+0000] {dagbag.py:538} INFO - Filling up the DagBag from /opt/airflow/dags/failed_lineage_dag.py
[2025-11-08T20:09:33.795+0000] {processor.py:840} INFO - DAG(s) 'failed_lineage_dag' retrieved from /opt/airflow/dags/failed_lineage_dag.py
[2025-11-08T20:09:33.880+0000] {logging_mixin.py:188} INFO - [2025-11-08T20:09:33.880+0000] {dag.py:3036} INFO - Sync 1 DAGs
[2025-11-08T20:09:33.929+0000] {logging_mixin.py:188} INFO - [2025-11-08T20:09:33.928+0000] {dag.py:3823} INFO - Setting next_dagrun for failed_lineage_dag to None, run_after=None
[2025-11-08T20:09:33.981+0000] {processor.py:183} INFO - Processing /opt/airflow/dags/failed_lineage_dag.py took 0.252 seconds
[2025-11-08T20:10:04.413+0000] {processor.py:161} INFO - Started process (PID=482) to work on /opt/airflow/dags/failed_lineage_dag.py
[2025-11-08T20:10:04.417+0000] {processor.py:830} INFO - Processing file /opt/airflow/dags/failed_lineage_dag.py for tasks to queue
[2025-11-08T20:10:04.419+0000] {logging_mixin.py:188} INFO - [2025-11-08T20:10:04.419+0000] {dagbag.py:538} INFO - Filling up the DagBag from /opt/airflow/dags/failed_lineage_dag.py
[2025-11-08T20:10:04.503+0000] {processor.py:840} INFO - DAG(s) 'failed_lineage_dag' retrieved from /opt/airflow/dags/failed_lineage_dag.py
[2025-11-08T20:10:04.633+0000] {logging_mixin.py:188} INFO - [2025-11-08T20:10:04.633+0000] {dag.py:3036} INFO - Sync 1 DAGs
[2025-11-08T20:10:04.691+0000] {logging_mixin.py:188} INFO - [2025-11-08T20:10:04.690+0000] {dag.py:3823} INFO - Setting next_dagrun for failed_lineage_dag to None, run_after=None
[2025-11-08T20:10:04.767+0000] {processor.py:183} INFO - Processing /opt/airflow/dags/failed_lineage_dag.py took 0.368 seconds
[2025-11-08T20:10:35.568+0000] {processor.py:161} INFO - Started process (PID=492) to work on /opt/airflow/dags/failed_lineage_dag.py
[2025-11-08T20:10:35.570+0000] {processor.py:830} INFO - Processing file /opt/airflow/dags/failed_lineage_dag.py for tasks to queue
[2025-11-08T20:10:35.571+0000] {logging_mixin.py:188} INFO - [2025-11-08T20:10:35.571+0000] {dagbag.py:538} INFO - Filling up the DagBag from /opt/airflow/dags/failed_lineage_dag.py
[2025-11-08T20:10:35.597+0000] {processor.py:840} INFO - DAG(s) 'failed_lineage_dag' retrieved from /opt/airflow/dags/failed_lineage_dag.py
[2025-11-08T20:10:35.656+0000] {logging_mixin.py:188} INFO - [2025-11-08T20:10:35.656+0000] {dag.py:3036} INFO - Sync 1 DAGs
[2025-11-08T20:10:35.678+0000] {logging_mixin.py:188} INFO - [2025-11-08T20:10:35.677+0000] {dag.py:3823} INFO - Setting next_dagrun for failed_lineage_dag to None, run_after=None
[2025-11-08T20:10:35.720+0000] {processor.py:183} INFO - Processing /opt/airflow/dags/failed_lineage_dag.py took 0.158 seconds
[2025-11-08T20:11:05.910+0000] {processor.py:161} INFO - Started process (PID=502) to work on /opt/airflow/dags/failed_lineage_dag.py
[2025-11-08T20:11:05.912+0000] {processor.py:830} INFO - Processing file /opt/airflow/dags/failed_lineage_dag.py for tasks to queue
[2025-11-08T20:11:05.913+0000] {logging_mixin.py:188} INFO - [2025-11-08T20:11:05.912+0000] {dagbag.py:538} INFO - Filling up the DagBag from /opt/airflow/dags/failed_lineage_dag.py
[2025-11-08T20:11:05.946+0000] {processor.py:840} INFO - DAG(s) 'failed_lineage_dag' retrieved from /opt/airflow/dags/failed_lineage_dag.py
[2025-11-08T20:11:06.036+0000] {logging_mixin.py:188} INFO - [2025-11-08T20:11:06.035+0000] {dag.py:3036} INFO - Sync 1 DAGs
[2025-11-08T20:11:06.057+0000] {logging_mixin.py:188} INFO - [2025-11-08T20:11:06.057+0000] {dag.py:3823} INFO - Setting next_dagrun for failed_lineage_dag to None, run_after=None
[2025-11-08T20:11:06.192+0000] {processor.py:183} INFO - Processing /opt/airflow/dags/failed_lineage_dag.py took 0.286 seconds
[2025-11-08T20:11:37.355+0000] {processor.py:161} INFO - Started process (PID=512) to work on /opt/airflow/dags/failed_lineage_dag.py
[2025-11-08T20:11:37.358+0000] {processor.py:830} INFO - Processing file /opt/airflow/dags/failed_lineage_dag.py for tasks to queue
[2025-11-08T20:11:37.366+0000] {logging_mixin.py:188} INFO - [2025-11-08T20:11:37.365+0000] {dagbag.py:538} INFO - Filling up the DagBag from /opt/airflow/dags/failed_lineage_dag.py
[2025-11-08T20:11:37.555+0000] {processor.py:840} INFO - DAG(s) 'failed_lineage_dag' retrieved from /opt/airflow/dags/failed_lineage_dag.py
[2025-11-08T20:11:37.644+0000] {logging_mixin.py:188} INFO - [2025-11-08T20:11:37.643+0000] {dag.py:3036} INFO - Sync 1 DAGs
[2025-11-08T20:11:37.673+0000] {logging_mixin.py:188} INFO - [2025-11-08T20:11:37.673+0000] {dag.py:3823} INFO - Setting next_dagrun for failed_lineage_dag to None, run_after=None
[2025-11-08T20:11:37.748+0000] {processor.py:183} INFO - Processing /opt/airflow/dags/failed_lineage_dag.py took 0.401 seconds
[2025-11-08T20:12:08.046+0000] {processor.py:161} INFO - Started process (PID=522) to work on /opt/airflow/dags/failed_lineage_dag.py
[2025-11-08T20:12:08.047+0000] {processor.py:830} INFO - Processing file /opt/airflow/dags/failed_lineage_dag.py for tasks to queue
[2025-11-08T20:12:08.049+0000] {logging_mixin.py:188} INFO - [2025-11-08T20:12:08.048+0000] {dagbag.py:538} INFO - Filling up the DagBag from /opt/airflow/dags/failed_lineage_dag.py
[2025-11-08T20:12:08.075+0000] {processor.py:840} INFO - DAG(s) 'failed_lineage_dag' retrieved from /opt/airflow/dags/failed_lineage_dag.py
[2025-11-08T20:12:08.111+0000] {logging_mixin.py:188} INFO - [2025-11-08T20:12:08.111+0000] {dag.py:3036} INFO - Sync 1 DAGs
[2025-11-08T20:12:08.125+0000] {logging_mixin.py:188} INFO - [2025-11-08T20:12:08.125+0000] {dag.py:3823} INFO - Setting next_dagrun for failed_lineage_dag to None, run_after=None
[2025-11-08T20:12:08.157+0000] {processor.py:183} INFO - Processing /opt/airflow/dags/failed_lineage_dag.py took 0.117 seconds
[2025-11-08T20:12:38.573+0000] {processor.py:161} INFO - Started process (PID=532) to work on /opt/airflow/dags/failed_lineage_dag.py
[2025-11-08T20:12:38.575+0000] {processor.py:830} INFO - Processing file /opt/airflow/dags/failed_lineage_dag.py for tasks to queue
[2025-11-08T20:12:38.576+0000] {logging_mixin.py:188} INFO - [2025-11-08T20:12:38.576+0000] {dagbag.py:538} INFO - Filling up the DagBag from /opt/airflow/dags/failed_lineage_dag.py
[2025-11-08T20:12:38.602+0000] {processor.py:840} INFO - DAG(s) 'failed_lineage_dag' retrieved from /opt/airflow/dags/failed_lineage_dag.py
[2025-11-08T20:12:38.632+0000] {logging_mixin.py:188} INFO - [2025-11-08T20:12:38.631+0000] {dag.py:3036} INFO - Sync 1 DAGs
[2025-11-08T20:12:38.647+0000] {logging_mixin.py:188} INFO - [2025-11-08T20:12:38.647+0000] {dag.py:3823} INFO - Setting next_dagrun for failed_lineage_dag to None, run_after=None
[2025-11-08T20:12:38.691+0000] {processor.py:183} INFO - Processing /opt/airflow/dags/failed_lineage_dag.py took 0.123 seconds
[2025-11-08T20:13:08.996+0000] {processor.py:161} INFO - Started process (PID=542) to work on /opt/airflow/dags/failed_lineage_dag.py
[2025-11-08T20:13:08.998+0000] {processor.py:830} INFO - Processing file /opt/airflow/dags/failed_lineage_dag.py for tasks to queue
[2025-11-08T20:13:08.999+0000] {logging_mixin.py:188} INFO - [2025-11-08T20:13:08.999+0000] {dagbag.py:538} INFO - Filling up the DagBag from /opt/airflow/dags/failed_lineage_dag.py
[2025-11-08T20:13:09.056+0000] {processor.py:840} INFO - DAG(s) 'failed_lineage_dag' retrieved from /opt/airflow/dags/failed_lineage_dag.py
[2025-11-08T20:13:09.091+0000] {logging_mixin.py:188} INFO - [2025-11-08T20:13:09.091+0000] {dag.py:3036} INFO - Sync 1 DAGs
[2025-11-08T20:13:09.105+0000] {logging_mixin.py:188} INFO - [2025-11-08T20:13:09.104+0000] {dag.py:3823} INFO - Setting next_dagrun for failed_lineage_dag to None, run_after=None
[2025-11-08T20:13:09.128+0000] {processor.py:183} INFO - Processing /opt/airflow/dags/failed_lineage_dag.py took 0.136 seconds
[2025-11-08T20:13:39.477+0000] {processor.py:161} INFO - Started process (PID=552) to work on /opt/airflow/dags/failed_lineage_dag.py
[2025-11-08T20:13:39.478+0000] {processor.py:830} INFO - Processing file /opt/airflow/dags/failed_lineage_dag.py for tasks to queue
[2025-11-08T20:13:39.480+0000] {logging_mixin.py:188} INFO - [2025-11-08T20:13:39.479+0000] {dagbag.py:538} INFO - Filling up the DagBag from /opt/airflow/dags/failed_lineage_dag.py
[2025-11-08T20:13:39.505+0000] {processor.py:840} INFO - DAG(s) 'failed_lineage_dag' retrieved from /opt/airflow/dags/failed_lineage_dag.py
[2025-11-08T20:13:39.538+0000] {logging_mixin.py:188} INFO - [2025-11-08T20:13:39.538+0000] {dag.py:3036} INFO - Sync 1 DAGs
[2025-11-08T20:13:39.557+0000] {logging_mixin.py:188} INFO - [2025-11-08T20:13:39.556+0000] {dag.py:3823} INFO - Setting next_dagrun for failed_lineage_dag to None, run_after=None
[2025-11-08T20:13:39.586+0000] {processor.py:183} INFO - Processing /opt/airflow/dags/failed_lineage_dag.py took 0.113 seconds
[2025-11-08T20:14:09.822+0000] {processor.py:161} INFO - Started process (PID=562) to work on /opt/airflow/dags/failed_lineage_dag.py
[2025-11-08T20:14:09.824+0000] {processor.py:830} INFO - Processing file /opt/airflow/dags/failed_lineage_dag.py for tasks to queue
[2025-11-08T20:14:09.825+0000] {logging_mixin.py:188} INFO - [2025-11-08T20:14:09.825+0000] {dagbag.py:538} INFO - Filling up the DagBag from /opt/airflow/dags/failed_lineage_dag.py
[2025-11-08T20:14:09.849+0000] {processor.py:840} INFO - DAG(s) 'failed_lineage_dag' retrieved from /opt/airflow/dags/failed_lineage_dag.py
[2025-11-08T20:14:09.879+0000] {logging_mixin.py:188} INFO - [2025-11-08T20:14:09.879+0000] {dag.py:3036} INFO - Sync 1 DAGs
[2025-11-08T20:14:09.893+0000] {logging_mixin.py:188} INFO - [2025-11-08T20:14:09.893+0000] {dag.py:3823} INFO - Setting next_dagrun for failed_lineage_dag to None, run_after=None
[2025-11-08T20:14:09.919+0000] {processor.py:183} INFO - Processing /opt/airflow/dags/failed_lineage_dag.py took 0.102 seconds
[2025-11-08T20:14:40.635+0000] {processor.py:161} INFO - Started process (PID=572) to work on /opt/airflow/dags/failed_lineage_dag.py
[2025-11-08T20:14:40.637+0000] {processor.py:830} INFO - Processing file /opt/airflow/dags/failed_lineage_dag.py for tasks to queue
[2025-11-08T20:14:40.638+0000] {logging_mixin.py:188} INFO - [2025-11-08T20:14:40.638+0000] {dagbag.py:538} INFO - Filling up the DagBag from /opt/airflow/dags/failed_lineage_dag.py
[2025-11-08T20:14:40.661+0000] {processor.py:840} INFO - DAG(s) 'failed_lineage_dag' retrieved from /opt/airflow/dags/failed_lineage_dag.py
[2025-11-08T20:14:40.821+0000] {logging_mixin.py:188} INFO - [2025-11-08T20:14:40.821+0000] {dag.py:3036} INFO - Sync 1 DAGs
[2025-11-08T20:14:40.837+0000] {logging_mixin.py:188} INFO - [2025-11-08T20:14:40.836+0000] {dag.py:3823} INFO - Setting next_dagrun for failed_lineage_dag to None, run_after=None
[2025-11-08T20:14:40.861+0000] {processor.py:183} INFO - Processing /opt/airflow/dags/failed_lineage_dag.py took 0.230 seconds
[2025-11-08T20:15:11.308+0000] {processor.py:161} INFO - Started process (PID=582) to work on /opt/airflow/dags/failed_lineage_dag.py
[2025-11-08T20:15:11.319+0000] {processor.py:830} INFO - Processing file /opt/airflow/dags/failed_lineage_dag.py for tasks to queue
[2025-11-08T20:15:11.321+0000] {logging_mixin.py:188} INFO - [2025-11-08T20:15:11.321+0000] {dagbag.py:538} INFO - Filling up the DagBag from /opt/airflow/dags/failed_lineage_dag.py
[2025-11-08T20:15:11.417+0000] {processor.py:840} INFO - DAG(s) 'failed_lineage_dag' retrieved from /opt/airflow/dags/failed_lineage_dag.py
[2025-11-08T20:15:11.551+0000] {logging_mixin.py:188} INFO - [2025-11-08T20:15:11.550+0000] {dag.py:3036} INFO - Sync 1 DAGs
[2025-11-08T20:15:11.616+0000] {logging_mixin.py:188} INFO - [2025-11-08T20:15:11.615+0000] {dag.py:3823} INFO - Setting next_dagrun for failed_lineage_dag to None, run_after=None
[2025-11-08T20:15:11.701+0000] {processor.py:183} INFO - Processing /opt/airflow/dags/failed_lineage_dag.py took 0.410 seconds
[2025-11-08T20:15:42.570+0000] {processor.py:161} INFO - Started process (PID=592) to work on /opt/airflow/dags/failed_lineage_dag.py
[2025-11-08T20:15:42.575+0000] {processor.py:830} INFO - Processing file /opt/airflow/dags/failed_lineage_dag.py for tasks to queue
[2025-11-08T20:15:42.585+0000] {logging_mixin.py:188} INFO - [2025-11-08T20:15:42.583+0000] {dagbag.py:538} INFO - Filling up the DagBag from /opt/airflow/dags/failed_lineage_dag.py
[2025-11-08T20:15:42.653+0000] {processor.py:840} INFO - DAG(s) 'failed_lineage_dag' retrieved from /opt/airflow/dags/failed_lineage_dag.py
[2025-11-08T20:15:42.893+0000] {logging_mixin.py:188} INFO - [2025-11-08T20:15:42.892+0000] {dag.py:3036} INFO - Sync 1 DAGs
[2025-11-08T20:15:42.912+0000] {logging_mixin.py:188} INFO - [2025-11-08T20:15:42.912+0000] {dag.py:3823} INFO - Setting next_dagrun for failed_lineage_dag to None, run_after=None
[2025-11-08T20:15:42.941+0000] {processor.py:183} INFO - Processing /opt/airflow/dags/failed_lineage_dag.py took 0.375 seconds
[2025-11-08T20:16:13.085+0000] {processor.py:161} INFO - Started process (PID=602) to work on /opt/airflow/dags/failed_lineage_dag.py
[2025-11-08T20:16:13.091+0000] {processor.py:830} INFO - Processing file /opt/airflow/dags/failed_lineage_dag.py for tasks to queue
[2025-11-08T20:16:13.094+0000] {logging_mixin.py:188} INFO - [2025-11-08T20:16:13.094+0000] {dagbag.py:538} INFO - Filling up the DagBag from /opt/airflow/dags/failed_lineage_dag.py
[2025-11-08T20:16:13.132+0000] {processor.py:840} INFO - DAG(s) 'failed_lineage_dag' retrieved from /opt/airflow/dags/failed_lineage_dag.py
[2025-11-08T20:16:13.192+0000] {logging_mixin.py:188} INFO - [2025-11-08T20:16:13.191+0000] {dag.py:3036} INFO - Sync 1 DAGs
[2025-11-08T20:16:13.213+0000] {logging_mixin.py:188} INFO - [2025-11-08T20:16:13.213+0000] {dag.py:3823} INFO - Setting next_dagrun for failed_lineage_dag to None, run_after=None
[2025-11-08T20:16:13.239+0000] {processor.py:183} INFO - Processing /opt/airflow/dags/failed_lineage_dag.py took 0.162 seconds
[2025-11-08T20:16:44.318+0000] {processor.py:161} INFO - Started process (PID=612) to work on /opt/airflow/dags/failed_lineage_dag.py
[2025-11-08T20:16:44.325+0000] {processor.py:830} INFO - Processing file /opt/airflow/dags/failed_lineage_dag.py for tasks to queue
[2025-11-08T20:16:44.334+0000] {logging_mixin.py:188} INFO - [2025-11-08T20:16:44.334+0000] {dagbag.py:538} INFO - Filling up the DagBag from /opt/airflow/dags/failed_lineage_dag.py
[2025-11-08T20:16:44.428+0000] {processor.py:840} INFO - DAG(s) 'failed_lineage_dag' retrieved from /opt/airflow/dags/failed_lineage_dag.py
[2025-11-08T20:16:44.535+0000] {logging_mixin.py:188} INFO - [2025-11-08T20:16:44.532+0000] {dag.py:3036} INFO - Sync 1 DAGs
[2025-11-08T20:16:44.608+0000] {logging_mixin.py:188} INFO - [2025-11-08T20:16:44.607+0000] {dag.py:3823} INFO - Setting next_dagrun for failed_lineage_dag to None, run_after=None
[2025-11-08T20:16:44.694+0000] {processor.py:183} INFO - Processing /opt/airflow/dags/failed_lineage_dag.py took 0.381 seconds
[2025-11-08T20:17:15.259+0000] {processor.py:161} INFO - Started process (PID=622) to work on /opt/airflow/dags/failed_lineage_dag.py
[2025-11-08T20:17:15.261+0000] {processor.py:830} INFO - Processing file /opt/airflow/dags/failed_lineage_dag.py for tasks to queue
[2025-11-08T20:17:15.262+0000] {logging_mixin.py:188} INFO - [2025-11-08T20:17:15.262+0000] {dagbag.py:538} INFO - Filling up the DagBag from /opt/airflow/dags/failed_lineage_dag.py
[2025-11-08T20:17:15.294+0000] {processor.py:840} INFO - DAG(s) 'failed_lineage_dag' retrieved from /opt/airflow/dags/failed_lineage_dag.py
[2025-11-08T20:17:15.328+0000] {logging_mixin.py:188} INFO - [2025-11-08T20:17:15.328+0000] {dag.py:3036} INFO - Sync 1 DAGs
[2025-11-08T20:17:15.340+0000] {logging_mixin.py:188} INFO - [2025-11-08T20:17:15.340+0000] {dag.py:3823} INFO - Setting next_dagrun for failed_lineage_dag to None, run_after=None
[2025-11-08T20:17:15.361+0000] {processor.py:183} INFO - Processing /opt/airflow/dags/failed_lineage_dag.py took 0.105 seconds
[2025-11-08T20:19:32.874+0000] {processor.py:161} INFO - Started process (PID=175) to work on /opt/airflow/dags/failed_lineage_dag.py
[2025-11-08T20:19:32.878+0000] {processor.py:830} INFO - Processing file /opt/airflow/dags/failed_lineage_dag.py for tasks to queue
[2025-11-08T20:19:32.881+0000] {logging_mixin.py:188} INFO - [2025-11-08T20:19:32.880+0000] {dagbag.py:538} INFO - Filling up the DagBag from /opt/airflow/dags/failed_lineage_dag.py
[2025-11-08T20:19:32.927+0000] {processor.py:840} INFO - DAG(s) 'failed_lineage_dag' retrieved from /opt/airflow/dags/failed_lineage_dag.py
[2025-11-08T20:19:33.236+0000] {logging_mixin.py:188} INFO - [2025-11-08T20:19:33.235+0000] {override.py:1769} INFO - Created Permission View: can delete on DAG:failed_lineage_dag
[2025-11-08T20:19:33.257+0000] {logging_mixin.py:188} INFO - [2025-11-08T20:19:33.257+0000] {override.py:1769} INFO - Created Permission View: can edit on DAG:failed_lineage_dag
[2025-11-08T20:19:33.267+0000] {logging_mixin.py:188} INFO - [2025-11-08T20:19:33.267+0000] {override.py:1769} INFO - Created Permission View: can read on DAG:failed_lineage_dag
[2025-11-08T20:19:33.268+0000] {logging_mixin.py:188} INFO - [2025-11-08T20:19:33.268+0000] {dag.py:3036} INFO - Sync 1 DAGs
[2025-11-08T20:19:33.287+0000] {logging_mixin.py:188} INFO - [2025-11-08T20:19:33.286+0000] {dag.py:3058} INFO - Creating ORM DAG for failed_lineage_dag
[2025-11-08T20:19:33.288+0000] {logging_mixin.py:188} INFO - [2025-11-08T20:19:33.288+0000] {dag.py:3823} INFO - Setting next_dagrun for failed_lineage_dag to None, run_after=None
[2025-11-08T20:19:33.325+0000] {processor.py:183} INFO - Processing /opt/airflow/dags/failed_lineage_dag.py took 0.459 seconds
[2025-11-08T20:20:04.755+0000] {processor.py:161} INFO - Started process (PID=194) to work on /opt/airflow/dags/failed_lineage_dag.py
[2025-11-08T20:20:04.756+0000] {processor.py:830} INFO - Processing file /opt/airflow/dags/failed_lineage_dag.py for tasks to queue
[2025-11-08T20:20:04.757+0000] {logging_mixin.py:188} INFO - [2025-11-08T20:20:04.757+0000] {dagbag.py:538} INFO - Filling up the DagBag from /opt/airflow/dags/failed_lineage_dag.py
[2025-11-08T20:20:04.774+0000] {processor.py:840} INFO - DAG(s) 'failed_lineage_dag' retrieved from /opt/airflow/dags/failed_lineage_dag.py
[2025-11-08T20:20:04.802+0000] {logging_mixin.py:188} INFO - [2025-11-08T20:20:04.802+0000] {dag.py:3036} INFO - Sync 1 DAGs
[2025-11-08T20:20:04.815+0000] {logging_mixin.py:188} INFO - [2025-11-08T20:20:04.815+0000] {dag.py:3823} INFO - Setting next_dagrun for failed_lineage_dag to None, run_after=None
[2025-11-08T20:20:04.841+0000] {processor.py:183} INFO - Processing /opt/airflow/dags/failed_lineage_dag.py took 0.090 seconds
[2025-11-08T20:20:35.128+0000] {processor.py:161} INFO - Started process (PID=209) to work on /opt/airflow/dags/failed_lineage_dag.py
[2025-11-08T20:20:35.129+0000] {processor.py:830} INFO - Processing file /opt/airflow/dags/failed_lineage_dag.py for tasks to queue
[2025-11-08T20:20:35.130+0000] {logging_mixin.py:188} INFO - [2025-11-08T20:20:35.130+0000] {dagbag.py:538} INFO - Filling up the DagBag from /opt/airflow/dags/failed_lineage_dag.py
[2025-11-08T20:20:35.159+0000] {processor.py:840} INFO - DAG(s) 'failed_lineage_dag' retrieved from /opt/airflow/dags/failed_lineage_dag.py
[2025-11-08T20:20:35.191+0000] {logging_mixin.py:188} INFO - [2025-11-08T20:20:35.190+0000] {dag.py:3036} INFO - Sync 1 DAGs
[2025-11-08T20:20:35.204+0000] {logging_mixin.py:188} INFO - [2025-11-08T20:20:35.204+0000] {dag.py:3823} INFO - Setting next_dagrun for failed_lineage_dag to None, run_after=None
[2025-11-08T20:20:35.230+0000] {processor.py:183} INFO - Processing /opt/airflow/dags/failed_lineage_dag.py took 0.106 seconds
[2025-11-08T20:21:05.509+0000] {processor.py:161} INFO - Started process (PID=219) to work on /opt/airflow/dags/failed_lineage_dag.py
[2025-11-08T20:21:05.511+0000] {processor.py:830} INFO - Processing file /opt/airflow/dags/failed_lineage_dag.py for tasks to queue
[2025-11-08T20:21:05.512+0000] {logging_mixin.py:188} INFO - [2025-11-08T20:21:05.512+0000] {dagbag.py:538} INFO - Filling up the DagBag from /opt/airflow/dags/failed_lineage_dag.py
[2025-11-08T20:21:05.535+0000] {processor.py:840} INFO - DAG(s) 'failed_lineage_dag' retrieved from /opt/airflow/dags/failed_lineage_dag.py
[2025-11-08T20:21:05.570+0000] {logging_mixin.py:188} INFO - [2025-11-08T20:21:05.570+0000] {dag.py:3036} INFO - Sync 1 DAGs
[2025-11-08T20:21:05.588+0000] {logging_mixin.py:188} INFO - [2025-11-08T20:21:05.587+0000] {dag.py:3823} INFO - Setting next_dagrun for failed_lineage_dag to None, run_after=None
[2025-11-08T20:21:05.627+0000] {processor.py:183} INFO - Processing /opt/airflow/dags/failed_lineage_dag.py took 0.121 seconds
[2025-11-08T20:21:35.916+0000] {processor.py:161} INFO - Started process (PID=229) to work on /opt/airflow/dags/failed_lineage_dag.py
[2025-11-08T20:21:35.918+0000] {processor.py:830} INFO - Processing file /opt/airflow/dags/failed_lineage_dag.py for tasks to queue
[2025-11-08T20:21:35.919+0000] {logging_mixin.py:188} INFO - [2025-11-08T20:21:35.919+0000] {dagbag.py:538} INFO - Filling up the DagBag from /opt/airflow/dags/failed_lineage_dag.py
[2025-11-08T20:21:35.952+0000] {processor.py:840} INFO - DAG(s) 'failed_lineage_dag' retrieved from /opt/airflow/dags/failed_lineage_dag.py
[2025-11-08T20:21:35.992+0000] {logging_mixin.py:188} INFO - [2025-11-08T20:21:35.992+0000] {dag.py:3036} INFO - Sync 1 DAGs
[2025-11-08T20:21:36.010+0000] {logging_mixin.py:188} INFO - [2025-11-08T20:21:36.009+0000] {dag.py:3823} INFO - Setting next_dagrun for failed_lineage_dag to None, run_after=None
[2025-11-08T20:21:36.040+0000] {processor.py:183} INFO - Processing /opt/airflow/dags/failed_lineage_dag.py took 0.129 seconds
[2025-11-08T20:22:06.361+0000] {processor.py:161} INFO - Started process (PID=239) to work on /opt/airflow/dags/failed_lineage_dag.py
[2025-11-08T20:22:06.363+0000] {processor.py:830} INFO - Processing file /opt/airflow/dags/failed_lineage_dag.py for tasks to queue
[2025-11-08T20:22:06.364+0000] {logging_mixin.py:188} INFO - [2025-11-08T20:22:06.363+0000] {dagbag.py:538} INFO - Filling up the DagBag from /opt/airflow/dags/failed_lineage_dag.py
[2025-11-08T20:22:06.379+0000] {processor.py:840} INFO - DAG(s) 'failed_lineage_dag' retrieved from /opt/airflow/dags/failed_lineage_dag.py
[2025-11-08T20:22:06.403+0000] {logging_mixin.py:188} INFO - [2025-11-08T20:22:06.402+0000] {dag.py:3036} INFO - Sync 1 DAGs
[2025-11-08T20:22:06.416+0000] {logging_mixin.py:188} INFO - [2025-11-08T20:22:06.416+0000] {dag.py:3823} INFO - Setting next_dagrun for failed_lineage_dag to None, run_after=None
[2025-11-08T20:22:06.441+0000] {processor.py:183} INFO - Processing /opt/airflow/dags/failed_lineage_dag.py took 0.083 seconds
[2025-11-08T20:22:36.707+0000] {processor.py:161} INFO - Started process (PID=249) to work on /opt/airflow/dags/failed_lineage_dag.py
[2025-11-08T20:22:36.709+0000] {processor.py:830} INFO - Processing file /opt/airflow/dags/failed_lineage_dag.py for tasks to queue
[2025-11-08T20:22:36.710+0000] {logging_mixin.py:188} INFO - [2025-11-08T20:22:36.710+0000] {dagbag.py:538} INFO - Filling up the DagBag from /opt/airflow/dags/failed_lineage_dag.py
[2025-11-08T20:22:36.730+0000] {processor.py:840} INFO - DAG(s) 'failed_lineage_dag' retrieved from /opt/airflow/dags/failed_lineage_dag.py
[2025-11-08T20:22:36.758+0000] {logging_mixin.py:188} INFO - [2025-11-08T20:22:36.758+0000] {dag.py:3036} INFO - Sync 1 DAGs
[2025-11-08T20:22:36.771+0000] {logging_mixin.py:188} INFO - [2025-11-08T20:22:36.771+0000] {dag.py:3823} INFO - Setting next_dagrun for failed_lineage_dag to None, run_after=None
[2025-11-08T20:22:36.795+0000] {processor.py:183} INFO - Processing /opt/airflow/dags/failed_lineage_dag.py took 0.091 seconds
[2025-11-08T20:23:08.124+0000] {processor.py:161} INFO - Started process (PID=259) to work on /opt/airflow/dags/failed_lineage_dag.py
[2025-11-08T20:23:08.150+0000] {processor.py:830} INFO - Processing file /opt/airflow/dags/failed_lineage_dag.py for tasks to queue
[2025-11-08T20:23:08.157+0000] {logging_mixin.py:188} INFO - [2025-11-08T20:23:08.155+0000] {dagbag.py:538} INFO - Filling up the DagBag from /opt/airflow/dags/failed_lineage_dag.py
[2025-11-08T20:23:08.532+0000] {processor.py:840} INFO - DAG(s) 'failed_lineage_dag' retrieved from /opt/airflow/dags/failed_lineage_dag.py
[2025-11-08T20:23:08.639+0000] {logging_mixin.py:188} INFO - [2025-11-08T20:23:08.638+0000] {dag.py:3036} INFO - Sync 1 DAGs
[2025-11-08T20:23:08.674+0000] {logging_mixin.py:188} INFO - [2025-11-08T20:23:08.673+0000] {dag.py:3823} INFO - Setting next_dagrun for failed_lineage_dag to None, run_after=None
[2025-11-08T20:23:08.716+0000] {processor.py:183} INFO - Processing /opt/airflow/dags/failed_lineage_dag.py took 0.647 seconds
[2025-11-08T20:23:39.044+0000] {processor.py:161} INFO - Started process (PID=277) to work on /opt/airflow/dags/failed_lineage_dag.py
[2025-11-08T20:23:39.048+0000] {processor.py:830} INFO - Processing file /opt/airflow/dags/failed_lineage_dag.py for tasks to queue
[2025-11-08T20:23:39.050+0000] {logging_mixin.py:188} INFO - [2025-11-08T20:23:39.049+0000] {dagbag.py:538} INFO - Filling up the DagBag from /opt/airflow/dags/failed_lineage_dag.py
[2025-11-08T20:23:39.080+0000] {processor.py:840} INFO - DAG(s) 'failed_lineage_dag' retrieved from /opt/airflow/dags/failed_lineage_dag.py
[2025-11-08T20:23:39.155+0000] {logging_mixin.py:188} INFO - [2025-11-08T20:23:39.155+0000] {dag.py:3036} INFO - Sync 1 DAGs
[2025-11-08T20:23:39.182+0000] {logging_mixin.py:188} INFO - [2025-11-08T20:23:39.182+0000] {dag.py:3823} INFO - Setting next_dagrun for failed_lineage_dag to None, run_after=None
[2025-11-08T20:23:39.230+0000] {processor.py:183} INFO - Processing /opt/airflow/dags/failed_lineage_dag.py took 0.193 seconds
[2025-11-08T21:43:53.949+0000] {processor.py:161} INFO - Started process (PID=288) to work on /opt/airflow/dags/failed_lineage_dag.py
[2025-11-08T21:43:53.960+0000] {processor.py:830} INFO - Processing file /opt/airflow/dags/failed_lineage_dag.py for tasks to queue
[2025-11-08T21:43:53.979+0000] {logging_mixin.py:188} INFO - [2025-11-08T21:43:53.974+0000] {dagbag.py:538} INFO - Filling up the DagBag from /opt/airflow/dags/failed_lineage_dag.py
[2025-11-08T21:43:54.179+0000] {processor.py:840} INFO - DAG(s) 'failed_lineage_dag' retrieved from /opt/airflow/dags/failed_lineage_dag.py
[2025-11-08T21:43:54.429+0000] {logging_mixin.py:188} INFO - [2025-11-08T21:43:54.429+0000] {dag.py:3036} INFO - Sync 1 DAGs
[2025-11-08T21:43:54.534+0000] {logging_mixin.py:188} INFO - [2025-11-08T21:43:54.534+0000] {dag.py:3823} INFO - Setting next_dagrun for failed_lineage_dag to None, run_after=None
[2025-11-08T21:43:54.667+0000] {processor.py:183} INFO - Processing /opt/airflow/dags/failed_lineage_dag.py took 0.789 seconds
