[2025-11-08T19:48:55.237+0000] {logging_mixin.py:188} INFO - Changing /opt/***/logs/dag_id=simple_etl_lineage/run_id=manual__2025-11-08T19:48:40.507696+00:00/task_id=run_transform permission to 509
[2025-11-08T19:48:55.272+0000] {logging_mixin.py:188} INFO - Changing /opt/***/logs/dag_id=simple_etl_lineage/run_id=manual__2025-11-08T19:48:40.507696+00:00/task_id=run_transform permission to 509
[2025-11-08T19:48:55.318+0000] {taskinstance.py:1956} INFO - Dependencies all met for dep_context=non-requeueable deps ti=<TaskInstance: simple_etl_lineage.run_transform manual__2025-11-08T19:48:40.507696+00:00 [queued]>
[2025-11-08T19:48:55.326+0000] {taskinstance.py:1956} INFO - Dependencies all met for dep_context=requeueable deps ti=<TaskInstance: simple_etl_lineage.run_transform manual__2025-11-08T19:48:40.507696+00:00 [queued]>
[2025-11-08T19:48:55.327+0000] {taskinstance.py:2170} INFO - Starting attempt 1 of 1
[2025-11-08T19:48:55.340+0000] {taskinstance.py:2191} INFO - Executing <Task(PythonOperator): run_transform> on 2025-11-08 19:48:40.507696+00:00
[2025-11-08T19:48:55.352+0000] {standard_task_runner.py:60} INFO - Started process 206 to run task
[2025-11-08T19:48:55.356+0000] {standard_task_runner.py:87} INFO - Running: ['***', 'tasks', 'run', 'simple_etl_lineage', 'run_transform', 'manual__2025-11-08T19:48:40.507696+00:00', '--job-id', '3', '--raw', '--subdir', 'DAGS_FOLDER/etl_dag.py', '--cfg-path', '/tmp/tmpkqftx0mx']
[2025-11-08T19:48:55.359+0000] {standard_task_runner.py:88} INFO - Job 3: Subtask run_transform
[2025-11-08T19:48:55.422+0000] {logging_mixin.py:188} INFO - Changing /opt/***/logs/dag_id=simple_etl_lineage/run_id=manual__2025-11-08T19:48:40.507696+00:00/task_id=run_transform permission to 509
[2025-11-08T19:48:55.428+0000] {task_command.py:423} INFO - Running <TaskInstance: simple_etl_lineage.run_transform manual__2025-11-08T19:48:40.507696+00:00 [running]> on host ad64c233cc16
[2025-11-08T19:48:55.535+0000] {taskinstance.py:2480} INFO - Exporting env vars: AIRFLOW_CTX_DAG_OWNER='***' AIRFLOW_CTX_DAG_ID='simple_etl_lineage' AIRFLOW_CTX_TASK_ID='run_transform' AIRFLOW_CTX_EXECUTION_DATE='2025-11-08T19:48:40.507696+00:00' AIRFLOW_CTX_TRY_NUMBER='1' AIRFLOW_CTX_DAG_RUN_ID='manual__2025-11-08T19:48:40.507696+00:00'
[2025-11-08T19:49:05.564+0000] {adapter.py:122} WARNING - Failed to emit OpenLineage event of id 185b0f98-4efe-3800-8bba-52479f39c38f
[2025-11-08T19:49:05.587+0000] {logging_mixin.py:188} INFO - Running: python /opt/***/scripts/transform.py run_8c029c91fc4241e2b35d8ca6e90abbb1 /opt/***/persist/run_8c029c91fc4241e2b35d8ca6e90abbb1__extract__snapshot.csv
[2025-11-08T19:49:05.617+0000] {python.py:201} INFO - Done. Returned value was: None
[2025-11-08T19:49:05.633+0000] {taskinstance.py:1138} INFO - Marking task as SUCCESS. dag_id=simple_etl_lineage, task_id=run_transform, execution_date=20251108T194840, start_date=20251108T194855, end_date=20251108T194905
[2025-11-08T19:49:15.552+0000] {local_task_job_runner.py:302} WARNING - State of this instance has been externally set to success. Terminating instance.
[2025-11-08T19:49:15.556+0000] {process_utils.py:131} INFO - Sending 15 to group 206. PIDs of all processes in the group: [206]
[2025-11-08T19:49:15.557+0000] {process_utils.py:86} INFO - Sending the signal 15 to group 206
[2025-11-08T19:49:15.667+0000] {taskinstance.py:2450} ERROR - Received SIGTERM. Terminating subprocesses.
[2025-11-08T19:49:15.669+0000] {adapter.py:122} WARNING - Failed to emit OpenLineage event of id 185b0f98-4efe-3800-8bba-52479f39c38f
[2025-11-08T19:49:15.691+0000] {process_utils.py:79} INFO - Process psutil.Process(pid=206, status='terminated', exitcode=0, started='19:48:54') (206) terminated with exit code 0
