[2025-11-08T19:50:20.320+0000] {logging_mixin.py:188} INFO - Changing /opt/***/logs/dag_id=simple_etl_lineage/run_id=manual__2025-11-08T19:48:40.507696+00:00/task_id=run_transform permission to 509
[2025-11-08T19:50:20.347+0000] {logging_mixin.py:188} INFO - Changing /opt/***/logs/dag_id=simple_etl_lineage/run_id=manual__2025-11-08T19:48:40.507696+00:00/task_id=run_transform permission to 509
[2025-11-08T19:50:20.387+0000] {taskinstance.py:1956} INFO - Dependencies all met for dep_context=non-requeueable deps ti=<TaskInstance: simple_etl_lineage.run_transform manual__2025-11-08T19:48:40.507696+00:00 [queued]>
[2025-11-08T19:50:20.397+0000] {taskinstance.py:1956} INFO - Dependencies all met for dep_context=requeueable deps ti=<TaskInstance: simple_etl_lineage.run_transform manual__2025-11-08T19:48:40.507696+00:00 [queued]>
[2025-11-08T19:50:20.398+0000] {taskinstance.py:2170} INFO - Starting attempt 2 of 2
[2025-11-08T19:50:20.414+0000] {taskinstance.py:2191} INFO - Executing <Task(PythonOperator): run_transform> on 2025-11-08 19:48:40.507696+00:00
[2025-11-08T19:50:20.424+0000] {standard_task_runner.py:60} INFO - Started process 229 to run task
[2025-11-08T19:50:20.427+0000] {standard_task_runner.py:87} INFO - Running: ['***', 'tasks', 'run', 'simple_etl_lineage', 'run_transform', 'manual__2025-11-08T19:48:40.507696+00:00', '--job-id', '5', '--raw', '--subdir', 'DAGS_FOLDER/etl_dag.py', '--cfg-path', '/tmp/tmptkc5nqcw']
[2025-11-08T19:50:20.430+0000] {standard_task_runner.py:88} INFO - Job 5: Subtask run_transform
[2025-11-08T19:50:20.487+0000] {logging_mixin.py:188} INFO - Changing /opt/***/logs/dag_id=simple_etl_lineage/run_id=manual__2025-11-08T19:48:40.507696+00:00/task_id=run_transform permission to 509
[2025-11-08T19:50:20.490+0000] {task_command.py:423} INFO - Running <TaskInstance: simple_etl_lineage.run_transform manual__2025-11-08T19:48:40.507696+00:00 [running]> on host ad64c233cc16
[2025-11-08T19:50:20.587+0000] {taskinstance.py:2480} INFO - Exporting env vars: AIRFLOW_CTX_DAG_OWNER='***' AIRFLOW_CTX_DAG_ID='simple_etl_lineage' AIRFLOW_CTX_TASK_ID='run_transform' AIRFLOW_CTX_EXECUTION_DATE='2025-11-08T19:48:40.507696+00:00' AIRFLOW_CTX_TRY_NUMBER='2' AIRFLOW_CTX_DAG_RUN_ID='manual__2025-11-08T19:48:40.507696+00:00'
[2025-11-08T19:50:30.614+0000] {adapter.py:122} WARNING - Failed to emit OpenLineage event of id e1366cc0-677b-31bd-86b7-36ebbee4ebe2
[2025-11-08T19:50:30.629+0000] {logging_mixin.py:188} INFO - Running: python /opt/***/scripts/transform.py run_8c029c91fc4241e2b35d8ca6e90abbb1 /opt/***/persist/run_8c029c91fc4241e2b35d8ca6e90abbb1__extract__snapshot.csv
[2025-11-08T19:50:30.660+0000] {python.py:201} INFO - Done. Returned value was: None
[2025-11-08T19:50:30.672+0000] {taskinstance.py:1138} INFO - Marking task as SUCCESS. dag_id=simple_etl_lineage, task_id=run_transform, execution_date=20251108T194840, start_date=20251108T195020, end_date=20251108T195030
[2025-11-08T19:50:40.600+0000] {local_task_job_runner.py:302} WARNING - State of this instance has been externally set to success. Terminating instance.
[2025-11-08T19:50:40.608+0000] {process_utils.py:131} INFO - Sending 15 to group 229. PIDs of all processes in the group: [229]
[2025-11-08T19:50:40.610+0000] {process_utils.py:86} INFO - Sending the signal 15 to group 229
[2025-11-08T19:50:40.711+0000] {taskinstance.py:2450} ERROR - Received SIGTERM. Terminating subprocesses.
[2025-11-08T19:50:40.713+0000] {adapter.py:122} WARNING - Failed to emit OpenLineage event of id e1366cc0-677b-31bd-86b7-36ebbee4ebe2
[2025-11-08T19:50:40.745+0000] {process_utils.py:79} INFO - Process psutil.Process(pid=229, status='terminated', exitcode=0, started='19:50:19') (229) terminated with exit code 0
