[2025-11-14T06:22:12.068+0000] {logging_mixin.py:188} INFO - Changing /opt/***/logs/dag_id=real_etl_pipeline_with_db_logging_v2/run_id=manual__2025-11-14T06:22:05.987233+00:00/task_id=create_tables permission to 509
[2025-11-14T06:22:12.137+0000] {logging_mixin.py:188} INFO - Changing /opt/***/logs/dag_id=real_etl_pipeline_with_db_logging_v2/run_id=manual__2025-11-14T06:22:05.987233+00:00/task_id=create_tables permission to 509
[2025-11-14T06:22:12.380+0000] {taskinstance.py:1956} INFO - Dependencies all met for dep_context=non-requeueable deps ti=<TaskInstance: real_etl_pipeline_with_db_logging_v2.create_tables manual__2025-11-14T06:22:05.987233+00:00 [queued]>
[2025-11-14T06:22:12.401+0000] {taskinstance.py:1956} INFO - Dependencies all met for dep_context=requeueable deps ti=<TaskInstance: real_etl_pipeline_with_db_logging_v2.create_tables manual__2025-11-14T06:22:05.987233+00:00 [queued]>
[2025-11-14T06:22:12.402+0000] {taskinstance.py:2170} INFO - Starting attempt 1 of 1
[2025-11-14T06:22:12.424+0000] {taskinstance.py:2191} INFO - Executing <Task(PostgresOperator): create_tables> on 2025-11-14 06:22:05.987233+00:00
[2025-11-14T06:22:12.451+0000] {standard_task_runner.py:60} INFO - Started process 4433 to run task
[2025-11-14T06:22:12.456+0000] {standard_task_runner.py:87} INFO - Running: ['***', 'tasks', 'run', 'real_etl_pipeline_with_db_logging_v2', 'create_tables', 'manual__2025-11-14T06:22:05.987233+00:00', '--job-id', '15', '--raw', '--subdir', 'DAGS_FOLDER/real_etl_with_failure.py', '--cfg-path', '/tmp/tmpd3iu36bv']
[2025-11-14T06:22:12.458+0000] {standard_task_runner.py:88} INFO - Job 15: Subtask create_tables
[2025-11-14T06:22:12.557+0000] {logging_mixin.py:188} INFO - Changing /opt/***/logs/dag_id=real_etl_pipeline_with_db_logging_v2/run_id=manual__2025-11-14T06:22:05.987233+00:00/task_id=create_tables permission to 509
[2025-11-14T06:22:12.561+0000] {task_command.py:423} INFO - Running <TaskInstance: real_etl_pipeline_with_db_logging_v2.create_tables manual__2025-11-14T06:22:05.987233+00:00 [running]> on host dd103ceb31c1
[2025-11-14T06:22:12.735+0000] {taskinstance.py:2480} INFO - Exporting env vars: AIRFLOW_CTX_DAG_OWNER='***' AIRFLOW_CTX_DAG_ID='real_etl_pipeline_with_db_logging_v2' AIRFLOW_CTX_TASK_ID='create_tables' AIRFLOW_CTX_EXECUTION_DATE='2025-11-14T06:22:05.987233+00:00' AIRFLOW_CTX_TRY_NUMBER='1' AIRFLOW_CTX_DAG_RUN_ID='manual__2025-11-14T06:22:05.987233+00:00'
[2025-11-14T06:22:12.811+0000] {base.py:83} INFO - Using connection ID 'postgres_default' for task execution.
[2025-11-14T06:22:12.882+0000] {base.py:83} INFO - Using connection ID 'postgres_default' for task execution.
[2025-11-14T06:22:12.904+0000] {base.py:83} INFO - Using connection ID 'postgres_default' for task execution.
[2025-11-14T06:22:12.915+0000] {sql.py:450} INFO - Running statement: SELECT CURRENT_SCHEMA;, parameters: None
[2025-11-14T06:22:12.917+0000] {sql.py:459} INFO - Rows affected: 1
[2025-11-14T06:22:12.933+0000] {base.py:83} INFO - Using connection ID 'postgres_default' for task execution.
[2025-11-14T06:22:13.066+0000] {base.py:83} INFO - Using connection ID 'postgres_default' for task execution.
[2025-11-14T06:22:14.205+0000] {sql.py:276} INFO - Executing: 
        CREATE TABLE IF NOT EXISTS public.raw_orders (
            order_id VARCHAR(50),
            product VARCHAR(100),
            amount VARCHAR(50)
        );

        CREATE TABLE IF NOT EXISTS public.clean_orders (
            order_id VARCHAR(50) PRIMARY KEY,
            product VARCHAR(100),
            amount INTEGER NOT NULL
        );

        -- 🔥 RCA-READY AUDIT TABLE
        CREATE TABLE IF NOT EXISTS public.pipeline_audit_log (
            audit_id BIGSERIAL PRIMARY KEY,
            dag_id TEXT,
            task_id TEXT,
            ***_run_id TEXT,
            lineage_run_id TEXT,
            status TEXT,
            error_class TEXT,
            error_message TEXT,
            stack_trace TEXT,
            total_records INT,
            success_count INT,
            failure_count INT,
            failed_records JSONB,
            started_at TIMESTAMP,
            finished_at TIMESTAMP,
            hostname TEXT,
            extra_metadata JSONB
        );

        TRUNCATE TABLE public.raw_orders;
        TRUNCATE TABLE public.clean_orders;
        
[2025-11-14T06:22:14.217+0000] {base.py:83} INFO - Using connection ID 'postgres_default' for task execution.
[2025-11-14T06:22:14.224+0000] {sql.py:450} INFO - Running statement: 
        CREATE TABLE IF NOT EXISTS public.raw_orders (
            order_id VARCHAR(50),
            product VARCHAR(100),
            amount VARCHAR(50)
        );

        CREATE TABLE IF NOT EXISTS public.clean_orders (
            order_id VARCHAR(50) PRIMARY KEY,
            product VARCHAR(100),
            amount INTEGER NOT NULL
        );

        -- 🔥 RCA-READY AUDIT TABLE
        CREATE TABLE IF NOT EXISTS public.pipeline_audit_log (
            audit_id BIGSERIAL PRIMARY KEY,
            dag_id TEXT,
            task_id TEXT,
            ***_run_id TEXT,
            lineage_run_id TEXT,
            status TEXT,
            error_class TEXT,
            error_message TEXT,
            stack_trace TEXT,
            total_records INT,
            success_count INT,
            failure_count INT,
            failed_records JSONB,
            started_at TIMESTAMP,
            finished_at TIMESTAMP,
            hostname TEXT,
            extra_metadata JSONB
        );

        TRUNCATE TABLE public.raw_orders;
        TRUNCATE TABLE public.clean_orders;
        , parameters: None
[2025-11-14T06:22:14.345+0000] {taskinstance.py:1138} INFO - Marking task as SUCCESS. dag_id=real_etl_pipeline_with_db_logging_v2, task_id=create_tables, execution_date=20251114T062205, start_date=20251114T062212, end_date=20251114T062214
[2025-11-14T06:22:14.374+0000] {base.py:83} INFO - Using connection ID 'postgres_default' for task execution.
[2025-11-14T06:22:14.391+0000] {base.py:83} INFO - Using connection ID 'postgres_default' for task execution.
[2025-11-14T06:22:14.401+0000] {sql.py:450} INFO - Running statement: SELECT CURRENT_SCHEMA;, parameters: None
[2025-11-14T06:22:14.403+0000] {sql.py:459} INFO - Rows affected: 1
[2025-11-14T06:22:14.420+0000] {base.py:83} INFO - Using connection ID 'postgres_default' for task execution.
[2025-11-14T06:22:14.571+0000] {base.py:83} INFO - Using connection ID 'postgres_default' for task execution.
[2025-11-14T06:22:18.809+0000] {local_task_job_runner.py:234} INFO - Task exited with return code 0
[2025-11-14T06:22:18.894+0000] {taskinstance.py:3280} INFO - 0 downstream tasks scheduled from follow-on schedule check
