[2025-11-12T09:52:04.675+0000] {logging_mixin.py:188} INFO - Changing /opt/***/logs/dag_id=real_etl_pipeline_with_failure/run_id=manual__2025-11-12T09:52:02.248470+00:00/task_id=create_source_and_target_tables permission to 509
[2025-11-12T09:52:04.737+0000] {logging_mixin.py:188} INFO - Changing /opt/***/logs/dag_id=real_etl_pipeline_with_failure/run_id=manual__2025-11-12T09:52:02.248470+00:00/task_id=create_source_and_target_tables permission to 509
[2025-11-12T09:52:04.864+0000] {taskinstance.py:1956} INFO - Dependencies all met for dep_context=non-requeueable deps ti=<TaskInstance: real_etl_pipeline_with_failure.create_source_and_target_tables manual__2025-11-12T09:52:02.248470+00:00 [queued]>
[2025-11-12T09:52:04.882+0000] {taskinstance.py:1956} INFO - Dependencies all met for dep_context=requeueable deps ti=<TaskInstance: real_etl_pipeline_with_failure.create_source_and_target_tables manual__2025-11-12T09:52:02.248470+00:00 [queued]>
[2025-11-12T09:52:04.884+0000] {taskinstance.py:2170} INFO - Starting attempt 1 of 1
[2025-11-12T09:52:04.923+0000] {taskinstance.py:2191} INFO - Executing <Task(PostgresOperator): create_source_and_target_tables> on 2025-11-12 09:52:02.248470+00:00
[2025-11-12T09:52:04.941+0000] {standard_task_runner.py:60} INFO - Started process 1219 to run task
[2025-11-12T09:52:04.947+0000] {standard_task_runner.py:87} INFO - Running: ['***', 'tasks', 'run', 'real_etl_pipeline_with_failure', 'create_source_and_target_tables', 'manual__2025-11-12T09:52:02.248470+00:00', '--job-id', '3', '--raw', '--subdir', 'DAGS_FOLDER/real_etl_with_failure.py', '--cfg-path', '/tmp/tmpzlyiov84']
[2025-11-12T09:52:04.951+0000] {standard_task_runner.py:88} INFO - Job 3: Subtask create_source_and_target_tables
[2025-11-12T09:52:05.078+0000] {logging_mixin.py:188} INFO - Changing /opt/***/logs/dag_id=real_etl_pipeline_with_failure/run_id=manual__2025-11-12T09:52:02.248470+00:00/task_id=create_source_and_target_tables permission to 509
[2025-11-12T09:52:05.081+0000] {task_command.py:423} INFO - Running <TaskInstance: real_etl_pipeline_with_failure.create_source_and_target_tables manual__2025-11-12T09:52:02.248470+00:00 [running]> on host 0c867993a02e
[2025-11-12T09:52:05.322+0000] {taskinstance.py:2480} INFO - Exporting env vars: AIRFLOW_CTX_DAG_OWNER='***' AIRFLOW_CTX_DAG_ID='real_etl_pipeline_with_failure' AIRFLOW_CTX_TASK_ID='create_source_and_target_tables' AIRFLOW_CTX_EXECUTION_DATE='2025-11-12T09:52:02.248470+00:00' AIRFLOW_CTX_TRY_NUMBER='1' AIRFLOW_CTX_DAG_RUN_ID='manual__2025-11-12T09:52:02.248470+00:00'
[2025-11-12T09:52:05.343+0000] {base.py:83} INFO - Using connection ID 'postgres_default' for task execution.
[2025-11-12T09:52:05.356+0000] {base.py:83} INFO - Using connection ID 'postgres_default' for task execution.
[2025-11-12T09:52:05.366+0000] {base.py:83} INFO - Using connection ID 'postgres_default' for task execution.
[2025-11-12T09:52:05.372+0000] {base.py:152} WARNING - OpenLineage provider method failed to extract data from provider. 
[2025-11-12T09:52:05.379+0000] {manager.py:198} WARNING - Extractor returns non-valid metadata: None
[2025-11-12T09:52:05.570+0000] {sql.py:276} INFO - Executing: 
        CREATE TABLE IF NOT EXISTS public.raw_orders (
            order_id VARCHAR(50),
            product VARCHAR(100),
            amount VARCHAR(50) -- Stored as string to allow for bad data
        );
        CREATE TABLE IF NOT EXISTS public.clean_orders (
            order_id VARCHAR(50) PRIMARY KEY,
            product VARCHAR(100),
            amount INTEGER NOT NULL -- Stored as integer, this will cause the failure
        );
        TRUNCATE TABLE public.raw_orders;
        TRUNCATE TABLE public.clean_orders;
        
[2025-11-12T09:52:05.594+0000] {base.py:83} INFO - Using connection ID 'postgres_default' for task execution.
[2025-11-12T09:52:05.611+0000] {base.py:83} INFO - Using connection ID 'postgres_default' for task execution.
[2025-11-12T09:52:05.627+0000] {base.py:83} INFO - Using connection ID 'postgres_default' for task execution.
[2025-11-12T09:52:05.631+0000] {base.py:152} WARNING - OpenLineage provider method failed to extract data from provider. 
[2025-11-12T09:52:05.634+0000] {manager.py:198} WARNING - Extractor returns non-valid metadata: None
[2025-11-12T09:52:05.833+0000] {taskinstance.py:2698} ERROR - Task failed with exception
Traceback (most recent call last):
  File "/home/airflow/.local/lib/python3.8/site-packages/airflow/models/taskinstance.py", line 433, in _execute_task
    result = execute_callable(context=context, **execute_callable_kwargs)
  File "/home/airflow/.local/lib/python3.8/site-packages/airflow/providers/common/sql/operators/sql.py", line 282, in execute
    output = hook.run(
  File "/home/airflow/.local/lib/python3.8/site-packages/airflow/providers/common/sql/hooks/sql.py", line 391, in run
    with closing(self.get_conn()) as conn:
  File "/home/airflow/.local/lib/python3.8/site-packages/airflow/providers/postgres/hooks/postgres.py", line 158, in get_conn
    self.conn = psycopg2.connect(**conn_args)
  File "/home/airflow/.local/lib/python3.8/site-packages/psycopg2/__init__.py", line 122, in connect
    conn = _connect(dsn, connection_factory=connection_factory, **kwasync)
psycopg2.OperationalError: connection to server at "postgres" (10.89.3.2), port 5432 failed: FATAL:  password authentication failed for user "postgres"

[2025-11-12T09:52:05.847+0000] {taskinstance.py:1138} INFO - Marking task as FAILED. dag_id=real_etl_pipeline_with_failure, task_id=create_source_and_target_tables, execution_date=20251112T095202, start_date=20251112T095204, end_date=20251112T095205
[2025-11-12T09:52:05.865+0000] {standard_task_runner.py:107} ERROR - Failed to execute job 3 for task create_source_and_target_tables (connection to server at "postgres" (10.89.3.2), port 5432 failed: FATAL:  password authentication failed for user "postgres"
; 1219)
[2025-11-12T09:52:05.893+0000] {local_task_job_runner.py:234} INFO - Task exited with return code 1
[2025-11-12T09:52:05.922+0000] {taskinstance.py:3280} INFO - 0 downstream tasks scheduled from follow-on schedule check
