[2025-11-17T05:10:33.097+0000] {logging_mixin.py:188} INFO - Changing /opt/***/logs/dag_id=real_etl_pipeline_with_db_logging_full/run_id=manual__2025-11-17T05:10:30.701728+00:00/task_id=create_tables permission to 509
[2025-11-17T05:10:33.138+0000] {logging_mixin.py:188} INFO - Changing /opt/***/logs/dag_id=real_etl_pipeline_with_db_logging_full/run_id=manual__2025-11-17T05:10:30.701728+00:00/task_id=create_tables permission to 509
[2025-11-17T05:10:33.228+0000] {taskinstance.py:1956} INFO - Dependencies all met for dep_context=non-requeueable deps ti=<TaskInstance: real_etl_pipeline_with_db_logging_full.create_tables manual__2025-11-17T05:10:30.701728+00:00 [queued]>
[2025-11-17T05:10:33.258+0000] {taskinstance.py:1956} INFO - Dependencies all met for dep_context=requeueable deps ti=<TaskInstance: real_etl_pipeline_with_db_logging_full.create_tables manual__2025-11-17T05:10:30.701728+00:00 [queued]>
[2025-11-17T05:10:33.262+0000] {taskinstance.py:2170} INFO - Starting attempt 1 of 1
[2025-11-17T05:10:33.305+0000] {taskinstance.py:2191} INFO - Executing <Task(PostgresOperator): create_tables> on 2025-11-17 05:10:30.701728+00:00
[2025-11-17T05:10:33.345+0000] {standard_task_runner.py:60} INFO - Started process 1001 to run task
[2025-11-17T05:10:33.355+0000] {standard_task_runner.py:87} INFO - Running: ['***', 'tasks', 'run', 'real_etl_pipeline_with_db_logging_full', 'create_tables', 'manual__2025-11-17T05:10:30.701728+00:00', '--job-id', '3', '--raw', '--subdir', 'DAGS_FOLDER/real_etl_with_failure.py', '--cfg-path', '/tmp/tmpfl0n0o_z']
[2025-11-17T05:10:33.366+0000] {standard_task_runner.py:88} INFO - Job 3: Subtask create_tables
[2025-11-17T05:10:33.472+0000] {logging_mixin.py:188} INFO - Changing /opt/***/logs/dag_id=real_etl_pipeline_with_db_logging_full/run_id=manual__2025-11-17T05:10:30.701728+00:00/task_id=create_tables permission to 509
[2025-11-17T05:10:33.474+0000] {task_command.py:423} INFO - Running <TaskInstance: real_etl_pipeline_with_db_logging_full.create_tables manual__2025-11-17T05:10:30.701728+00:00 [running]> on host 054794ed4c88
[2025-11-17T05:10:33.577+0000] {taskinstance.py:2480} INFO - Exporting env vars: AIRFLOW_CTX_DAG_OWNER='***' AIRFLOW_CTX_DAG_ID='real_etl_pipeline_with_db_logging_full' AIRFLOW_CTX_TASK_ID='create_tables' AIRFLOW_CTX_EXECUTION_DATE='2025-11-17T05:10:30.701728+00:00' AIRFLOW_CTX_TRY_NUMBER='1' AIRFLOW_CTX_DAG_RUN_ID='manual__2025-11-17T05:10:30.701728+00:00'
[2025-11-17T05:10:33.601+0000] {base.py:83} INFO - Using connection ID 'postgres_default' for task execution.
[2025-11-17T05:10:33.612+0000] {base.py:83} INFO - Using connection ID 'postgres_default' for task execution.
[2025-11-17T05:10:33.620+0000] {base.py:83} INFO - Using connection ID 'postgres_default' for task execution.
[2025-11-17T05:10:33.624+0000] {sql.py:450} INFO - Running statement: SELECT CURRENT_SCHEMA;, parameters: None
[2025-11-17T05:10:33.625+0000] {sql.py:459} INFO - Rows affected: 1
[2025-11-17T05:10:33.634+0000] {base.py:83} INFO - Using connection ID 'postgres_default' for task execution.
[2025-11-17T05:10:33.736+0000] {base.py:83} INFO - Using connection ID 'postgres_default' for task execution.
[2025-11-17T05:10:33.946+0000] {sql.py:276} INFO - Executing: 
        CREATE TABLE IF NOT EXISTS public.raw_orders (
            order_id VARCHAR(50),
            product VARCHAR(100),
            amount VARCHAR(50)
        );

        CREATE TABLE IF NOT EXISTS public.clean_orders (
            order_id VARCHAR(50) PRIMARY KEY,
            product VARCHAR(100),
            amount INTEGER NOT NULL
        );

        CREATE TABLE IF NOT EXISTS public.pipeline_audit_log (
            audit_id BIGSERIAL PRIMARY KEY,
            dag_id TEXT,
            task_id TEXT,
            ***_run_id TEXT,
            lineage_run_id TEXT,
            job_name TEXT,
            namespace TEXT,
            status TEXT,
            error TEXT,
            error_class TEXT,
            error_message TEXT,
            stack_trace TEXT,
            total_records INT,
            success_count INT,
            failure_count INT,
            failed_records JSONB,
            started_at TIMESTAMP,
            finished_at TIMESTAMP,
            hostname TEXT,
            extra_metadata JSONB
        );

        TRUNCATE TABLE public.raw_orders;
        TRUNCATE TABLE public.clean_orders;
        
[2025-11-17T05:10:33.995+0000] {base.py:83} INFO - Using connection ID 'postgres_default' for task execution.
[2025-11-17T05:10:34.038+0000] {sql.py:450} INFO - Running statement: 
        CREATE TABLE IF NOT EXISTS public.raw_orders (
            order_id VARCHAR(50),
            product VARCHAR(100),
            amount VARCHAR(50)
        );

        CREATE TABLE IF NOT EXISTS public.clean_orders (
            order_id VARCHAR(50) PRIMARY KEY,
            product VARCHAR(100),
            amount INTEGER NOT NULL
        );

        CREATE TABLE IF NOT EXISTS public.pipeline_audit_log (
            audit_id BIGSERIAL PRIMARY KEY,
            dag_id TEXT,
            task_id TEXT,
            ***_run_id TEXT,
            lineage_run_id TEXT,
            job_name TEXT,
            namespace TEXT,
            status TEXT,
            error TEXT,
            error_class TEXT,
            error_message TEXT,
            stack_trace TEXT,
            total_records INT,
            success_count INT,
            failure_count INT,
            failed_records JSONB,
            started_at TIMESTAMP,
            finished_at TIMESTAMP,
            hostname TEXT,
            extra_metadata JSONB
        );

        TRUNCATE TABLE public.raw_orders;
        TRUNCATE TABLE public.clean_orders;
        , parameters: None
[2025-11-17T05:10:34.186+0000] {taskinstance.py:1138} INFO - Marking task as SUCCESS. dag_id=real_etl_pipeline_with_db_logging_full, task_id=create_tables, execution_date=20251117T051030, start_date=20251117T051033, end_date=20251117T051034
[2025-11-17T05:10:34.216+0000] {base.py:83} INFO - Using connection ID 'postgres_default' for task execution.
[2025-11-17T05:10:34.227+0000] {base.py:83} INFO - Using connection ID 'postgres_default' for task execution.
[2025-11-17T05:10:34.241+0000] {sql.py:450} INFO - Running statement: SELECT CURRENT_SCHEMA;, parameters: None
[2025-11-17T05:10:34.243+0000] {sql.py:459} INFO - Rows affected: 1
[2025-11-17T05:10:34.262+0000] {base.py:83} INFO - Using connection ID 'postgres_default' for task execution.
[2025-11-17T05:10:34.323+0000] {base.py:83} INFO - Using connection ID 'postgres_default' for task execution.
[2025-11-17T05:10:36.010+0000] {local_task_job_runner.py:234} INFO - Task exited with return code 0
[2025-11-17T05:10:36.079+0000] {taskinstance.py:3280} INFO - 0 downstream tasks scheduled from follow-on schedule check
