[2025-11-13T12:17:20.302+0000] {logging_mixin.py:188} INFO - Changing /opt/***/logs/dag_id=real_etl_pipeline_with_failure/run_id=manual__2025-11-13T12:16:45.040068+00:00/task_id=create_source_and_target_tables permission to 509
[2025-11-13T12:17:20.398+0000] {logging_mixin.py:188} INFO - Changing /opt/***/logs/dag_id=real_etl_pipeline_with_failure/run_id=manual__2025-11-13T12:16:45.040068+00:00/task_id=create_source_and_target_tables permission to 509
[2025-11-13T12:17:20.772+0000] {taskinstance.py:1956} INFO - Dependencies all met for dep_context=non-requeueable deps ti=<TaskInstance: real_etl_pipeline_with_failure.create_source_and_target_tables manual__2025-11-13T12:16:45.040068+00:00 [queued]>
[2025-11-13T12:17:20.800+0000] {taskinstance.py:1956} INFO - Dependencies all met for dep_context=requeueable deps ti=<TaskInstance: real_etl_pipeline_with_failure.create_source_and_target_tables manual__2025-11-13T12:16:45.040068+00:00 [queued]>
[2025-11-13T12:17:20.802+0000] {taskinstance.py:2170} INFO - Starting attempt 1 of 1
[2025-11-13T12:17:20.847+0000] {taskinstance.py:2191} INFO - Executing <Task(PostgresOperator): create_source_and_target_tables> on 2025-11-13 12:16:45.040068+00:00
[2025-11-13T12:17:20.877+0000] {standard_task_runner.py:60} INFO - Started process 422 to run task
[2025-11-13T12:17:20.889+0000] {standard_task_runner.py:87} INFO - Running: ['***', 'tasks', 'run', 'real_etl_pipeline_with_failure', 'create_source_and_target_tables', 'manual__2025-11-13T12:16:45.040068+00:00', '--job-id', '7', '--raw', '--subdir', 'DAGS_FOLDER/real_etl_with_failure.py', '--cfg-path', '/tmp/tmp80ftiv71']
[2025-11-13T12:17:20.891+0000] {standard_task_runner.py:88} INFO - Job 7: Subtask create_source_and_target_tables
[2025-11-13T12:17:21.019+0000] {logging_mixin.py:188} INFO - Changing /opt/***/logs/dag_id=real_etl_pipeline_with_failure/run_id=manual__2025-11-13T12:16:45.040068+00:00/task_id=create_source_and_target_tables permission to 509
[2025-11-13T12:17:21.022+0000] {task_command.py:423} INFO - Running <TaskInstance: real_etl_pipeline_with_failure.create_source_and_target_tables manual__2025-11-13T12:16:45.040068+00:00 [running]> on host dd103ceb31c1
[2025-11-13T12:17:21.173+0000] {taskinstance.py:2480} INFO - Exporting env vars: AIRFLOW_CTX_DAG_OWNER='***' AIRFLOW_CTX_DAG_ID='real_etl_pipeline_with_failure' AIRFLOW_CTX_TASK_ID='create_source_and_target_tables' AIRFLOW_CTX_EXECUTION_DATE='2025-11-13T12:16:45.040068+00:00' AIRFLOW_CTX_TRY_NUMBER='1' AIRFLOW_CTX_DAG_RUN_ID='manual__2025-11-13T12:16:45.040068+00:00'
[2025-11-13T12:17:21.238+0000] {base.py:83} INFO - Using connection ID 'postgres_default' for task execution.
[2025-11-13T12:17:21.269+0000] {base.py:83} INFO - Using connection ID 'postgres_default' for task execution.
[2025-11-13T12:17:21.284+0000] {base.py:83} INFO - Using connection ID 'postgres_default' for task execution.
[2025-11-13T12:17:21.290+0000] {sql.py:450} INFO - Running statement: SELECT CURRENT_SCHEMA;, parameters: None
[2025-11-13T12:17:21.292+0000] {sql.py:459} INFO - Rows affected: 1
[2025-11-13T12:17:21.303+0000] {base.py:83} INFO - Using connection ID 'postgres_default' for task execution.
[2025-11-13T12:17:21.372+0000] {base.py:83} INFO - Using connection ID 'postgres_default' for task execution.
[2025-11-13T12:17:22.115+0000] {sql.py:276} INFO - Executing: 
        CREATE TABLE IF NOT EXISTS public.raw_orders (
            order_id VARCHAR(50),
            product VARCHAR(100),
            amount VARCHAR(50) -- Stored as string to allow for bad data
        );
        CREATE TABLE IF NOT EXISTS public.clean_orders (
            order_id VARCHAR(50) PRIMARY KEY,
            product VARCHAR(100),
            amount INTEGER NOT NULL -- Stored as integer, this will cause the failure
        );
        TRUNCATE TABLE public.raw_orders;
        TRUNCATE TABLE public.clean_orders;
        
[2025-11-13T12:17:22.125+0000] {base.py:83} INFO - Using connection ID 'postgres_default' for task execution.
[2025-11-13T12:17:22.133+0000] {sql.py:450} INFO - Running statement: 
        CREATE TABLE IF NOT EXISTS public.raw_orders (
            order_id VARCHAR(50),
            product VARCHAR(100),
            amount VARCHAR(50) -- Stored as string to allow for bad data
        );
        CREATE TABLE IF NOT EXISTS public.clean_orders (
            order_id VARCHAR(50) PRIMARY KEY,
            product VARCHAR(100),
            amount INTEGER NOT NULL -- Stored as integer, this will cause the failure
        );
        TRUNCATE TABLE public.raw_orders;
        TRUNCATE TABLE public.clean_orders;
        , parameters: None
[2025-11-13T12:17:22.183+0000] {taskinstance.py:1138} INFO - Marking task as SUCCESS. dag_id=real_etl_pipeline_with_failure, task_id=create_source_and_target_tables, execution_date=20251113T121645, start_date=20251113T121720, end_date=20251113T121722
[2025-11-13T12:17:22.221+0000] {base.py:83} INFO - Using connection ID 'postgres_default' for task execution.
[2025-11-13T12:17:22.231+0000] {base.py:83} INFO - Using connection ID 'postgres_default' for task execution.
[2025-11-13T12:17:22.238+0000] {sql.py:450} INFO - Running statement: SELECT CURRENT_SCHEMA;, parameters: None
[2025-11-13T12:17:22.239+0000] {sql.py:459} INFO - Rows affected: 1
[2025-11-13T12:17:22.252+0000] {base.py:83} INFO - Using connection ID 'postgres_default' for task execution.
[2025-11-13T12:17:22.284+0000] {base.py:83} INFO - Using connection ID 'postgres_default' for task execution.
[2025-11-13T12:17:23.136+0000] {local_task_job_runner.py:234} INFO - Task exited with return code 0
[2025-11-13T12:17:23.214+0000] {taskinstance.py:3280} INFO - 0 downstream tasks scheduled from follow-on schedule check
