[2025-11-17T11:15:34.808+0000] {logging_mixin.py:188} INFO - Changing /opt/***/logs/dag_id=real_etl_pipeline_with_db_logging_full/run_id=manual__2025-11-17T11:15:30.566396+00:00/task_id=create_tables permission to 509
[2025-11-17T11:15:34.865+0000] {logging_mixin.py:188} INFO - Changing /opt/***/logs/dag_id=real_etl_pipeline_with_db_logging_full/run_id=manual__2025-11-17T11:15:30.566396+00:00/task_id=create_tables permission to 509
[2025-11-17T11:15:35.074+0000] {taskinstance.py:1956} INFO - Dependencies all met for dep_context=non-requeueable deps ti=<TaskInstance: real_etl_pipeline_with_db_logging_full.create_tables manual__2025-11-17T11:15:30.566396+00:00 [queued]>
[2025-11-17T11:15:35.095+0000] {taskinstance.py:1956} INFO - Dependencies all met for dep_context=requeueable deps ti=<TaskInstance: real_etl_pipeline_with_db_logging_full.create_tables manual__2025-11-17T11:15:30.566396+00:00 [queued]>
[2025-11-17T11:15:35.096+0000] {taskinstance.py:2170} INFO - Starting attempt 1 of 1
[2025-11-17T11:15:35.135+0000] {taskinstance.py:2191} INFO - Executing <Task(PostgresOperator): create_tables> on 2025-11-17 11:15:30.566396+00:00
[2025-11-17T11:15:35.160+0000] {standard_task_runner.py:60} INFO - Started process 3026 to run task
[2025-11-17T11:15:35.166+0000] {standard_task_runner.py:87} INFO - Running: ['***', 'tasks', 'run', 'real_etl_pipeline_with_db_logging_full', 'create_tables', 'manual__2025-11-17T11:15:30.566396+00:00', '--job-id', '9', '--raw', '--subdir', 'DAGS_FOLDER/real_etl_with_failure.py', '--cfg-path', '/tmp/tmpambhug_f']
[2025-11-17T11:15:35.167+0000] {standard_task_runner.py:88} INFO - Job 9: Subtask create_tables
[2025-11-17T11:15:35.241+0000] {logging_mixin.py:188} INFO - Changing /opt/***/logs/dag_id=real_etl_pipeline_with_db_logging_full/run_id=manual__2025-11-17T11:15:30.566396+00:00/task_id=create_tables permission to 509
[2025-11-17T11:15:35.252+0000] {task_command.py:423} INFO - Running <TaskInstance: real_etl_pipeline_with_db_logging_full.create_tables manual__2025-11-17T11:15:30.566396+00:00 [running]> on host bf83f8158c22
[2025-11-17T11:15:44.833+0000] {taskinstance.py:2480} INFO - Exporting env vars: AIRFLOW_CTX_DAG_OWNER='***' AIRFLOW_CTX_DAG_ID='real_etl_pipeline_with_db_logging_full' AIRFLOW_CTX_TASK_ID='create_tables' AIRFLOW_CTX_EXECUTION_DATE='2025-11-17T11:15:30.566396+00:00' AIRFLOW_CTX_TRY_NUMBER='1' AIRFLOW_CTX_DAG_RUN_ID='manual__2025-11-17T11:15:30.566396+00:00'
[2025-11-17T11:15:45.410+0000] {base.py:83} INFO - Using connection ID 'postgres_default' for task execution.
[2025-11-17T11:15:45.478+0000] {base.py:83} INFO - Using connection ID 'postgres_default' for task execution.
[2025-11-17T11:15:45.587+0000] {base.py:83} INFO - Using connection ID 'postgres_default' for task execution.
[2025-11-17T11:15:45.602+0000] {sql.py:450} INFO - Running statement: SELECT CURRENT_SCHEMA;, parameters: None
[2025-11-17T11:15:45.604+0000] {sql.py:459} INFO - Rows affected: 1
[2025-11-17T11:15:45.641+0000] {base.py:83} INFO - Using connection ID 'postgres_default' for task execution.
[2025-11-17T11:15:45.960+0000] {base.py:83} INFO - Using connection ID 'postgres_default' for task execution.
[2025-11-17T11:15:52.127+0000] {adapter.py:122} WARNING - Failed to emit OpenLineage event of id 4eaa5bff-2cf5-357d-b7f8-c73c6efe885f
[2025-11-17T11:15:52.303+0000] {sql.py:276} INFO - Executing: 
        CREATE TABLE IF NOT EXISTS public.raw_orders (
            order_id VARCHAR(50),
            product VARCHAR(100),
            amount VARCHAR(50)
        );

        CREATE TABLE IF NOT EXISTS public.clean_orders (
            order_id VARCHAR(50) PRIMARY KEY,
            product VARCHAR(100),
            amount INTEGER NOT NULL
        );

        CREATE TABLE IF NOT EXISTS public.pipeline_audit_log (
            audit_id BIGSERIAL PRIMARY KEY,
            dag_id TEXT,
            task_id TEXT,
            ***_run_id TEXT,
            lineage_run_id TEXT,
            job_name TEXT,
            namespace TEXT,
            status TEXT,
            error TEXT,
            error_class TEXT,
            error_message TEXT,
            stack_trace TEXT,
            total_records INT,
            success_count INT,
            failure_count INT,
            failed_records JSONB,
            started_at TIMESTAMP,
            finished_at TIMESTAMP,
            hostname TEXT,
            extra_metadata JSONB
        );

        TRUNCATE TABLE public.raw_orders;
        TRUNCATE TABLE public.clean_orders;
        
[2025-11-17T11:15:55.072+0000] {base.py:83} INFO - Using connection ID 'postgres_default' for task execution.
[2025-11-17T11:15:55.420+0000] {sql.py:450} INFO - Running statement: 
        CREATE TABLE IF NOT EXISTS public.raw_orders (
            order_id VARCHAR(50),
            product VARCHAR(100),
            amount VARCHAR(50)
        );

        CREATE TABLE IF NOT EXISTS public.clean_orders (
            order_id VARCHAR(50) PRIMARY KEY,
            product VARCHAR(100),
            amount INTEGER NOT NULL
        );

        CREATE TABLE IF NOT EXISTS public.pipeline_audit_log (
            audit_id BIGSERIAL PRIMARY KEY,
            dag_id TEXT,
            task_id TEXT,
            ***_run_id TEXT,
            lineage_run_id TEXT,
            job_name TEXT,
            namespace TEXT,
            status TEXT,
            error TEXT,
            error_class TEXT,
            error_message TEXT,
            stack_trace TEXT,
            total_records INT,
            success_count INT,
            failure_count INT,
            failed_records JSONB,
            started_at TIMESTAMP,
            finished_at TIMESTAMP,
            hostname TEXT,
            extra_metadata JSONB
        );

        TRUNCATE TABLE public.raw_orders;
        TRUNCATE TABLE public.clean_orders;
        , parameters: None
[2025-11-17T11:15:56.240+0000] {taskinstance.py:1138} INFO - Marking task as SUCCESS. dag_id=real_etl_pipeline_with_db_logging_full, task_id=create_tables, execution_date=20251117T111530, start_date=20251117T111535, end_date=20251117T111556
[2025-11-17T11:15:56.390+0000] {base.py:83} INFO - Using connection ID 'postgres_default' for task execution.
[2025-11-17T11:15:56.464+0000] {base.py:83} INFO - Using connection ID 'postgres_default' for task execution.
[2025-11-17T11:15:56.747+0000] {sql.py:450} INFO - Running statement: SELECT CURRENT_SCHEMA;, parameters: None
[2025-11-17T11:15:56.762+0000] {sql.py:459} INFO - Rows affected: 1
[2025-11-17T11:15:56.914+0000] {base.py:83} INFO - Using connection ID 'postgres_default' for task execution.
[2025-11-17T11:15:57.660+0000] {base.py:83} INFO - Using connection ID 'postgres_default' for task execution.
[2025-11-17T11:16:04.190+0000] {adapter.py:122} WARNING - Failed to emit OpenLineage event of id 4eaa5bff-2cf5-357d-b7f8-c73c6efe885f
[2025-11-17T11:16:05.658+0000] {local_task_job_runner.py:234} INFO - Task exited with return code 0
[2025-11-17T11:16:07.130+0000] {taskinstance.py:3280} INFO - 0 downstream tasks scheduled from follow-on schedule check
