[2025-11-24T04:44:22.345+0000] {processor.py:161} INFO - Started process (PID=4665) to work on /opt/airflow/dags/utils/audit_logger.py
[2025-11-24T04:44:22.349+0000] {processor.py:830} INFO - Processing file /opt/airflow/dags/utils/audit_logger.py for tasks to queue
[2025-11-24T04:44:22.353+0000] {logging_mixin.py:188} INFO - [2025-11-24T04:44:22.353+0000] {dagbag.py:538} INFO - Filling up the DagBag from /opt/airflow/dags/utils/audit_logger.py
[2025-11-24T04:44:22.390+0000] {processor.py:842} WARNING - No viable dags retrieved from /opt/airflow/dags/utils/audit_logger.py
[2025-11-24T04:44:22.432+0000] {processor.py:183} INFO - Processing /opt/airflow/dags/utils/audit_logger.py took 0.101 seconds
[2025-11-24T04:44:59.921+0000] {processor.py:161} INFO - Started process (PID=4694) to work on /opt/airflow/dags/utils/audit_logger.py
[2025-11-24T04:45:00.283+0000] {processor.py:830} INFO - Processing file /opt/airflow/dags/utils/audit_logger.py for tasks to queue
[2025-11-24T04:45:00.287+0000] {logging_mixin.py:188} INFO - [2025-11-24T04:45:00.286+0000] {dagbag.py:538} INFO - Filling up the DagBag from /opt/airflow/dags/utils/audit_logger.py
[2025-11-24T04:45:00.401+0000] {processor.py:842} WARNING - No viable dags retrieved from /opt/airflow/dags/utils/audit_logger.py
[2025-11-24T04:45:00.698+0000] {processor.py:183} INFO - Processing /opt/airflow/dags/utils/audit_logger.py took 0.783 seconds
[2025-11-24T04:45:34.669+0000] {processor.py:161} INFO - Started process (PID=4725) to work on /opt/airflow/dags/utils/audit_logger.py
[2025-11-24T04:45:34.674+0000] {processor.py:830} INFO - Processing file /opt/airflow/dags/utils/audit_logger.py for tasks to queue
[2025-11-24T04:45:34.685+0000] {logging_mixin.py:188} INFO - [2025-11-24T04:45:34.685+0000] {dagbag.py:538} INFO - Filling up the DagBag from /opt/airflow/dags/utils/audit_logger.py
[2025-11-24T04:45:34.782+0000] {processor.py:842} WARNING - No viable dags retrieved from /opt/airflow/dags/utils/audit_logger.py
[2025-11-24T04:45:34.811+0000] {processor.py:183} INFO - Processing /opt/airflow/dags/utils/audit_logger.py took 0.149 seconds
[2025-11-24T04:46:41.102+0000] {processor.py:161} INFO - Started process (PID=4755) to work on /opt/airflow/dags/utils/audit_logger.py
[2025-11-24T04:46:41.111+0000] {processor.py:830} INFO - Processing file /opt/airflow/dags/utils/audit_logger.py for tasks to queue
[2025-11-24T04:46:41.114+0000] {logging_mixin.py:188} INFO - [2025-11-24T04:46:41.113+0000] {dagbag.py:538} INFO - Filling up the DagBag from /opt/airflow/dags/utils/audit_logger.py
[2025-11-24T04:46:41.144+0000] {processor.py:842} WARNING - No viable dags retrieved from /opt/airflow/dags/utils/audit_logger.py
[2025-11-24T04:46:41.192+0000] {processor.py:183} INFO - Processing /opt/airflow/dags/utils/audit_logger.py took 0.099 seconds
