[2025-11-18T11:11:48.666+0000] {logging_mixin.py:188} INFO - Changing /opt/***/logs/dag_id=real_etl_pipeline_with_openlineage_errors/run_id=manual__2025-11-18T11:10:52.459157+00:00/task_id=load_data permission to 509
[2025-11-18T11:11:48.712+0000] {logging_mixin.py:188} INFO - Changing /opt/***/logs/dag_id=real_etl_pipeline_with_openlineage_errors/run_id=manual__2025-11-18T11:10:52.459157+00:00/task_id=load_data permission to 509
[2025-11-18T11:11:48.802+0000] {taskinstance.py:1956} INFO - Dependencies all met for dep_context=non-requeueable deps ti=<TaskInstance: real_etl_pipeline_with_openlineage_errors.load_data manual__2025-11-18T11:10:52.459157+00:00 [queued]>
[2025-11-18T11:11:48.818+0000] {taskinstance.py:1956} INFO - Dependencies all met for dep_context=requeueable deps ti=<TaskInstance: real_etl_pipeline_with_openlineage_errors.load_data manual__2025-11-18T11:10:52.459157+00:00 [queued]>
[2025-11-18T11:11:48.821+0000] {taskinstance.py:2170} INFO - Starting attempt 1 of 1
[2025-11-18T11:11:48.842+0000] {taskinstance.py:2191} INFO - Executing <Task(_PythonDecoratedOperator): load_data> on 2025-11-18 11:10:52.459157+00:00
[2025-11-18T11:11:48.856+0000] {standard_task_runner.py:60} INFO - Started process 23253 to run task
[2025-11-18T11:11:48.861+0000] {standard_task_runner.py:87} INFO - Running: ['***', 'tasks', 'run', 'real_etl_pipeline_with_openlineage_errors', 'load_data', 'manual__2025-11-18T11:10:52.459157+00:00', '--job-id', '28', '--raw', '--subdir', 'DAGS_FOLDER/etl_pipeline_with_openlineage_errors.py', '--cfg-path', '/tmp/tmpzov3b3dx']
[2025-11-18T11:11:48.863+0000] {standard_task_runner.py:88} INFO - Job 28: Subtask load_data
[2025-11-18T11:11:48.946+0000] {logging_mixin.py:188} INFO - Changing /opt/***/logs/dag_id=real_etl_pipeline_with_openlineage_errors/run_id=manual__2025-11-18T11:10:52.459157+00:00/task_id=load_data permission to 509
[2025-11-18T11:11:48.951+0000] {task_command.py:423} INFO - Running <TaskInstance: real_etl_pipeline_with_openlineage_errors.load_data manual__2025-11-18T11:10:52.459157+00:00 [running]> on host bf83f8158c22
[2025-11-18T11:11:49.128+0000] {taskinstance.py:2480} INFO - Exporting env vars: AIRFLOW_CTX_DAG_OWNER='***' AIRFLOW_CTX_DAG_ID='real_etl_pipeline_with_openlineage_errors' AIRFLOW_CTX_TASK_ID='load_data' AIRFLOW_CTX_EXECUTION_DATE='2025-11-18T11:10:52.459157+00:00' AIRFLOW_CTX_TRY_NUMBER='1' AIRFLOW_CTX_DAG_RUN_ID='manual__2025-11-18T11:10:52.459157+00:00'
[2025-11-18T11:11:49.258+0000] {etl_pipeline_with_openlineage_errors.py:291} INFO - Loading 5 records into clean_orders...
[2025-11-18T11:11:49.297+0000] {base.py:83} INFO - Using connection ID 'postgres_default' for task execution.
[2025-11-18T11:11:49.328+0000] {etl_pipeline_with_openlineage_errors.py:309} ERROR - Failed to insert record {'order_id': '103', 'product': 'Gadget', 'amount': 'ninety-nine'}: invalid input syntax for type integer: "ninety-nine"
LINE 1: ...der_id, product, amount) VALUES ('103', 'Gadget', 'ninety-ni...
                                                             ^

[2025-11-18T11:11:49.358+0000] {base.py:83} INFO - Using connection ID 'postgres_default' for task execution.
[2025-11-18T11:11:49.377+0000] {sql.py:450} INFO - Running statement: 
        INSERT INTO public.pipeline_audit_log (
            dag_id, task_id, ***_run_id, lineage_run_id,
            job_name, namespace, status, error,
            error_class, error_message, stack_trace,
            total_records, success_count, failure_count, failed_records,
            started_at, finished_at, hostname, extra_metadata
        )
        VALUES (%s,%s,%s,%s,%s,%s,%s,%s,%s,%s,%s,%s,%s,%s,%s,%s,%s,%s,%s)
        , parameters: ('real_etl_pipeline_with_openlineage_errors', 'load_data', 'manual__2025-11-18T11:10:52.459157+00:00', 'not-found', 'real_etl_pipeline_with_openlineage_errors', 'default', 'FAILED', 'data_insertion_error', 'RecordInsertError', '1 record(s) could not be inserted.', None, 5, 4, 1, '[{"order_id": "103", "product": "Gadget", "amount": "ninety-nine", "error_class": "InvalidTextRepresentation", "error_message": "invalid input syntax for type integer: \\"ninety-nine\\"\\nLINE 1: ...der_id, product, amount) VALUES (\'103\', \'Gadget\', \'ninety-ni...\\n                                                             ^"}]', datetime.datetime(2025, 11, 18, 11, 11, 49, 253728), datetime.datetime(2025, 11, 18, 11, 11, 49, 337499), 'bf83f8158c22', '{"component": "load_task", "version": "openlineage_v1"}')
[2025-11-18T11:11:49.383+0000] {sql.py:459} INFO - Rows affected: 1
[2025-11-18T11:11:49.386+0000] {etl_pipeline_with_openlineage_errors.py:364} INFO - Sending error information to OpenLineage...
[2025-11-18T11:11:49.406+0000] {etl_pipeline_with_openlineage_errors.py:172} ERROR - Failed to send error to OpenLineage: No module named 'openlineage.***'
[2025-11-18T11:11:49.415+0000] {etl_pipeline_with_openlineage_errors.py:173} ERROR - Traceback (most recent call last):
  File "/opt/***/dags/etl_pipeline_with_openlineage_errors.py", line 98, in send_error_to_openlineage
    from openlineage.***.extractors import TaskMetadata
ModuleNotFoundError: No module named 'openlineage.***'

[2025-11-18T11:11:49.565+0000] {taskinstance.py:2698} ERROR - Task failed with exception
Traceback (most recent call last):
  File "/home/airflow/.local/lib/python3.8/site-packages/airflow/models/taskinstance.py", line 433, in _execute_task
    result = execute_callable(context=context, **execute_callable_kwargs)
  File "/home/airflow/.local/lib/python3.8/site-packages/airflow/decorators/base.py", line 241, in execute
    return_value = super().execute(context)
  File "/home/airflow/.local/lib/python3.8/site-packages/airflow/operators/python.py", line 199, in execute
    return_value = self.execute_callable()
  File "/home/airflow/.local/lib/python3.8/site-packages/airflow/operators/python.py", line 216, in execute_callable
    return self.python_callable(*self.op_args, **self.op_kwargs)
  File "/opt/airflow/dags/etl_pipeline_with_openlineage_errors.py", line 378, in load_data
    raise Exception(f"{error_msg} Check pipeline_audit_log and OpenLineage for details.")
Exception: Load failed for 1 record(s). Check pipeline_audit_log and OpenLineage for details.
[2025-11-18T11:11:49.588+0000] {taskinstance.py:1138} INFO - Marking task as FAILED. dag_id=real_etl_pipeline_with_openlineage_errors, task_id=load_data, execution_date=20251118T111052, start_date=20251118T111148, end_date=20251118T111149
[2025-11-18T11:11:49.626+0000] {standard_task_runner.py:107} ERROR - Failed to execute job 28 for task load_data (Load failed for 1 record(s). Check pipeline_audit_log and OpenLineage for details.; 23253)
[2025-11-18T11:11:49.643+0000] {local_task_job_runner.py:234} INFO - Task exited with return code 1
[2025-11-18T11:11:49.678+0000] {taskinstance.py:3280} INFO - 0 downstream tasks scheduled from follow-on schedule check
