[2025-11-13T07:23:50.431+0000] {logging_mixin.py:188} INFO - Changing /opt/***/logs/dag_id=real_etl_pipeline_with_failure/run_id=manual__2025-11-13T07:23:25.999862+00:00/task_id=load_data permission to 509
[2025-11-13T07:23:50.483+0000] {logging_mixin.py:188} INFO - Changing /opt/***/logs/dag_id=real_etl_pipeline_with_failure/run_id=manual__2025-11-13T07:23:25.999862+00:00/task_id=load_data permission to 509
[2025-11-13T07:23:50.548+0000] {taskinstance.py:1956} INFO - Dependencies all met for dep_context=non-requeueable deps ti=<TaskInstance: real_etl_pipeline_with_failure.load_data manual__2025-11-13T07:23:25.999862+00:00 [queued]>
[2025-11-13T07:23:50.561+0000] {taskinstance.py:1956} INFO - Dependencies all met for dep_context=requeueable deps ti=<TaskInstance: real_etl_pipeline_with_failure.load_data manual__2025-11-13T07:23:25.999862+00:00 [queued]>
[2025-11-13T07:23:50.562+0000] {taskinstance.py:2170} INFO - Starting attempt 1 of 1
[2025-11-13T07:23:50.593+0000] {taskinstance.py:2191} INFO - Executing <Task(_PythonDecoratedOperator): load_data> on 2025-11-13 07:23:25.999862+00:00
[2025-11-13T07:23:50.610+0000] {standard_task_runner.py:60} INFO - Started process 10795 to run task
[2025-11-13T07:23:50.614+0000] {standard_task_runner.py:87} INFO - Running: ['***', 'tasks', 'run', 'real_etl_pipeline_with_failure', 'load_data', 'manual__2025-11-13T07:23:25.999862+00:00', '--job-id', '26', '--raw', '--subdir', 'DAGS_FOLDER/real_etl_with_failure.py', '--cfg-path', '/tmp/tmpcbk5u3i5']
[2025-11-13T07:23:50.617+0000] {standard_task_runner.py:88} INFO - Job 26: Subtask load_data
[2025-11-13T07:23:50.734+0000] {logging_mixin.py:188} INFO - Changing /opt/***/logs/dag_id=real_etl_pipeline_with_failure/run_id=manual__2025-11-13T07:23:25.999862+00:00/task_id=load_data permission to 509
[2025-11-13T07:23:50.751+0000] {task_command.py:423} INFO - Running <TaskInstance: real_etl_pipeline_with_failure.load_data manual__2025-11-13T07:23:25.999862+00:00 [running]> on host 0c867993a02e
[2025-11-13T07:23:50.927+0000] {taskinstance.py:2480} INFO - Exporting env vars: AIRFLOW_CTX_DAG_OWNER='***' AIRFLOW_CTX_DAG_ID='real_etl_pipeline_with_failure' AIRFLOW_CTX_TASK_ID='load_data' AIRFLOW_CTX_EXECUTION_DATE='2025-11-13T07:23:25.999862+00:00' AIRFLOW_CTX_TRY_NUMBER='1' AIRFLOW_CTX_DAG_RUN_ID='manual__2025-11-13T07:23:25.999862+00:00'
[2025-11-13T07:23:51.162+0000] {base.py:83} INFO - Using connection ID 'postgres_default' for task execution.
[2025-11-13T07:23:51.171+0000] {real_etl_with_failure.py:110} INFO - Loading 4 records into public.clean_orders...
[2025-11-13T07:23:51.220+0000] {real_etl_with_failure.py:124} ERROR - ❌ FAILED to insert record: {'order_id': '103', 'product': 'Gadget', 'amount': 'ninety-nine'}
[2025-11-13T07:23:51.221+0000] {real_etl_with_failure.py:125} ERROR - DATABASE ERROR: invalid input syntax for type integer: "ninety-nine"
LINE 1: ...der_id, product, amount) VALUES ('103', 'Gadget', 'ninety-ni...
                                                             ^

[2025-11-13T07:23:51.630+0000] {taskinstance.py:2698} ERROR - Task failed with exception
Traceback (most recent call last):
  File "/home/airflow/.local/lib/python3.8/site-packages/airflow/models/taskinstance.py", line 433, in _execute_task
    result = execute_callable(context=context, **execute_callable_kwargs)
  File "/home/airflow/.local/lib/python3.8/site-packages/airflow/decorators/base.py", line 241, in execute
    return_value = super().execute(context)
  File "/home/airflow/.local/lib/python3.8/site-packages/airflow/operators/python.py", line 199, in execute
    return_value = self.execute_callable()
  File "/home/airflow/.local/lib/python3.8/site-packages/airflow/operators/python.py", line 216, in execute_callable
    return self.python_callable(*self.op_args, **self.op_kwargs)
  File "/opt/airflow/dags/real_etl_with_failure.py", line 128, in load_data
    raise e
  File "/opt/airflow/dags/real_etl_with_failure.py", line 117, in load_data
    cursor.execute(
psycopg2.errors.InvalidTextRepresentation: invalid input syntax for type integer: "ninety-nine"
LINE 1: ...der_id, product, amount) VALUES ('103', 'Gadget', 'ninety-ni...
                                                             ^

[2025-11-13T07:23:51.666+0000] {taskinstance.py:1138} INFO - Marking task as FAILED. dag_id=real_etl_pipeline_with_failure, task_id=load_data, execution_date=20251113T072325, start_date=20251113T072350, end_date=20251113T072351
[2025-11-13T07:23:51.716+0000] {standard_task_runner.py:107} ERROR - Failed to execute job 26 for task load_data (invalid input syntax for type integer: "ninety-nine"
LINE 1: ...der_id, product, amount) VALUES ('103', 'Gadget', 'ninety-ni...
                                                             ^
; 10795)
[2025-11-13T07:23:51.753+0000] {local_task_job_runner.py:234} INFO - Task exited with return code 1
[2025-11-13T07:23:51.778+0000] {taskinstance.py:3280} INFO - 0 downstream tasks scheduled from follow-on schedule check
