[2025-11-11T14:00:05.319+0000] {processor.py:161} INFO - Started process (PID=175) to work on /opt/airflow/dags/real_etl_with_failure.py
[2025-11-11T14:00:05.322+0000] {processor.py:830} INFO - Processing file /opt/airflow/dags/real_etl_with_failure.py for tasks to queue
[2025-11-11T14:00:05.330+0000] {logging_mixin.py:188} INFO - [2025-11-11T14:00:05.330+0000] {dagbag.py:538} INFO - Filling up the DagBag from /opt/airflow/dags/real_etl_with_failure.py
[2025-11-11T14:00:05.535+0000] {processor.py:840} INFO - DAG(s) 'real_etl_pipeline_with_failure' retrieved from /opt/airflow/dags/real_etl_with_failure.py
[2025-11-11T14:00:06.625+0000] {logging_mixin.py:188} INFO - [2025-11-11T14:00:06.624+0000] {override.py:1769} INFO - Created Permission View: can read on DAG:real_etl_pipeline_with_failure
[2025-11-11T14:00:06.665+0000] {logging_mixin.py:188} INFO - [2025-11-11T14:00:06.664+0000] {override.py:1769} INFO - Created Permission View: can delete on DAG:real_etl_pipeline_with_failure
[2025-11-11T14:00:06.699+0000] {logging_mixin.py:188} INFO - [2025-11-11T14:00:06.699+0000] {override.py:1769} INFO - Created Permission View: can edit on DAG:real_etl_pipeline_with_failure
[2025-11-11T14:00:06.708+0000] {logging_mixin.py:188} INFO - [2025-11-11T14:00:06.707+0000] {dag.py:3036} INFO - Sync 1 DAGs
[2025-11-11T14:00:06.791+0000] {logging_mixin.py:188} INFO - [2025-11-11T14:00:06.790+0000] {dag.py:3058} INFO - Creating ORM DAG for real_etl_pipeline_with_failure
[2025-11-11T14:00:06.797+0000] {logging_mixin.py:188} INFO - [2025-11-11T14:00:06.797+0000] {dag.py:3823} INFO - Setting next_dagrun for real_etl_pipeline_with_failure to None, run_after=None
[2025-11-11T14:00:06.918+0000] {processor.py:183} INFO - Processing /opt/airflow/dags/real_etl_with_failure.py took 1.608 seconds
[2025-11-11T14:00:37.190+0000] {processor.py:161} INFO - Started process (PID=195) to work on /opt/airflow/dags/real_etl_with_failure.py
[2025-11-11T14:00:37.193+0000] {processor.py:830} INFO - Processing file /opt/airflow/dags/real_etl_with_failure.py for tasks to queue
[2025-11-11T14:00:37.195+0000] {logging_mixin.py:188} INFO - [2025-11-11T14:00:37.195+0000] {dagbag.py:538} INFO - Filling up the DagBag from /opt/airflow/dags/real_etl_with_failure.py
[2025-11-11T14:00:37.268+0000] {processor.py:840} INFO - DAG(s) 'real_etl_pipeline_with_failure' retrieved from /opt/airflow/dags/real_etl_with_failure.py
[2025-11-11T14:00:37.415+0000] {logging_mixin.py:188} INFO - [2025-11-11T14:00:37.414+0000] {dag.py:3036} INFO - Sync 1 DAGs
[2025-11-11T14:00:37.440+0000] {logging_mixin.py:188} INFO - [2025-11-11T14:00:37.440+0000] {dag.py:3823} INFO - Setting next_dagrun for real_etl_pipeline_with_failure to None, run_after=None
[2025-11-11T14:00:37.472+0000] {processor.py:183} INFO - Processing /opt/airflow/dags/real_etl_with_failure.py took 0.288 seconds
[2025-11-11T14:01:07.634+0000] {processor.py:161} INFO - Started process (PID=214) to work on /opt/airflow/dags/real_etl_with_failure.py
[2025-11-11T14:01:07.639+0000] {processor.py:830} INFO - Processing file /opt/airflow/dags/real_etl_with_failure.py for tasks to queue
[2025-11-11T14:01:07.643+0000] {logging_mixin.py:188} INFO - [2025-11-11T14:01:07.641+0000] {dagbag.py:538} INFO - Filling up the DagBag from /opt/airflow/dags/real_etl_with_failure.py
[2025-11-11T14:01:07.689+0000] {processor.py:840} INFO - DAG(s) 'real_etl_pipeline_with_failure' retrieved from /opt/airflow/dags/real_etl_with_failure.py
[2025-11-11T14:01:07.751+0000] {logging_mixin.py:188} INFO - [2025-11-11T14:01:07.750+0000] {dag.py:3036} INFO - Sync 1 DAGs
[2025-11-11T14:01:07.777+0000] {logging_mixin.py:188} INFO - [2025-11-11T14:01:07.777+0000] {dag.py:3823} INFO - Setting next_dagrun for real_etl_pipeline_with_failure to None, run_after=None
[2025-11-11T14:01:07.807+0000] {processor.py:183} INFO - Processing /opt/airflow/dags/real_etl_with_failure.py took 0.177 seconds
[2025-11-11T14:01:38.301+0000] {processor.py:161} INFO - Started process (PID=229) to work on /opt/airflow/dags/real_etl_with_failure.py
[2025-11-11T14:01:38.305+0000] {processor.py:830} INFO - Processing file /opt/airflow/dags/real_etl_with_failure.py for tasks to queue
[2025-11-11T14:01:38.306+0000] {logging_mixin.py:188} INFO - [2025-11-11T14:01:38.306+0000] {dagbag.py:538} INFO - Filling up the DagBag from /opt/airflow/dags/real_etl_with_failure.py
[2025-11-11T14:01:38.345+0000] {processor.py:840} INFO - DAG(s) 'real_etl_pipeline_with_failure' retrieved from /opt/airflow/dags/real_etl_with_failure.py
[2025-11-11T14:01:38.412+0000] {logging_mixin.py:188} INFO - [2025-11-11T14:01:38.412+0000] {dag.py:3036} INFO - Sync 1 DAGs
[2025-11-11T14:01:38.430+0000] {logging_mixin.py:188} INFO - [2025-11-11T14:01:38.430+0000] {dag.py:3823} INFO - Setting next_dagrun for real_etl_pipeline_with_failure to None, run_after=None
[2025-11-11T14:01:38.455+0000] {processor.py:183} INFO - Processing /opt/airflow/dags/real_etl_with_failure.py took 0.158 seconds
[2025-11-11T14:02:08.785+0000] {processor.py:161} INFO - Started process (PID=244) to work on /opt/airflow/dags/real_etl_with_failure.py
[2025-11-11T14:02:08.787+0000] {processor.py:830} INFO - Processing file /opt/airflow/dags/real_etl_with_failure.py for tasks to queue
[2025-11-11T14:02:08.789+0000] {logging_mixin.py:188} INFO - [2025-11-11T14:02:08.789+0000] {dagbag.py:538} INFO - Filling up the DagBag from /opt/airflow/dags/real_etl_with_failure.py
[2025-11-11T14:02:08.826+0000] {processor.py:840} INFO - DAG(s) 'real_etl_pipeline_with_failure' retrieved from /opt/airflow/dags/real_etl_with_failure.py
[2025-11-11T14:02:08.872+0000] {logging_mixin.py:188} INFO - [2025-11-11T14:02:08.872+0000] {dag.py:3036} INFO - Sync 1 DAGs
[2025-11-11T14:02:08.895+0000] {logging_mixin.py:188} INFO - [2025-11-11T14:02:08.894+0000] {dag.py:3823} INFO - Setting next_dagrun for real_etl_pipeline_with_failure to None, run_after=None
[2025-11-11T14:02:08.926+0000] {processor.py:183} INFO - Processing /opt/airflow/dags/real_etl_with_failure.py took 0.146 seconds
[2025-11-11T14:02:39.350+0000] {processor.py:161} INFO - Started process (PID=259) to work on /opt/airflow/dags/real_etl_with_failure.py
[2025-11-11T14:02:39.352+0000] {processor.py:830} INFO - Processing file /opt/airflow/dags/real_etl_with_failure.py for tasks to queue
[2025-11-11T14:02:39.354+0000] {logging_mixin.py:188} INFO - [2025-11-11T14:02:39.353+0000] {dagbag.py:538} INFO - Filling up the DagBag from /opt/airflow/dags/real_etl_with_failure.py
[2025-11-11T14:02:39.396+0000] {processor.py:840} INFO - DAG(s) 'real_etl_pipeline_with_failure' retrieved from /opt/airflow/dags/real_etl_with_failure.py
[2025-11-11T14:02:39.439+0000] {logging_mixin.py:188} INFO - [2025-11-11T14:02:39.439+0000] {dag.py:3036} INFO - Sync 1 DAGs
[2025-11-11T14:02:39.459+0000] {logging_mixin.py:188} INFO - [2025-11-11T14:02:39.459+0000] {dag.py:3823} INFO - Setting next_dagrun for real_etl_pipeline_with_failure to None, run_after=None
[2025-11-11T14:02:39.489+0000] {processor.py:183} INFO - Processing /opt/airflow/dags/real_etl_with_failure.py took 0.144 seconds
[2025-11-11T14:03:09.955+0000] {processor.py:161} INFO - Started process (PID=274) to work on /opt/airflow/dags/real_etl_with_failure.py
[2025-11-11T14:03:09.958+0000] {processor.py:830} INFO - Processing file /opt/airflow/dags/real_etl_with_failure.py for tasks to queue
[2025-11-11T14:03:09.971+0000] {logging_mixin.py:188} INFO - [2025-11-11T14:03:09.971+0000] {dagbag.py:538} INFO - Filling up the DagBag from /opt/airflow/dags/real_etl_with_failure.py
[2025-11-11T14:03:10.018+0000] {processor.py:840} INFO - DAG(s) 'real_etl_pipeline_with_failure' retrieved from /opt/airflow/dags/real_etl_with_failure.py
[2025-11-11T14:03:10.084+0000] {logging_mixin.py:188} INFO - [2025-11-11T14:03:10.083+0000] {dag.py:3036} INFO - Sync 1 DAGs
[2025-11-11T14:03:10.098+0000] {logging_mixin.py:188} INFO - [2025-11-11T14:03:10.098+0000] {dag.py:3823} INFO - Setting next_dagrun for real_etl_pipeline_with_failure to None, run_after=None
[2025-11-11T14:03:10.135+0000] {processor.py:183} INFO - Processing /opt/airflow/dags/real_etl_with_failure.py took 0.183 seconds
[2025-11-11T14:03:40.565+0000] {processor.py:161} INFO - Started process (PID=289) to work on /opt/airflow/dags/real_etl_with_failure.py
[2025-11-11T14:03:40.566+0000] {processor.py:830} INFO - Processing file /opt/airflow/dags/real_etl_with_failure.py for tasks to queue
[2025-11-11T14:03:40.568+0000] {logging_mixin.py:188} INFO - [2025-11-11T14:03:40.567+0000] {dagbag.py:538} INFO - Filling up the DagBag from /opt/airflow/dags/real_etl_with_failure.py
[2025-11-11T14:03:40.606+0000] {processor.py:840} INFO - DAG(s) 'real_etl_pipeline_with_failure' retrieved from /opt/airflow/dags/real_etl_with_failure.py
[2025-11-11T14:03:40.647+0000] {logging_mixin.py:188} INFO - [2025-11-11T14:03:40.647+0000] {dag.py:3036} INFO - Sync 1 DAGs
[2025-11-11T14:03:40.671+0000] {logging_mixin.py:188} INFO - [2025-11-11T14:03:40.670+0000] {dag.py:3823} INFO - Setting next_dagrun for real_etl_pipeline_with_failure to None, run_after=None
[2025-11-11T14:03:40.711+0000] {processor.py:183} INFO - Processing /opt/airflow/dags/real_etl_with_failure.py took 0.150 seconds
[2025-11-11T14:04:11.064+0000] {processor.py:161} INFO - Started process (PID=304) to work on /opt/airflow/dags/real_etl_with_failure.py
[2025-11-11T14:04:11.066+0000] {processor.py:830} INFO - Processing file /opt/airflow/dags/real_etl_with_failure.py for tasks to queue
[2025-11-11T14:04:11.067+0000] {logging_mixin.py:188} INFO - [2025-11-11T14:04:11.067+0000] {dagbag.py:538} INFO - Filling up the DagBag from /opt/airflow/dags/real_etl_with_failure.py
[2025-11-11T14:04:11.096+0000] {processor.py:840} INFO - DAG(s) 'real_etl_pipeline_with_failure' retrieved from /opt/airflow/dags/real_etl_with_failure.py
[2025-11-11T14:04:11.137+0000] {logging_mixin.py:188} INFO - [2025-11-11T14:04:11.137+0000] {dag.py:3036} INFO - Sync 1 DAGs
[2025-11-11T14:04:11.159+0000] {logging_mixin.py:188} INFO - [2025-11-11T14:04:11.159+0000] {dag.py:3823} INFO - Setting next_dagrun for real_etl_pipeline_with_failure to None, run_after=None
[2025-11-11T14:04:11.189+0000] {processor.py:183} INFO - Processing /opt/airflow/dags/real_etl_with_failure.py took 0.129 seconds
[2025-11-11T14:04:42.006+0000] {processor.py:161} INFO - Started process (PID=319) to work on /opt/airflow/dags/real_etl_with_failure.py
[2025-11-11T14:04:42.008+0000] {processor.py:830} INFO - Processing file /opt/airflow/dags/real_etl_with_failure.py for tasks to queue
[2025-11-11T14:04:42.015+0000] {logging_mixin.py:188} INFO - [2025-11-11T14:04:42.013+0000] {dagbag.py:538} INFO - Filling up the DagBag from /opt/airflow/dags/real_etl_with_failure.py
[2025-11-11T14:04:42.109+0000] {processor.py:840} INFO - DAG(s) 'real_etl_pipeline_with_failure' retrieved from /opt/airflow/dags/real_etl_with_failure.py
[2025-11-11T14:04:42.205+0000] {logging_mixin.py:188} INFO - [2025-11-11T14:04:42.204+0000] {dag.py:3036} INFO - Sync 1 DAGs
[2025-11-11T14:04:42.240+0000] {logging_mixin.py:188} INFO - [2025-11-11T14:04:42.239+0000] {dag.py:3823} INFO - Setting next_dagrun for real_etl_pipeline_with_failure to None, run_after=None
[2025-11-11T14:04:42.311+0000] {processor.py:183} INFO - Processing /opt/airflow/dags/real_etl_with_failure.py took 0.315 seconds
[2025-11-11T14:05:12.501+0000] {processor.py:161} INFO - Started process (PID=334) to work on /opt/airflow/dags/real_etl_with_failure.py
[2025-11-11T14:05:12.503+0000] {processor.py:830} INFO - Processing file /opt/airflow/dags/real_etl_with_failure.py for tasks to queue
[2025-11-11T14:05:12.505+0000] {logging_mixin.py:188} INFO - [2025-11-11T14:05:12.504+0000] {dagbag.py:538} INFO - Filling up the DagBag from /opt/airflow/dags/real_etl_with_failure.py
[2025-11-11T14:05:12.545+0000] {processor.py:840} INFO - DAG(s) 'real_etl_pipeline_with_failure' retrieved from /opt/airflow/dags/real_etl_with_failure.py
[2025-11-11T14:05:12.615+0000] {logging_mixin.py:188} INFO - [2025-11-11T14:05:12.615+0000] {dag.py:3036} INFO - Sync 1 DAGs
[2025-11-11T14:05:12.650+0000] {logging_mixin.py:188} INFO - [2025-11-11T14:05:12.650+0000] {dag.py:3823} INFO - Setting next_dagrun for real_etl_pipeline_with_failure to None, run_after=None
[2025-11-11T14:05:12.701+0000] {processor.py:183} INFO - Processing /opt/airflow/dags/real_etl_with_failure.py took 0.208 seconds
[2025-11-11T14:05:43.033+0000] {processor.py:161} INFO - Started process (PID=349) to work on /opt/airflow/dags/real_etl_with_failure.py
[2025-11-11T14:05:43.035+0000] {processor.py:830} INFO - Processing file /opt/airflow/dags/real_etl_with_failure.py for tasks to queue
[2025-11-11T14:05:43.037+0000] {logging_mixin.py:188} INFO - [2025-11-11T14:05:43.036+0000] {dagbag.py:538} INFO - Filling up the DagBag from /opt/airflow/dags/real_etl_with_failure.py
[2025-11-11T14:05:43.066+0000] {processor.py:840} INFO - DAG(s) 'real_etl_pipeline_with_failure' retrieved from /opt/airflow/dags/real_etl_with_failure.py
[2025-11-11T14:05:43.111+0000] {logging_mixin.py:188} INFO - [2025-11-11T14:05:43.111+0000] {dag.py:3036} INFO - Sync 1 DAGs
[2025-11-11T14:05:43.142+0000] {logging_mixin.py:188} INFO - [2025-11-11T14:05:43.142+0000] {dag.py:3823} INFO - Setting next_dagrun for real_etl_pipeline_with_failure to None, run_after=None
[2025-11-11T14:05:43.179+0000] {processor.py:183} INFO - Processing /opt/airflow/dags/real_etl_with_failure.py took 0.151 seconds
[2025-11-11T14:06:13.589+0000] {processor.py:161} INFO - Started process (PID=364) to work on /opt/airflow/dags/real_etl_with_failure.py
[2025-11-11T14:06:13.594+0000] {processor.py:830} INFO - Processing file /opt/airflow/dags/real_etl_with_failure.py for tasks to queue
[2025-11-11T14:06:13.595+0000] {logging_mixin.py:188} INFO - [2025-11-11T14:06:13.595+0000] {dagbag.py:538} INFO - Filling up the DagBag from /opt/airflow/dags/real_etl_with_failure.py
[2025-11-11T14:06:13.642+0000] {processor.py:840} INFO - DAG(s) 'real_etl_pipeline_with_failure' retrieved from /opt/airflow/dags/real_etl_with_failure.py
[2025-11-11T14:06:13.705+0000] {logging_mixin.py:188} INFO - [2025-11-11T14:06:13.704+0000] {dag.py:3036} INFO - Sync 1 DAGs
[2025-11-11T14:06:13.735+0000] {logging_mixin.py:188} INFO - [2025-11-11T14:06:13.735+0000] {dag.py:3823} INFO - Setting next_dagrun for real_etl_pipeline_with_failure to None, run_after=None
[2025-11-11T14:06:13.768+0000] {processor.py:183} INFO - Processing /opt/airflow/dags/real_etl_with_failure.py took 0.187 seconds
[2025-11-11T14:06:44.364+0000] {processor.py:161} INFO - Started process (PID=379) to work on /opt/airflow/dags/real_etl_with_failure.py
[2025-11-11T14:06:44.367+0000] {processor.py:830} INFO - Processing file /opt/airflow/dags/real_etl_with_failure.py for tasks to queue
[2025-11-11T14:06:44.371+0000] {logging_mixin.py:188} INFO - [2025-11-11T14:06:44.370+0000] {dagbag.py:538} INFO - Filling up the DagBag from /opt/airflow/dags/real_etl_with_failure.py
[2025-11-11T14:06:44.444+0000] {processor.py:840} INFO - DAG(s) 'real_etl_pipeline_with_failure' retrieved from /opt/airflow/dags/real_etl_with_failure.py
[2025-11-11T14:06:44.492+0000] {logging_mixin.py:188} INFO - [2025-11-11T14:06:44.491+0000] {dag.py:3036} INFO - Sync 1 DAGs
[2025-11-11T14:06:44.511+0000] {logging_mixin.py:188} INFO - [2025-11-11T14:06:44.511+0000] {dag.py:3823} INFO - Setting next_dagrun for real_etl_pipeline_with_failure to None, run_after=None
[2025-11-11T14:06:44.574+0000] {processor.py:183} INFO - Processing /opt/airflow/dags/real_etl_with_failure.py took 0.215 seconds
[2025-11-11T14:07:14.779+0000] {processor.py:161} INFO - Started process (PID=394) to work on /opt/airflow/dags/real_etl_with_failure.py
[2025-11-11T14:07:14.781+0000] {processor.py:830} INFO - Processing file /opt/airflow/dags/real_etl_with_failure.py for tasks to queue
[2025-11-11T14:07:14.783+0000] {logging_mixin.py:188} INFO - [2025-11-11T14:07:14.782+0000] {dagbag.py:538} INFO - Filling up the DagBag from /opt/airflow/dags/real_etl_with_failure.py
[2025-11-11T14:07:14.820+0000] {processor.py:840} INFO - DAG(s) 'real_etl_pipeline_with_failure' retrieved from /opt/airflow/dags/real_etl_with_failure.py
[2025-11-11T14:07:14.907+0000] {logging_mixin.py:188} INFO - [2025-11-11T14:07:14.907+0000] {dag.py:3036} INFO - Sync 1 DAGs
[2025-11-11T14:07:14.932+0000] {logging_mixin.py:188} INFO - [2025-11-11T14:07:14.931+0000] {dag.py:3823} INFO - Setting next_dagrun for real_etl_pipeline_with_failure to None, run_after=None
[2025-11-11T14:07:14.992+0000] {processor.py:183} INFO - Processing /opt/airflow/dags/real_etl_with_failure.py took 0.218 seconds
[2025-11-11T14:07:45.550+0000] {processor.py:161} INFO - Started process (PID=409) to work on /opt/airflow/dags/real_etl_with_failure.py
[2025-11-11T14:07:45.552+0000] {processor.py:830} INFO - Processing file /opt/airflow/dags/real_etl_with_failure.py for tasks to queue
[2025-11-11T14:07:45.553+0000] {logging_mixin.py:188} INFO - [2025-11-11T14:07:45.553+0000] {dagbag.py:538} INFO - Filling up the DagBag from /opt/airflow/dags/real_etl_with_failure.py
[2025-11-11T14:07:45.588+0000] {processor.py:840} INFO - DAG(s) 'real_etl_pipeline_with_failure' retrieved from /opt/airflow/dags/real_etl_with_failure.py
[2025-11-11T14:07:45.640+0000] {logging_mixin.py:188} INFO - [2025-11-11T14:07:45.639+0000] {dag.py:3036} INFO - Sync 1 DAGs
[2025-11-11T14:07:45.656+0000] {logging_mixin.py:188} INFO - [2025-11-11T14:07:45.656+0000] {dag.py:3823} INFO - Setting next_dagrun for real_etl_pipeline_with_failure to None, run_after=None
[2025-11-11T14:07:45.707+0000] {processor.py:183} INFO - Processing /opt/airflow/dags/real_etl_with_failure.py took 0.161 seconds
[2025-11-11T14:08:16.030+0000] {processor.py:161} INFO - Started process (PID=424) to work on /opt/airflow/dags/real_etl_with_failure.py
[2025-11-11T14:08:16.032+0000] {processor.py:830} INFO - Processing file /opt/airflow/dags/real_etl_with_failure.py for tasks to queue
[2025-11-11T14:08:16.033+0000] {logging_mixin.py:188} INFO - [2025-11-11T14:08:16.033+0000] {dagbag.py:538} INFO - Filling up the DagBag from /opt/airflow/dags/real_etl_with_failure.py
[2025-11-11T14:08:16.076+0000] {processor.py:840} INFO - DAG(s) 'real_etl_pipeline_with_failure' retrieved from /opt/airflow/dags/real_etl_with_failure.py
[2025-11-11T14:08:16.112+0000] {logging_mixin.py:188} INFO - [2025-11-11T14:08:16.112+0000] {dag.py:3036} INFO - Sync 1 DAGs
[2025-11-11T14:08:16.128+0000] {logging_mixin.py:188} INFO - [2025-11-11T14:08:16.128+0000] {dag.py:3823} INFO - Setting next_dagrun for real_etl_pipeline_with_failure to None, run_after=None
[2025-11-11T14:08:16.152+0000] {processor.py:183} INFO - Processing /opt/airflow/dags/real_etl_with_failure.py took 0.128 seconds
[2025-11-11T14:08:46.571+0000] {processor.py:161} INFO - Started process (PID=439) to work on /opt/airflow/dags/real_etl_with_failure.py
[2025-11-11T14:08:46.573+0000] {processor.py:830} INFO - Processing file /opt/airflow/dags/real_etl_with_failure.py for tasks to queue
[2025-11-11T14:08:46.574+0000] {logging_mixin.py:188} INFO - [2025-11-11T14:08:46.574+0000] {dagbag.py:538} INFO - Filling up the DagBag from /opt/airflow/dags/real_etl_with_failure.py
[2025-11-11T14:08:46.615+0000] {processor.py:840} INFO - DAG(s) 'real_etl_pipeline_with_failure' retrieved from /opt/airflow/dags/real_etl_with_failure.py
[2025-11-11T14:08:46.650+0000] {logging_mixin.py:188} INFO - [2025-11-11T14:08:46.650+0000] {dag.py:3036} INFO - Sync 1 DAGs
[2025-11-11T14:08:46.668+0000] {logging_mixin.py:188} INFO - [2025-11-11T14:08:46.668+0000] {dag.py:3823} INFO - Setting next_dagrun for real_etl_pipeline_with_failure to None, run_after=None
[2025-11-11T14:08:46.696+0000] {processor.py:183} INFO - Processing /opt/airflow/dags/real_etl_with_failure.py took 0.130 seconds
[2025-11-11T14:09:17.099+0000] {processor.py:161} INFO - Started process (PID=454) to work on /opt/airflow/dags/real_etl_with_failure.py
[2025-11-11T14:09:17.101+0000] {processor.py:830} INFO - Processing file /opt/airflow/dags/real_etl_with_failure.py for tasks to queue
[2025-11-11T14:09:17.103+0000] {logging_mixin.py:188} INFO - [2025-11-11T14:09:17.103+0000] {dagbag.py:538} INFO - Filling up the DagBag from /opt/airflow/dags/real_etl_with_failure.py
[2025-11-11T14:09:17.139+0000] {processor.py:840} INFO - DAG(s) 'real_etl_pipeline_with_failure' retrieved from /opt/airflow/dags/real_etl_with_failure.py
[2025-11-11T14:09:17.233+0000] {logging_mixin.py:188} INFO - [2025-11-11T14:09:17.233+0000] {dag.py:3036} INFO - Sync 1 DAGs
[2025-11-11T14:09:17.267+0000] {logging_mixin.py:188} INFO - [2025-11-11T14:09:17.267+0000] {dag.py:3823} INFO - Setting next_dagrun for real_etl_pipeline_with_failure to None, run_after=None
[2025-11-11T14:09:17.338+0000] {processor.py:183} INFO - Processing /opt/airflow/dags/real_etl_with_failure.py took 0.245 seconds
[2025-11-11T14:09:47.843+0000] {processor.py:161} INFO - Started process (PID=469) to work on /opt/airflow/dags/real_etl_with_failure.py
[2025-11-11T14:09:47.845+0000] {processor.py:830} INFO - Processing file /opt/airflow/dags/real_etl_with_failure.py for tasks to queue
[2025-11-11T14:09:47.848+0000] {logging_mixin.py:188} INFO - [2025-11-11T14:09:47.847+0000] {dagbag.py:538} INFO - Filling up the DagBag from /opt/airflow/dags/real_etl_with_failure.py
[2025-11-11T14:09:47.906+0000] {processor.py:840} INFO - DAG(s) 'real_etl_pipeline_with_failure' retrieved from /opt/airflow/dags/real_etl_with_failure.py
[2025-11-11T14:09:47.949+0000] {logging_mixin.py:188} INFO - [2025-11-11T14:09:47.949+0000] {dag.py:3036} INFO - Sync 1 DAGs
[2025-11-11T14:09:47.973+0000] {logging_mixin.py:188} INFO - [2025-11-11T14:09:47.973+0000] {dag.py:3823} INFO - Setting next_dagrun for real_etl_pipeline_with_failure to None, run_after=None
[2025-11-11T14:09:48.050+0000] {processor.py:183} INFO - Processing /opt/airflow/dags/real_etl_with_failure.py took 0.211 seconds
[2025-11-11T14:10:18.667+0000] {processor.py:161} INFO - Started process (PID=484) to work on /opt/airflow/dags/real_etl_with_failure.py
[2025-11-11T14:10:18.669+0000] {processor.py:830} INFO - Processing file /opt/airflow/dags/real_etl_with_failure.py for tasks to queue
[2025-11-11T14:10:18.672+0000] {logging_mixin.py:188} INFO - [2025-11-11T14:10:18.672+0000] {dagbag.py:538} INFO - Filling up the DagBag from /opt/airflow/dags/real_etl_with_failure.py
[2025-11-11T14:10:19.721+0000] {processor.py:840} INFO - DAG(s) 'real_etl_pipeline_with_failure' retrieved from /opt/airflow/dags/real_etl_with_failure.py
[2025-11-11T14:10:19.761+0000] {logging_mixin.py:188} INFO - [2025-11-11T14:10:19.761+0000] {dag.py:3036} INFO - Sync 1 DAGs
[2025-11-11T14:10:19.788+0000] {logging_mixin.py:188} INFO - [2025-11-11T14:10:19.788+0000] {dag.py:3823} INFO - Setting next_dagrun for real_etl_pipeline_with_failure to None, run_after=None
[2025-11-11T14:10:19.840+0000] {processor.py:183} INFO - Processing /opt/airflow/dags/real_etl_with_failure.py took 1.180 seconds
[2025-11-11T14:10:50.234+0000] {processor.py:161} INFO - Started process (PID=504) to work on /opt/airflow/dags/real_etl_with_failure.py
[2025-11-11T14:10:50.235+0000] {processor.py:830} INFO - Processing file /opt/airflow/dags/real_etl_with_failure.py for tasks to queue
[2025-11-11T14:10:50.237+0000] {logging_mixin.py:188} INFO - [2025-11-11T14:10:50.237+0000] {dagbag.py:538} INFO - Filling up the DagBag from /opt/airflow/dags/real_etl_with_failure.py
[2025-11-11T14:10:50.262+0000] {processor.py:840} INFO - DAG(s) 'real_etl_pipeline_with_failure' retrieved from /opt/airflow/dags/real_etl_with_failure.py
[2025-11-11T14:10:50.299+0000] {logging_mixin.py:188} INFO - [2025-11-11T14:10:50.298+0000] {dag.py:3036} INFO - Sync 1 DAGs
[2025-11-11T14:10:50.311+0000] {logging_mixin.py:188} INFO - [2025-11-11T14:10:50.311+0000] {dag.py:3823} INFO - Setting next_dagrun for real_etl_pipeline_with_failure to None, run_after=None
[2025-11-11T14:10:50.343+0000] {processor.py:183} INFO - Processing /opt/airflow/dags/real_etl_with_failure.py took 0.113 seconds
[2025-11-11T14:11:20.910+0000] {processor.py:161} INFO - Started process (PID=519) to work on /opt/airflow/dags/real_etl_with_failure.py
[2025-11-11T14:11:20.914+0000] {processor.py:830} INFO - Processing file /opt/airflow/dags/real_etl_with_failure.py for tasks to queue
[2025-11-11T14:11:20.917+0000] {logging_mixin.py:188} INFO - [2025-11-11T14:11:20.917+0000] {dagbag.py:538} INFO - Filling up the DagBag from /opt/airflow/dags/real_etl_with_failure.py
[2025-11-11T14:11:21.036+0000] {processor.py:840} INFO - DAG(s) 'real_etl_pipeline_with_failure' retrieved from /opt/airflow/dags/real_etl_with_failure.py
[2025-11-11T14:11:21.149+0000] {logging_mixin.py:188} INFO - [2025-11-11T14:11:21.148+0000] {dag.py:3036} INFO - Sync 1 DAGs
[2025-11-11T14:11:21.205+0000] {logging_mixin.py:188} INFO - [2025-11-11T14:11:21.204+0000] {dag.py:3823} INFO - Setting next_dagrun for real_etl_pipeline_with_failure to None, run_after=None
[2025-11-11T14:11:21.302+0000] {processor.py:183} INFO - Processing /opt/airflow/dags/real_etl_with_failure.py took 0.397 seconds
[2025-11-11T14:11:51.762+0000] {processor.py:161} INFO - Started process (PID=534) to work on /opt/airflow/dags/real_etl_with_failure.py
[2025-11-11T14:11:51.764+0000] {processor.py:830} INFO - Processing file /opt/airflow/dags/real_etl_with_failure.py for tasks to queue
[2025-11-11T14:11:51.767+0000] {logging_mixin.py:188} INFO - [2025-11-11T14:11:51.766+0000] {dagbag.py:538} INFO - Filling up the DagBag from /opt/airflow/dags/real_etl_with_failure.py
[2025-11-11T14:11:51.808+0000] {processor.py:840} INFO - DAG(s) 'real_etl_pipeline_with_failure' retrieved from /opt/airflow/dags/real_etl_with_failure.py
[2025-11-11T14:11:51.873+0000] {logging_mixin.py:188} INFO - [2025-11-11T14:11:51.873+0000] {dag.py:3036} INFO - Sync 1 DAGs
[2025-11-11T14:11:51.898+0000] {logging_mixin.py:188} INFO - [2025-11-11T14:11:51.897+0000] {dag.py:3823} INFO - Setting next_dagrun for real_etl_pipeline_with_failure to None, run_after=None
[2025-11-11T14:11:51.955+0000] {processor.py:183} INFO - Processing /opt/airflow/dags/real_etl_with_failure.py took 0.198 seconds
[2025-11-11T14:12:22.587+0000] {processor.py:161} INFO - Started process (PID=549) to work on /opt/airflow/dags/real_etl_with_failure.py
[2025-11-11T14:12:22.597+0000] {processor.py:830} INFO - Processing file /opt/airflow/dags/real_etl_with_failure.py for tasks to queue
[2025-11-11T14:12:22.600+0000] {logging_mixin.py:188} INFO - [2025-11-11T14:12:22.599+0000] {dagbag.py:538} INFO - Filling up the DagBag from /opt/airflow/dags/real_etl_with_failure.py
[2025-11-11T14:12:22.668+0000] {processor.py:840} INFO - DAG(s) 'real_etl_pipeline_with_failure' retrieved from /opt/airflow/dags/real_etl_with_failure.py
[2025-11-11T14:12:22.798+0000] {logging_mixin.py:188} INFO - [2025-11-11T14:12:22.798+0000] {dag.py:3036} INFO - Sync 1 DAGs
[2025-11-11T14:12:22.843+0000] {logging_mixin.py:188} INFO - [2025-11-11T14:12:22.843+0000] {dag.py:3823} INFO - Setting next_dagrun for real_etl_pipeline_with_failure to None, run_after=None
[2025-11-11T14:12:22.919+0000] {processor.py:183} INFO - Processing /opt/airflow/dags/real_etl_with_failure.py took 0.337 seconds
[2025-11-11T14:12:53.331+0000] {processor.py:161} INFO - Started process (PID=564) to work on /opt/airflow/dags/real_etl_with_failure.py
[2025-11-11T14:12:53.334+0000] {processor.py:830} INFO - Processing file /opt/airflow/dags/real_etl_with_failure.py for tasks to queue
[2025-11-11T14:12:53.335+0000] {logging_mixin.py:188} INFO - [2025-11-11T14:12:53.335+0000] {dagbag.py:538} INFO - Filling up the DagBag from /opt/airflow/dags/real_etl_with_failure.py
[2025-11-11T14:12:53.382+0000] {processor.py:840} INFO - DAG(s) 'real_etl_pipeline_with_failure' retrieved from /opt/airflow/dags/real_etl_with_failure.py
[2025-11-11T14:12:53.419+0000] {logging_mixin.py:188} INFO - [2025-11-11T14:12:53.418+0000] {dag.py:3036} INFO - Sync 1 DAGs
[2025-11-11T14:12:53.437+0000] {logging_mixin.py:188} INFO - [2025-11-11T14:12:53.436+0000] {dag.py:3823} INFO - Setting next_dagrun for real_etl_pipeline_with_failure to None, run_after=None
[2025-11-11T14:12:53.513+0000] {processor.py:183} INFO - Processing /opt/airflow/dags/real_etl_with_failure.py took 0.188 seconds
[2025-11-11T14:13:23.895+0000] {processor.py:161} INFO - Started process (PID=579) to work on /opt/airflow/dags/real_etl_with_failure.py
[2025-11-11T14:13:23.897+0000] {processor.py:830} INFO - Processing file /opt/airflow/dags/real_etl_with_failure.py for tasks to queue
[2025-11-11T14:13:23.899+0000] {logging_mixin.py:188} INFO - [2025-11-11T14:13:23.898+0000] {dagbag.py:538} INFO - Filling up the DagBag from /opt/airflow/dags/real_etl_with_failure.py
[2025-11-11T14:13:23.947+0000] {processor.py:840} INFO - DAG(s) 'real_etl_pipeline_with_failure' retrieved from /opt/airflow/dags/real_etl_with_failure.py
[2025-11-11T14:13:23.985+0000] {logging_mixin.py:188} INFO - [2025-11-11T14:13:23.984+0000] {dag.py:3036} INFO - Sync 1 DAGs
[2025-11-11T14:13:24.005+0000] {logging_mixin.py:188} INFO - [2025-11-11T14:13:24.004+0000] {dag.py:3823} INFO - Setting next_dagrun for real_etl_pipeline_with_failure to None, run_after=None
[2025-11-11T14:13:24.040+0000] {processor.py:183} INFO - Processing /opt/airflow/dags/real_etl_with_failure.py took 0.150 seconds
[2025-11-11T14:13:54.838+0000] {processor.py:161} INFO - Started process (PID=594) to work on /opt/airflow/dags/real_etl_with_failure.py
[2025-11-11T14:13:54.840+0000] {processor.py:830} INFO - Processing file /opt/airflow/dags/real_etl_with_failure.py for tasks to queue
[2025-11-11T14:13:54.842+0000] {logging_mixin.py:188} INFO - [2025-11-11T14:13:54.842+0000] {dagbag.py:538} INFO - Filling up the DagBag from /opt/airflow/dags/real_etl_with_failure.py
[2025-11-11T14:13:54.896+0000] {processor.py:840} INFO - DAG(s) 'real_etl_pipeline_with_failure' retrieved from /opt/airflow/dags/real_etl_with_failure.py
[2025-11-11T14:13:54.956+0000] {logging_mixin.py:188} INFO - [2025-11-11T14:13:54.956+0000] {dag.py:3036} INFO - Sync 1 DAGs
[2025-11-11T14:13:54.998+0000] {logging_mixin.py:188} INFO - [2025-11-11T14:13:54.998+0000] {dag.py:3823} INFO - Setting next_dagrun for real_etl_pipeline_with_failure to None, run_after=None
[2025-11-11T14:13:55.098+0000] {processor.py:183} INFO - Processing /opt/airflow/dags/real_etl_with_failure.py took 0.265 seconds
[2025-11-11T14:14:25.587+0000] {processor.py:161} INFO - Started process (PID=609) to work on /opt/airflow/dags/real_etl_with_failure.py
[2025-11-11T14:14:25.595+0000] {processor.py:830} INFO - Processing file /opt/airflow/dags/real_etl_with_failure.py for tasks to queue
[2025-11-11T14:14:25.598+0000] {logging_mixin.py:188} INFO - [2025-11-11T14:14:25.598+0000] {dagbag.py:538} INFO - Filling up the DagBag from /opt/airflow/dags/real_etl_with_failure.py
[2025-11-11T14:14:25.672+0000] {processor.py:840} INFO - DAG(s) 'real_etl_pipeline_with_failure' retrieved from /opt/airflow/dags/real_etl_with_failure.py
[2025-11-11T14:14:25.774+0000] {logging_mixin.py:188} INFO - [2025-11-11T14:14:25.774+0000] {dag.py:3036} INFO - Sync 1 DAGs
[2025-11-11T14:14:25.804+0000] {logging_mixin.py:188} INFO - [2025-11-11T14:14:25.803+0000] {dag.py:3823} INFO - Setting next_dagrun for real_etl_pipeline_with_failure to None, run_after=None
[2025-11-11T14:14:25.854+0000] {processor.py:183} INFO - Processing /opt/airflow/dags/real_etl_with_failure.py took 0.270 seconds
[2025-11-11T14:14:56.725+0000] {processor.py:161} INFO - Started process (PID=625) to work on /opt/airflow/dags/real_etl_with_failure.py
[2025-11-11T14:14:56.727+0000] {processor.py:830} INFO - Processing file /opt/airflow/dags/real_etl_with_failure.py for tasks to queue
[2025-11-11T14:14:56.729+0000] {logging_mixin.py:188} INFO - [2025-11-11T14:14:56.729+0000] {dagbag.py:538} INFO - Filling up the DagBag from /opt/airflow/dags/real_etl_with_failure.py
[2025-11-11T14:14:56.772+0000] {processor.py:840} INFO - DAG(s) 'real_etl_pipeline_with_failure' retrieved from /opt/airflow/dags/real_etl_with_failure.py
[2025-11-11T14:14:56.846+0000] {logging_mixin.py:188} INFO - [2025-11-11T14:14:56.846+0000] {dag.py:3036} INFO - Sync 1 DAGs
[2025-11-11T14:14:56.880+0000] {logging_mixin.py:188} INFO - [2025-11-11T14:14:56.879+0000] {dag.py:3823} INFO - Setting next_dagrun for real_etl_pipeline_with_failure to None, run_after=None
[2025-11-11T14:14:56.951+0000] {processor.py:183} INFO - Processing /opt/airflow/dags/real_etl_with_failure.py took 0.232 seconds
[2025-11-11T14:15:27.430+0000] {processor.py:161} INFO - Started process (PID=638) to work on /opt/airflow/dags/real_etl_with_failure.py
[2025-11-11T14:15:27.441+0000] {processor.py:830} INFO - Processing file /opt/airflow/dags/real_etl_with_failure.py for tasks to queue
[2025-11-11T14:15:27.444+0000] {logging_mixin.py:188} INFO - [2025-11-11T14:15:27.444+0000] {dagbag.py:538} INFO - Filling up the DagBag from /opt/airflow/dags/real_etl_with_failure.py
[2025-11-11T14:15:27.925+0000] {processor.py:840} INFO - DAG(s) 'real_etl_pipeline_with_failure' retrieved from /opt/airflow/dags/real_etl_with_failure.py
[2025-11-11T14:15:28.159+0000] {logging_mixin.py:188} INFO - [2025-11-11T14:15:28.159+0000] {dag.py:3036} INFO - Sync 1 DAGs
[2025-11-11T14:15:28.260+0000] {logging_mixin.py:188} INFO - [2025-11-11T14:15:28.259+0000] {dag.py:3823} INFO - Setting next_dagrun for real_etl_pipeline_with_failure to None, run_after=None
[2025-11-11T14:15:28.642+0000] {processor.py:183} INFO - Processing /opt/airflow/dags/real_etl_with_failure.py took 1.217 seconds
[2025-11-11T14:15:59.826+0000] {processor.py:161} INFO - Started process (PID=650) to work on /opt/airflow/dags/real_etl_with_failure.py
[2025-11-11T14:15:59.830+0000] {processor.py:830} INFO - Processing file /opt/airflow/dags/real_etl_with_failure.py for tasks to queue
[2025-11-11T14:15:59.837+0000] {logging_mixin.py:188} INFO - [2025-11-11T14:15:59.832+0000] {dagbag.py:538} INFO - Filling up the DagBag from /opt/airflow/dags/real_etl_with_failure.py
[2025-11-11T14:15:59.946+0000] {processor.py:840} INFO - DAG(s) 'real_etl_pipeline_with_failure' retrieved from /opt/airflow/dags/real_etl_with_failure.py
[2025-11-11T14:16:00.150+0000] {logging_mixin.py:188} INFO - [2025-11-11T14:16:00.149+0000] {dag.py:3036} INFO - Sync 1 DAGs
[2025-11-11T14:16:00.219+0000] {logging_mixin.py:188} INFO - [2025-11-11T14:16:00.219+0000] {dag.py:3823} INFO - Setting next_dagrun for real_etl_pipeline_with_failure to None, run_after=None
[2025-11-11T14:16:00.327+0000] {processor.py:183} INFO - Processing /opt/airflow/dags/real_etl_with_failure.py took 0.514 seconds
[2025-11-11T14:16:30.571+0000] {processor.py:161} INFO - Started process (PID=665) to work on /opt/airflow/dags/real_etl_with_failure.py
[2025-11-11T14:16:30.582+0000] {processor.py:830} INFO - Processing file /opt/airflow/dags/real_etl_with_failure.py for tasks to queue
[2025-11-11T14:16:30.585+0000] {logging_mixin.py:188} INFO - [2025-11-11T14:16:30.585+0000] {dagbag.py:538} INFO - Filling up the DagBag from /opt/airflow/dags/real_etl_with_failure.py
[2025-11-11T14:16:30.669+0000] {processor.py:840} INFO - DAG(s) 'real_etl_pipeline_with_failure' retrieved from /opt/airflow/dags/real_etl_with_failure.py
[2025-11-11T14:16:30.804+0000] {logging_mixin.py:188} INFO - [2025-11-11T14:16:30.804+0000] {dag.py:3036} INFO - Sync 1 DAGs
[2025-11-11T14:16:30.863+0000] {logging_mixin.py:188} INFO - [2025-11-11T14:16:30.863+0000] {dag.py:3823} INFO - Setting next_dagrun for real_etl_pipeline_with_failure to None, run_after=None
[2025-11-11T14:16:30.911+0000] {processor.py:183} INFO - Processing /opt/airflow/dags/real_etl_with_failure.py took 0.347 seconds
[2025-11-11T14:17:01.478+0000] {processor.py:161} INFO - Started process (PID=680) to work on /opt/airflow/dags/real_etl_with_failure.py
[2025-11-11T14:17:01.480+0000] {processor.py:830} INFO - Processing file /opt/airflow/dags/real_etl_with_failure.py for tasks to queue
[2025-11-11T14:17:01.482+0000] {logging_mixin.py:188} INFO - [2025-11-11T14:17:01.481+0000] {dagbag.py:538} INFO - Filling up the DagBag from /opt/airflow/dags/real_etl_with_failure.py
[2025-11-11T14:17:01.521+0000] {processor.py:840} INFO - DAG(s) 'real_etl_pipeline_with_failure' retrieved from /opt/airflow/dags/real_etl_with_failure.py
[2025-11-11T14:17:01.573+0000] {logging_mixin.py:188} INFO - [2025-11-11T14:17:01.573+0000] {dag.py:3036} INFO - Sync 1 DAGs
[2025-11-11T14:17:01.598+0000] {logging_mixin.py:188} INFO - [2025-11-11T14:17:01.597+0000] {dag.py:3823} INFO - Setting next_dagrun for real_etl_pipeline_with_failure to None, run_after=None
[2025-11-11T14:17:01.669+0000] {processor.py:183} INFO - Processing /opt/airflow/dags/real_etl_with_failure.py took 0.196 seconds
[2025-11-11T14:17:37.251+0000] {processor.py:161} INFO - Started process (PID=697) to work on /opt/airflow/dags/real_etl_with_failure.py
[2025-11-11T14:17:37.308+0000] {processor.py:830} INFO - Processing file /opt/airflow/dags/real_etl_with_failure.py for tasks to queue
[2025-11-11T14:17:37.324+0000] {logging_mixin.py:188} INFO - [2025-11-11T14:17:37.323+0000] {dagbag.py:538} INFO - Filling up the DagBag from /opt/airflow/dags/real_etl_with_failure.py
[2025-11-11T14:17:37.886+0000] {processor.py:840} INFO - DAG(s) 'real_etl_pipeline_with_failure' retrieved from /opt/airflow/dags/real_etl_with_failure.py
[2025-11-11T14:17:38.236+0000] {logging_mixin.py:188} INFO - [2025-11-11T14:17:38.233+0000] {dag.py:3036} INFO - Sync 1 DAGs
[2025-11-11T14:17:38.559+0000] {logging_mixin.py:188} INFO - [2025-11-11T14:17:38.559+0000] {dag.py:3823} INFO - Setting next_dagrun for real_etl_pipeline_with_failure to None, run_after=None
[2025-11-11T14:17:38.806+0000] {processor.py:183} INFO - Processing /opt/airflow/dags/real_etl_with_failure.py took 2.864 seconds
[2025-11-11T14:18:14.576+0000] {processor.py:161} INFO - Started process (PID=713) to work on /opt/airflow/dags/real_etl_with_failure.py
[2025-11-11T14:18:14.584+0000] {processor.py:830} INFO - Processing file /opt/airflow/dags/real_etl_with_failure.py for tasks to queue
[2025-11-11T14:18:14.590+0000] {logging_mixin.py:188} INFO - [2025-11-11T14:18:14.589+0000] {dagbag.py:538} INFO - Filling up the DagBag from /opt/airflow/dags/real_etl_with_failure.py
[2025-11-11T14:18:15.946+0000] {processor.py:840} INFO - DAG(s) 'real_etl_pipeline_with_failure' retrieved from /opt/airflow/dags/real_etl_with_failure.py
[2025-11-11T14:18:20.658+0000] {logging_mixin.py:188} INFO - [2025-11-11T14:18:20.657+0000] {dag.py:3036} INFO - Sync 1 DAGs
[2025-11-11T14:18:20.980+0000] {logging_mixin.py:188} INFO - [2025-11-11T14:18:20.979+0000] {dag.py:3823} INFO - Setting next_dagrun for real_etl_pipeline_with_failure to None, run_after=None
[2025-11-11T14:18:21.175+0000] {processor.py:183} INFO - Processing /opt/airflow/dags/real_etl_with_failure.py took 6.605 seconds
[2025-11-11T14:18:52.305+0000] {processor.py:161} INFO - Started process (PID=728) to work on /opt/airflow/dags/real_etl_with_failure.py
[2025-11-11T14:18:52.448+0000] {processor.py:830} INFO - Processing file /opt/airflow/dags/real_etl_with_failure.py for tasks to queue
[2025-11-11T14:18:52.478+0000] {logging_mixin.py:188} INFO - [2025-11-11T14:18:52.461+0000] {dagbag.py:538} INFO - Filling up the DagBag from /opt/airflow/dags/real_etl_with_failure.py
[2025-11-11T14:18:54.507+0000] {processor.py:840} INFO - DAG(s) 'real_etl_pipeline_with_failure' retrieved from /opt/airflow/dags/real_etl_with_failure.py
[2025-11-11T14:18:54.648+0000] {logging_mixin.py:188} INFO - [2025-11-11T14:18:54.645+0000] {dag.py:3036} INFO - Sync 1 DAGs
[2025-11-11T14:18:54.745+0000] {logging_mixin.py:188} INFO - [2025-11-11T14:18:54.744+0000] {dag.py:3823} INFO - Setting next_dagrun for real_etl_pipeline_with_failure to None, run_after=None
[2025-11-11T14:18:55.170+0000] {processor.py:183} INFO - Processing /opt/airflow/dags/real_etl_with_failure.py took 3.373 seconds
[2025-11-11T14:19:25.623+0000] {processor.py:161} INFO - Started process (PID=743) to work on /opt/airflow/dags/real_etl_with_failure.py
[2025-11-11T14:19:25.678+0000] {processor.py:830} INFO - Processing file /opt/airflow/dags/real_etl_with_failure.py for tasks to queue
[2025-11-11T14:19:25.695+0000] {logging_mixin.py:188} INFO - [2025-11-11T14:19:25.694+0000] {dagbag.py:538} INFO - Filling up the DagBag from /opt/airflow/dags/real_etl_with_failure.py
[2025-11-11T14:19:25.885+0000] {processor.py:840} INFO - DAG(s) 'real_etl_pipeline_with_failure' retrieved from /opt/airflow/dags/real_etl_with_failure.py
[2025-11-11T14:19:26.145+0000] {logging_mixin.py:188} INFO - [2025-11-11T14:19:26.145+0000] {dag.py:3036} INFO - Sync 1 DAGs
[2025-11-11T14:19:26.235+0000] {logging_mixin.py:188} INFO - [2025-11-11T14:19:26.234+0000] {dag.py:3823} INFO - Setting next_dagrun for real_etl_pipeline_with_failure to None, run_after=None
[2025-11-11T14:19:26.401+0000] {processor.py:183} INFO - Processing /opt/airflow/dags/real_etl_with_failure.py took 0.805 seconds
[2025-11-11T14:20:04.802+0000] {processor.py:161} INFO - Started process (PID=758) to work on /opt/airflow/dags/real_etl_with_failure.py
[2025-11-11T14:20:04.820+0000] {processor.py:830} INFO - Processing file /opt/airflow/dags/real_etl_with_failure.py for tasks to queue
[2025-11-11T14:20:04.845+0000] {logging_mixin.py:188} INFO - [2025-11-11T14:20:04.830+0000] {dagbag.py:538} INFO - Filling up the DagBag from /opt/airflow/dags/real_etl_with_failure.py
[2025-11-11T14:20:05.330+0000] {processor.py:840} INFO - DAG(s) 'real_etl_pipeline_with_failure' retrieved from /opt/airflow/dags/real_etl_with_failure.py
[2025-11-11T14:20:05.892+0000] {logging_mixin.py:188} INFO - [2025-11-11T14:20:05.891+0000] {dag.py:3036} INFO - Sync 1 DAGs
[2025-11-11T14:20:06.088+0000] {logging_mixin.py:188} INFO - [2025-11-11T14:20:06.088+0000] {dag.py:3823} INFO - Setting next_dagrun for real_etl_pipeline_with_failure to None, run_after=None
[2025-11-11T14:20:06.235+0000] {processor.py:183} INFO - Processing /opt/airflow/dags/real_etl_with_failure.py took 1.631 seconds
[2025-11-11T14:21:11.355+0000] {processor.py:161} INFO - Started process (PID=773) to work on /opt/airflow/dags/real_etl_with_failure.py
[2025-11-11T14:21:11.630+0000] {processor.py:830} INFO - Processing file /opt/airflow/dags/real_etl_with_failure.py for tasks to queue
[2025-11-11T14:21:11.967+0000] {logging_mixin.py:188} INFO - [2025-11-11T14:21:11.817+0000] {dagbag.py:538} INFO - Filling up the DagBag from /opt/airflow/dags/real_etl_with_failure.py
[2025-11-11T14:21:15.592+0000] {processor.py:840} INFO - DAG(s) 'real_etl_pipeline_with_failure' retrieved from /opt/airflow/dags/real_etl_with_failure.py
[2025-11-11T14:21:17.896+0000] {logging_mixin.py:188} INFO - [2025-11-11T14:21:17.894+0000] {dag.py:3036} INFO - Sync 1 DAGs
[2025-11-11T14:21:18.457+0000] {logging_mixin.py:188} INFO - [2025-11-11T14:21:18.457+0000] {dag.py:3823} INFO - Setting next_dagrun for real_etl_pipeline_with_failure to None, run_after=None
[2025-11-11T14:21:18.652+0000] {processor.py:183} INFO - Processing /opt/airflow/dags/real_etl_with_failure.py took 8.729 seconds
[2025-11-11T14:21:49.389+0000] {processor.py:161} INFO - Started process (PID=788) to work on /opt/airflow/dags/real_etl_with_failure.py
[2025-11-11T14:21:49.411+0000] {processor.py:830} INFO - Processing file /opt/airflow/dags/real_etl_with_failure.py for tasks to queue
[2025-11-11T14:21:49.450+0000] {logging_mixin.py:188} INFO - [2025-11-11T14:21:49.450+0000] {dagbag.py:538} INFO - Filling up the DagBag from /opt/airflow/dags/real_etl_with_failure.py
[2025-11-11T14:21:49.899+0000] {processor.py:840} INFO - DAG(s) 'real_etl_pipeline_with_failure' retrieved from /opt/airflow/dags/real_etl_with_failure.py
[2025-11-11T14:21:50.308+0000] {logging_mixin.py:188} INFO - [2025-11-11T14:21:50.307+0000] {dag.py:3036} INFO - Sync 1 DAGs
[2025-11-11T14:21:50.372+0000] {logging_mixin.py:188} INFO - [2025-11-11T14:21:50.372+0000] {dag.py:3823} INFO - Setting next_dagrun for real_etl_pipeline_with_failure to None, run_after=None
[2025-11-11T14:21:50.489+0000] {processor.py:183} INFO - Processing /opt/airflow/dags/real_etl_with_failure.py took 1.119 seconds
[2025-11-11T14:22:22.773+0000] {processor.py:161} INFO - Started process (PID=803) to work on /opt/airflow/dags/real_etl_with_failure.py
[2025-11-11T14:22:22.777+0000] {processor.py:830} INFO - Processing file /opt/airflow/dags/real_etl_with_failure.py for tasks to queue
[2025-11-11T14:22:22.810+0000] {logging_mixin.py:188} INFO - [2025-11-11T14:22:22.808+0000] {dagbag.py:538} INFO - Filling up the DagBag from /opt/airflow/dags/real_etl_with_failure.py
[2025-11-11T14:22:23.081+0000] {processor.py:840} INFO - DAG(s) 'real_etl_pipeline_with_failure' retrieved from /opt/airflow/dags/real_etl_with_failure.py
[2025-11-11T14:22:23.213+0000] {logging_mixin.py:188} INFO - [2025-11-11T14:22:23.212+0000] {dag.py:3036} INFO - Sync 1 DAGs
[2025-11-11T14:22:23.525+0000] {logging_mixin.py:188} INFO - [2025-11-11T14:22:23.519+0000] {dag.py:3823} INFO - Setting next_dagrun for real_etl_pipeline_with_failure to None, run_after=None
[2025-11-11T14:22:23.659+0000] {processor.py:183} INFO - Processing /opt/airflow/dags/real_etl_with_failure.py took 0.893 seconds
[2025-11-11T14:22:56.357+0000] {processor.py:161} INFO - Started process (PID=818) to work on /opt/airflow/dags/real_etl_with_failure.py
[2025-11-11T14:22:56.370+0000] {processor.py:830} INFO - Processing file /opt/airflow/dags/real_etl_with_failure.py for tasks to queue
[2025-11-11T14:22:56.376+0000] {logging_mixin.py:188} INFO - [2025-11-11T14:22:56.375+0000] {dagbag.py:538} INFO - Filling up the DagBag from /opt/airflow/dags/real_etl_with_failure.py
[2025-11-11T14:22:56.723+0000] {processor.py:840} INFO - DAG(s) 'real_etl_pipeline_with_failure' retrieved from /opt/airflow/dags/real_etl_with_failure.py
[2025-11-11T14:22:56.926+0000] {logging_mixin.py:188} INFO - [2025-11-11T14:22:56.916+0000] {dag.py:3036} INFO - Sync 1 DAGs
[2025-11-11T14:22:56.983+0000] {logging_mixin.py:188} INFO - [2025-11-11T14:22:56.982+0000] {dag.py:3823} INFO - Setting next_dagrun for real_etl_pipeline_with_failure to None, run_after=None
[2025-11-11T14:22:57.760+0000] {processor.py:183} INFO - Processing /opt/airflow/dags/real_etl_with_failure.py took 1.423 seconds
[2025-11-11T14:23:29.612+0000] {processor.py:161} INFO - Started process (PID=833) to work on /opt/airflow/dags/real_etl_with_failure.py
[2025-11-11T14:23:29.614+0000] {processor.py:830} INFO - Processing file /opt/airflow/dags/real_etl_with_failure.py for tasks to queue
[2025-11-11T14:23:29.617+0000] {logging_mixin.py:188} INFO - [2025-11-11T14:23:29.616+0000] {dagbag.py:538} INFO - Filling up the DagBag from /opt/airflow/dags/real_etl_with_failure.py
[2025-11-11T14:23:29.669+0000] {processor.py:840} INFO - DAG(s) 'real_etl_pipeline_with_failure' retrieved from /opt/airflow/dags/real_etl_with_failure.py
[2025-11-11T14:23:29.722+0000] {logging_mixin.py:188} INFO - [2025-11-11T14:23:29.721+0000] {dag.py:3036} INFO - Sync 1 DAGs
[2025-11-11T14:23:29.743+0000] {logging_mixin.py:188} INFO - [2025-11-11T14:23:29.743+0000] {dag.py:3823} INFO - Setting next_dagrun for real_etl_pipeline_with_failure to None, run_after=None
[2025-11-11T14:23:29.787+0000] {processor.py:183} INFO - Processing /opt/airflow/dags/real_etl_with_failure.py took 0.178 seconds
[2025-11-11T14:24:00.615+0000] {processor.py:161} INFO - Started process (PID=853) to work on /opt/airflow/dags/real_etl_with_failure.py
[2025-11-11T14:24:00.619+0000] {processor.py:830} INFO - Processing file /opt/airflow/dags/real_etl_with_failure.py for tasks to queue
[2025-11-11T14:24:00.621+0000] {logging_mixin.py:188} INFO - [2025-11-11T14:24:00.621+0000] {dagbag.py:538} INFO - Filling up the DagBag from /opt/airflow/dags/real_etl_with_failure.py
[2025-11-11T14:24:00.702+0000] {processor.py:840} INFO - DAG(s) 'real_etl_pipeline_with_failure' retrieved from /opt/airflow/dags/real_etl_with_failure.py
[2025-11-11T14:24:00.770+0000] {logging_mixin.py:188} INFO - [2025-11-11T14:24:00.769+0000] {dag.py:3036} INFO - Sync 1 DAGs
[2025-11-11T14:24:00.808+0000] {logging_mixin.py:188} INFO - [2025-11-11T14:24:00.807+0000] {dag.py:3823} INFO - Setting next_dagrun for real_etl_pipeline_with_failure to None, run_after=None
[2025-11-11T14:24:00.875+0000] {processor.py:183} INFO - Processing /opt/airflow/dags/real_etl_with_failure.py took 0.267 seconds
[2025-11-11T14:24:31.014+0000] {processor.py:161} INFO - Started process (PID=868) to work on /opt/airflow/dags/real_etl_with_failure.py
[2025-11-11T14:24:31.017+0000] {processor.py:830} INFO - Processing file /opt/airflow/dags/real_etl_with_failure.py for tasks to queue
[2025-11-11T14:24:31.020+0000] {logging_mixin.py:188} INFO - [2025-11-11T14:24:31.019+0000] {dagbag.py:538} INFO - Filling up the DagBag from /opt/airflow/dags/real_etl_with_failure.py
[2025-11-11T14:24:31.082+0000] {processor.py:840} INFO - DAG(s) 'real_etl_pipeline_with_failure' retrieved from /opt/airflow/dags/real_etl_with_failure.py
[2025-11-11T14:24:31.139+0000] {logging_mixin.py:188} INFO - [2025-11-11T14:24:31.139+0000] {dag.py:3036} INFO - Sync 1 DAGs
[2025-11-11T14:24:31.154+0000] {logging_mixin.py:188} INFO - [2025-11-11T14:24:31.154+0000] {dag.py:3823} INFO - Setting next_dagrun for real_etl_pipeline_with_failure to None, run_after=None
[2025-11-11T14:24:31.191+0000] {processor.py:183} INFO - Processing /opt/airflow/dags/real_etl_with_failure.py took 0.186 seconds
[2025-11-11T14:25:02.658+0000] {processor.py:161} INFO - Started process (PID=883) to work on /opt/airflow/dags/real_etl_with_failure.py
[2025-11-11T14:25:02.661+0000] {processor.py:830} INFO - Processing file /opt/airflow/dags/real_etl_with_failure.py for tasks to queue
[2025-11-11T14:25:02.672+0000] {logging_mixin.py:188} INFO - [2025-11-11T14:25:02.670+0000] {dagbag.py:538} INFO - Filling up the DagBag from /opt/airflow/dags/real_etl_with_failure.py
[2025-11-11T14:25:03.515+0000] {processor.py:840} INFO - DAG(s) 'real_etl_pipeline_with_failure' retrieved from /opt/airflow/dags/real_etl_with_failure.py
[2025-11-11T14:25:03.629+0000] {logging_mixin.py:188} INFO - [2025-11-11T14:25:03.628+0000] {dag.py:3036} INFO - Sync 1 DAGs
[2025-11-11T14:25:03.698+0000] {logging_mixin.py:188} INFO - [2025-11-11T14:25:03.697+0000] {dag.py:3823} INFO - Setting next_dagrun for real_etl_pipeline_with_failure to None, run_after=None
[2025-11-11T14:25:03.828+0000] {processor.py:183} INFO - Processing /opt/airflow/dags/real_etl_with_failure.py took 1.175 seconds
[2025-11-11T14:25:35.763+0000] {processor.py:161} INFO - Started process (PID=898) to work on /opt/airflow/dags/real_etl_with_failure.py
[2025-11-11T14:25:35.771+0000] {processor.py:830} INFO - Processing file /opt/airflow/dags/real_etl_with_failure.py for tasks to queue
[2025-11-11T14:25:35.773+0000] {logging_mixin.py:188} INFO - [2025-11-11T14:25:35.773+0000] {dagbag.py:538} INFO - Filling up the DagBag from /opt/airflow/dags/real_etl_with_failure.py
[2025-11-11T14:25:36.571+0000] {processor.py:840} INFO - DAG(s) 'real_etl_pipeline_with_failure' retrieved from /opt/airflow/dags/real_etl_with_failure.py
[2025-11-11T14:25:36.708+0000] {logging_mixin.py:188} INFO - [2025-11-11T14:25:36.707+0000] {dag.py:3036} INFO - Sync 1 DAGs
[2025-11-11T14:25:36.920+0000] {logging_mixin.py:188} INFO - [2025-11-11T14:25:36.919+0000] {dag.py:3823} INFO - Setting next_dagrun for real_etl_pipeline_with_failure to None, run_after=None
[2025-11-11T14:25:37.041+0000] {processor.py:183} INFO - Processing /opt/airflow/dags/real_etl_with_failure.py took 1.296 seconds
[2025-11-11T14:26:07.312+0000] {processor.py:161} INFO - Started process (PID=913) to work on /opt/airflow/dags/real_etl_with_failure.py
[2025-11-11T14:26:07.328+0000] {processor.py:830} INFO - Processing file /opt/airflow/dags/real_etl_with_failure.py for tasks to queue
[2025-11-11T14:26:07.332+0000] {logging_mixin.py:188} INFO - [2025-11-11T14:26:07.331+0000] {dagbag.py:538} INFO - Filling up the DagBag from /opt/airflow/dags/real_etl_with_failure.py
[2025-11-11T14:26:07.483+0000] {processor.py:840} INFO - DAG(s) 'real_etl_pipeline_with_failure' retrieved from /opt/airflow/dags/real_etl_with_failure.py
[2025-11-11T14:26:07.540+0000] {logging_mixin.py:188} INFO - [2025-11-11T14:26:07.540+0000] {dag.py:3036} INFO - Sync 1 DAGs
[2025-11-11T14:26:07.558+0000] {logging_mixin.py:188} INFO - [2025-11-11T14:26:07.557+0000] {dag.py:3823} INFO - Setting next_dagrun for real_etl_pipeline_with_failure to None, run_after=None
[2025-11-11T14:26:07.703+0000] {processor.py:183} INFO - Processing /opt/airflow/dags/real_etl_with_failure.py took 0.396 seconds
[2025-11-11T14:26:38.971+0000] {processor.py:161} INFO - Started process (PID=928) to work on /opt/airflow/dags/real_etl_with_failure.py
[2025-11-11T14:26:38.980+0000] {processor.py:830} INFO - Processing file /opt/airflow/dags/real_etl_with_failure.py for tasks to queue
[2025-11-11T14:26:38.986+0000] {logging_mixin.py:188} INFO - [2025-11-11T14:26:38.982+0000] {dagbag.py:538} INFO - Filling up the DagBag from /opt/airflow/dags/real_etl_with_failure.py
[2025-11-11T14:26:39.081+0000] {processor.py:840} INFO - DAG(s) 'real_etl_pipeline_with_failure' retrieved from /opt/airflow/dags/real_etl_with_failure.py
[2025-11-11T14:26:39.199+0000] {logging_mixin.py:188} INFO - [2025-11-11T14:26:39.198+0000] {dag.py:3036} INFO - Sync 1 DAGs
[2025-11-11T14:26:39.248+0000] {logging_mixin.py:188} INFO - [2025-11-11T14:26:39.248+0000] {dag.py:3823} INFO - Setting next_dagrun for real_etl_pipeline_with_failure to None, run_after=None
[2025-11-11T14:26:39.383+0000] {processor.py:183} INFO - Processing /opt/airflow/dags/real_etl_with_failure.py took 0.423 seconds
[2025-11-11T14:27:09.825+0000] {processor.py:161} INFO - Started process (PID=938) to work on /opt/airflow/dags/real_etl_with_failure.py
[2025-11-11T14:27:09.828+0000] {processor.py:830} INFO - Processing file /opt/airflow/dags/real_etl_with_failure.py for tasks to queue
[2025-11-11T14:27:09.831+0000] {logging_mixin.py:188} INFO - [2025-11-11T14:27:09.830+0000] {dagbag.py:538} INFO - Filling up the DagBag from /opt/airflow/dags/real_etl_with_failure.py
[2025-11-11T14:27:09.880+0000] {processor.py:840} INFO - DAG(s) 'real_etl_pipeline_with_failure' retrieved from /opt/airflow/dags/real_etl_with_failure.py
[2025-11-11T14:27:09.942+0000] {logging_mixin.py:188} INFO - [2025-11-11T14:27:09.942+0000] {dag.py:3036} INFO - Sync 1 DAGs
[2025-11-11T14:27:09.985+0000] {logging_mixin.py:188} INFO - [2025-11-11T14:27:09.985+0000] {dag.py:3823} INFO - Setting next_dagrun for real_etl_pipeline_with_failure to None, run_after=None
[2025-11-11T14:27:10.027+0000] {processor.py:183} INFO - Processing /opt/airflow/dags/real_etl_with_failure.py took 0.207 seconds
[2025-11-11T14:27:40.870+0000] {processor.py:161} INFO - Started process (PID=953) to work on /opt/airflow/dags/real_etl_with_failure.py
[2025-11-11T14:27:40.873+0000] {processor.py:830} INFO - Processing file /opt/airflow/dags/real_etl_with_failure.py for tasks to queue
[2025-11-11T14:27:40.874+0000] {logging_mixin.py:188} INFO - [2025-11-11T14:27:40.874+0000] {dagbag.py:538} INFO - Filling up the DagBag from /opt/airflow/dags/real_etl_with_failure.py
[2025-11-11T14:27:40.954+0000] {processor.py:840} INFO - DAG(s) 'real_etl_pipeline_with_failure' retrieved from /opt/airflow/dags/real_etl_with_failure.py
[2025-11-11T14:27:41.028+0000] {logging_mixin.py:188} INFO - [2025-11-11T14:27:41.028+0000] {dag.py:3036} INFO - Sync 1 DAGs
[2025-11-11T14:27:41.072+0000] {logging_mixin.py:188} INFO - [2025-11-11T14:27:41.071+0000] {dag.py:3823} INFO - Setting next_dagrun for real_etl_pipeline_with_failure to None, run_after=None
[2025-11-11T14:27:41.131+0000] {processor.py:183} INFO - Processing /opt/airflow/dags/real_etl_with_failure.py took 0.267 seconds
[2025-11-11T14:28:11.784+0000] {processor.py:161} INFO - Started process (PID=968) to work on /opt/airflow/dags/real_etl_with_failure.py
[2025-11-11T14:28:11.788+0000] {processor.py:830} INFO - Processing file /opt/airflow/dags/real_etl_with_failure.py for tasks to queue
[2025-11-11T14:28:11.790+0000] {logging_mixin.py:188} INFO - [2025-11-11T14:28:11.789+0000] {dagbag.py:538} INFO - Filling up the DagBag from /opt/airflow/dags/real_etl_with_failure.py
[2025-11-11T14:28:11.853+0000] {processor.py:840} INFO - DAG(s) 'real_etl_pipeline_with_failure' retrieved from /opt/airflow/dags/real_etl_with_failure.py
[2025-11-11T14:28:11.949+0000] {logging_mixin.py:188} INFO - [2025-11-11T14:28:11.948+0000] {dag.py:3036} INFO - Sync 1 DAGs
[2025-11-11T14:28:11.979+0000] {logging_mixin.py:188} INFO - [2025-11-11T14:28:11.979+0000] {dag.py:3823} INFO - Setting next_dagrun for real_etl_pipeline_with_failure to None, run_after=None
[2025-11-11T14:28:12.042+0000] {processor.py:183} INFO - Processing /opt/airflow/dags/real_etl_with_failure.py took 0.264 seconds
[2025-11-11T14:28:42.628+0000] {processor.py:161} INFO - Started process (PID=983) to work on /opt/airflow/dags/real_etl_with_failure.py
[2025-11-11T14:28:42.631+0000] {processor.py:830} INFO - Processing file /opt/airflow/dags/real_etl_with_failure.py for tasks to queue
[2025-11-11T14:28:42.635+0000] {logging_mixin.py:188} INFO - [2025-11-11T14:28:42.634+0000] {dagbag.py:538} INFO - Filling up the DagBag from /opt/airflow/dags/real_etl_with_failure.py
[2025-11-11T14:28:42.681+0000] {processor.py:840} INFO - DAG(s) 'real_etl_pipeline_with_failure' retrieved from /opt/airflow/dags/real_etl_with_failure.py
[2025-11-11T14:28:42.722+0000] {logging_mixin.py:188} INFO - [2025-11-11T14:28:42.721+0000] {dag.py:3036} INFO - Sync 1 DAGs
[2025-11-11T14:28:42.742+0000] {logging_mixin.py:188} INFO - [2025-11-11T14:28:42.742+0000] {dag.py:3823} INFO - Setting next_dagrun for real_etl_pipeline_with_failure to None, run_after=None
[2025-11-11T14:28:42.775+0000] {processor.py:183} INFO - Processing /opt/airflow/dags/real_etl_with_failure.py took 0.153 seconds
[2025-11-11T14:29:13.305+0000] {processor.py:161} INFO - Started process (PID=998) to work on /opt/airflow/dags/real_etl_with_failure.py
[2025-11-11T14:29:13.307+0000] {processor.py:830} INFO - Processing file /opt/airflow/dags/real_etl_with_failure.py for tasks to queue
[2025-11-11T14:29:13.309+0000] {logging_mixin.py:188} INFO - [2025-11-11T14:29:13.309+0000] {dagbag.py:538} INFO - Filling up the DagBag from /opt/airflow/dags/real_etl_with_failure.py
[2025-11-11T14:29:13.381+0000] {processor.py:840} INFO - DAG(s) 'real_etl_pipeline_with_failure' retrieved from /opt/airflow/dags/real_etl_with_failure.py
[2025-11-11T14:29:13.491+0000] {logging_mixin.py:188} INFO - [2025-11-11T14:29:13.490+0000] {dag.py:3036} INFO - Sync 1 DAGs
[2025-11-11T14:29:13.550+0000] {logging_mixin.py:188} INFO - [2025-11-11T14:29:13.549+0000] {dag.py:3823} INFO - Setting next_dagrun for real_etl_pipeline_with_failure to None, run_after=None
[2025-11-11T14:29:13.633+0000] {processor.py:183} INFO - Processing /opt/airflow/dags/real_etl_with_failure.py took 0.335 seconds
[2025-11-11T14:29:44.383+0000] {processor.py:161} INFO - Started process (PID=1013) to work on /opt/airflow/dags/real_etl_with_failure.py
[2025-11-11T14:29:44.386+0000] {processor.py:830} INFO - Processing file /opt/airflow/dags/real_etl_with_failure.py for tasks to queue
[2025-11-11T14:29:44.396+0000] {logging_mixin.py:188} INFO - [2025-11-11T14:29:44.388+0000] {dagbag.py:538} INFO - Filling up the DagBag from /opt/airflow/dags/real_etl_with_failure.py
[2025-11-11T14:29:44.501+0000] {processor.py:840} INFO - DAG(s) 'real_etl_pipeline_with_failure' retrieved from /opt/airflow/dags/real_etl_with_failure.py
[2025-11-11T14:29:44.624+0000] {logging_mixin.py:188} INFO - [2025-11-11T14:29:44.624+0000] {dag.py:3036} INFO - Sync 1 DAGs
[2025-11-11T14:29:44.692+0000] {logging_mixin.py:188} INFO - [2025-11-11T14:29:44.692+0000] {dag.py:3823} INFO - Setting next_dagrun for real_etl_pipeline_with_failure to None, run_after=None
[2025-11-11T14:29:44.819+0000] {processor.py:183} INFO - Processing /opt/airflow/dags/real_etl_with_failure.py took 0.441 seconds
[2025-11-11T14:30:20.845+0000] {processor.py:161} INFO - Started process (PID=1028) to work on /opt/airflow/dags/real_etl_with_failure.py
[2025-11-11T14:30:20.852+0000] {processor.py:830} INFO - Processing file /opt/airflow/dags/real_etl_with_failure.py for tasks to queue
[2025-11-11T14:30:20.868+0000] {logging_mixin.py:188} INFO - [2025-11-11T14:30:20.863+0000] {dagbag.py:538} INFO - Filling up the DagBag from /opt/airflow/dags/real_etl_with_failure.py
[2025-11-11T14:30:21.279+0000] {processor.py:840} INFO - DAG(s) 'real_etl_pipeline_with_failure' retrieved from /opt/airflow/dags/real_etl_with_failure.py
[2025-11-11T14:30:21.447+0000] {logging_mixin.py:188} INFO - [2025-11-11T14:30:21.447+0000] {dag.py:3036} INFO - Sync 1 DAGs
[2025-11-11T14:30:21.529+0000] {logging_mixin.py:188} INFO - [2025-11-11T14:30:21.528+0000] {dag.py:3823} INFO - Setting next_dagrun for real_etl_pipeline_with_failure to None, run_after=None
[2025-11-11T14:30:21.734+0000] {processor.py:183} INFO - Processing /opt/airflow/dags/real_etl_with_failure.py took 1.070 seconds
[2025-11-11T14:30:52.242+0000] {processor.py:161} INFO - Started process (PID=1043) to work on /opt/airflow/dags/real_etl_with_failure.py
[2025-11-11T14:30:52.249+0000] {processor.py:830} INFO - Processing file /opt/airflow/dags/real_etl_with_failure.py for tasks to queue
[2025-11-11T14:30:52.252+0000] {logging_mixin.py:188} INFO - [2025-11-11T14:30:52.251+0000] {dagbag.py:538} INFO - Filling up the DagBag from /opt/airflow/dags/real_etl_with_failure.py
[2025-11-11T14:30:52.316+0000] {processor.py:840} INFO - DAG(s) 'real_etl_pipeline_with_failure' retrieved from /opt/airflow/dags/real_etl_with_failure.py
[2025-11-11T14:30:52.422+0000] {logging_mixin.py:188} INFO - [2025-11-11T14:30:52.422+0000] {dag.py:3036} INFO - Sync 1 DAGs
[2025-11-11T14:30:52.475+0000] {logging_mixin.py:188} INFO - [2025-11-11T14:30:52.474+0000] {dag.py:3823} INFO - Setting next_dagrun for real_etl_pipeline_with_failure to None, run_after=None
[2025-11-11T14:30:52.682+0000] {processor.py:183} INFO - Processing /opt/airflow/dags/real_etl_with_failure.py took 0.454 seconds
[2025-11-11T14:31:25.433+0000] {processor.py:161} INFO - Started process (PID=1058) to work on /opt/airflow/dags/real_etl_with_failure.py
[2025-11-11T14:31:25.483+0000] {processor.py:830} INFO - Processing file /opt/airflow/dags/real_etl_with_failure.py for tasks to queue
[2025-11-11T14:31:25.528+0000] {logging_mixin.py:188} INFO - [2025-11-11T14:31:25.527+0000] {dagbag.py:538} INFO - Filling up the DagBag from /opt/airflow/dags/real_etl_with_failure.py
[2025-11-11T14:31:29.197+0000] {processor.py:840} INFO - DAG(s) 'real_etl_pipeline_with_failure' retrieved from /opt/airflow/dags/real_etl_with_failure.py
[2025-11-11T14:31:33.415+0000] {logging_mixin.py:188} INFO - [2025-11-11T14:31:33.414+0000] {dag.py:3036} INFO - Sync 1 DAGs
[2025-11-11T14:31:33.629+0000] {logging_mixin.py:188} INFO - [2025-11-11T14:31:33.628+0000] {dag.py:3823} INFO - Setting next_dagrun for real_etl_pipeline_with_failure to None, run_after=None
[2025-11-11T14:31:33.740+0000] {processor.py:183} INFO - Processing /opt/airflow/dags/real_etl_with_failure.py took 8.533 seconds
[2025-11-11T14:32:06.007+0000] {processor.py:161} INFO - Started process (PID=1084) to work on /opt/airflow/dags/real_etl_with_failure.py
[2025-11-11T14:32:06.023+0000] {processor.py:830} INFO - Processing file /opt/airflow/dags/real_etl_with_failure.py for tasks to queue
[2025-11-11T14:32:06.033+0000] {logging_mixin.py:188} INFO - [2025-11-11T14:32:06.032+0000] {dagbag.py:538} INFO - Filling up the DagBag from /opt/airflow/dags/real_etl_with_failure.py
[2025-11-11T14:32:06.372+0000] {processor.py:840} INFO - DAG(s) 'real_etl_pipeline_with_failure' retrieved from /opt/airflow/dags/real_etl_with_failure.py
[2025-11-11T14:32:06.483+0000] {logging_mixin.py:188} INFO - [2025-11-11T14:32:06.483+0000] {dag.py:3036} INFO - Sync 1 DAGs
[2025-11-11T14:32:06.535+0000] {logging_mixin.py:188} INFO - [2025-11-11T14:32:06.535+0000] {dag.py:3823} INFO - Setting next_dagrun for real_etl_pipeline_with_failure to None, run_after=None
[2025-11-11T14:32:06.623+0000] {processor.py:183} INFO - Processing /opt/airflow/dags/real_etl_with_failure.py took 0.621 seconds
[2025-11-11T14:32:36.812+0000] {processor.py:161} INFO - Started process (PID=1090) to work on /opt/airflow/dags/real_etl_with_failure.py
[2025-11-11T14:32:36.813+0000] {processor.py:830} INFO - Processing file /opt/airflow/dags/real_etl_with_failure.py for tasks to queue
[2025-11-11T14:32:36.815+0000] {logging_mixin.py:188} INFO - [2025-11-11T14:32:36.815+0000] {dagbag.py:538} INFO - Filling up the DagBag from /opt/airflow/dags/real_etl_with_failure.py
[2025-11-11T14:32:36.850+0000] {processor.py:840} INFO - DAG(s) 'real_etl_pipeline_with_failure' retrieved from /opt/airflow/dags/real_etl_with_failure.py
[2025-11-11T14:32:36.913+0000] {logging_mixin.py:188} INFO - [2025-11-11T14:32:36.912+0000] {dag.py:3036} INFO - Sync 1 DAGs
[2025-11-11T14:32:37.020+0000] {logging_mixin.py:188} INFO - [2025-11-11T14:32:37.020+0000] {dag.py:3823} INFO - Setting next_dagrun for real_etl_pipeline_with_failure to None, run_after=None
[2025-11-11T14:32:37.100+0000] {processor.py:183} INFO - Processing /opt/airflow/dags/real_etl_with_failure.py took 0.293 seconds
[2025-11-11T14:33:07.713+0000] {processor.py:161} INFO - Started process (PID=1105) to work on /opt/airflow/dags/real_etl_with_failure.py
[2025-11-11T14:33:07.715+0000] {processor.py:830} INFO - Processing file /opt/airflow/dags/real_etl_with_failure.py for tasks to queue
[2025-11-11T14:33:07.717+0000] {logging_mixin.py:188} INFO - [2025-11-11T14:33:07.716+0000] {dagbag.py:538} INFO - Filling up the DagBag from /opt/airflow/dags/real_etl_with_failure.py
[2025-11-11T14:33:07.755+0000] {processor.py:840} INFO - DAG(s) 'real_etl_pipeline_with_failure' retrieved from /opt/airflow/dags/real_etl_with_failure.py
[2025-11-11T14:33:07.798+0000] {logging_mixin.py:188} INFO - [2025-11-11T14:33:07.797+0000] {dag.py:3036} INFO - Sync 1 DAGs
[2025-11-11T14:33:07.825+0000] {logging_mixin.py:188} INFO - [2025-11-11T14:33:07.825+0000] {dag.py:3823} INFO - Setting next_dagrun for real_etl_pipeline_with_failure to None, run_after=None
[2025-11-11T14:33:07.870+0000] {processor.py:183} INFO - Processing /opt/airflow/dags/real_etl_with_failure.py took 0.161 seconds
[2025-11-11T14:33:39.709+0000] {processor.py:161} INFO - Started process (PID=1120) to work on /opt/airflow/dags/real_etl_with_failure.py
[2025-11-11T14:33:39.712+0000] {processor.py:830} INFO - Processing file /opt/airflow/dags/real_etl_with_failure.py for tasks to queue
[2025-11-11T14:33:39.719+0000] {logging_mixin.py:188} INFO - [2025-11-11T14:33:39.718+0000] {dagbag.py:538} INFO - Filling up the DagBag from /opt/airflow/dags/real_etl_with_failure.py
[2025-11-11T14:33:41.663+0000] {processor.py:840} INFO - DAG(s) 'real_etl_pipeline_with_failure' retrieved from /opt/airflow/dags/real_etl_with_failure.py
[2025-11-11T14:33:42.139+0000] {logging_mixin.py:188} INFO - [2025-11-11T14:33:42.139+0000] {dag.py:3036} INFO - Sync 1 DAGs
[2025-11-11T14:33:42.300+0000] {logging_mixin.py:188} INFO - [2025-11-11T14:33:42.300+0000] {dag.py:3823} INFO - Setting next_dagrun for real_etl_pipeline_with_failure to None, run_after=None
[2025-11-11T14:33:42.541+0000] {processor.py:183} INFO - Processing /opt/airflow/dags/real_etl_with_failure.py took 2.838 seconds
[2025-11-11T14:34:13.081+0000] {processor.py:161} INFO - Started process (PID=1135) to work on /opt/airflow/dags/real_etl_with_failure.py
[2025-11-11T14:34:13.088+0000] {processor.py:830} INFO - Processing file /opt/airflow/dags/real_etl_with_failure.py for tasks to queue
[2025-11-11T14:34:13.092+0000] {logging_mixin.py:188} INFO - [2025-11-11T14:34:13.091+0000] {dagbag.py:538} INFO - Filling up the DagBag from /opt/airflow/dags/real_etl_with_failure.py
[2025-11-11T14:34:13.148+0000] {processor.py:840} INFO - DAG(s) 'real_etl_pipeline_with_failure' retrieved from /opt/airflow/dags/real_etl_with_failure.py
[2025-11-11T14:34:13.232+0000] {logging_mixin.py:188} INFO - [2025-11-11T14:34:13.232+0000] {dag.py:3036} INFO - Sync 1 DAGs
[2025-11-11T14:34:13.267+0000] {logging_mixin.py:188} INFO - [2025-11-11T14:34:13.266+0000] {dag.py:3823} INFO - Setting next_dagrun for real_etl_pipeline_with_failure to None, run_after=None
[2025-11-11T14:34:13.330+0000] {processor.py:183} INFO - Processing /opt/airflow/dags/real_etl_with_failure.py took 0.262 seconds
[2025-11-11T14:34:44.153+0000] {processor.py:161} INFO - Started process (PID=1150) to work on /opt/airflow/dags/real_etl_with_failure.py
[2025-11-11T14:34:44.155+0000] {processor.py:830} INFO - Processing file /opt/airflow/dags/real_etl_with_failure.py for tasks to queue
[2025-11-11T14:34:44.157+0000] {logging_mixin.py:188} INFO - [2025-11-11T14:34:44.156+0000] {dagbag.py:538} INFO - Filling up the DagBag from /opt/airflow/dags/real_etl_with_failure.py
[2025-11-11T14:34:44.193+0000] {processor.py:840} INFO - DAG(s) 'real_etl_pipeline_with_failure' retrieved from /opt/airflow/dags/real_etl_with_failure.py
[2025-11-11T14:34:44.247+0000] {logging_mixin.py:188} INFO - [2025-11-11T14:34:44.247+0000] {dag.py:3036} INFO - Sync 1 DAGs
[2025-11-11T14:34:44.265+0000] {logging_mixin.py:188} INFO - [2025-11-11T14:34:44.265+0000] {dag.py:3823} INFO - Setting next_dagrun for real_etl_pipeline_with_failure to None, run_after=None
[2025-11-11T14:34:44.298+0000] {processor.py:183} INFO - Processing /opt/airflow/dags/real_etl_with_failure.py took 0.150 seconds
[2025-11-11T14:35:14.934+0000] {processor.py:161} INFO - Started process (PID=1165) to work on /opt/airflow/dags/real_etl_with_failure.py
[2025-11-11T14:35:14.936+0000] {processor.py:830} INFO - Processing file /opt/airflow/dags/real_etl_with_failure.py for tasks to queue
[2025-11-11T14:35:14.939+0000] {logging_mixin.py:188} INFO - [2025-11-11T14:35:14.938+0000] {dagbag.py:538} INFO - Filling up the DagBag from /opt/airflow/dags/real_etl_with_failure.py
[2025-11-11T14:35:14.996+0000] {processor.py:840} INFO - DAG(s) 'real_etl_pipeline_with_failure' retrieved from /opt/airflow/dags/real_etl_with_failure.py
[2025-11-11T14:35:15.171+0000] {logging_mixin.py:188} INFO - [2025-11-11T14:35:15.170+0000] {dag.py:3036} INFO - Sync 1 DAGs
[2025-11-11T14:35:15.270+0000] {logging_mixin.py:188} INFO - [2025-11-11T14:35:15.269+0000] {dag.py:3823} INFO - Setting next_dagrun for real_etl_pipeline_with_failure to None, run_after=None
[2025-11-11T14:35:15.420+0000] {processor.py:183} INFO - Processing /opt/airflow/dags/real_etl_with_failure.py took 0.491 seconds
[2025-11-11T14:35:47.249+0000] {processor.py:161} INFO - Started process (PID=1180) to work on /opt/airflow/dags/real_etl_with_failure.py
[2025-11-11T14:35:47.258+0000] {processor.py:830} INFO - Processing file /opt/airflow/dags/real_etl_with_failure.py for tasks to queue
[2025-11-11T14:35:47.268+0000] {logging_mixin.py:188} INFO - [2025-11-11T14:35:47.267+0000] {dagbag.py:538} INFO - Filling up the DagBag from /opt/airflow/dags/real_etl_with_failure.py
[2025-11-11T14:35:47.662+0000] {processor.py:840} INFO - DAG(s) 'real_etl_pipeline_with_failure' retrieved from /opt/airflow/dags/real_etl_with_failure.py
[2025-11-11T14:35:47.892+0000] {logging_mixin.py:188} INFO - [2025-11-11T14:35:47.891+0000] {dag.py:3036} INFO - Sync 1 DAGs
[2025-11-11T14:35:47.970+0000] {logging_mixin.py:188} INFO - [2025-11-11T14:35:47.970+0000] {dag.py:3823} INFO - Setting next_dagrun for real_etl_pipeline_with_failure to None, run_after=None
[2025-11-11T14:35:48.053+0000] {processor.py:183} INFO - Processing /opt/airflow/dags/real_etl_with_failure.py took 0.814 seconds
[2025-11-11T14:36:18.606+0000] {processor.py:161} INFO - Started process (PID=1195) to work on /opt/airflow/dags/real_etl_with_failure.py
[2025-11-11T14:36:18.609+0000] {processor.py:830} INFO - Processing file /opt/airflow/dags/real_etl_with_failure.py for tasks to queue
[2025-11-11T14:36:18.611+0000] {logging_mixin.py:188} INFO - [2025-11-11T14:36:18.610+0000] {dagbag.py:538} INFO - Filling up the DagBag from /opt/airflow/dags/real_etl_with_failure.py
[2025-11-11T14:36:18.818+0000] {processor.py:840} INFO - DAG(s) 'real_etl_pipeline_with_failure' retrieved from /opt/airflow/dags/real_etl_with_failure.py
[2025-11-11T14:36:18.916+0000] {logging_mixin.py:188} INFO - [2025-11-11T14:36:18.915+0000] {dag.py:3036} INFO - Sync 1 DAGs
[2025-11-11T14:36:18.954+0000] {logging_mixin.py:188} INFO - [2025-11-11T14:36:18.953+0000] {dag.py:3823} INFO - Setting next_dagrun for real_etl_pipeline_with_failure to None, run_after=None
[2025-11-11T14:36:19.045+0000] {processor.py:183} INFO - Processing /opt/airflow/dags/real_etl_with_failure.py took 0.448 seconds
[2025-11-11T14:36:54.195+0000] {processor.py:161} INFO - Started process (PID=1217) to work on /opt/airflow/dags/real_etl_with_failure.py
[2025-11-11T14:36:54.204+0000] {processor.py:830} INFO - Processing file /opt/airflow/dags/real_etl_with_failure.py for tasks to queue
[2025-11-11T14:36:54.225+0000] {logging_mixin.py:188} INFO - [2025-11-11T14:36:54.224+0000] {dagbag.py:538} INFO - Filling up the DagBag from /opt/airflow/dags/real_etl_with_failure.py
[2025-11-11T14:36:54.833+0000] {processor.py:840} INFO - DAG(s) 'real_etl_pipeline_with_failure' retrieved from /opt/airflow/dags/real_etl_with_failure.py
[2025-11-11T14:36:55.031+0000] {logging_mixin.py:188} INFO - [2025-11-11T14:36:55.031+0000] {dag.py:3036} INFO - Sync 1 DAGs
[2025-11-11T14:36:55.090+0000] {logging_mixin.py:188} INFO - [2025-11-11T14:36:55.089+0000] {dag.py:3823} INFO - Setting next_dagrun for real_etl_pipeline_with_failure to None, run_after=None
[2025-11-11T14:36:55.813+0000] {processor.py:183} INFO - Processing /opt/airflow/dags/real_etl_with_failure.py took 1.631 seconds
[2025-11-11T14:37:26.357+0000] {processor.py:161} INFO - Started process (PID=1238) to work on /opt/airflow/dags/real_etl_with_failure.py
[2025-11-11T14:37:26.359+0000] {processor.py:830} INFO - Processing file /opt/airflow/dags/real_etl_with_failure.py for tasks to queue
[2025-11-11T14:37:26.360+0000] {logging_mixin.py:188} INFO - [2025-11-11T14:37:26.360+0000] {dagbag.py:538} INFO - Filling up the DagBag from /opt/airflow/dags/real_etl_with_failure.py
[2025-11-11T14:37:26.389+0000] {processor.py:840} INFO - DAG(s) 'real_etl_pipeline_with_failure' retrieved from /opt/airflow/dags/real_etl_with_failure.py
[2025-11-11T14:37:26.427+0000] {logging_mixin.py:188} INFO - [2025-11-11T14:37:26.427+0000] {dag.py:3036} INFO - Sync 1 DAGs
[2025-11-11T14:37:26.442+0000] {logging_mixin.py:188} INFO - [2025-11-11T14:37:26.442+0000] {dag.py:3823} INFO - Setting next_dagrun for real_etl_pipeline_with_failure to None, run_after=None
[2025-11-11T14:37:26.471+0000] {processor.py:183} INFO - Processing /opt/airflow/dags/real_etl_with_failure.py took 0.118 seconds
[2025-11-11T14:38:01.840+0000] {processor.py:161} INFO - Started process (PID=1253) to work on /opt/airflow/dags/real_etl_with_failure.py
[2025-11-11T14:38:02.087+0000] {processor.py:830} INFO - Processing file /opt/airflow/dags/real_etl_with_failure.py for tasks to queue
[2025-11-11T14:38:02.229+0000] {logging_mixin.py:188} INFO - [2025-11-11T14:38:02.189+0000] {dagbag.py:538} INFO - Filling up the DagBag from /opt/airflow/dags/real_etl_with_failure.py
[2025-11-11T14:38:03.045+0000] {processor.py:840} INFO - DAG(s) 'real_etl_pipeline_with_failure' retrieved from /opt/airflow/dags/real_etl_with_failure.py
[2025-11-11T14:38:03.406+0000] {logging_mixin.py:188} INFO - [2025-11-11T14:38:03.405+0000] {dag.py:3036} INFO - Sync 1 DAGs
[2025-11-11T14:38:03.601+0000] {logging_mixin.py:188} INFO - [2025-11-11T14:38:03.600+0000] {dag.py:3823} INFO - Setting next_dagrun for real_etl_pipeline_with_failure to None, run_after=None
[2025-11-11T14:38:03.812+0000] {processor.py:183} INFO - Processing /opt/airflow/dags/real_etl_with_failure.py took 2.778 seconds
[2025-11-11T14:38:49.191+0000] {processor.py:161} INFO - Started process (PID=1261) to work on /opt/airflow/dags/real_etl_with_failure.py
[2025-11-11T14:38:49.218+0000] {processor.py:830} INFO - Processing file /opt/airflow/dags/real_etl_with_failure.py for tasks to queue
[2025-11-11T14:38:49.254+0000] {logging_mixin.py:188} INFO - [2025-11-11T14:38:49.234+0000] {dagbag.py:538} INFO - Filling up the DagBag from /opt/airflow/dags/real_etl_with_failure.py
[2025-11-11T14:39:00.205+0000] {processor.py:840} INFO - DAG(s) 'real_etl_pipeline_with_failure' retrieved from /opt/airflow/dags/real_etl_with_failure.py
[2025-11-11T14:39:03.261+0000] {logging_mixin.py:188} INFO - [2025-11-11T14:39:03.260+0000] {dag.py:3036} INFO - Sync 1 DAGs
[2025-11-11T14:39:03.598+0000] {logging_mixin.py:188} INFO - [2025-11-11T14:39:03.597+0000] {dag.py:3823} INFO - Setting next_dagrun for real_etl_pipeline_with_failure to None, run_after=None
[2025-11-11T14:39:03.857+0000] {processor.py:183} INFO - Processing /opt/airflow/dags/real_etl_with_failure.py took 14.703 seconds
[2025-11-11T14:39:34.673+0000] {processor.py:161} INFO - Started process (PID=1273) to work on /opt/airflow/dags/real_etl_with_failure.py
[2025-11-11T14:39:34.676+0000] {processor.py:830} INFO - Processing file /opt/airflow/dags/real_etl_with_failure.py for tasks to queue
[2025-11-11T14:39:34.686+0000] {logging_mixin.py:188} INFO - [2025-11-11T14:39:34.686+0000] {dagbag.py:538} INFO - Filling up the DagBag from /opt/airflow/dags/real_etl_with_failure.py
[2025-11-11T14:39:34.766+0000] {processor.py:840} INFO - DAG(s) 'real_etl_pipeline_with_failure' retrieved from /opt/airflow/dags/real_etl_with_failure.py
[2025-11-11T14:39:34.916+0000] {logging_mixin.py:188} INFO - [2025-11-11T14:39:34.915+0000] {dag.py:3036} INFO - Sync 1 DAGs
[2025-11-11T14:39:34.993+0000] {logging_mixin.py:188} INFO - [2025-11-11T14:39:34.992+0000] {dag.py:3823} INFO - Setting next_dagrun for real_etl_pipeline_with_failure to None, run_after=None
[2025-11-11T14:39:35.110+0000] {processor.py:183} INFO - Processing /opt/airflow/dags/real_etl_with_failure.py took 0.445 seconds
[2025-11-11T14:40:07.233+0000] {processor.py:161} INFO - Started process (PID=1288) to work on /opt/airflow/dags/real_etl_with_failure.py
[2025-11-11T14:40:07.241+0000] {processor.py:830} INFO - Processing file /opt/airflow/dags/real_etl_with_failure.py for tasks to queue
[2025-11-11T14:40:07.257+0000] {logging_mixin.py:188} INFO - [2025-11-11T14:40:07.257+0000] {dagbag.py:538} INFO - Filling up the DagBag from /opt/airflow/dags/real_etl_with_failure.py
[2025-11-11T14:40:08.085+0000] {processor.py:840} INFO - DAG(s) 'real_etl_pipeline_with_failure' retrieved from /opt/airflow/dags/real_etl_with_failure.py
[2025-11-11T14:40:08.281+0000] {logging_mixin.py:188} INFO - [2025-11-11T14:40:08.280+0000] {dag.py:3036} INFO - Sync 1 DAGs
[2025-11-11T14:40:08.356+0000] {logging_mixin.py:188} INFO - [2025-11-11T14:40:08.356+0000] {dag.py:3823} INFO - Setting next_dagrun for real_etl_pipeline_with_failure to None, run_after=None
[2025-11-11T14:40:08.469+0000] {processor.py:183} INFO - Processing /opt/airflow/dags/real_etl_with_failure.py took 1.254 seconds
[2025-11-11T14:40:40.094+0000] {processor.py:161} INFO - Started process (PID=1303) to work on /opt/airflow/dags/real_etl_with_failure.py
[2025-11-11T14:40:40.101+0000] {processor.py:830} INFO - Processing file /opt/airflow/dags/real_etl_with_failure.py for tasks to queue
[2025-11-11T14:40:40.147+0000] {logging_mixin.py:188} INFO - [2025-11-11T14:40:40.146+0000] {dagbag.py:538} INFO - Filling up the DagBag from /opt/airflow/dags/real_etl_with_failure.py
[2025-11-11T14:40:41.813+0000] {processor.py:840} INFO - DAG(s) 'real_etl_pipeline_with_failure' retrieved from /opt/airflow/dags/real_etl_with_failure.py
[2025-11-11T14:40:42.614+0000] {logging_mixin.py:188} INFO - [2025-11-11T14:40:42.613+0000] {dag.py:3036} INFO - Sync 1 DAGs
[2025-11-11T14:40:44.548+0000] {logging_mixin.py:188} INFO - [2025-11-11T14:40:44.548+0000] {dag.py:3823} INFO - Setting next_dagrun for real_etl_pipeline_with_failure to None, run_after=None
[2025-11-11T14:40:44.799+0000] {processor.py:183} INFO - Processing /opt/airflow/dags/real_etl_with_failure.py took 4.746 seconds
[2025-11-11T14:41:29.580+0000] {processor.py:161} INFO - Started process (PID=1318) to work on /opt/airflow/dags/real_etl_with_failure.py
[2025-11-11T14:41:29.699+0000] {processor.py:830} INFO - Processing file /opt/airflow/dags/real_etl_with_failure.py for tasks to queue
[2025-11-11T14:41:29.765+0000] {logging_mixin.py:188} INFO - [2025-11-11T14:41:29.751+0000] {dagbag.py:538} INFO - Filling up the DagBag from /opt/airflow/dags/real_etl_with_failure.py
[2025-11-11T14:41:31.275+0000] {processor.py:840} INFO - DAG(s) 'real_etl_pipeline_with_failure' retrieved from /opt/airflow/dags/real_etl_with_failure.py
[2025-11-11T14:41:31.740+0000] {logging_mixin.py:188} INFO - [2025-11-11T14:41:31.740+0000] {dag.py:3036} INFO - Sync 1 DAGs
[2025-11-11T14:41:32.117+0000] {logging_mixin.py:188} INFO - [2025-11-11T14:41:32.116+0000] {dag.py:3823} INFO - Setting next_dagrun for real_etl_pipeline_with_failure to None, run_after=None
[2025-11-11T14:41:32.468+0000] {processor.py:183} INFO - Processing /opt/airflow/dags/real_etl_with_failure.py took 3.136 seconds
[2025-11-11T14:42:02.715+0000] {processor.py:161} INFO - Started process (PID=1333) to work on /opt/airflow/dags/real_etl_with_failure.py
[2025-11-11T14:42:02.717+0000] {processor.py:830} INFO - Processing file /opt/airflow/dags/real_etl_with_failure.py for tasks to queue
[2025-11-11T14:42:02.719+0000] {logging_mixin.py:188} INFO - [2025-11-11T14:42:02.718+0000] {dagbag.py:538} INFO - Filling up the DagBag from /opt/airflow/dags/real_etl_with_failure.py
[2025-11-11T14:42:02.760+0000] {processor.py:840} INFO - DAG(s) 'real_etl_pipeline_with_failure' retrieved from /opt/airflow/dags/real_etl_with_failure.py
[2025-11-11T14:42:02.823+0000] {logging_mixin.py:188} INFO - [2025-11-11T14:42:02.822+0000] {dag.py:3036} INFO - Sync 1 DAGs
[2025-11-11T14:42:02.848+0000] {logging_mixin.py:188} INFO - [2025-11-11T14:42:02.848+0000] {dag.py:3823} INFO - Setting next_dagrun for real_etl_pipeline_with_failure to None, run_after=None
[2025-11-11T14:42:02.875+0000] {processor.py:183} INFO - Processing /opt/airflow/dags/real_etl_with_failure.py took 0.164 seconds
[2025-11-11T14:42:33.396+0000] {processor.py:161} INFO - Started process (PID=1348) to work on /opt/airflow/dags/real_etl_with_failure.py
[2025-11-11T14:42:33.412+0000] {processor.py:830} INFO - Processing file /opt/airflow/dags/real_etl_with_failure.py for tasks to queue
[2025-11-11T14:42:33.421+0000] {logging_mixin.py:188} INFO - [2025-11-11T14:42:33.420+0000] {dagbag.py:538} INFO - Filling up the DagBag from /opt/airflow/dags/real_etl_with_failure.py
[2025-11-11T14:42:34.751+0000] {processor.py:840} INFO - DAG(s) 'real_etl_pipeline_with_failure' retrieved from /opt/airflow/dags/real_etl_with_failure.py
[2025-11-11T14:42:35.033+0000] {logging_mixin.py:188} INFO - [2025-11-11T14:42:35.033+0000] {dag.py:3036} INFO - Sync 1 DAGs
[2025-11-11T14:42:35.116+0000] {logging_mixin.py:188} INFO - [2025-11-11T14:42:35.115+0000] {dag.py:3823} INFO - Setting next_dagrun for real_etl_pipeline_with_failure to None, run_after=None
[2025-11-11T14:42:35.216+0000] {processor.py:183} INFO - Processing /opt/airflow/dags/real_etl_with_failure.py took 1.826 seconds
[2025-11-11T14:43:06.002+0000] {processor.py:161} INFO - Started process (PID=1363) to work on /opt/airflow/dags/real_etl_with_failure.py
[2025-11-11T14:43:06.003+0000] {processor.py:830} INFO - Processing file /opt/airflow/dags/real_etl_with_failure.py for tasks to queue
[2025-11-11T14:43:06.005+0000] {logging_mixin.py:188} INFO - [2025-11-11T14:43:06.005+0000] {dagbag.py:538} INFO - Filling up the DagBag from /opt/airflow/dags/real_etl_with_failure.py
[2025-11-11T14:43:06.059+0000] {processor.py:840} INFO - DAG(s) 'real_etl_pipeline_with_failure' retrieved from /opt/airflow/dags/real_etl_with_failure.py
[2025-11-11T14:43:06.126+0000] {logging_mixin.py:188} INFO - [2025-11-11T14:43:06.126+0000] {dag.py:3036} INFO - Sync 1 DAGs
[2025-11-11T14:43:06.151+0000] {logging_mixin.py:188} INFO - [2025-11-11T14:43:06.151+0000] {dag.py:3823} INFO - Setting next_dagrun for real_etl_pipeline_with_failure to None, run_after=None
[2025-11-11T14:43:06.198+0000] {processor.py:183} INFO - Processing /opt/airflow/dags/real_etl_with_failure.py took 0.274 seconds
[2025-11-11T14:43:36.453+0000] {processor.py:161} INFO - Started process (PID=1378) to work on /opt/airflow/dags/real_etl_with_failure.py
[2025-11-11T14:43:36.459+0000] {processor.py:830} INFO - Processing file /opt/airflow/dags/real_etl_with_failure.py for tasks to queue
[2025-11-11T14:43:36.460+0000] {logging_mixin.py:188} INFO - [2025-11-11T14:43:36.460+0000] {dagbag.py:538} INFO - Filling up the DagBag from /opt/airflow/dags/real_etl_with_failure.py
[2025-11-11T14:43:36.523+0000] {processor.py:840} INFO - DAG(s) 'real_etl_pipeline_with_failure' retrieved from /opt/airflow/dags/real_etl_with_failure.py
[2025-11-11T14:43:36.577+0000] {logging_mixin.py:188} INFO - [2025-11-11T14:43:36.576+0000] {dag.py:3036} INFO - Sync 1 DAGs
[2025-11-11T14:43:36.594+0000] {logging_mixin.py:188} INFO - [2025-11-11T14:43:36.594+0000] {dag.py:3823} INFO - Setting next_dagrun for real_etl_pipeline_with_failure to None, run_after=None
[2025-11-11T14:43:36.647+0000] {processor.py:183} INFO - Processing /opt/airflow/dags/real_etl_with_failure.py took 0.254 seconds
[2025-11-11T14:44:07.103+0000] {processor.py:161} INFO - Started process (PID=1393) to work on /opt/airflow/dags/real_etl_with_failure.py
[2025-11-11T14:44:07.106+0000] {processor.py:830} INFO - Processing file /opt/airflow/dags/real_etl_with_failure.py for tasks to queue
[2025-11-11T14:44:07.108+0000] {logging_mixin.py:188} INFO - [2025-11-11T14:44:07.107+0000] {dagbag.py:538} INFO - Filling up the DagBag from /opt/airflow/dags/real_etl_with_failure.py
[2025-11-11T14:44:07.162+0000] {processor.py:840} INFO - DAG(s) 'real_etl_pipeline_with_failure' retrieved from /opt/airflow/dags/real_etl_with_failure.py
[2025-11-11T14:44:07.228+0000] {logging_mixin.py:188} INFO - [2025-11-11T14:44:07.227+0000] {dag.py:3036} INFO - Sync 1 DAGs
[2025-11-11T14:44:07.270+0000] {logging_mixin.py:188} INFO - [2025-11-11T14:44:07.270+0000] {dag.py:3823} INFO - Setting next_dagrun for real_etl_pipeline_with_failure to None, run_after=None
[2025-11-11T14:44:07.415+0000] {processor.py:183} INFO - Processing /opt/airflow/dags/real_etl_with_failure.py took 0.317 seconds
[2025-11-11T14:44:38.135+0000] {processor.py:161} INFO - Started process (PID=1408) to work on /opt/airflow/dags/real_etl_with_failure.py
[2025-11-11T14:44:38.137+0000] {processor.py:830} INFO - Processing file /opt/airflow/dags/real_etl_with_failure.py for tasks to queue
[2025-11-11T14:44:38.138+0000] {logging_mixin.py:188} INFO - [2025-11-11T14:44:38.138+0000] {dagbag.py:538} INFO - Filling up the DagBag from /opt/airflow/dags/real_etl_with_failure.py
[2025-11-11T14:44:38.181+0000] {processor.py:840} INFO - DAG(s) 'real_etl_pipeline_with_failure' retrieved from /opt/airflow/dags/real_etl_with_failure.py
[2025-11-11T14:44:38.282+0000] {logging_mixin.py:188} INFO - [2025-11-11T14:44:38.282+0000] {dag.py:3036} INFO - Sync 1 DAGs
[2025-11-11T14:44:38.304+0000] {logging_mixin.py:188} INFO - [2025-11-11T14:44:38.303+0000] {dag.py:3823} INFO - Setting next_dagrun for real_etl_pipeline_with_failure to None, run_after=None
[2025-11-11T14:44:38.342+0000] {processor.py:183} INFO - Processing /opt/airflow/dags/real_etl_with_failure.py took 0.211 seconds
[2025-11-11T14:45:09.467+0000] {processor.py:161} INFO - Started process (PID=1423) to work on /opt/airflow/dags/real_etl_with_failure.py
[2025-11-11T14:45:09.470+0000] {processor.py:830} INFO - Processing file /opt/airflow/dags/real_etl_with_failure.py for tasks to queue
[2025-11-11T14:45:09.541+0000] {logging_mixin.py:188} INFO - [2025-11-11T14:45:09.538+0000] {dagbag.py:538} INFO - Filling up the DagBag from /opt/airflow/dags/real_etl_with_failure.py
[2025-11-11T14:45:09.660+0000] {processor.py:840} INFO - DAG(s) 'real_etl_pipeline_with_failure' retrieved from /opt/airflow/dags/real_etl_with_failure.py
[2025-11-11T14:45:09.732+0000] {logging_mixin.py:188} INFO - [2025-11-11T14:45:09.732+0000] {dag.py:3036} INFO - Sync 1 DAGs
[2025-11-11T14:45:09.757+0000] {logging_mixin.py:188} INFO - [2025-11-11T14:45:09.757+0000] {dag.py:3823} INFO - Setting next_dagrun for real_etl_pipeline_with_failure to None, run_after=None
[2025-11-11T14:45:09.810+0000] {processor.py:183} INFO - Processing /opt/airflow/dags/real_etl_with_failure.py took 0.352 seconds
[2025-11-11T14:45:41.120+0000] {processor.py:161} INFO - Started process (PID=1438) to work on /opt/airflow/dags/real_etl_with_failure.py
[2025-11-11T14:45:41.132+0000] {processor.py:830} INFO - Processing file /opt/airflow/dags/real_etl_with_failure.py for tasks to queue
[2025-11-11T14:45:41.149+0000] {logging_mixin.py:188} INFO - [2025-11-11T14:45:41.148+0000] {dagbag.py:538} INFO - Filling up the DagBag from /opt/airflow/dags/real_etl_with_failure.py
[2025-11-11T14:45:41.886+0000] {processor.py:840} INFO - DAG(s) 'real_etl_pipeline_with_failure' retrieved from /opt/airflow/dags/real_etl_with_failure.py
[2025-11-11T14:45:42.136+0000] {logging_mixin.py:188} INFO - [2025-11-11T14:45:42.136+0000] {dag.py:3036} INFO - Sync 1 DAGs
[2025-11-11T14:45:42.300+0000] {logging_mixin.py:188} INFO - [2025-11-11T14:45:42.300+0000] {dag.py:3823} INFO - Setting next_dagrun for real_etl_pipeline_with_failure to None, run_after=None
[2025-11-11T14:45:43.035+0000] {processor.py:183} INFO - Processing /opt/airflow/dags/real_etl_with_failure.py took 1.926 seconds
[2025-11-11T14:46:53.396+0000] {processor.py:161} INFO - Started process (PID=1453) to work on /opt/airflow/dags/real_etl_with_failure.py
[2025-11-11T14:46:53.402+0000] {processor.py:830} INFO - Processing file /opt/airflow/dags/real_etl_with_failure.py for tasks to queue
[2025-11-11T14:46:53.414+0000] {logging_mixin.py:188} INFO - [2025-11-11T14:46:53.405+0000] {dagbag.py:538} INFO - Filling up the DagBag from /opt/airflow/dags/real_etl_with_failure.py
[2025-11-11T14:46:53.685+0000] {processor.py:840} INFO - DAG(s) 'real_etl_pipeline_with_failure' retrieved from /opt/airflow/dags/real_etl_with_failure.py
[2025-11-11T14:46:53.830+0000] {logging_mixin.py:188} INFO - [2025-11-11T14:46:53.829+0000] {dag.py:3036} INFO - Sync 1 DAGs
[2025-11-11T14:46:53.901+0000] {logging_mixin.py:188} INFO - [2025-11-11T14:46:53.901+0000] {dag.py:3823} INFO - Setting next_dagrun for real_etl_pipeline_with_failure to None, run_after=None
[2025-11-11T14:46:54.071+0000] {processor.py:183} INFO - Processing /opt/airflow/dags/real_etl_with_failure.py took 0.721 seconds
[2025-11-11T14:47:24.487+0000] {processor.py:161} INFO - Started process (PID=1468) to work on /opt/airflow/dags/real_etl_with_failure.py
[2025-11-11T14:47:24.489+0000] {processor.py:830} INFO - Processing file /opt/airflow/dags/real_etl_with_failure.py for tasks to queue
[2025-11-11T14:47:24.490+0000] {logging_mixin.py:188} INFO - [2025-11-11T14:47:24.490+0000] {dagbag.py:538} INFO - Filling up the DagBag from /opt/airflow/dags/real_etl_with_failure.py
[2025-11-11T14:47:24.752+0000] {processor.py:840} INFO - DAG(s) 'real_etl_pipeline_with_failure' retrieved from /opt/airflow/dags/real_etl_with_failure.py
[2025-11-11T14:47:25.173+0000] {logging_mixin.py:188} INFO - [2025-11-11T14:47:25.173+0000] {dag.py:3036} INFO - Sync 1 DAGs
[2025-11-11T14:47:25.206+0000] {logging_mixin.py:188} INFO - [2025-11-11T14:47:25.206+0000] {dag.py:3823} INFO - Setting next_dagrun for real_etl_pipeline_with_failure to None, run_after=None
[2025-11-11T14:47:25.269+0000] {processor.py:183} INFO - Processing /opt/airflow/dags/real_etl_with_failure.py took 0.787 seconds
