[2025-11-08T19:56:19.620+0000] {logging_mixin.py:188} INFO - Changing /opt/***/logs/dag_id=failed_lineage_dag/run_id=manual__2025-11-08T19:56:08.842468+00:00/task_id=load_fail permission to 509
[2025-11-08T19:56:19.672+0000] {logging_mixin.py:188} INFO - Changing /opt/***/logs/dag_id=failed_lineage_dag/run_id=manual__2025-11-08T19:56:08.842468+00:00/task_id=load_fail permission to 509
[2025-11-08T19:56:19.739+0000] {taskinstance.py:1956} INFO - Dependencies all met for dep_context=non-requeueable deps ti=<TaskInstance: failed_lineage_dag.load_fail manual__2025-11-08T19:56:08.842468+00:00 [queued]>
[2025-11-08T19:56:19.754+0000] {taskinstance.py:1956} INFO - Dependencies all met for dep_context=requeueable deps ti=<TaskInstance: failed_lineage_dag.load_fail manual__2025-11-08T19:56:08.842468+00:00 [queued]>
[2025-11-08T19:56:19.756+0000] {taskinstance.py:2170} INFO - Starting attempt 1 of 1
[2025-11-08T19:56:19.770+0000] {taskinstance.py:2191} INFO - Executing <Task(PythonOperator): load_fail> on 2025-11-08 19:56:08.842468+00:00
[2025-11-08T19:56:19.781+0000] {standard_task_runner.py:60} INFO - Started process 221 to run task
[2025-11-08T19:56:19.786+0000] {standard_task_runner.py:87} INFO - Running: ['***', 'tasks', 'run', 'failed_lineage_dag', 'load_fail', 'manual__2025-11-08T19:56:08.842468+00:00', '--job-id', '4', '--raw', '--subdir', 'DAGS_FOLDER/failed_lineage_dag.py', '--cfg-path', '/tmp/tmpwi0g18ea']
[2025-11-08T19:56:19.789+0000] {standard_task_runner.py:88} INFO - Job 4: Subtask load_fail
[2025-11-08T19:56:19.850+0000] {logging_mixin.py:188} INFO - Changing /opt/***/logs/dag_id=failed_lineage_dag/run_id=manual__2025-11-08T19:56:08.842468+00:00/task_id=load_fail permission to 509
[2025-11-08T19:56:19.853+0000] {task_command.py:423} INFO - Running <TaskInstance: failed_lineage_dag.load_fail manual__2025-11-08T19:56:08.842468+00:00 [running]> on host 0d95e6ad0d4c
[2025-11-08T19:56:19.976+0000] {taskinstance.py:2480} INFO - Exporting env vars: AIRFLOW_CTX_DAG_OWNER='***' AIRFLOW_CTX_DAG_ID='failed_lineage_dag' AIRFLOW_CTX_TASK_ID='load_fail' AIRFLOW_CTX_EXECUTION_DATE='2025-11-08T19:56:08.842468+00:00' AIRFLOW_CTX_TRY_NUMBER='1' AIRFLOW_CTX_DAG_RUN_ID='manual__2025-11-08T19:56:08.842468+00:00'
[2025-11-08T19:56:20.369+0000] {taskinstance.py:2698} ERROR - Task failed with exception
Traceback (most recent call last):
  File "/home/airflow/.local/lib/python3.8/site-packages/airflow/models/taskinstance.py", line 433, in _execute_task
    result = execute_callable(context=context, **execute_callable_kwargs)
  File "/home/airflow/.local/lib/python3.8/site-packages/airflow/operators/python.py", line 199, in execute
    return_value = self.execute_callable()
  File "/home/airflow/.local/lib/python3.8/site-packages/airflow/operators/python.py", line 216, in execute_callable
    return self.python_callable(*self.op_args, **self.op_kwargs)
  File "/opt/airflow/dags/failed_lineage_dag.py", line 16, in load_fail
    raise ValueError("❌ Load step failed: Missing required field 'customer_id'")
ValueError: ❌ Load step failed: Missing required field 'customer_id'
[2025-11-08T19:56:20.401+0000] {taskinstance.py:1138} INFO - Marking task as FAILED. dag_id=failed_lineage_dag, task_id=load_fail, execution_date=20251108T195608, start_date=20251108T195619, end_date=20251108T195620
[2025-11-08T19:56:20.450+0000] {standard_task_runner.py:107} ERROR - Failed to execute job 4 for task load_fail (❌ Load step failed: Missing required field 'customer_id'; 221)
[2025-11-08T19:56:20.502+0000] {local_task_job_runner.py:234} INFO - Task exited with return code 1
[2025-11-08T19:56:20.527+0000] {taskinstance.py:3280} INFO - 0 downstream tasks scheduled from follow-on schedule check
