[2025-11-14T06:22:23.570+0000] {logging_mixin.py:188} INFO - Changing /opt/***/logs/dag_id=real_etl_pipeline_with_db_logging_v2/run_id=manual__2025-11-14T06:22:05.987233+00:00/task_id=load_data permission to 509
[2025-11-14T06:22:23.616+0000] {logging_mixin.py:188} INFO - Changing /opt/***/logs/dag_id=real_etl_pipeline_with_db_logging_v2/run_id=manual__2025-11-14T06:22:05.987233+00:00/task_id=load_data permission to 509
[2025-11-14T06:22:23.680+0000] {taskinstance.py:1956} INFO - Dependencies all met for dep_context=non-requeueable deps ti=<TaskInstance: real_etl_pipeline_with_db_logging_v2.load_data manual__2025-11-14T06:22:05.987233+00:00 [queued]>
[2025-11-14T06:22:23.702+0000] {taskinstance.py:1956} INFO - Dependencies all met for dep_context=requeueable deps ti=<TaskInstance: real_etl_pipeline_with_db_logging_v2.load_data manual__2025-11-14T06:22:05.987233+00:00 [queued]>
[2025-11-14T06:22:23.703+0000] {taskinstance.py:2170} INFO - Starting attempt 1 of 1
[2025-11-14T06:22:23.730+0000] {taskinstance.py:2191} INFO - Executing <Task(_PythonDecoratedOperator): load_data> on 2025-11-14 06:22:05.987233+00:00
[2025-11-14T06:22:23.739+0000] {standard_task_runner.py:60} INFO - Started process 4449 to run task
[2025-11-14T06:22:23.743+0000] {standard_task_runner.py:87} INFO - Running: ['***', 'tasks', 'run', 'real_etl_pipeline_with_db_logging_v2', 'load_data', 'manual__2025-11-14T06:22:05.987233+00:00', '--job-id', '18', '--raw', '--subdir', 'DAGS_FOLDER/real_etl_with_failure.py', '--cfg-path', '/tmp/tmp3dg8_9dk']
[2025-11-14T06:22:23.746+0000] {standard_task_runner.py:88} INFO - Job 18: Subtask load_data
[2025-11-14T06:22:23.811+0000] {logging_mixin.py:188} INFO - Changing /opt/***/logs/dag_id=real_etl_pipeline_with_db_logging_v2/run_id=manual__2025-11-14T06:22:05.987233+00:00/task_id=load_data permission to 509
[2025-11-14T06:22:23.814+0000] {task_command.py:423} INFO - Running <TaskInstance: real_etl_pipeline_with_db_logging_v2.load_data manual__2025-11-14T06:22:05.987233+00:00 [running]> on host dd103ceb31c1
[2025-11-14T06:22:23.941+0000] {taskinstance.py:2480} INFO - Exporting env vars: AIRFLOW_CTX_DAG_OWNER='***' AIRFLOW_CTX_DAG_ID='real_etl_pipeline_with_db_logging_v2' AIRFLOW_CTX_TASK_ID='load_data' AIRFLOW_CTX_EXECUTION_DATE='2025-11-14T06:22:05.987233+00:00' AIRFLOW_CTX_TRY_NUMBER='1' AIRFLOW_CTX_DAG_RUN_ID='manual__2025-11-14T06:22:05.987233+00:00'
[2025-11-14T06:22:24.224+0000] {base.py:83} INFO - Using connection ID 'postgres_default' for task execution.
[2025-11-14T06:22:24.240+0000] {real_etl_with_failure.py:125} INFO - Loading 4 records into clean_orders...
[2025-11-14T06:22:24.251+0000] {real_etl_with_failure.py:141} ERROR - ❌ Failed record: {'order_id': '103', 'product': 'Gadget', 'amount': 'ninety-nine'}
[2025-11-14T06:22:24.254+0000] {real_etl_with_failure.py:142} ERROR - DB ERROR: invalid input syntax for type integer: "ninety-nine"
LINE 3:                         VALUES ('103', 'Gadget', 'ninety-nin...
                                                         ^

[2025-11-14T06:22:24.275+0000] {base.py:83} INFO - Using connection ID 'postgres_default' for task execution.
[2025-11-14T06:22:24.281+0000] {sql.py:450} INFO - Running statement: 
                INSERT INTO public.pipeline_audit_log (
                    dag_id, task_id, ***_run_id, lineage_run_id,
                    status, error_class, error_message, stack_trace,
                    total_records, success_count, failure_count,
                    failed_records, started_at, finished_at, hostname, extra_metadata
                ) VALUES (%s, %s, %s, %s, %s, %s, %s, %s, %s, %s, %s, %s, %s, %s, %s, %s)
                , parameters: ('real_etl_pipeline_with_db_logging_v2', 'load_data', 'manual__2025-11-14T06:22:05.987233+00:00', 'manual__2025-11-14T06:22:05.987233+00:00', 'FAILED', 'RecordInsertError', '1 bad records', '', 4, 3, 1, '[{"order_id": "103", "product": "Gadget", "amount": "ninety-nine"}]', datetime.datetime(2025, 11, 14, 6, 22, 24, 240507), datetime.datetime(2025, 11, 14, 6, 22, 24, 259559), 'dd103ceb31c1', '{"source": "Airflow ETL", "version": "v2"}')
[2025-11-14T06:22:24.284+0000] {sql.py:459} INFO - Rows affected: 1
[2025-11-14T06:22:24.453+0000] {taskinstance.py:2698} ERROR - Task failed with exception
Traceback (most recent call last):
  File "/home/airflow/.local/lib/python3.8/site-packages/airflow/models/taskinstance.py", line 433, in _execute_task
    result = execute_callable(context=context, **execute_callable_kwargs)
  File "/home/airflow/.local/lib/python3.8/site-packages/airflow/decorators/base.py", line 241, in execute
    return_value = super().execute(context)
  File "/home/airflow/.local/lib/python3.8/site-packages/airflow/operators/python.py", line 199, in execute
    return_value = self.execute_callable()
  File "/home/airflow/.local/lib/python3.8/site-packages/airflow/operators/python.py", line 216, in execute_callable
    return self.python_callable(*self.op_args, **self.op_kwargs)
  File "/opt/airflow/dags/real_etl_with_failure.py", line 203, in load_data
    raise Exception(f"{len(failed_records)} records failed. See pipeline_audit_log.")
Exception: 1 records failed. See pipeline_audit_log.
[2025-11-14T06:22:24.578+0000] {taskinstance.py:1138} INFO - Marking task as FAILED. dag_id=real_etl_pipeline_with_db_logging_v2, task_id=load_data, execution_date=20251114T062205, start_date=20251114T062223, end_date=20251114T062224
[2025-11-14T06:22:24.667+0000] {standard_task_runner.py:107} ERROR - Failed to execute job 18 for task load_data (1 records failed. See pipeline_audit_log.; 4449)
[2025-11-14T06:22:24.714+0000] {local_task_job_runner.py:234} INFO - Task exited with return code 1
[2025-11-14T06:22:24.777+0000] {taskinstance.py:3280} INFO - 0 downstream tasks scheduled from follow-on schedule check
