[2025-11-14T07:16:45.942+0000] {logging_mixin.py:188} INFO - Changing /opt/***/logs/dag_id=real_etl_pipeline_with_db_logging_v3/run_id=manual__2025-11-14T07:16:15.697466+00:00/task_id=load_data permission to 509
[2025-11-14T07:16:45.973+0000] {logging_mixin.py:188} INFO - Changing /opt/***/logs/dag_id=real_etl_pipeline_with_db_logging_v3/run_id=manual__2025-11-14T07:16:15.697466+00:00/task_id=load_data permission to 509
[2025-11-14T07:16:46.017+0000] {taskinstance.py:1956} INFO - Dependencies all met for dep_context=non-requeueable deps ti=<TaskInstance: real_etl_pipeline_with_db_logging_v3.load_data manual__2025-11-14T07:16:15.697466+00:00 [queued]>
[2025-11-14T07:16:46.028+0000] {taskinstance.py:1956} INFO - Dependencies all met for dep_context=requeueable deps ti=<TaskInstance: real_etl_pipeline_with_db_logging_v3.load_data manual__2025-11-14T07:16:15.697466+00:00 [queued]>
[2025-11-14T07:16:46.029+0000] {taskinstance.py:2170} INFO - Starting attempt 1 of 1
[2025-11-14T07:16:46.045+0000] {taskinstance.py:2191} INFO - Executing <Task(_PythonDecoratedOperator): load_data> on 2025-11-14 07:16:15.697466+00:00
[2025-11-14T07:16:46.051+0000] {standard_task_runner.py:60} INFO - Started process 6197 to run task
[2025-11-14T07:16:46.056+0000] {standard_task_runner.py:87} INFO - Running: ['***', 'tasks', 'run', 'real_etl_pipeline_with_db_logging_v3', 'load_data', 'manual__2025-11-14T07:16:15.697466+00:00', '--job-id', '26', '--raw', '--subdir', 'DAGS_FOLDER/real_etl_with_failure.py', '--cfg-path', '/tmp/tmp4sg8x8yq']
[2025-11-14T07:16:46.058+0000] {standard_task_runner.py:88} INFO - Job 26: Subtask load_data
[2025-11-14T07:16:46.110+0000] {logging_mixin.py:188} INFO - Changing /opt/***/logs/dag_id=real_etl_pipeline_with_db_logging_v3/run_id=manual__2025-11-14T07:16:15.697466+00:00/task_id=load_data permission to 509
[2025-11-14T07:16:46.114+0000] {task_command.py:423} INFO - Running <TaskInstance: real_etl_pipeline_with_db_logging_v3.load_data manual__2025-11-14T07:16:15.697466+00:00 [running]> on host dd103ceb31c1
[2025-11-14T07:16:46.198+0000] {taskinstance.py:2480} INFO - Exporting env vars: AIRFLOW_CTX_DAG_OWNER='***' AIRFLOW_CTX_DAG_ID='real_etl_pipeline_with_db_logging_v3' AIRFLOW_CTX_TASK_ID='load_data' AIRFLOW_CTX_EXECUTION_DATE='2025-11-14T07:16:15.697466+00:00' AIRFLOW_CTX_TRY_NUMBER='1' AIRFLOW_CTX_DAG_RUN_ID='manual__2025-11-14T07:16:15.697466+00:00'
[2025-11-14T07:16:46.338+0000] {base.py:83} INFO - Using connection ID 'postgres_default' for task execution.
[2025-11-14T07:16:46.345+0000] {real_etl_with_failure.py:170} INFO - Loading 4 records into clean_orders...
[2025-11-14T07:16:46.361+0000] {real_etl_with_failure.py:187} ERROR - Failed record {'order_id': '103', 'product': 'Gadget', 'amount': 'ninety-nine'}: invalid input syntax for type integer: "ninety-nine"
LINE 2: ...                         VALUES ('103', 'Gadget', 'ninety-ni...
                                                             ^

[2025-11-14T07:16:46.372+0000] {base.py:83} INFO - Using connection ID 'postgres_default' for task execution.
[2025-11-14T07:16:46.383+0000] {sql.py:450} INFO - Running statement: 
        INSERT INTO public.pipeline_audit_log (
            dag_id, task_id, ***_run_id, lineage_run_id,
            status, error_class, error_message, stack_trace,
            total_records, success_count, failure_count, failed_records,
            started_at, finished_at, hostname, extra_metadata
        )
        VALUES (%s, %s, %s, %s, %s, %s, %s, %s, %s, %s, %s, %s, %s, %s, %s, %s)
        , parameters: ('real_etl_pipeline_with_db_logging_v3', 'load_data', 'manual__2025-11-14T07:16:15.697466+00:00', 'manual__2025-11-14T07:16:15.697466+00:00', 'FAILED', 'RecordInsertError', '1 record(s) could not be inserted.', None, 4, 3, 1, '[{"order_id": "103", "product": "Gadget", "amount": "ninety-nine"}]', datetime.datetime(2025, 11, 14, 7, 16, 46, 326766), datetime.datetime(2025, 11, 14, 7, 16, 46, 364248), 'dd103ceb31c1', '{"component": "load_task", "version": "v3"}')
[2025-11-14T07:16:46.387+0000] {sql.py:459} INFO - Rows affected: 1
[2025-11-14T07:16:46.514+0000] {taskinstance.py:2698} ERROR - Task failed with exception
Traceback (most recent call last):
  File "/home/airflow/.local/lib/python3.8/site-packages/airflow/models/taskinstance.py", line 433, in _execute_task
    result = execute_callable(context=context, **execute_callable_kwargs)
  File "/home/airflow/.local/lib/python3.8/site-packages/airflow/decorators/base.py", line 241, in execute
    return_value = super().execute(context)
  File "/home/airflow/.local/lib/python3.8/site-packages/airflow/operators/python.py", line 199, in execute
    return_value = self.execute_callable()
  File "/home/airflow/.local/lib/python3.8/site-packages/airflow/operators/python.py", line 216, in execute_callable
    return self.python_callable(*self.op_args, **self.op_kwargs)
  File "/opt/airflow/dags/real_etl_with_failure.py", line 233, in load_data
    raise Exception(f"{len(failed)} records failed. See pipeline_audit_log.")
Exception: 1 records failed. See pipeline_audit_log.
[2025-11-14T07:16:46.532+0000] {taskinstance.py:1138} INFO - Marking task as FAILED. dag_id=real_etl_pipeline_with_db_logging_v3, task_id=load_data, execution_date=20251114T071615, start_date=20251114T071646, end_date=20251114T071646
[2025-11-14T07:16:46.549+0000] {standard_task_runner.py:107} ERROR - Failed to execute job 26 for task load_data (1 records failed. See pipeline_audit_log.; 6197)
[2025-11-14T07:16:46.560+0000] {local_task_job_runner.py:234} INFO - Task exited with return code 1
[2025-11-14T07:16:46.577+0000] {taskinstance.py:3280} INFO - 0 downstream tasks scheduled from follow-on schedule check
