[2025-11-17T05:33:37.355+0000] {logging_mixin.py:188} INFO - Changing /opt/***/logs/dag_id=real_etl_pipeline_with_db_logging_full/run_id=manual__2025-11-17T05:33:33.455061+00:00/task_id=create_tables permission to 509
[2025-11-17T05:33:37.483+0000] {logging_mixin.py:188} INFO - Changing /opt/***/logs/dag_id=real_etl_pipeline_with_db_logging_full/run_id=manual__2025-11-17T05:33:33.455061+00:00/task_id=create_tables permission to 509
[2025-11-17T05:33:37.700+0000] {taskinstance.py:1956} INFO - Dependencies all met for dep_context=non-requeueable deps ti=<TaskInstance: real_etl_pipeline_with_db_logging_full.create_tables manual__2025-11-17T05:33:33.455061+00:00 [queued]>
[2025-11-17T05:33:37.886+0000] {taskinstance.py:1956} INFO - Dependencies all met for dep_context=requeueable deps ti=<TaskInstance: real_etl_pipeline_with_db_logging_full.create_tables manual__2025-11-17T05:33:33.455061+00:00 [queued]>
[2025-11-17T05:33:37.911+0000] {taskinstance.py:2170} INFO - Starting attempt 1 of 1
[2025-11-17T05:33:38.118+0000] {taskinstance.py:2191} INFO - Executing <Task(PostgresOperator): create_tables> on 2025-11-17 05:33:33.455061+00:00
[2025-11-17T05:33:38.194+0000] {standard_task_runner.py:60} INFO - Started process 262 to run task
[2025-11-17T05:33:38.488+0000] {standard_task_runner.py:87} INFO - Running: ['***', 'tasks', 'run', 'real_etl_pipeline_with_db_logging_full', 'create_tables', 'manual__2025-11-17T05:33:33.455061+00:00', '--job-id', '2', '--raw', '--subdir', 'DAGS_FOLDER/real_etl_with_failure.py', '--cfg-path', '/tmp/tmpspuftmhd']
[2025-11-17T05:33:38.732+0000] {standard_task_runner.py:88} INFO - Job 2: Subtask create_tables
[2025-11-17T05:33:39.049+0000] {logging_mixin.py:188} INFO - Changing /opt/***/logs/dag_id=real_etl_pipeline_with_db_logging_full/run_id=manual__2025-11-17T05:33:33.455061+00:00/task_id=create_tables permission to 509
[2025-11-17T05:33:39.054+0000] {task_command.py:423} INFO - Running <TaskInstance: real_etl_pipeline_with_db_logging_full.create_tables manual__2025-11-17T05:33:33.455061+00:00 [running]> on host 90bba167cb4e
[2025-11-17T05:33:39.567+0000] {taskinstance.py:2480} INFO - Exporting env vars: AIRFLOW_CTX_DAG_OWNER='***' AIRFLOW_CTX_DAG_ID='real_etl_pipeline_with_db_logging_full' AIRFLOW_CTX_TASK_ID='create_tables' AIRFLOW_CTX_EXECUTION_DATE='2025-11-17T05:33:33.455061+00:00' AIRFLOW_CTX_TRY_NUMBER='1' AIRFLOW_CTX_DAG_RUN_ID='manual__2025-11-17T05:33:33.455061+00:00'
[2025-11-17T05:33:39.695+0000] {base.py:83} INFO - Using connection ID 'postgres_default' for task execution.
[2025-11-17T05:33:39.720+0000] {base.py:83} INFO - Using connection ID 'postgres_default' for task execution.
[2025-11-17T05:33:39.758+0000] {base.py:83} INFO - Using connection ID 'postgres_default' for task execution.
[2025-11-17T05:33:39.769+0000] {sql.py:450} INFO - Running statement: SELECT CURRENT_SCHEMA;, parameters: None
[2025-11-17T05:33:39.774+0000] {sql.py:459} INFO - Rows affected: 1
[2025-11-17T05:33:39.787+0000] {base.py:83} INFO - Using connection ID 'postgres_default' for task execution.
[2025-11-17T05:33:40.207+0000] {base.py:83} INFO - Using connection ID 'postgres_default' for task execution.
[2025-11-17T05:33:48.411+0000] {adapter.py:122} WARNING - Failed to emit OpenLineage event of id f9ead708-b7bd-3011-abdf-25d1993e631b
[2025-11-17T05:33:48.413+0000] {sql.py:276} INFO - Executing: 
        CREATE TABLE IF NOT EXISTS public.raw_orders (
            order_id VARCHAR(50),
            product VARCHAR(100),
            amount VARCHAR(50)
        );

        CREATE TABLE IF NOT EXISTS public.clean_orders (
            order_id VARCHAR(50) PRIMARY KEY,
            product VARCHAR(100),
            amount INTEGER NOT NULL
        );

        CREATE TABLE IF NOT EXISTS public.pipeline_audit_log (
            audit_id BIGSERIAL PRIMARY KEY,
            dag_id TEXT,
            task_id TEXT,
            ***_run_id TEXT,
            lineage_run_id TEXT,
            job_name TEXT,
            namespace TEXT,
            status TEXT,
            error TEXT,
            error_class TEXT,
            error_message TEXT,
            stack_trace TEXT,
            total_records INT,
            success_count INT,
            failure_count INT,
            failed_records JSONB,
            started_at TIMESTAMP,
            finished_at TIMESTAMP,
            hostname TEXT,
            extra_metadata JSONB
        );

        TRUNCATE TABLE public.raw_orders;
        TRUNCATE TABLE public.clean_orders;
        
[2025-11-17T05:33:48.471+0000] {base.py:83} INFO - Using connection ID 'postgres_default' for task execution.
[2025-11-17T05:33:48.520+0000] {sql.py:450} INFO - Running statement: 
        CREATE TABLE IF NOT EXISTS public.raw_orders (
            order_id VARCHAR(50),
            product VARCHAR(100),
            amount VARCHAR(50)
        );

        CREATE TABLE IF NOT EXISTS public.clean_orders (
            order_id VARCHAR(50) PRIMARY KEY,
            product VARCHAR(100),
            amount INTEGER NOT NULL
        );

        CREATE TABLE IF NOT EXISTS public.pipeline_audit_log (
            audit_id BIGSERIAL PRIMARY KEY,
            dag_id TEXT,
            task_id TEXT,
            ***_run_id TEXT,
            lineage_run_id TEXT,
            job_name TEXT,
            namespace TEXT,
            status TEXT,
            error TEXT,
            error_class TEXT,
            error_message TEXT,
            stack_trace TEXT,
            total_records INT,
            success_count INT,
            failure_count INT,
            failed_records JSONB,
            started_at TIMESTAMP,
            finished_at TIMESTAMP,
            hostname TEXT,
            extra_metadata JSONB
        );

        TRUNCATE TABLE public.raw_orders;
        TRUNCATE TABLE public.clean_orders;
        , parameters: None
[2025-11-17T05:33:48.751+0000] {taskinstance.py:1138} INFO - Marking task as SUCCESS. dag_id=real_etl_pipeline_with_db_logging_full, task_id=create_tables, execution_date=20251117T053333, start_date=20251117T053337, end_date=20251117T053348
[2025-11-17T05:33:48.858+0000] {base.py:83} INFO - Using connection ID 'postgres_default' for task execution.
[2025-11-17T05:33:48.932+0000] {base.py:83} INFO - Using connection ID 'postgres_default' for task execution.
[2025-11-17T05:33:48.970+0000] {sql.py:450} INFO - Running statement: SELECT CURRENT_SCHEMA;, parameters: None
[2025-11-17T05:33:48.975+0000] {sql.py:459} INFO - Rows affected: 1
[2025-11-17T05:33:49.014+0000] {base.py:83} INFO - Using connection ID 'postgres_default' for task execution.
[2025-11-17T05:33:49.336+0000] {base.py:83} INFO - Using connection ID 'postgres_default' for task execution.
[2025-11-17T05:33:55.053+0000] {adapter.py:122} WARNING - Failed to emit OpenLineage event of id f9ead708-b7bd-3011-abdf-25d1993e631b
[2025-11-17T05:33:56.969+0000] {local_task_job_runner.py:234} INFO - Task exited with return code 0
[2025-11-17T05:33:57.880+0000] {taskinstance.py:3280} INFO - 0 downstream tasks scheduled from follow-on schedule check
