[2025-11-12T13:17:14.188+0000] {logging_mixin.py:188} INFO - Changing /opt/***/logs/dag_id=real_etl_pipeline_with_failure/run_id=manual__2025-11-12T13:16:47.959366+00:00/task_id=extract_data permission to 509
[2025-11-12T13:17:14.250+0000] {logging_mixin.py:188} INFO - Changing /opt/***/logs/dag_id=real_etl_pipeline_with_failure/run_id=manual__2025-11-12T13:16:47.959366+00:00/task_id=extract_data permission to 509
[2025-11-12T13:17:14.382+0000] {taskinstance.py:1956} INFO - Dependencies all met for dep_context=non-requeueable deps ti=<TaskInstance: real_etl_pipeline_with_failure.extract_data manual__2025-11-12T13:16:47.959366+00:00 [queued]>
[2025-11-12T13:17:14.424+0000] {taskinstance.py:1956} INFO - Dependencies all met for dep_context=requeueable deps ti=<TaskInstance: real_etl_pipeline_with_failure.extract_data manual__2025-11-12T13:16:47.959366+00:00 [queued]>
[2025-11-12T13:17:14.427+0000] {taskinstance.py:2170} INFO - Starting attempt 1 of 1
[2025-11-12T13:17:14.529+0000] {taskinstance.py:2191} INFO - Executing <Task(_PythonDecoratedOperator): extract_data> on 2025-11-12 13:16:47.959366+00:00
[2025-11-12T13:17:14.580+0000] {standard_task_runner.py:60} INFO - Started process 5358 to run task
[2025-11-12T13:17:14.585+0000] {standard_task_runner.py:87} INFO - Running: ['***', 'tasks', 'run', 'real_etl_pipeline_with_failure', 'extract_data', 'manual__2025-11-12T13:16:47.959366+00:00', '--job-id', '10', '--raw', '--subdir', 'DAGS_FOLDER/real_etl_with_failure.py', '--cfg-path', '/tmp/tmp_vdddshi']
[2025-11-12T13:17:14.606+0000] {standard_task_runner.py:88} INFO - Job 10: Subtask extract_data
[2025-11-12T13:17:14.887+0000] {logging_mixin.py:188} INFO - Changing /opt/***/logs/dag_id=real_etl_pipeline_with_failure/run_id=manual__2025-11-12T13:16:47.959366+00:00/task_id=extract_data permission to 509
[2025-11-12T13:17:14.925+0000] {task_command.py:423} INFO - Running <TaskInstance: real_etl_pipeline_with_failure.extract_data manual__2025-11-12T13:16:47.959366+00:00 [running]> on host 0c867993a02e
[2025-11-12T13:17:15.278+0000] {taskinstance.py:2480} INFO - Exporting env vars: AIRFLOW_CTX_DAG_OWNER='***' AIRFLOW_CTX_DAG_ID='real_etl_pipeline_with_failure' AIRFLOW_CTX_TASK_ID='extract_data' AIRFLOW_CTX_EXECUTION_DATE='2025-11-12T13:16:47.959366+00:00' AIRFLOW_CTX_TRY_NUMBER='1' AIRFLOW_CTX_DAG_RUN_ID='manual__2025-11-12T13:16:47.959366+00:00'
[2025-11-12T13:17:18.208+0000] {real_etl_with_failure.py:68} INFO - Extracting raw data...
[2025-11-12T13:17:18.210+0000] {real_etl_with_failure.py:80} INFO - Extracted 4 records.
[2025-11-12T13:17:18.211+0000] {python.py:201} INFO - Done. Returned value was: [{'order_id': '101', 'product': 'Widget A', 'amount': '50'}, {'order_id': '102', 'product': 'Widget B', 'amount': '120'}, {'order_id': '103', 'product': 'Gadget', 'amount': 'ninety-nine'}, {'order_id': '104', 'product': 'Widget C', 'amount': '75'}]
[2025-11-12T13:17:18.344+0000] {logging_mixin.py:188} WARNING - /home/***/.local/lib/python3.8/site-packages/***/models/baseoperator.py:1469 RemovedInAirflow3Warning: Passing 'execution_date' to 'TaskInstance.xcom_push()' is deprecated.
[2025-11-12T13:17:18.428+0000] {taskinstance.py:1138} INFO - Marking task as SUCCESS. dag_id=real_etl_pipeline_with_failure, task_id=extract_data, execution_date=20251112T131647, start_date=20251112T131714, end_date=20251112T131718
[2025-11-12T13:17:23.586+0000] {adapter.py:122} WARNING - Failed to emit OpenLineage event of id 984a3b90-8f0f-3bf9-bd24-1cb6b3ce1f02
[2025-11-12T13:17:23.657+0000] {local_task_job_runner.py:234} INFO - Task exited with return code 0
[2025-11-12T13:17:23.784+0000] {taskinstance.py:3280} INFO - 0 downstream tasks scheduled from follow-on schedule check
