[2025-11-24T04:44:22.697+0000] {processor.py:161} INFO - Started process (PID=4670) to work on /opt/airflow/dags/create_audit_table.py
[2025-11-24T04:44:22.706+0000] {processor.py:830} INFO - Processing file /opt/airflow/dags/create_audit_table.py for tasks to queue
[2025-11-24T04:44:22.709+0000] {logging_mixin.py:188} INFO - [2025-11-24T04:44:22.708+0000] {dagbag.py:538} INFO - Filling up the DagBag from /opt/airflow/dags/create_audit_table.py
[2025-11-24T04:44:22.929+0000] {processor.py:840} INFO - DAG(s) 'create_audit_table' retrieved from /opt/airflow/dags/create_audit_table.py
[2025-11-24T04:44:23.033+0000] {logging_mixin.py:188} INFO - [2025-11-24T04:44:23.033+0000] {dag.py:3036} INFO - Sync 1 DAGs
[2025-11-24T04:44:23.080+0000] {logging_mixin.py:188} INFO - [2025-11-24T04:44:23.079+0000] {dag.py:3823} INFO - Setting next_dagrun for create_audit_table to None, run_after=None
[2025-11-24T04:44:23.161+0000] {processor.py:183} INFO - Processing /opt/airflow/dags/create_audit_table.py took 0.470 seconds
[2025-11-24T04:45:00.485+0000] {processor.py:161} INFO - Started process (PID=4698) to work on /opt/airflow/dags/create_audit_table.py
[2025-11-24T04:45:00.493+0000] {processor.py:830} INFO - Processing file /opt/airflow/dags/create_audit_table.py for tasks to queue
[2025-11-24T04:45:00.499+0000] {logging_mixin.py:188} INFO - [2025-11-24T04:45:00.499+0000] {dagbag.py:538} INFO - Filling up the DagBag from /opt/airflow/dags/create_audit_table.py
[2025-11-24T04:45:00.691+0000] {processor.py:840} INFO - DAG(s) 'create_audit_table' retrieved from /opt/airflow/dags/create_audit_table.py
[2025-11-24T04:45:00.843+0000] {logging_mixin.py:188} INFO - [2025-11-24T04:45:00.842+0000] {dag.py:3036} INFO - Sync 1 DAGs
[2025-11-24T04:45:00.897+0000] {logging_mixin.py:188} INFO - [2025-11-24T04:45:00.897+0000] {dag.py:3823} INFO - Setting next_dagrun for create_audit_table to None, run_after=None
[2025-11-24T04:45:00.993+0000] {processor.py:183} INFO - Processing /opt/airflow/dags/create_audit_table.py took 0.530 seconds
[2025-11-24T04:45:35.022+0000] {processor.py:161} INFO - Started process (PID=4730) to work on /opt/airflow/dags/create_audit_table.py
[2025-11-24T04:45:35.036+0000] {processor.py:830} INFO - Processing file /opt/airflow/dags/create_audit_table.py for tasks to queue
[2025-11-24T04:45:35.040+0000] {logging_mixin.py:188} INFO - [2025-11-24T04:45:35.039+0000] {dagbag.py:538} INFO - Filling up the DagBag from /opt/airflow/dags/create_audit_table.py
[2025-11-24T04:45:35.312+0000] {processor.py:840} INFO - DAG(s) 'create_audit_table' retrieved from /opt/airflow/dags/create_audit_table.py
[2025-11-24T04:45:35.423+0000] {logging_mixin.py:188} INFO - [2025-11-24T04:45:35.423+0000] {dag.py:3036} INFO - Sync 1 DAGs
[2025-11-24T04:45:35.469+0000] {logging_mixin.py:188} INFO - [2025-11-24T04:45:35.469+0000] {dag.py:3823} INFO - Setting next_dagrun for create_audit_table to None, run_after=None
[2025-11-24T04:45:35.544+0000] {processor.py:183} INFO - Processing /opt/airflow/dags/create_audit_table.py took 0.527 seconds
[2025-11-24T04:46:41.257+0000] {processor.py:161} INFO - Started process (PID=4760) to work on /opt/airflow/dags/create_audit_table.py
[2025-11-24T04:46:41.259+0000] {processor.py:830} INFO - Processing file /opt/airflow/dags/create_audit_table.py for tasks to queue
[2025-11-24T04:46:41.261+0000] {logging_mixin.py:188} INFO - [2025-11-24T04:46:41.260+0000] {dagbag.py:538} INFO - Filling up the DagBag from /opt/airflow/dags/create_audit_table.py
[2025-11-24T04:46:41.325+0000] {processor.py:840} INFO - DAG(s) 'create_audit_table' retrieved from /opt/airflow/dags/create_audit_table.py
[2025-11-24T04:46:41.443+0000] {logging_mixin.py:188} INFO - [2025-11-24T04:46:41.433+0000] {dag.py:3036} INFO - Sync 1 DAGs
[2025-11-24T04:46:41.491+0000] {logging_mixin.py:188} INFO - [2025-11-24T04:46:41.491+0000] {dag.py:3823} INFO - Setting next_dagrun for create_audit_table to None, run_after=None
[2025-11-24T04:46:41.562+0000] {processor.py:183} INFO - Processing /opt/airflow/dags/create_audit_table.py took 0.319 seconds
