[2025-11-24T04:42:22.762+0000] {processor.py:161} INFO - Started process (PID=4645) to work on /opt/airflow/dags/etl_pipeline_with_openlineage_errors.py
[2025-11-24T04:42:22.793+0000] {processor.py:830} INFO - Processing file /opt/airflow/dags/etl_pipeline_with_openlineage_errors.py for tasks to queue
[2025-11-24T04:42:22.845+0000] {logging_mixin.py:188} INFO - [2025-11-24T04:42:22.828+0000] {dagbag.py:538} INFO - Filling up the DagBag from /opt/airflow/dags/etl_pipeline_with_openlineage_errors.py
[2025-11-24T04:42:36.050+0000] {processor.py:840} INFO - DAG(s) 'real_etl_pipeline_with_openlineage_errors' retrieved from /opt/airflow/dags/etl_pipeline_with_openlineage_errors.py
[2025-11-24T04:42:39.981+0000] {logging_mixin.py:188} INFO - [2025-11-24T04:42:39.980+0000] {dag.py:3036} INFO - Sync 1 DAGs
[2025-11-24T04:42:42.169+0000] {logging_mixin.py:188} INFO - [2025-11-24T04:42:42.169+0000] {dag.py:3823} INFO - Setting next_dagrun for real_etl_pipeline_with_openlineage_errors to None, run_after=None
[2025-11-24T04:42:42.612+0000] {processor.py:183} INFO - Processing /opt/airflow/dags/etl_pipeline_with_openlineage_errors.py took 20.094 seconds
[2025-11-24T04:44:20.369+0000] {processor.py:161} INFO - Started process (PID=4655) to work on /opt/airflow/dags/etl_pipeline_with_openlineage_errors.py
[2025-11-24T04:44:20.390+0000] {processor.py:830} INFO - Processing file /opt/airflow/dags/etl_pipeline_with_openlineage_errors.py for tasks to queue
[2025-11-24T04:44:20.428+0000] {logging_mixin.py:188} INFO - [2025-11-24T04:44:20.405+0000] {dagbag.py:538} INFO - Filling up the DagBag from /opt/airflow/dags/etl_pipeline_with_openlineage_errors.py
[2025-11-24T04:44:20.609+0000] {processor.py:840} INFO - DAG(s) 'real_etl_pipeline_with_openlineage_errors' retrieved from /opt/airflow/dags/etl_pipeline_with_openlineage_errors.py
[2025-11-24T04:44:20.895+0000] {logging_mixin.py:188} INFO - [2025-11-24T04:44:20.895+0000] {dag.py:3036} INFO - Sync 1 DAGs
[2025-11-24T04:44:21.056+0000] {logging_mixin.py:188} INFO - [2025-11-24T04:44:21.056+0000] {dag.py:3823} INFO - Setting next_dagrun for real_etl_pipeline_with_openlineage_errors to None, run_after=None
[2025-11-24T04:44:21.924+0000] {processor.py:183} INFO - Processing /opt/airflow/dags/etl_pipeline_with_openlineage_errors.py took 1.677 seconds
[2025-11-24T04:44:57.429+0000] {processor.py:161} INFO - Started process (PID=4685) to work on /opt/airflow/dags/etl_pipeline_with_openlineage_errors.py
[2025-11-24T04:44:57.462+0000] {processor.py:830} INFO - Processing file /opt/airflow/dags/etl_pipeline_with_openlineage_errors.py for tasks to queue
[2025-11-24T04:44:57.477+0000] {logging_mixin.py:188} INFO - [2025-11-24T04:44:57.466+0000] {dagbag.py:538} INFO - Filling up the DagBag from /opt/airflow/dags/etl_pipeline_with_openlineage_errors.py
[2025-11-24T04:44:57.716+0000] {processor.py:840} INFO - DAG(s) 'real_etl_pipeline_with_openlineage_errors' retrieved from /opt/airflow/dags/etl_pipeline_with_openlineage_errors.py
[2025-11-24T04:44:58.863+0000] {logging_mixin.py:188} INFO - [2025-11-24T04:44:58.862+0000] {dag.py:3036} INFO - Sync 1 DAGs
[2025-11-24T04:44:58.977+0000] {logging_mixin.py:188} INFO - [2025-11-24T04:44:58.977+0000] {dag.py:3823} INFO - Setting next_dagrun for real_etl_pipeline_with_openlineage_errors to None, run_after=None
[2025-11-24T04:44:59.725+0000] {processor.py:183} INFO - Processing /opt/airflow/dags/etl_pipeline_with_openlineage_errors.py took 2.466 seconds
[2025-11-24T04:45:31.961+0000] {processor.py:161} INFO - Started process (PID=4715) to work on /opt/airflow/dags/etl_pipeline_with_openlineage_errors.py
[2025-11-24T04:45:31.968+0000] {processor.py:830} INFO - Processing file /opt/airflow/dags/etl_pipeline_with_openlineage_errors.py for tasks to queue
[2025-11-24T04:45:31.977+0000] {logging_mixin.py:188} INFO - [2025-11-24T04:45:31.970+0000] {dagbag.py:538} INFO - Filling up the DagBag from /opt/airflow/dags/etl_pipeline_with_openlineage_errors.py
[2025-11-24T04:45:32.217+0000] {processor.py:840} INFO - DAG(s) 'real_etl_pipeline_with_openlineage_errors' retrieved from /opt/airflow/dags/etl_pipeline_with_openlineage_errors.py
[2025-11-24T04:45:33.772+0000] {logging_mixin.py:188} INFO - [2025-11-24T04:45:33.771+0000] {dag.py:3036} INFO - Sync 1 DAGs
[2025-11-24T04:45:34.347+0000] {logging_mixin.py:188} INFO - [2025-11-24T04:45:34.346+0000] {dag.py:3823} INFO - Setting next_dagrun for real_etl_pipeline_with_openlineage_errors to None, run_after=None
[2025-11-24T04:45:34.540+0000] {processor.py:183} INFO - Processing /opt/airflow/dags/etl_pipeline_with_openlineage_errors.py took 2.596 seconds
[2025-11-24T04:46:33.845+0000] {processor.py:161} INFO - Started process (PID=4745) to work on /opt/airflow/dags/etl_pipeline_with_openlineage_errors.py
[2025-11-24T04:46:34.107+0000] {processor.py:830} INFO - Processing file /opt/airflow/dags/etl_pipeline_with_openlineage_errors.py for tasks to queue
[2025-11-24T04:46:34.443+0000] {logging_mixin.py:188} INFO - [2025-11-24T04:46:34.333+0000] {dagbag.py:538} INFO - Filling up the DagBag from /opt/airflow/dags/etl_pipeline_with_openlineage_errors.py
[2025-11-24T04:46:39.170+0000] {processor.py:840} INFO - DAG(s) 'real_etl_pipeline_with_openlineage_errors' retrieved from /opt/airflow/dags/etl_pipeline_with_openlineage_errors.py
[2025-11-24T04:46:40.492+0000] {logging_mixin.py:188} INFO - [2025-11-24T04:46:40.491+0000] {dag.py:3036} INFO - Sync 1 DAGs
[2025-11-24T04:46:40.684+0000] {logging_mixin.py:188} INFO - [2025-11-24T04:46:40.684+0000] {dag.py:3823} INFO - Setting next_dagrun for real_etl_pipeline_with_openlineage_errors to None, run_after=None
[2025-11-24T04:46:40.888+0000] {processor.py:183} INFO - Processing /opt/airflow/dags/etl_pipeline_with_openlineage_errors.py took 15.865 seconds
