[2025-11-13T07:23:41.971+0000] {logging_mixin.py:188} INFO - Changing /opt/***/logs/dag_id=real_etl_pipeline_with_failure/run_id=manual__2025-11-13T07:23:25.999862+00:00/task_id=create_source_and_target_tables permission to 509
[2025-11-13T07:23:42.174+0000] {logging_mixin.py:188} INFO - Changing /opt/***/logs/dag_id=real_etl_pipeline_with_failure/run_id=manual__2025-11-13T07:23:25.999862+00:00/task_id=create_source_and_target_tables permission to 509
[2025-11-13T07:23:42.409+0000] {taskinstance.py:1956} INFO - Dependencies all met for dep_context=non-requeueable deps ti=<TaskInstance: real_etl_pipeline_with_failure.create_source_and_target_tables manual__2025-11-13T07:23:25.999862+00:00 [queued]>
[2025-11-13T07:23:42.435+0000] {taskinstance.py:1956} INFO - Dependencies all met for dep_context=requeueable deps ti=<TaskInstance: real_etl_pipeline_with_failure.create_source_and_target_tables manual__2025-11-13T07:23:25.999862+00:00 [queued]>
[2025-11-13T07:23:42.439+0000] {taskinstance.py:2170} INFO - Starting attempt 1 of 1
[2025-11-13T07:23:42.480+0000] {taskinstance.py:2191} INFO - Executing <Task(PostgresOperator): create_source_and_target_tables> on 2025-11-13 07:23:25.999862+00:00
[2025-11-13T07:23:42.492+0000] {standard_task_runner.py:60} INFO - Started process 10784 to run task
[2025-11-13T07:23:42.498+0000] {standard_task_runner.py:87} INFO - Running: ['***', 'tasks', 'run', 'real_etl_pipeline_with_failure', 'create_source_and_target_tables', 'manual__2025-11-13T07:23:25.999862+00:00', '--job-id', '23', '--raw', '--subdir', 'DAGS_FOLDER/real_etl_with_failure.py', '--cfg-path', '/tmp/tmppjp2tcg8']
[2025-11-13T07:23:42.500+0000] {standard_task_runner.py:88} INFO - Job 23: Subtask create_source_and_target_tables
[2025-11-13T07:23:42.565+0000] {logging_mixin.py:188} INFO - Changing /opt/***/logs/dag_id=real_etl_pipeline_with_failure/run_id=manual__2025-11-13T07:23:25.999862+00:00/task_id=create_source_and_target_tables permission to 509
[2025-11-13T07:23:42.570+0000] {task_command.py:423} INFO - Running <TaskInstance: real_etl_pipeline_with_failure.create_source_and_target_tables manual__2025-11-13T07:23:25.999862+00:00 [running]> on host 0c867993a02e
[2025-11-13T07:23:42.675+0000] {taskinstance.py:2480} INFO - Exporting env vars: AIRFLOW_CTX_DAG_OWNER='***' AIRFLOW_CTX_DAG_ID='real_etl_pipeline_with_failure' AIRFLOW_CTX_TASK_ID='create_source_and_target_tables' AIRFLOW_CTX_EXECUTION_DATE='2025-11-13T07:23:25.999862+00:00' AIRFLOW_CTX_TRY_NUMBER='1' AIRFLOW_CTX_DAG_RUN_ID='manual__2025-11-13T07:23:25.999862+00:00'
[2025-11-13T07:23:42.719+0000] {base.py:83} INFO - Using connection ID 'postgres_default' for task execution.
[2025-11-13T07:23:42.735+0000] {base.py:83} INFO - Using connection ID 'postgres_default' for task execution.
[2025-11-13T07:23:42.747+0000] {base.py:83} INFO - Using connection ID 'postgres_default' for task execution.
[2025-11-13T07:23:42.753+0000] {sql.py:450} INFO - Running statement: SELECT CURRENT_SCHEMA;, parameters: None
[2025-11-13T07:23:42.755+0000] {sql.py:459} INFO - Rows affected: 1
[2025-11-13T07:23:42.765+0000] {base.py:83} INFO - Using connection ID 'postgres_default' for task execution.
[2025-11-13T07:23:42.837+0000] {base.py:83} INFO - Using connection ID 'postgres_default' for task execution.
[2025-11-13T07:23:43.832+0000] {sql.py:276} INFO - Executing: 
        CREATE TABLE IF NOT EXISTS public.raw_orders (
            order_id VARCHAR(50),
            product VARCHAR(100),
            amount VARCHAR(50) -- Stored as string to allow for bad data
        );
        CREATE TABLE IF NOT EXISTS public.clean_orders (
            order_id VARCHAR(50) PRIMARY KEY,
            product VARCHAR(100),
            amount INTEGER NOT NULL -- Stored as integer, this will cause the failure
        );
        TRUNCATE TABLE public.raw_orders;
        TRUNCATE TABLE public.clean_orders;
        
[2025-11-13T07:23:43.846+0000] {base.py:83} INFO - Using connection ID 'postgres_default' for task execution.
[2025-11-13T07:23:43.855+0000] {sql.py:450} INFO - Running statement: 
        CREATE TABLE IF NOT EXISTS public.raw_orders (
            order_id VARCHAR(50),
            product VARCHAR(100),
            amount VARCHAR(50) -- Stored as string to allow for bad data
        );
        CREATE TABLE IF NOT EXISTS public.clean_orders (
            order_id VARCHAR(50) PRIMARY KEY,
            product VARCHAR(100),
            amount INTEGER NOT NULL -- Stored as integer, this will cause the failure
        );
        TRUNCATE TABLE public.raw_orders;
        TRUNCATE TABLE public.clean_orders;
        , parameters: None
[2025-11-13T07:23:43.939+0000] {taskinstance.py:1138} INFO - Marking task as SUCCESS. dag_id=real_etl_pipeline_with_failure, task_id=create_source_and_target_tables, execution_date=20251113T072325, start_date=20251113T072342, end_date=20251113T072343
[2025-11-13T07:23:43.958+0000] {base.py:83} INFO - Using connection ID 'postgres_default' for task execution.
[2025-11-13T07:23:43.967+0000] {base.py:83} INFO - Using connection ID 'postgres_default' for task execution.
[2025-11-13T07:23:43.971+0000] {sql.py:450} INFO - Running statement: SELECT CURRENT_SCHEMA;, parameters: None
[2025-11-13T07:23:43.973+0000] {sql.py:459} INFO - Rows affected: 1
[2025-11-13T07:23:43.980+0000] {base.py:83} INFO - Using connection ID 'postgres_default' for task execution.
[2025-11-13T07:23:44.013+0000] {base.py:83} INFO - Using connection ID 'postgres_default' for task execution.
[2025-11-13T07:23:44.376+0000] {local_task_job_runner.py:234} INFO - Task exited with return code 0
[2025-11-13T07:23:44.407+0000] {taskinstance.py:3280} INFO - 1 downstream tasks scheduled from follow-on schedule check
