[2025-11-17T05:33:58.338+0000] {logging_mixin.py:188} INFO - Changing /opt/***/logs/dag_id=real_etl_pipeline_with_db_logging_full/run_id=manual__2025-11-17T05:33:33.455061+00:00/task_id=extract_data permission to 509
[2025-11-17T05:33:58.893+0000] {logging_mixin.py:188} INFO - Changing /opt/***/logs/dag_id=real_etl_pipeline_with_db_logging_full/run_id=manual__2025-11-17T05:33:33.455061+00:00/task_id=extract_data permission to 509
[2025-11-17T05:34:00.261+0000] {taskinstance.py:1956} INFO - Dependencies all met for dep_context=non-requeueable deps ti=<TaskInstance: real_etl_pipeline_with_db_logging_full.extract_data manual__2025-11-17T05:33:33.455061+00:00 [queued]>
[2025-11-17T05:34:00.464+0000] {taskinstance.py:1956} INFO - Dependencies all met for dep_context=requeueable deps ti=<TaskInstance: real_etl_pipeline_with_db_logging_full.extract_data manual__2025-11-17T05:33:33.455061+00:00 [queued]>
[2025-11-17T05:34:00.644+0000] {taskinstance.py:2170} INFO - Starting attempt 1 of 1
[2025-11-17T05:34:01.074+0000] {taskinstance.py:2191} INFO - Executing <Task(_PythonDecoratedOperator): extract_data> on 2025-11-17 05:33:33.455061+00:00
[2025-11-17T05:34:02.080+0000] {standard_task_runner.py:60} INFO - Started process 274 to run task
[2025-11-17T05:34:02.121+0000] {standard_task_runner.py:87} INFO - Running: ['***', 'tasks', 'run', 'real_etl_pipeline_with_db_logging_full', 'extract_data', 'manual__2025-11-17T05:33:33.455061+00:00', '--job-id', '3', '--raw', '--subdir', 'DAGS_FOLDER/real_etl_with_failure.py', '--cfg-path', '/tmp/tmpx6oivt1s']
[2025-11-17T05:34:02.177+0000] {standard_task_runner.py:88} INFO - Job 3: Subtask extract_data
[2025-11-17T05:34:03.066+0000] {logging_mixin.py:188} INFO - Changing /opt/***/logs/dag_id=real_etl_pipeline_with_db_logging_full/run_id=manual__2025-11-17T05:33:33.455061+00:00/task_id=extract_data permission to 509
[2025-11-17T05:34:03.746+0000] {task_command.py:423} INFO - Running <TaskInstance: real_etl_pipeline_with_db_logging_full.extract_data manual__2025-11-17T05:33:33.455061+00:00 [running]> on host 90bba167cb4e
[2025-11-17T05:34:05.955+0000] {taskinstance.py:2480} INFO - Exporting env vars: AIRFLOW_CTX_DAG_OWNER='***' AIRFLOW_CTX_DAG_ID='real_etl_pipeline_with_db_logging_full' AIRFLOW_CTX_TASK_ID='extract_data' AIRFLOW_CTX_EXECUTION_DATE='2025-11-17T05:33:33.455061+00:00' AIRFLOW_CTX_TRY_NUMBER='1' AIRFLOW_CTX_DAG_RUN_ID='manual__2025-11-17T05:33:33.455061+00:00'
[2025-11-17T05:34:11.659+0000] {adapter.py:122} WARNING - Failed to emit OpenLineage event of id 2796c15c-df43-3f28-a6cb-0ed8e0c339e1
[2025-11-17T05:34:11.700+0000] {real_etl_with_failure.py:141} INFO - Extracting raw data...
[2025-11-17T05:34:11.907+0000] {python.py:201} INFO - Done. Returned value was: [{'order_id': '101', 'product': 'Widget A', 'amount': '50'}, {'order_id': '102', 'product': 'Widget B', 'amount': '120'}, {'order_id': '103', 'product': 'Gadget', 'amount': 'ninety-nine'}, {'order_id': '104', 'product': 'Widget C', 'amount': '75'}]
[2025-11-17T05:34:12.384+0000] {logging_mixin.py:188} WARNING - /home/***/.local/lib/python3.8/site-packages/***/models/baseoperator.py:1469 RemovedInAirflow3Warning: Passing 'execution_date' to 'TaskInstance.xcom_push()' is deprecated.
[2025-11-17T05:34:12.679+0000] {taskinstance.py:1138} INFO - Marking task as SUCCESS. dag_id=real_etl_pipeline_with_db_logging_full, task_id=extract_data, execution_date=20251117T053333, start_date=20251117T053400, end_date=20251117T053412
[2025-11-17T05:34:18.010+0000] {adapter.py:122} WARNING - Failed to emit OpenLineage event of id 2796c15c-df43-3f28-a6cb-0ed8e0c339e1
[2025-11-17T05:34:18.483+0000] {local_task_job_runner.py:234} INFO - Task exited with return code 0
[2025-11-17T05:34:18.670+0000] {taskinstance.py:3280} INFO - 0 downstream tasks scheduled from follow-on schedule check
