[2025-11-17T17:20:44.572+0000] {logging_mixin.py:188} INFO - Changing /opt/***/logs/dag_id=real_etl_pipeline_with_db_logging_full/run_id=manual__2025-11-17T17:20:14.482965+00:00/task_id=create_tables permission to 509
[2025-11-17T17:20:47.640+0000] {logging_mixin.py:188} INFO - Changing /opt/***/logs/dag_id=real_etl_pipeline_with_db_logging_full/run_id=manual__2025-11-17T17:20:14.482965+00:00/task_id=create_tables permission to 509
[2025-11-17T17:20:48.331+0000] {taskinstance.py:1956} INFO - Dependencies all met for dep_context=non-requeueable deps ti=<TaskInstance: real_etl_pipeline_with_db_logging_full.create_tables manual__2025-11-17T17:20:14.482965+00:00 [queued]>
[2025-11-17T17:20:48.372+0000] {taskinstance.py:1956} INFO - Dependencies all met for dep_context=requeueable deps ti=<TaskInstance: real_etl_pipeline_with_db_logging_full.create_tables manual__2025-11-17T17:20:14.482965+00:00 [queued]>
[2025-11-17T17:20:48.373+0000] {taskinstance.py:2170} INFO - Starting attempt 1 of 1
[2025-11-17T17:20:48.420+0000] {taskinstance.py:2191} INFO - Executing <Task(PostgresOperator): create_tables> on 2025-11-17 17:20:14.482965+00:00
[2025-11-17T17:20:48.444+0000] {standard_task_runner.py:60} INFO - Started process 8857 to run task
[2025-11-17T17:20:48.450+0000] {standard_task_runner.py:87} INFO - Running: ['***', 'tasks', 'run', 'real_etl_pipeline_with_db_logging_full', 'create_tables', 'manual__2025-11-17T17:20:14.482965+00:00', '--job-id', '17', '--raw', '--subdir', 'DAGS_FOLDER/real_etl_with_failure.py', '--cfg-path', '/tmp/tmp5cky3ngn']
[2025-11-17T17:20:48.452+0000] {standard_task_runner.py:88} INFO - Job 17: Subtask create_tables
[2025-11-17T17:20:48.546+0000] {logging_mixin.py:188} INFO - Changing /opt/***/logs/dag_id=real_etl_pipeline_with_db_logging_full/run_id=manual__2025-11-17T17:20:14.482965+00:00/task_id=create_tables permission to 509
[2025-11-17T17:20:48.551+0000] {task_command.py:423} INFO - Running <TaskInstance: real_etl_pipeline_with_db_logging_full.create_tables manual__2025-11-17T17:20:14.482965+00:00 [running]> on host bf83f8158c22
[2025-11-17T17:20:49.500+0000] {taskinstance.py:2480} INFO - Exporting env vars: AIRFLOW_CTX_DAG_OWNER='***' AIRFLOW_CTX_DAG_ID='real_etl_pipeline_with_db_logging_full' AIRFLOW_CTX_TASK_ID='create_tables' AIRFLOW_CTX_EXECUTION_DATE='2025-11-17T17:20:14.482965+00:00' AIRFLOW_CTX_TRY_NUMBER='1' AIRFLOW_CTX_DAG_RUN_ID='manual__2025-11-17T17:20:14.482965+00:00'
[2025-11-17T17:20:49.641+0000] {base.py:83} INFO - Using connection ID 'postgres_default' for task execution.
[2025-11-17T17:20:49.695+0000] {base.py:83} INFO - Using connection ID 'postgres_default' for task execution.
[2025-11-17T17:20:49.718+0000] {base.py:83} INFO - Using connection ID 'postgres_default' for task execution.
[2025-11-17T17:20:49.726+0000] {sql.py:450} INFO - Running statement: SELECT CURRENT_SCHEMA;, parameters: None
[2025-11-17T17:20:49.732+0000] {sql.py:459} INFO - Rows affected: 1
[2025-11-17T17:20:49.747+0000] {base.py:83} INFO - Using connection ID 'postgres_default' for task execution.
[2025-11-17T17:20:50.380+0000] {base.py:83} INFO - Using connection ID 'postgres_default' for task execution.
[2025-11-17T17:20:51.701+0000] {sql.py:276} INFO - Executing: 
        CREATE TABLE IF NOT EXISTS public.raw_orders (
            order_id VARCHAR(50), product VARCHAR(100), amount VARCHAR(50)
        );
        CREATE TABLE IF NOT EXISTS public.clean_orders (
            order_id VARCHAR(50) PRIMARY KEY, product VARCHAR(100), amount INTEGER NOT NULL
        );
        CREATE TABLE IF NOT EXISTS public.pipeline_audit_log (
            audit_id BIGSERIAL PRIMARY KEY, dag_id TEXT, task_id TEXT, ***_run_id TEXT,
            lineage_run_id TEXT, job_name TEXT, namespace TEXT, status TEXT, error TEXT,
            error_class TEXT, error_message TEXT, stack_trace TEXT, total_records INT,
            success_count INT, failure_count INT, failed_records JSONB, started_at TIMESTAMP,
            finished_at TIMESTAMP, hostname TEXT, extra_metadata JSONB
        );
        TRUNCATE TABLE public.raw_orders; TRUNCATE TABLE public.clean_orders;
        
[2025-11-17T17:20:51.710+0000] {base.py:83} INFO - Using connection ID 'postgres_default' for task execution.
[2025-11-17T17:20:51.717+0000] {sql.py:450} INFO - Running statement: 
        CREATE TABLE IF NOT EXISTS public.raw_orders (
            order_id VARCHAR(50), product VARCHAR(100), amount VARCHAR(50)
        );
        CREATE TABLE IF NOT EXISTS public.clean_orders (
            order_id VARCHAR(50) PRIMARY KEY, product VARCHAR(100), amount INTEGER NOT NULL
        );
        CREATE TABLE IF NOT EXISTS public.pipeline_audit_log (
            audit_id BIGSERIAL PRIMARY KEY, dag_id TEXT, task_id TEXT, ***_run_id TEXT,
            lineage_run_id TEXT, job_name TEXT, namespace TEXT, status TEXT, error TEXT,
            error_class TEXT, error_message TEXT, stack_trace TEXT, total_records INT,
            success_count INT, failure_count INT, failed_records JSONB, started_at TIMESTAMP,
            finished_at TIMESTAMP, hostname TEXT, extra_metadata JSONB
        );
        TRUNCATE TABLE public.raw_orders; TRUNCATE TABLE public.clean_orders;
        , parameters: None
[2025-11-17T17:20:51.774+0000] {taskinstance.py:1138} INFO - Marking task as SUCCESS. dag_id=real_etl_pipeline_with_db_logging_full, task_id=create_tables, execution_date=20251117T172014, start_date=20251117T172048, end_date=20251117T172051
[2025-11-17T17:20:51.799+0000] {base.py:83} INFO - Using connection ID 'postgres_default' for task execution.
[2025-11-17T17:20:51.808+0000] {base.py:83} INFO - Using connection ID 'postgres_default' for task execution.
[2025-11-17T17:20:51.818+0000] {sql.py:450} INFO - Running statement: SELECT CURRENT_SCHEMA;, parameters: None
[2025-11-17T17:20:51.820+0000] {sql.py:459} INFO - Rows affected: 1
[2025-11-17T17:20:51.829+0000] {base.py:83} INFO - Using connection ID 'postgres_default' for task execution.
[2025-11-17T17:20:51.867+0000] {base.py:83} INFO - Using connection ID 'postgres_default' for task execution.
[2025-11-17T17:20:52.409+0000] {local_task_job_runner.py:234} INFO - Task exited with return code 0
[2025-11-17T17:20:52.492+0000] {taskinstance.py:3280} INFO - 0 downstream tasks scheduled from follow-on schedule check
