[2025-11-18T11:11:10.525+0000] {logging_mixin.py:188} INFO - Changing /opt/***/logs/dag_id=real_etl_pipeline_with_openlineage_errors/run_id=manual__2025-11-18T11:10:52.459157+00:00/task_id=create_tables permission to 509
[2025-11-18T11:11:10.762+0000] {logging_mixin.py:188} INFO - Changing /opt/***/logs/dag_id=real_etl_pipeline_with_openlineage_errors/run_id=manual__2025-11-18T11:10:52.459157+00:00/task_id=create_tables permission to 509
[2025-11-18T11:11:11.629+0000] {taskinstance.py:1956} INFO - Dependencies all met for dep_context=non-requeueable deps ti=<TaskInstance: real_etl_pipeline_with_openlineage_errors.create_tables manual__2025-11-18T11:10:52.459157+00:00 [queued]>
[2025-11-18T11:11:11.725+0000] {taskinstance.py:1956} INFO - Dependencies all met for dep_context=requeueable deps ti=<TaskInstance: real_etl_pipeline_with_openlineage_errors.create_tables manual__2025-11-18T11:10:52.459157+00:00 [queued]>
[2025-11-18T11:11:11.731+0000] {taskinstance.py:2170} INFO - Starting attempt 1 of 1
[2025-11-18T11:11:11.929+0000] {taskinstance.py:2191} INFO - Executing <Task(PostgresOperator): create_tables> on 2025-11-18 11:10:52.459157+00:00
[2025-11-18T11:11:11.994+0000] {standard_task_runner.py:60} INFO - Started process 23217 to run task
[2025-11-18T11:11:12.004+0000] {standard_task_runner.py:87} INFO - Running: ['***', 'tasks', 'run', 'real_etl_pipeline_with_openlineage_errors', 'create_tables', 'manual__2025-11-18T11:10:52.459157+00:00', '--job-id', '25', '--raw', '--subdir', 'DAGS_FOLDER/etl_pipeline_with_openlineage_errors.py', '--cfg-path', '/tmp/tmpdft8qezp']
[2025-11-18T11:11:12.012+0000] {standard_task_runner.py:88} INFO - Job 25: Subtask create_tables
[2025-11-18T11:11:12.307+0000] {logging_mixin.py:188} INFO - Changing /opt/***/logs/dag_id=real_etl_pipeline_with_openlineage_errors/run_id=manual__2025-11-18T11:10:52.459157+00:00/task_id=create_tables permission to 509
[2025-11-18T11:11:12.329+0000] {task_command.py:423} INFO - Running <TaskInstance: real_etl_pipeline_with_openlineage_errors.create_tables manual__2025-11-18T11:10:52.459157+00:00 [running]> on host bf83f8158c22
[2025-11-18T11:11:12.785+0000] {taskinstance.py:2480} INFO - Exporting env vars: AIRFLOW_CTX_DAG_OWNER='***' AIRFLOW_CTX_DAG_ID='real_etl_pipeline_with_openlineage_errors' AIRFLOW_CTX_TASK_ID='create_tables' AIRFLOW_CTX_EXECUTION_DATE='2025-11-18T11:10:52.459157+00:00' AIRFLOW_CTX_TRY_NUMBER='1' AIRFLOW_CTX_DAG_RUN_ID='manual__2025-11-18T11:10:52.459157+00:00'
[2025-11-18T11:11:12.965+0000] {base.py:83} INFO - Using connection ID 'postgres_default' for task execution.
[2025-11-18T11:11:13.058+0000] {base.py:83} INFO - Using connection ID 'postgres_default' for task execution.
[2025-11-18T11:11:13.082+0000] {base.py:83} INFO - Using connection ID 'postgres_default' for task execution.
[2025-11-18T11:11:13.098+0000] {sql.py:450} INFO - Running statement: SELECT CURRENT_SCHEMA;, parameters: None
[2025-11-18T11:11:13.104+0000] {sql.py:459} INFO - Rows affected: 1
[2025-11-18T11:11:13.129+0000] {base.py:83} INFO - Using connection ID 'postgres_default' for task execution.
[2025-11-18T11:11:15.336+0000] {base.py:83} INFO - Using connection ID 'postgres_default' for task execution.
[2025-11-18T11:11:21.628+0000] {adapter.py:122} WARNING - Failed to emit OpenLineage event of id 606d3940-aea6-33aa-853b-f7988f6fafbd
[2025-11-18T11:11:21.765+0000] {sql.py:276} INFO - Executing: 
        CREATE TABLE IF NOT EXISTS public.raw_orders (
            order_id VARCHAR(50), product VARCHAR(100), amount VARCHAR(50)
        );
        CREATE TABLE IF NOT EXISTS public.clean_orders (
            order_id VARCHAR(50) PRIMARY KEY, product VARCHAR(100), amount INTEGER NOT NULL
        );
        CREATE TABLE IF NOT EXISTS public.pipeline_audit_log (
            audit_id BIGSERIAL PRIMARY KEY,
            dag_id TEXT,
            task_id TEXT,
            ***_run_id TEXT,
            lineage_run_id TEXT,
            job_name TEXT,
            namespace TEXT,
            status TEXT,
            error TEXT,
            error_class TEXT,
            error_message TEXT,
            stack_trace TEXT,
            total_records INT,
            success_count INT,
            failure_count INT,
            failed_records JSONB,
            started_at TIMESTAMP,
            finished_at TIMESTAMP,
            hostname TEXT,
            extra_metadata JSONB
        );
        TRUNCATE TABLE public.raw_orders;
        TRUNCATE TABLE public.clean_orders;
        
[2025-11-18T11:11:22.374+0000] {base.py:83} INFO - Using connection ID 'postgres_default' for task execution.
[2025-11-18T11:11:23.593+0000] {sql.py:450} INFO - Running statement: 
        CREATE TABLE IF NOT EXISTS public.raw_orders (
            order_id VARCHAR(50), product VARCHAR(100), amount VARCHAR(50)
        );
        CREATE TABLE IF NOT EXISTS public.clean_orders (
            order_id VARCHAR(50) PRIMARY KEY, product VARCHAR(100), amount INTEGER NOT NULL
        );
        CREATE TABLE IF NOT EXISTS public.pipeline_audit_log (
            audit_id BIGSERIAL PRIMARY KEY,
            dag_id TEXT,
            task_id TEXT,
            ***_run_id TEXT,
            lineage_run_id TEXT,
            job_name TEXT,
            namespace TEXT,
            status TEXT,
            error TEXT,
            error_class TEXT,
            error_message TEXT,
            stack_trace TEXT,
            total_records INT,
            success_count INT,
            failure_count INT,
            failed_records JSONB,
            started_at TIMESTAMP,
            finished_at TIMESTAMP,
            hostname TEXT,
            extra_metadata JSONB
        );
        TRUNCATE TABLE public.raw_orders;
        TRUNCATE TABLE public.clean_orders;
        , parameters: None
[2025-11-18T11:11:26.634+0000] {taskinstance.py:1138} INFO - Marking task as SUCCESS. dag_id=real_etl_pipeline_with_openlineage_errors, task_id=create_tables, execution_date=20251118T111052, start_date=20251118T111111, end_date=20251118T111126
[2025-11-18T11:11:29.405+0000] {base.py:83} INFO - Using connection ID 'postgres_default' for task execution.
[2025-11-18T11:11:29.478+0000] {base.py:83} INFO - Using connection ID 'postgres_default' for task execution.
[2025-11-18T11:11:29.556+0000] {sql.py:450} INFO - Running statement: SELECT CURRENT_SCHEMA;, parameters: None
[2025-11-18T11:11:29.604+0000] {sql.py:459} INFO - Rows affected: 1
[2025-11-18T11:11:30.178+0000] {base.py:83} INFO - Using connection ID 'postgres_default' for task execution.
[2025-11-18T11:11:30.495+0000] {base.py:83} INFO - Using connection ID 'postgres_default' for task execution.
[2025-11-18T11:11:37.565+0000] {local_task_job_runner.py:302} WARNING - State of this instance has been externally set to success. Terminating instance.
[2025-11-18T11:11:37.667+0000] {process_utils.py:131} INFO - Sending 15 to group 23217. PIDs of all processes in the group: [23217]
[2025-11-18T11:11:37.688+0000] {process_utils.py:86} INFO - Sending the signal 15 to group 23217
[2025-11-18T11:11:37.707+0000] {taskinstance.py:2450} ERROR - Received SIGTERM. Terminating subprocesses.
[2025-11-18T11:11:37.723+0000] {adapter.py:122} WARNING - Failed to emit OpenLineage event of id 606d3940-aea6-33aa-853b-f7988f6fafbd
[2025-11-18T11:11:38.262+0000] {process_utils.py:79} INFO - Process psutil.Process(pid=23217, status='terminated', exitcode=0, started='11:11:11') (23217) terminated with exit code 0
