[2025-11-08T19:50:31.422+0000] {logging_mixin.py:188} INFO - Changing /opt/***/logs/dag_id=simple_etl_lineage/run_id=manual__2025-11-08T19:48:40.507696+00:00/task_id=run_load permission to 509
[2025-11-08T19:50:31.465+0000] {logging_mixin.py:188} INFO - Changing /opt/***/logs/dag_id=simple_etl_lineage/run_id=manual__2025-11-08T19:48:40.507696+00:00/task_id=run_load permission to 509
[2025-11-08T19:50:31.546+0000] {taskinstance.py:1956} INFO - Dependencies all met for dep_context=non-requeueable deps ti=<TaskInstance: simple_etl_lineage.run_load manual__2025-11-08T19:48:40.507696+00:00 [queued]>
[2025-11-08T19:50:31.560+0000] {taskinstance.py:1956} INFO - Dependencies all met for dep_context=requeueable deps ti=<TaskInstance: simple_etl_lineage.run_load manual__2025-11-08T19:48:40.507696+00:00 [queued]>
[2025-11-08T19:50:31.561+0000] {taskinstance.py:2170} INFO - Starting attempt 2 of 2
[2025-11-08T19:50:31.579+0000] {taskinstance.py:2191} INFO - Executing <Task(PythonOperator): run_load> on 2025-11-08 19:48:40.507696+00:00
[2025-11-08T19:50:31.588+0000] {standard_task_runner.py:60} INFO - Started process 233 to run task
[2025-11-08T19:50:31.606+0000] {standard_task_runner.py:87} INFO - Running: ['***', 'tasks', 'run', 'simple_etl_lineage', 'run_load', 'manual__2025-11-08T19:48:40.507696+00:00', '--job-id', '6', '--raw', '--subdir', 'DAGS_FOLDER/etl_dag.py', '--cfg-path', '/tmp/tmp67f9mvir']
[2025-11-08T19:50:31.610+0000] {standard_task_runner.py:88} INFO - Job 6: Subtask run_load
[2025-11-08T19:50:31.680+0000] {logging_mixin.py:188} INFO - Changing /opt/***/logs/dag_id=simple_etl_lineage/run_id=manual__2025-11-08T19:48:40.507696+00:00/task_id=run_load permission to 509
[2025-11-08T19:50:31.683+0000] {task_command.py:423} INFO - Running <TaskInstance: simple_etl_lineage.run_load manual__2025-11-08T19:48:40.507696+00:00 [running]> on host ad64c233cc16
[2025-11-08T19:50:31.798+0000] {taskinstance.py:2480} INFO - Exporting env vars: AIRFLOW_CTX_DAG_OWNER='***' AIRFLOW_CTX_DAG_ID='simple_etl_lineage' AIRFLOW_CTX_TASK_ID='run_load' AIRFLOW_CTX_EXECUTION_DATE='2025-11-08T19:48:40.507696+00:00' AIRFLOW_CTX_TRY_NUMBER='2' AIRFLOW_CTX_DAG_RUN_ID='manual__2025-11-08T19:48:40.507696+00:00'
[2025-11-08T19:50:41.827+0000] {adapter.py:122} WARNING - Failed to emit OpenLineage event of id 01222cb7-4759-3521-b2b9-11679cedcef6
[2025-11-08T19:50:41.848+0000] {logging_mixin.py:188} INFO - Running: python /opt/***/scripts/load.py run_8c029c91fc4241e2b35d8ca6e90abbb1 /opt/***/persist/run_8c029c91fc4241e2b35d8ca6e90abbb1__transform__output.csv
[2025-11-08T19:50:41.903+0000] {python.py:201} INFO - Done. Returned value was: None
[2025-11-08T19:50:41.921+0000] {taskinstance.py:1138} INFO - Marking task as SUCCESS. dag_id=simple_etl_lineage, task_id=run_load, execution_date=20251108T194840, start_date=20251108T195031, end_date=20251108T195041
[2025-11-08T19:50:51.860+0000] {local_task_job_runner.py:302} WARNING - State of this instance has been externally set to success. Terminating instance.
[2025-11-08T19:50:51.872+0000] {process_utils.py:131} INFO - Sending 15 to group 233. PIDs of all processes in the group: [233]
[2025-11-08T19:50:51.879+0000] {process_utils.py:86} INFO - Sending the signal 15 to group 233
[2025-11-08T19:50:51.980+0000] {taskinstance.py:2450} ERROR - Received SIGTERM. Terminating subprocesses.
[2025-11-08T19:50:51.981+0000] {adapter.py:122} WARNING - Failed to emit OpenLineage event of id 01222cb7-4759-3521-b2b9-11679cedcef6
[2025-11-08T19:50:52.017+0000] {process_utils.py:79} INFO - Process psutil.Process(pid=233, status='terminated', exitcode=0, started='19:50:31') (233) terminated with exit code 0
