[2025-11-11T14:36:42.583+0000] {logging_mixin.py:188} INFO - Changing /opt/***/logs/dag_id=real_etl_pipeline_with_failure/run_id=manual__2025-11-11T14:36:20.517161+00:00/task_id=create_source_and_target_tables permission to 509
[2025-11-11T14:36:42.827+0000] {logging_mixin.py:188} INFO - Changing /opt/***/logs/dag_id=real_etl_pipeline_with_failure/run_id=manual__2025-11-11T14:36:20.517161+00:00/task_id=create_source_and_target_tables permission to 509
[2025-11-11T14:36:43.359+0000] {taskinstance.py:1956} INFO - Dependencies all met for dep_context=non-requeueable deps ti=<TaskInstance: real_etl_pipeline_with_failure.create_source_and_target_tables manual__2025-11-11T14:36:20.517161+00:00 [queued]>
[2025-11-11T14:36:43.382+0000] {taskinstance.py:1956} INFO - Dependencies all met for dep_context=requeueable deps ti=<TaskInstance: real_etl_pipeline_with_failure.create_source_and_target_tables manual__2025-11-11T14:36:20.517161+00:00 [queued]>
[2025-11-11T14:36:43.383+0000] {taskinstance.py:2170} INFO - Starting attempt 1 of 1
[2025-11-11T14:36:43.429+0000] {taskinstance.py:2191} INFO - Executing <Task(PostgresOperator): create_source_and_target_tables> on 2025-11-11 14:36:20.517161+00:00
[2025-11-11T14:36:43.450+0000] {standard_task_runner.py:60} INFO - Started process 1211 to run task
[2025-11-11T14:36:43.460+0000] {standard_task_runner.py:87} INFO - Running: ['***', 'tasks', 'run', 'real_etl_pipeline_with_failure', 'create_source_and_target_tables', 'manual__2025-11-11T14:36:20.517161+00:00', '--job-id', '4', '--raw', '--subdir', 'DAGS_FOLDER/real_etl_with_failure.py', '--cfg-path', '/tmp/tmp0y995z2e']
[2025-11-11T14:36:43.462+0000] {standard_task_runner.py:88} INFO - Job 4: Subtask create_source_and_target_tables
[2025-11-11T14:36:43.609+0000] {logging_mixin.py:188} INFO - Changing /opt/***/logs/dag_id=real_etl_pipeline_with_failure/run_id=manual__2025-11-11T14:36:20.517161+00:00/task_id=create_source_and_target_tables permission to 509
[2025-11-11T14:36:43.616+0000] {task_command.py:423} INFO - Running <TaskInstance: real_etl_pipeline_with_failure.create_source_and_target_tables manual__2025-11-11T14:36:20.517161+00:00 [running]> on host 7485a8aa75cf
[2025-11-11T14:36:43.824+0000] {taskinstance.py:2480} INFO - Exporting env vars: AIRFLOW_CTX_DAG_OWNER='***' AIRFLOW_CTX_DAG_ID='real_etl_pipeline_with_failure' AIRFLOW_CTX_TASK_ID='create_source_and_target_tables' AIRFLOW_CTX_EXECUTION_DATE='2025-11-11T14:36:20.517161+00:00' AIRFLOW_CTX_TRY_NUMBER='1' AIRFLOW_CTX_DAG_RUN_ID='manual__2025-11-11T14:36:20.517161+00:00'
[2025-11-11T14:36:43.918+0000] {base.py:83} INFO - Using connection ID 'postgres_default' for task execution.
[2025-11-11T14:36:43.954+0000] {base.py:83} INFO - Using connection ID 'postgres_default' for task execution.
[2025-11-11T14:36:43.972+0000] {base.py:83} INFO - Using connection ID 'postgres_default' for task execution.
[2025-11-11T14:36:43.980+0000] {sql.py:450} INFO - Running statement: SELECT CURRENT_SCHEMA;, parameters: None
[2025-11-11T14:36:43.981+0000] {sql.py:459} INFO - Rows affected: 1
[2025-11-11T14:36:43.997+0000] {base.py:83} INFO - Using connection ID 'postgres_default' for task execution.
[2025-11-11T14:36:44.080+0000] {base.py:83} INFO - Using connection ID 'postgres_default' for task execution.
[2025-11-11T14:36:45.274+0000] {sql.py:276} INFO - Executing: 
        CREATE TABLE IF NOT EXISTS public.raw_orders (
            order_id VARCHAR(50),
            product VARCHAR(100),
            amount VARCHAR(50) -- Stored as string to allow for bad data
        );
        CREATE TABLE IF NOT EXISTS public.clean_orders (
            order_id VARCHAR(50) PRIMARY KEY,
            product VARCHAR(100),
            amount INTEGER NOT NULL -- Stored as integer, this will cause the failure
        );
        TRUNCATE TABLE public.raw_orders;
        TRUNCATE TABLE public.clean_orders;
        
[2025-11-11T14:36:45.292+0000] {base.py:83} INFO - Using connection ID 'postgres_default' for task execution.
[2025-11-11T14:36:45.300+0000] {sql.py:450} INFO - Running statement: 
        CREATE TABLE IF NOT EXISTS public.raw_orders (
            order_id VARCHAR(50),
            product VARCHAR(100),
            amount VARCHAR(50) -- Stored as string to allow for bad data
        );
        CREATE TABLE IF NOT EXISTS public.clean_orders (
            order_id VARCHAR(50) PRIMARY KEY,
            product VARCHAR(100),
            amount INTEGER NOT NULL -- Stored as integer, this will cause the failure
        );
        TRUNCATE TABLE public.raw_orders;
        TRUNCATE TABLE public.clean_orders;
        , parameters: None
[2025-11-11T14:36:45.624+0000] {taskinstance.py:1138} INFO - Marking task as SUCCESS. dag_id=real_etl_pipeline_with_failure, task_id=create_source_and_target_tables, execution_date=20251111T143620, start_date=20251111T143643, end_date=20251111T143645
[2025-11-11T14:36:45.701+0000] {base.py:83} INFO - Using connection ID 'postgres_default' for task execution.
[2025-11-11T14:36:45.743+0000] {base.py:83} INFO - Using connection ID 'postgres_default' for task execution.
[2025-11-11T14:36:45.786+0000] {sql.py:450} INFO - Running statement: SELECT CURRENT_SCHEMA;, parameters: None
[2025-11-11T14:36:45.796+0000] {sql.py:459} INFO - Rows affected: 1
[2025-11-11T14:36:45.816+0000] {base.py:83} INFO - Using connection ID 'postgres_default' for task execution.
[2025-11-11T14:36:45.894+0000] {base.py:83} INFO - Using connection ID 'postgres_default' for task execution.
[2025-11-11T14:36:51.272+0000] {adapter.py:122} WARNING - Failed to emit OpenLineage event of id 7b9a4605-7ffa-3b4e-a424-af271db44d81
[2025-11-11T14:36:53.197+0000] {local_task_job_runner.py:234} INFO - Task exited with return code 0
[2025-11-11T14:36:53.384+0000] {taskinstance.py:3280} INFO - 0 downstream tasks scheduled from follow-on schedule check
