[2025-11-08T19:48:43.341+0000] {logging_mixin.py:188} INFO - Changing /opt/***/logs/dag_id=simple_etl_lineage/run_id=manual__2025-11-08T19:48:40.507696+00:00/task_id=run_extract permission to 509
[2025-11-08T19:48:43.530+0000] {logging_mixin.py:188} INFO - Changing /opt/***/logs/dag_id=simple_etl_lineage/run_id=manual__2025-11-08T19:48:40.507696+00:00/task_id=run_extract permission to 509
[2025-11-08T19:48:43.733+0000] {taskinstance.py:1956} INFO - Dependencies all met for dep_context=non-requeueable deps ti=<TaskInstance: simple_etl_lineage.run_extract manual__2025-11-08T19:48:40.507696+00:00 [queued]>
[2025-11-08T19:48:43.778+0000] {taskinstance.py:1956} INFO - Dependencies all met for dep_context=requeueable deps ti=<TaskInstance: simple_etl_lineage.run_extract manual__2025-11-08T19:48:40.507696+00:00 [queued]>
[2025-11-08T19:48:43.780+0000] {taskinstance.py:2170} INFO - Starting attempt 1 of 1
[2025-11-08T19:48:43.829+0000] {taskinstance.py:2191} INFO - Executing <Task(PythonOperator): run_extract> on 2025-11-08 19:48:40.507696+00:00
[2025-11-08T19:48:43.838+0000] {standard_task_runner.py:60} INFO - Started process 202 to run task
[2025-11-08T19:48:43.845+0000] {standard_task_runner.py:87} INFO - Running: ['***', 'tasks', 'run', 'simple_etl_lineage', 'run_extract', 'manual__2025-11-08T19:48:40.507696+00:00', '--job-id', '2', '--raw', '--subdir', 'DAGS_FOLDER/etl_dag.py', '--cfg-path', '/tmp/tmpsmipit68']
[2025-11-08T19:48:43.848+0000] {standard_task_runner.py:88} INFO - Job 2: Subtask run_extract
[2025-11-08T19:48:43.984+0000] {logging_mixin.py:188} INFO - Changing /opt/***/logs/dag_id=simple_etl_lineage/run_id=manual__2025-11-08T19:48:40.507696+00:00/task_id=run_extract permission to 509
[2025-11-08T19:48:44.017+0000] {task_command.py:423} INFO - Running <TaskInstance: simple_etl_lineage.run_extract manual__2025-11-08T19:48:40.507696+00:00 [running]> on host ad64c233cc16
[2025-11-08T19:48:44.268+0000] {taskinstance.py:2480} INFO - Exporting env vars: AIRFLOW_CTX_DAG_OWNER='***' AIRFLOW_CTX_DAG_ID='simple_etl_lineage' AIRFLOW_CTX_TASK_ID='run_extract' AIRFLOW_CTX_EXECUTION_DATE='2025-11-08T19:48:40.507696+00:00' AIRFLOW_CTX_TRY_NUMBER='1' AIRFLOW_CTX_DAG_RUN_ID='manual__2025-11-08T19:48:40.507696+00:00'
[2025-11-08T19:48:54.490+0000] {adapter.py:122} WARNING - Failed to emit OpenLineage event of id 1b0c052c-3345-3a72-be9c-5b81308e7834
[2025-11-08T19:48:54.521+0000] {logging_mixin.py:188} INFO - Running: python /opt/***/scripts/extract.py run_8c029c91fc4241e2b35d8ca6e90abbb1
[2025-11-08T19:48:54.574+0000] {python.py:201} INFO - Done. Returned value was: None
[2025-11-08T19:48:54.587+0000] {taskinstance.py:1138} INFO - Marking task as SUCCESS. dag_id=simple_etl_lineage, task_id=run_extract, execution_date=20251108T194840, start_date=20251108T194843, end_date=20251108T194854
[2025-11-08T19:49:04.046+0000] {local_task_job_runner.py:302} WARNING - State of this instance has been externally set to success. Terminating instance.
[2025-11-08T19:49:04.056+0000] {process_utils.py:131} INFO - Sending 15 to group 202. PIDs of all processes in the group: [202]
[2025-11-08T19:49:04.057+0000] {process_utils.py:86} INFO - Sending the signal 15 to group 202
[2025-11-08T19:49:04.850+0000] {taskinstance.py:2450} ERROR - Received SIGTERM. Terminating subprocesses.
[2025-11-08T19:49:04.865+0000] {adapter.py:122} WARNING - Failed to emit OpenLineage event of id 1b0c052c-3345-3a72-be9c-5b81308e7834
[2025-11-08T19:49:05.018+0000] {process_utils.py:79} INFO - Process psutil.Process(pid=202, status='terminated', exitcode=0, started='19:48:43') (202) terminated with exit code 0
