[2025-11-13T13:06:12.678+0000] {logging_mixin.py:188} INFO - Changing /opt/***/logs/dag_id=real_etl_pipeline_with_db_logging/run_id=manual__2025-11-13T13:05:02.247793+00:00/task_id=load_data permission to 509
[2025-11-13T13:06:12.741+0000] {logging_mixin.py:188} INFO - Changing /opt/***/logs/dag_id=real_etl_pipeline_with_db_logging/run_id=manual__2025-11-13T13:05:02.247793+00:00/task_id=load_data permission to 509
[2025-11-13T13:06:12.838+0000] {taskinstance.py:1956} INFO - Dependencies all met for dep_context=non-requeueable deps ti=<TaskInstance: real_etl_pipeline_with_db_logging.load_data manual__2025-11-13T13:05:02.247793+00:00 [queued]>
[2025-11-13T13:06:12.875+0000] {taskinstance.py:1956} INFO - Dependencies all met for dep_context=requeueable deps ti=<TaskInstance: real_etl_pipeline_with_db_logging.load_data manual__2025-11-13T13:05:02.247793+00:00 [queued]>
[2025-11-13T13:06:12.901+0000] {taskinstance.py:2170} INFO - Starting attempt 1 of 1
[2025-11-13T13:06:12.941+0000] {taskinstance.py:2191} INFO - Executing <Task(_PythonDecoratedOperator): load_data> on 2025-11-13 13:05:02.247793+00:00
[2025-11-13T13:06:12.957+0000] {standard_task_runner.py:60} INFO - Started process 1531 to run task
[2025-11-13T13:06:12.962+0000] {standard_task_runner.py:87} INFO - Running: ['***', 'tasks', 'run', 'real_etl_pipeline_with_db_logging', 'load_data', 'manual__2025-11-13T13:05:02.247793+00:00', '--job-id', '14', '--raw', '--subdir', 'DAGS_FOLDER/real_etl_with_failure.py', '--cfg-path', '/tmp/tmpvibmyppv']
[2025-11-13T13:06:12.971+0000] {standard_task_runner.py:88} INFO - Job 14: Subtask load_data
[2025-11-13T13:06:13.111+0000] {logging_mixin.py:188} INFO - Changing /opt/***/logs/dag_id=real_etl_pipeline_with_db_logging/run_id=manual__2025-11-13T13:05:02.247793+00:00/task_id=load_data permission to 509
[2025-11-13T13:06:13.115+0000] {task_command.py:423} INFO - Running <TaskInstance: real_etl_pipeline_with_db_logging.load_data manual__2025-11-13T13:05:02.247793+00:00 [running]> on host dd103ceb31c1
[2025-11-13T13:06:13.330+0000] {taskinstance.py:2480} INFO - Exporting env vars: AIRFLOW_CTX_DAG_OWNER='***' AIRFLOW_CTX_DAG_ID='real_etl_pipeline_with_db_logging' AIRFLOW_CTX_TASK_ID='load_data' AIRFLOW_CTX_EXECUTION_DATE='2025-11-13T13:05:02.247793+00:00' AIRFLOW_CTX_TRY_NUMBER='1' AIRFLOW_CTX_DAG_RUN_ID='manual__2025-11-13T13:05:02.247793+00:00'
[2025-11-13T13:06:13.997+0000] {base.py:83} INFO - Using connection ID 'postgres_default' for task execution.
[2025-11-13T13:06:14.028+0000] {real_etl_with_failure.py:80} INFO - Loading 4 records into public.clean_orders...
[2025-11-13T13:06:14.101+0000] {real_etl_with_failure.py:90} ERROR - ❌ FAILED to insert record: {'order_id': '103', 'product': 'Gadget', 'amount': 'ninety-nine'}
[2025-11-13T13:06:14.105+0000] {real_etl_with_failure.py:91} ERROR - DATABASE ERROR: invalid input syntax for type integer: "ninety-nine"
LINE 1: ...der_id, product, amount) VALUES ('103', 'Gadget', 'ninety-ni...
                                                             ^

[2025-11-13T13:06:14.112+0000] {real_etl_with_failure.py:98} INFO - Logging job run run_20251113130614 with status: FAILED
[2025-11-13T13:06:14.135+0000] {base.py:83} INFO - Using connection ID 'postgres_default' for task execution.
[2025-11-13T13:06:14.147+0000] {sql.py:450} INFO - Running statement: 
        INSERT INTO public.etl_job_logs (
            job_name, run_id, status, success_count, fail_count, failed_records, started_at, finished_at
        ) VALUES (%s, %s, %s, %s, %s, %s, %s, %s)
        , parameters: None
[2025-11-13T13:06:14.490+0000] {taskinstance.py:2698} ERROR - Task failed with exception
Traceback (most recent call last):
  File "/home/airflow/.local/lib/python3.8/site-packages/airflow/models/taskinstance.py", line 433, in _execute_task
    result = execute_callable(context=context, **execute_callable_kwargs)
  File "/home/airflow/.local/lib/python3.8/site-packages/airflow/decorators/base.py", line 241, in execute
    return_value = super().execute(context)
  File "/home/airflow/.local/lib/python3.8/site-packages/airflow/operators/python.py", line 199, in execute
    return_value = self.execute_callable()
  File "/home/airflow/.local/lib/python3.8/site-packages/airflow/operators/python.py", line 216, in execute_callable
    return self.python_callable(*self.op_args, **self.op_kwargs)
  File "/opt/airflow/dags/real_etl_with_failure.py", line 100, in load_data
    hook.run("""
  File "/home/airflow/.local/lib/python3.8/site-packages/airflow/providers/common/sql/hooks/sql.py", line 398, in run
    self._run_command(cur, sql_statement, parameters)
  File "/home/airflow/.local/lib/python3.8/site-packages/airflow/providers/common/sql/hooks/sql.py", line 455, in _run_command
    cur.execute(sql_statement)
psycopg2.errors.SyntaxError: syntax error at or near "%"
LINE 4:         ) VALUES (%s, %s, %s, %s, %s, %s, %s, %s)
                          ^

[2025-11-13T13:06:14.527+0000] {taskinstance.py:1138} INFO - Marking task as FAILED. dag_id=real_etl_pipeline_with_db_logging, task_id=load_data, execution_date=20251113T130502, start_date=20251113T130612, end_date=20251113T130614
[2025-11-13T13:06:14.570+0000] {standard_task_runner.py:107} ERROR - Failed to execute job 14 for task load_data (syntax error at or near "%"
LINE 4:         ) VALUES (%s, %s, %s, %s, %s, %s, %s, %s)
                          ^
; 1531)
[2025-11-13T13:06:14.628+0000] {local_task_job_runner.py:234} INFO - Task exited with return code 1
[2025-11-13T13:06:14.670+0000] {taskinstance.py:3280} INFO - 0 downstream tasks scheduled from follow-on schedule check
