[2025-11-13T12:10:50.267+0000] {logging_mixin.py:188} INFO - Changing /opt/***/logs/dag_id=real_etl_pipeline_with_failure/run_id=manual__2025-11-13T12:10:44.008166+00:00/task_id=create_source_and_target_tables permission to 509
[2025-11-13T12:10:50.498+0000] {logging_mixin.py:188} INFO - Changing /opt/***/logs/dag_id=real_etl_pipeline_with_failure/run_id=manual__2025-11-13T12:10:44.008166+00:00/task_id=create_source_and_target_tables permission to 509
[2025-11-13T12:10:50.683+0000] {taskinstance.py:1956} INFO - Dependencies all met for dep_context=non-requeueable deps ti=<TaskInstance: real_etl_pipeline_with_failure.create_source_and_target_tables manual__2025-11-13T12:10:44.008166+00:00 [queued]>
[2025-11-13T12:10:50.733+0000] {taskinstance.py:1956} INFO - Dependencies all met for dep_context=requeueable deps ti=<TaskInstance: real_etl_pipeline_with_failure.create_source_and_target_tables manual__2025-11-13T12:10:44.008166+00:00 [queued]>
[2025-11-13T12:10:50.735+0000] {taskinstance.py:2170} INFO - Starting attempt 1 of 1
[2025-11-13T12:10:50.785+0000] {taskinstance.py:2191} INFO - Executing <Task(PostgresOperator): create_source_and_target_tables> on 2025-11-13 12:10:44.008166+00:00
[2025-11-13T12:10:50.806+0000] {standard_task_runner.py:87} INFO - Running: ['***', 'tasks', 'run', 'real_etl_pipeline_with_failure', 'create_source_and_target_tables', 'manual__2025-11-13T12:10:44.008166+00:00', '--job-id', '2', '--raw', '--subdir', 'DAGS_FOLDER/real_etl_with_failure.py', '--cfg-path', '/tmp/tmppm008wn2']
[2025-11-13T12:10:50.828+0000] {standard_task_runner.py:88} INFO - Job 2: Subtask create_source_and_target_tables
[2025-11-13T12:10:50.800+0000] {standard_task_runner.py:60} INFO - Started process 232 to run task
[2025-11-13T12:10:51.256+0000] {logging_mixin.py:188} INFO - Changing /opt/***/logs/dag_id=real_etl_pipeline_with_failure/run_id=manual__2025-11-13T12:10:44.008166+00:00/task_id=create_source_and_target_tables permission to 509
[2025-11-13T12:10:51.265+0000] {task_command.py:423} INFO - Running <TaskInstance: real_etl_pipeline_with_failure.create_source_and_target_tables manual__2025-11-13T12:10:44.008166+00:00 [running]> on host dd103ceb31c1
[2025-11-13T12:10:51.508+0000] {taskinstance.py:2480} INFO - Exporting env vars: AIRFLOW_CTX_DAG_OWNER='***' AIRFLOW_CTX_DAG_ID='real_etl_pipeline_with_failure' AIRFLOW_CTX_TASK_ID='create_source_and_target_tables' AIRFLOW_CTX_EXECUTION_DATE='2025-11-13T12:10:44.008166+00:00' AIRFLOW_CTX_TRY_NUMBER='1' AIRFLOW_CTX_DAG_RUN_ID='manual__2025-11-13T12:10:44.008166+00:00'
[2025-11-13T12:10:51.595+0000] {base.py:83} INFO - Using connection ID 'postgres_default' for task execution.
[2025-11-13T12:10:51.614+0000] {base.py:83} INFO - Using connection ID 'postgres_default' for task execution.
[2025-11-13T12:10:51.622+0000] {base.py:83} INFO - Using connection ID 'postgres_default' for task execution.
[2025-11-13T12:10:51.631+0000] {base.py:152} WARNING - OpenLineage provider method failed to extract data from provider. 
[2025-11-13T12:10:51.632+0000] {manager.py:198} WARNING - Extractor returns non-valid metadata: None
[2025-11-13T12:11:01.681+0000] {adapter.py:122} WARNING - Failed to emit OpenLineage event of id 29c5f668-77b3-3419-9229-383ec7d3781c
[2025-11-13T12:11:01.715+0000] {sql.py:276} INFO - Executing: 
        CREATE TABLE IF NOT EXISTS public.raw_orders (
            order_id VARCHAR(50),
            product VARCHAR(100),
            amount VARCHAR(50) -- Stored as string to allow for bad data
        );
        CREATE TABLE IF NOT EXISTS public.clean_orders (
            order_id VARCHAR(50) PRIMARY KEY,
            product VARCHAR(100),
            amount INTEGER NOT NULL -- Stored as integer, this will cause the failure
        );
        TRUNCATE TABLE public.raw_orders;
        TRUNCATE TABLE public.clean_orders;
        
[2025-11-13T12:11:01.743+0000] {base.py:83} INFO - Using connection ID 'postgres_default' for task execution.
[2025-11-13T12:11:01.781+0000] {base.py:83} INFO - Using connection ID 'postgres_default' for task execution.
[2025-11-13T12:11:01.803+0000] {base.py:83} INFO - Using connection ID 'postgres_default' for task execution.
[2025-11-13T12:11:01.816+0000] {base.py:152} WARNING - OpenLineage provider method failed to extract data from provider. 
[2025-11-13T12:11:01.819+0000] {manager.py:198} WARNING - Extractor returns non-valid metadata: None
[2025-11-13T12:11:11.850+0000] {adapter.py:122} WARNING - Failed to emit OpenLineage event of id 29c5f668-77b3-3419-9229-383ec7d3781c
[2025-11-13T12:11:11.853+0000] {taskinstance.py:2698} ERROR - Task failed with exception
Traceback (most recent call last):
  File "/home/airflow/.local/lib/python3.8/site-packages/airflow/models/taskinstance.py", line 433, in _execute_task
    result = execute_callable(context=context, **execute_callable_kwargs)
  File "/home/airflow/.local/lib/python3.8/site-packages/airflow/providers/common/sql/operators/sql.py", line 282, in execute
    output = hook.run(
  File "/home/airflow/.local/lib/python3.8/site-packages/airflow/providers/common/sql/hooks/sql.py", line 391, in run
    with closing(self.get_conn()) as conn:
  File "/home/airflow/.local/lib/python3.8/site-packages/airflow/providers/postgres/hooks/postgres.py", line 158, in get_conn
    self.conn = psycopg2.connect(**conn_args)
  File "/home/airflow/.local/lib/python3.8/site-packages/psycopg2/__init__.py", line 122, in connect
    conn = _connect(dsn, connection_factory=connection_factory, **kwasync)
psycopg2.OperationalError: connection to server at "postgres" (10.89.3.2), port 5432 failed: FATAL:  password authentication failed for user "postgres"

[2025-11-13T12:11:11.899+0000] {taskinstance.py:1138} INFO - Marking task as FAILED. dag_id=real_etl_pipeline_with_failure, task_id=create_source_and_target_tables, execution_date=20251113T121044, start_date=20251113T121050, end_date=20251113T121111
[2025-11-13T12:11:11.925+0000] {standard_task_runner.py:107} ERROR - Failed to execute job 2 for task create_source_and_target_tables (connection to server at "postgres" (10.89.3.2), port 5432 failed: FATAL:  password authentication failed for user "postgres"
; 232)
[2025-11-13T12:11:11.959+0000] {local_task_job_runner.py:234} INFO - Task exited with return code 1
[2025-11-13T12:11:12.000+0000] {taskinstance.py:3280} INFO - 0 downstream tasks scheduled from follow-on schedule check
