[2025-11-17T11:16:56.634+0000] {logging_mixin.py:188} INFO - Changing /opt/***/logs/dag_id=real_etl_pipeline_with_db_logging_full/run_id=manual__2025-11-17T11:15:30.566396+00:00/task_id=load_data permission to 509
[2025-11-17T11:16:56.774+0000] {logging_mixin.py:188} INFO - Changing /opt/***/logs/dag_id=real_etl_pipeline_with_db_logging_full/run_id=manual__2025-11-17T11:15:30.566396+00:00/task_id=load_data permission to 509
[2025-11-17T11:16:57.170+0000] {taskinstance.py:1956} INFO - Dependencies all met for dep_context=non-requeueable deps ti=<TaskInstance: real_etl_pipeline_with_db_logging_full.load_data manual__2025-11-17T11:15:30.566396+00:00 [queued]>
[2025-11-17T11:16:57.228+0000] {taskinstance.py:1956} INFO - Dependencies all met for dep_context=requeueable deps ti=<TaskInstance: real_etl_pipeline_with_db_logging_full.load_data manual__2025-11-17T11:15:30.566396+00:00 [queued]>
[2025-11-17T11:16:57.273+0000] {taskinstance.py:2170} INFO - Starting attempt 1 of 1
[2025-11-17T11:16:57.353+0000] {taskinstance.py:2191} INFO - Executing <Task(_PythonDecoratedOperator): load_data> on 2025-11-17 11:15:30.566396+00:00
[2025-11-17T11:16:57.372+0000] {standard_task_runner.py:60} INFO - Started process 3082 to run task
[2025-11-17T11:16:57.412+0000] {standard_task_runner.py:87} INFO - Running: ['***', 'tasks', 'run', 'real_etl_pipeline_with_db_logging_full', 'load_data', 'manual__2025-11-17T11:15:30.566396+00:00', '--job-id', '12', '--raw', '--subdir', 'DAGS_FOLDER/real_etl_with_failure.py', '--cfg-path', '/tmp/tmpwsqnqs3m']
[2025-11-17T11:16:57.424+0000] {standard_task_runner.py:88} INFO - Job 12: Subtask load_data
[2025-11-17T11:16:57.837+0000] {logging_mixin.py:188} INFO - Changing /opt/***/logs/dag_id=real_etl_pipeline_with_db_logging_full/run_id=manual__2025-11-17T11:15:30.566396+00:00/task_id=load_data permission to 509
[2025-11-17T11:16:57.848+0000] {task_command.py:423} INFO - Running <TaskInstance: real_etl_pipeline_with_db_logging_full.load_data manual__2025-11-17T11:15:30.566396+00:00 [running]> on host bf83f8158c22
[2025-11-17T11:16:58.250+0000] {taskinstance.py:2480} INFO - Exporting env vars: AIRFLOW_CTX_DAG_OWNER='***' AIRFLOW_CTX_DAG_ID='real_etl_pipeline_with_db_logging_full' AIRFLOW_CTX_TASK_ID='load_data' AIRFLOW_CTX_EXECUTION_DATE='2025-11-17T11:15:30.566396+00:00' AIRFLOW_CTX_TRY_NUMBER='1' AIRFLOW_CTX_DAG_RUN_ID='manual__2025-11-17T11:15:30.566396+00:00'
[2025-11-17T11:16:59.401+0000] {base.py:83} INFO - Using connection ID 'postgres_default' for task execution.
[2025-11-17T11:16:59.441+0000] {real_etl_with_failure.py:198} INFO - Loading 4 records into clean_orders...
[2025-11-17T11:16:59.484+0000] {real_etl_with_failure.py:225} ERROR - Failed record {'order_id': '103', 'product': 'Gadget', 'amount': 'ninety-nine'}: invalid literal for int() with base 10: 'ninety-nine'
Traceback (most recent call last):
  File "/opt/airflow/dags/real_etl_with_failure.py", line 212, in load_data
    amount_value = int(record["amount"])
ValueError: invalid literal for int() with base 10: 'ninety-nine'
[2025-11-17T11:16:59.577+0000] {base.py:83} INFO - Using connection ID 'postgres_default' for task execution.
[2025-11-17T11:16:59.610+0000] {sql.py:450} INFO - Running statement: 
        INSERT INTO public.pipeline_audit_log (
            dag_id, task_id, ***_run_id, lineage_run_id,
            job_name, namespace, status, error,
            error_class, error_message, stack_trace,
            total_records, success_count, failure_count, failed_records,
            started_at, finished_at, hostname, extra_metadata
        )
        VALUES (%s, %s, %s, %s, %s, %s, %s, %s, %s, %s, %s, %s, %s, %s, %s, %s, %s, %s, %s)
        , parameters: ('real_etl_pipeline_with_db_logging_full', 'load_data', 'manual__2025-11-17T11:15:30.566396+00:00', 'manual__2025-11-17T11:15:30.566396+00:00', 'real_etl_pipeline_with_db_logging_full', 'ecommerce_demo', 'FAILED', '1 record(s) failed to insert.', 'RecordInsertError', '1 record(s) failed to insert.', None, 4, 3, 1, '[{"record": {"order_id": "103", "product": "Gadget", "amount": "ninety-nine"}, "error_class": "ValueError", "error_message": "invalid literal for int() with base 10: \'ninety-nine\'"}]', datetime.datetime(2025, 11, 17, 11, 16, 59, 307246), datetime.datetime(2025, 11, 17, 11, 16, 59, 557470), 'bf83f8158c22', '{"component": "load_task", "version": "full_v1"}')
[2025-11-17T11:16:59.641+0000] {sql.py:459} INFO - Rows affected: 1
[2025-11-17T11:17:00.216+0000] {taskinstance.py:2698} ERROR - Task failed with exception
Traceback (most recent call last):
  File "/home/airflow/.local/lib/python3.8/site-packages/airflow/models/taskinstance.py", line 433, in _execute_task
    result = execute_callable(context=context, **execute_callable_kwargs)
  File "/home/airflow/.local/lib/python3.8/site-packages/airflow/decorators/base.py", line 241, in execute
    return_value = super().execute(context)
  File "/home/airflow/.local/lib/python3.8/site-packages/airflow/operators/python.py", line 199, in execute
    return_value = self.execute_callable()
  File "/home/airflow/.local/lib/python3.8/site-packages/airflow/operators/python.py", line 216, in execute_callable
    return self.python_callable(*self.op_args, **self.op_kwargs)
  File "/opt/airflow/dags/real_etl_with_failure.py", line 325, in load_data
    raise Exception(f"{len(failed_rows)} records failed. See pipeline_audit_log for details.")
Exception: 1 records failed. See pipeline_audit_log for details.
[2025-11-17T11:17:00.280+0000] {taskinstance.py:1138} INFO - Marking task as FAILED. dag_id=real_etl_pipeline_with_db_logging_full, task_id=load_data, execution_date=20251117T111530, start_date=20251117T111657, end_date=20251117T111700
[2025-11-17T11:17:00.313+0000] {standard_task_runner.py:107} ERROR - Failed to execute job 12 for task load_data (1 records failed. See pipeline_audit_log for details.; 3082)
[2025-11-17T11:17:00.329+0000] {local_task_job_runner.py:234} INFO - Task exited with return code 1
[2025-11-17T11:17:00.363+0000] {taskinstance.py:3280} INFO - 0 downstream tasks scheduled from follow-on schedule check
