[2025-11-12T13:17:10.135+0000] {logging_mixin.py:188} INFO - Changing /opt/***/logs/dag_id=real_etl_pipeline_with_failure/run_id=manual__2025-11-12T13:16:47.959366+00:00/task_id=create_source_and_target_tables permission to 509
[2025-11-12T13:17:10.323+0000] {logging_mixin.py:188} INFO - Changing /opt/***/logs/dag_id=real_etl_pipeline_with_failure/run_id=manual__2025-11-12T13:16:47.959366+00:00/task_id=create_source_and_target_tables permission to 509
[2025-11-12T13:17:10.646+0000] {taskinstance.py:1956} INFO - Dependencies all met for dep_context=non-requeueable deps ti=<TaskInstance: real_etl_pipeline_with_failure.create_source_and_target_tables manual__2025-11-12T13:16:47.959366+00:00 [queued]>
[2025-11-12T13:17:10.683+0000] {taskinstance.py:1956} INFO - Dependencies all met for dep_context=requeueable deps ti=<TaskInstance: real_etl_pipeline_with_failure.create_source_and_target_tables manual__2025-11-12T13:16:47.959366+00:00 [queued]>
[2025-11-12T13:17:10.685+0000] {taskinstance.py:2170} INFO - Starting attempt 1 of 1
[2025-11-12T13:17:10.750+0000] {taskinstance.py:2191} INFO - Executing <Task(PostgresOperator): create_source_and_target_tables> on 2025-11-12 13:16:47.959366+00:00
[2025-11-12T13:17:10.781+0000] {standard_task_runner.py:60} INFO - Started process 5356 to run task
[2025-11-12T13:17:10.791+0000] {standard_task_runner.py:87} INFO - Running: ['***', 'tasks', 'run', 'real_etl_pipeline_with_failure', 'create_source_and_target_tables', 'manual__2025-11-12T13:16:47.959366+00:00', '--job-id', '9', '--raw', '--subdir', 'DAGS_FOLDER/real_etl_with_failure.py', '--cfg-path', '/tmp/tmp3dtqn2m3']
[2025-11-12T13:17:10.794+0000] {standard_task_runner.py:88} INFO - Job 9: Subtask create_source_and_target_tables
[2025-11-12T13:17:10.902+0000] {logging_mixin.py:188} INFO - Changing /opt/***/logs/dag_id=real_etl_pipeline_with_failure/run_id=manual__2025-11-12T13:16:47.959366+00:00/task_id=create_source_and_target_tables permission to 509
[2025-11-12T13:17:10.906+0000] {task_command.py:423} INFO - Running <TaskInstance: real_etl_pipeline_with_failure.create_source_and_target_tables manual__2025-11-12T13:16:47.959366+00:00 [running]> on host 0c867993a02e
[2025-11-12T13:17:11.126+0000] {taskinstance.py:2480} INFO - Exporting env vars: AIRFLOW_CTX_DAG_OWNER='***' AIRFLOW_CTX_DAG_ID='real_etl_pipeline_with_failure' AIRFLOW_CTX_TASK_ID='create_source_and_target_tables' AIRFLOW_CTX_EXECUTION_DATE='2025-11-12T13:16:47.959366+00:00' AIRFLOW_CTX_TRY_NUMBER='1' AIRFLOW_CTX_DAG_RUN_ID='manual__2025-11-12T13:16:47.959366+00:00'
[2025-11-12T13:17:11.203+0000] {base.py:83} INFO - Using connection ID 'postgres_default' for task execution.
[2025-11-12T13:17:11.243+0000] {base.py:83} INFO - Using connection ID 'postgres_default' for task execution.
[2025-11-12T13:17:11.258+0000] {base.py:83} INFO - Using connection ID 'postgres_default' for task execution.
[2025-11-12T13:17:11.265+0000] {sql.py:450} INFO - Running statement: SELECT CURRENT_SCHEMA;, parameters: None
[2025-11-12T13:17:11.267+0000] {sql.py:459} INFO - Rows affected: 1
[2025-11-12T13:17:11.277+0000] {base.py:83} INFO - Using connection ID 'postgres_default' for task execution.
[2025-11-12T13:17:11.394+0000] {base.py:83} INFO - Using connection ID 'postgres_default' for task execution.
[2025-11-12T13:17:12.408+0000] {sql.py:276} INFO - Executing: 
        CREATE TABLE IF NOT EXISTS public.raw_orders (
            order_id VARCHAR(50),
            product VARCHAR(100),
            amount VARCHAR(50) -- Stored as string to allow for bad data
        );
        CREATE TABLE IF NOT EXISTS public.clean_orders (
            order_id VARCHAR(50) PRIMARY KEY,
            product VARCHAR(100),
            amount INTEGER NOT NULL -- Stored as integer, this will cause the failure
        );
        TRUNCATE TABLE public.raw_orders;
        TRUNCATE TABLE public.clean_orders;
        
[2025-11-12T13:17:12.419+0000] {base.py:83} INFO - Using connection ID 'postgres_default' for task execution.
[2025-11-12T13:17:12.425+0000] {sql.py:450} INFO - Running statement: 
        CREATE TABLE IF NOT EXISTS public.raw_orders (
            order_id VARCHAR(50),
            product VARCHAR(100),
            amount VARCHAR(50) -- Stored as string to allow for bad data
        );
        CREATE TABLE IF NOT EXISTS public.clean_orders (
            order_id VARCHAR(50) PRIMARY KEY,
            product VARCHAR(100),
            amount INTEGER NOT NULL -- Stored as integer, this will cause the failure
        );
        TRUNCATE TABLE public.raw_orders;
        TRUNCATE TABLE public.clean_orders;
        , parameters: None
[2025-11-12T13:17:12.529+0000] {taskinstance.py:1138} INFO - Marking task as SUCCESS. dag_id=real_etl_pipeline_with_failure, task_id=create_source_and_target_tables, execution_date=20251112T131647, start_date=20251112T131710, end_date=20251112T131712
[2025-11-12T13:17:12.565+0000] {base.py:83} INFO - Using connection ID 'postgres_default' for task execution.
[2025-11-12T13:17:12.580+0000] {base.py:83} INFO - Using connection ID 'postgres_default' for task execution.
[2025-11-12T13:17:12.586+0000] {sql.py:450} INFO - Running statement: SELECT CURRENT_SCHEMA;, parameters: None
[2025-11-12T13:17:12.588+0000] {sql.py:459} INFO - Rows affected: 1
[2025-11-12T13:17:12.598+0000] {base.py:83} INFO - Using connection ID 'postgres_default' for task execution.
[2025-11-12T13:17:12.676+0000] {base.py:83} INFO - Using connection ID 'postgres_default' for task execution.
[2025-11-12T13:17:15.241+0000] {local_task_job_runner.py:234} INFO - Task exited with return code 0
[2025-11-12T13:17:15.361+0000] {taskinstance.py:3280} INFO - 0 downstream tasks scheduled from follow-on schedule check
