[2025-11-13T12:12:02.360+0000] {logging_mixin.py:188} INFO - Changing /opt/***/logs/dag_id=real_etl_pipeline_with_failure/run_id=manual__2025-11-13T12:12:00.072384+00:00/task_id=create_source_and_target_tables permission to 509
[2025-11-13T12:12:02.420+0000] {logging_mixin.py:188} INFO - Changing /opt/***/logs/dag_id=real_etl_pipeline_with_failure/run_id=manual__2025-11-13T12:12:00.072384+00:00/task_id=create_source_and_target_tables permission to 509
[2025-11-13T12:12:02.528+0000] {taskinstance.py:1956} INFO - Dependencies all met for dep_context=non-requeueable deps ti=<TaskInstance: real_etl_pipeline_with_failure.create_source_and_target_tables manual__2025-11-13T12:12:00.072384+00:00 [queued]>
[2025-11-13T12:12:02.555+0000] {taskinstance.py:1956} INFO - Dependencies all met for dep_context=requeueable deps ti=<TaskInstance: real_etl_pipeline_with_failure.create_source_and_target_tables manual__2025-11-13T12:12:00.072384+00:00 [queued]>
[2025-11-13T12:12:02.556+0000] {taskinstance.py:2170} INFO - Starting attempt 1 of 1
[2025-11-13T12:12:02.590+0000] {taskinstance.py:2191} INFO - Executing <Task(PostgresOperator): create_source_and_target_tables> on 2025-11-13 12:12:00.072384+00:00
[2025-11-13T12:12:02.610+0000] {standard_task_runner.py:60} INFO - Started process 264 to run task
[2025-11-13T12:12:02.617+0000] {standard_task_runner.py:87} INFO - Running: ['***', 'tasks', 'run', 'real_etl_pipeline_with_failure', 'create_source_and_target_tables', 'manual__2025-11-13T12:12:00.072384+00:00', '--job-id', '3', '--raw', '--subdir', 'DAGS_FOLDER/real_etl_with_failure.py', '--cfg-path', '/tmp/tmpbpz476nz']
[2025-11-13T12:12:02.621+0000] {standard_task_runner.py:88} INFO - Job 3: Subtask create_source_and_target_tables
[2025-11-13T12:12:02.777+0000] {logging_mixin.py:188} INFO - Changing /opt/***/logs/dag_id=real_etl_pipeline_with_failure/run_id=manual__2025-11-13T12:12:00.072384+00:00/task_id=create_source_and_target_tables permission to 509
[2025-11-13T12:12:02.783+0000] {task_command.py:423} INFO - Running <TaskInstance: real_etl_pipeline_with_failure.create_source_and_target_tables manual__2025-11-13T12:12:00.072384+00:00 [running]> on host dd103ceb31c1
[2025-11-13T12:12:02.929+0000] {taskinstance.py:2480} INFO - Exporting env vars: AIRFLOW_CTX_DAG_OWNER='***' AIRFLOW_CTX_DAG_ID='real_etl_pipeline_with_failure' AIRFLOW_CTX_TASK_ID='create_source_and_target_tables' AIRFLOW_CTX_EXECUTION_DATE='2025-11-13T12:12:00.072384+00:00' AIRFLOW_CTX_TRY_NUMBER='1' AIRFLOW_CTX_DAG_RUN_ID='manual__2025-11-13T12:12:00.072384+00:00'
[2025-11-13T12:12:02.958+0000] {base.py:83} INFO - Using connection ID 'postgres_default' for task execution.
[2025-11-13T12:12:02.988+0000] {base.py:83} INFO - Using connection ID 'postgres_default' for task execution.
[2025-11-13T12:12:02.995+0000] {base.py:83} INFO - Using connection ID 'postgres_default' for task execution.
[2025-11-13T12:12:03.002+0000] {sql.py:450} INFO - Running statement: SELECT CURRENT_SCHEMA;, parameters: None
[2025-11-13T12:12:03.004+0000] {sql.py:459} INFO - Rows affected: 1
[2025-11-13T12:12:03.012+0000] {base.py:83} INFO - Using connection ID 'postgres_default' for task execution.
[2025-11-13T12:12:03.067+0000] {base.py:83} INFO - Using connection ID 'postgres_default' for task execution.
[2025-11-13T12:12:13.107+0000] {adapter.py:122} WARNING - Failed to emit OpenLineage event of id 2cab53c8-cbe4-377f-80dc-c5b7636e68ad
[2025-11-13T12:12:13.108+0000] {sql.py:276} INFO - Executing: 
        CREATE TABLE IF NOT EXISTS public.raw_orders (
            order_id VARCHAR(50),
            product VARCHAR(100),
            amount VARCHAR(50) -- Stored as string to allow for bad data
        );
        CREATE TABLE IF NOT EXISTS public.clean_orders (
            order_id VARCHAR(50) PRIMARY KEY,
            product VARCHAR(100),
            amount INTEGER NOT NULL -- Stored as integer, this will cause the failure
        );
        TRUNCATE TABLE public.raw_orders;
        TRUNCATE TABLE public.clean_orders;
        
[2025-11-13T12:12:13.116+0000] {base.py:83} INFO - Using connection ID 'postgres_default' for task execution.
[2025-11-13T12:12:13.129+0000] {sql.py:450} INFO - Running statement: 
        CREATE TABLE IF NOT EXISTS public.raw_orders (
            order_id VARCHAR(50),
            product VARCHAR(100),
            amount VARCHAR(50) -- Stored as string to allow for bad data
        );
        CREATE TABLE IF NOT EXISTS public.clean_orders (
            order_id VARCHAR(50) PRIMARY KEY,
            product VARCHAR(100),
            amount INTEGER NOT NULL -- Stored as integer, this will cause the failure
        );
        TRUNCATE TABLE public.raw_orders;
        TRUNCATE TABLE public.clean_orders;
        , parameters: None
[2025-11-13T12:12:13.276+0000] {taskinstance.py:1138} INFO - Marking task as SUCCESS. dag_id=real_etl_pipeline_with_failure, task_id=create_source_and_target_tables, execution_date=20251113T121200, start_date=20251113T121202, end_date=20251113T121213
[2025-11-13T12:12:13.296+0000] {base.py:83} INFO - Using connection ID 'postgres_default' for task execution.
[2025-11-13T12:12:13.305+0000] {base.py:83} INFO - Using connection ID 'postgres_default' for task execution.
[2025-11-13T12:12:13.310+0000] {sql.py:450} INFO - Running statement: SELECT CURRENT_SCHEMA;, parameters: None
[2025-11-13T12:12:13.311+0000] {sql.py:459} INFO - Rows affected: 1
[2025-11-13T12:12:13.319+0000] {base.py:83} INFO - Using connection ID 'postgres_default' for task execution.
[2025-11-13T12:12:13.346+0000] {base.py:83} INFO - Using connection ID 'postgres_default' for task execution.
[2025-11-13T12:12:22.796+0000] {local_task_job_runner.py:302} WARNING - State of this instance has been externally set to success. Terminating instance.
[2025-11-13T12:12:22.803+0000] {process_utils.py:131} INFO - Sending 15 to group 264. PIDs of all processes in the group: [264]
[2025-11-13T12:12:22.804+0000] {process_utils.py:86} INFO - Sending the signal 15 to group 264
[2025-11-13T12:12:23.367+0000] {taskinstance.py:2450} ERROR - Received SIGTERM. Terminating subprocesses.
[2025-11-13T12:12:23.368+0000] {adapter.py:122} WARNING - Failed to emit OpenLineage event of id 2cab53c8-cbe4-377f-80dc-c5b7636e68ad
[2025-11-13T12:12:23.380+0000] {process_utils.py:79} INFO - Process psutil.Process(pid=264, status='terminated', exitcode=0, started='12:12:02') (264) terminated with exit code 0
