[2025-11-19T12:55:08.695+0000] {logging_mixin.py:188} INFO - Changing /opt/***/logs/dag_id=real_etl_pipeline_with_openlineage_errors/run_id=manual__2025-11-19T12:55:06.378686+00:00/task_id=create_tables permission to 509
[2025-11-19T12:55:08.782+0000] {logging_mixin.py:188} INFO - Changing /opt/***/logs/dag_id=real_etl_pipeline_with_openlineage_errors/run_id=manual__2025-11-19T12:55:06.378686+00:00/task_id=create_tables permission to 509
[2025-11-19T12:55:08.985+0000] {taskinstance.py:1956} INFO - Dependencies all met for dep_context=non-requeueable deps ti=<TaskInstance: real_etl_pipeline_with_openlineage_errors.create_tables manual__2025-11-19T12:55:06.378686+00:00 [queued]>
[2025-11-19T12:55:09.020+0000] {taskinstance.py:1956} INFO - Dependencies all met for dep_context=requeueable deps ti=<TaskInstance: real_etl_pipeline_with_openlineage_errors.create_tables manual__2025-11-19T12:55:06.378686+00:00 [queued]>
[2025-11-19T12:55:09.022+0000] {taskinstance.py:2170} INFO - Starting attempt 1 of 1
[2025-11-19T12:55:09.069+0000] {taskinstance.py:2191} INFO - Executing <Task(PostgresOperator): create_tables> on 2025-11-19 12:55:06.378686+00:00
[2025-11-19T12:55:09.087+0000] {standard_task_runner.py:60} INFO - Started process 488 to run task
[2025-11-19T12:55:09.095+0000] {standard_task_runner.py:87} INFO - Running: ['***', 'tasks', 'run', 'real_etl_pipeline_with_openlineage_errors', 'create_tables', 'manual__2025-11-19T12:55:06.378686+00:00', '--job-id', '2', '--raw', '--subdir', 'DAGS_FOLDER/etl_pipeline_with_openlineage_errors.py', '--cfg-path', '/tmp/tmpq1a3qxp3']
[2025-11-19T12:55:09.097+0000] {standard_task_runner.py:88} INFO - Job 2: Subtask create_tables
[2025-11-19T12:55:09.200+0000] {logging_mixin.py:188} INFO - Changing /opt/***/logs/dag_id=real_etl_pipeline_with_openlineage_errors/run_id=manual__2025-11-19T12:55:06.378686+00:00/task_id=create_tables permission to 509
[2025-11-19T12:55:09.217+0000] {task_command.py:423} INFO - Running <TaskInstance: real_etl_pipeline_with_openlineage_errors.create_tables manual__2025-11-19T12:55:06.378686+00:00 [running]> on host 68f066c63841
[2025-11-19T12:55:09.934+0000] {taskinstance.py:2480} INFO - Exporting env vars: AIRFLOW_CTX_DAG_OWNER='***' AIRFLOW_CTX_DAG_ID='real_etl_pipeline_with_openlineage_errors' AIRFLOW_CTX_TASK_ID='create_tables' AIRFLOW_CTX_EXECUTION_DATE='2025-11-19T12:55:06.378686+00:00' AIRFLOW_CTX_TRY_NUMBER='1' AIRFLOW_CTX_DAG_RUN_ID='manual__2025-11-19T12:55:06.378686+00:00'
[2025-11-19T12:55:10.422+0000] {base.py:83} INFO - Using connection ID 'postgres_default' for task execution.
[2025-11-19T12:55:10.473+0000] {base.py:83} INFO - Using connection ID 'postgres_default' for task execution.
[2025-11-19T12:55:10.530+0000] {base.py:83} INFO - Using connection ID 'postgres_default' for task execution.
[2025-11-19T12:55:10.557+0000] {base.py:152} WARNING - OpenLineage provider method failed to extract data from provider. 
[2025-11-19T12:55:10.565+0000] {manager.py:198} WARNING - Extractor returns non-valid metadata: None
[2025-11-19T12:55:11.604+0000] {sql.py:276} INFO - Executing: 
        CREATE TABLE IF NOT EXISTS public.raw_orders (
            order_id VARCHAR(50), product VARCHAR(100), amount VARCHAR(50)
        );
        CREATE TABLE IF NOT EXISTS public.clean_orders (
            order_id VARCHAR(50) PRIMARY KEY, product VARCHAR(100), amount INTEGER NOT NULL
        );
        CREATE TABLE IF NOT EXISTS public.pipeline_audit_log (
            audit_id BIGSERIAL PRIMARY KEY,
            dag_id TEXT,
            task_id TEXT,
            ***_run_id TEXT,
            lineage_run_id TEXT,
            job_name TEXT,
            namespace TEXT,
            status TEXT,
            error TEXT,
            error_class TEXT,
            error_message TEXT,
            stack_trace TEXT,
            total_records INT,
            success_count INT,
            failure_count INT,
            failed_records JSONB,
            started_at TIMESTAMP,
            finished_at TIMESTAMP,
            hostname TEXT,
            extra_metadata JSONB
        );
        TRUNCATE TABLE public.raw_orders;
        TRUNCATE TABLE public.clean_orders;
        
[2025-11-19T12:55:11.617+0000] {base.py:83} INFO - Using connection ID 'postgres_default' for task execution.
[2025-11-19T12:55:11.640+0000] {base.py:83} INFO - Using connection ID 'postgres_default' for task execution.
[2025-11-19T12:55:11.664+0000] {base.py:83} INFO - Using connection ID 'postgres_default' for task execution.
[2025-11-19T12:55:11.671+0000] {base.py:152} WARNING - OpenLineage provider method failed to extract data from provider. 
[2025-11-19T12:55:11.674+0000] {manager.py:198} WARNING - Extractor returns non-valid metadata: None
[2025-11-19T12:55:12.102+0000] {taskinstance.py:2698} ERROR - Task failed with exception
Traceback (most recent call last):
  File "/home/airflow/.local/lib/python3.8/site-packages/airflow/models/taskinstance.py", line 433, in _execute_task
    result = execute_callable(context=context, **execute_callable_kwargs)
  File "/home/airflow/.local/lib/python3.8/site-packages/airflow/providers/common/sql/operators/sql.py", line 282, in execute
    output = hook.run(
  File "/home/airflow/.local/lib/python3.8/site-packages/airflow/providers/common/sql/hooks/sql.py", line 391, in run
    with closing(self.get_conn()) as conn:
  File "/home/airflow/.local/lib/python3.8/site-packages/airflow/providers/postgres/hooks/postgres.py", line 158, in get_conn
    self.conn = psycopg2.connect(**conn_args)
  File "/home/airflow/.local/lib/python3.8/site-packages/psycopg2/__init__.py", line 122, in connect
    conn = _connect(dsn, connection_factory=connection_factory, **kwasync)
psycopg2.OperationalError: connection to server at "postgres" (10.89.3.2), port 5432 failed: FATAL:  password authentication failed for user "postgres"

[2025-11-19T12:55:12.171+0000] {taskinstance.py:1138} INFO - Marking task as FAILED. dag_id=real_etl_pipeline_with_openlineage_errors, task_id=create_tables, execution_date=20251119T125506, start_date=20251119T125508, end_date=20251119T125512
[2025-11-19T12:55:12.228+0000] {standard_task_runner.py:107} ERROR - Failed to execute job 2 for task create_tables (connection to server at "postgres" (10.89.3.2), port 5432 failed: FATAL:  password authentication failed for user "postgres"
; 488)
[2025-11-19T12:55:12.248+0000] {local_task_job_runner.py:234} INFO - Task exited with return code 1
[2025-11-19T12:55:12.282+0000] {taskinstance.py:3280} INFO - 0 downstream tasks scheduled from follow-on schedule check
