[2025-11-22T16:41:21.352+0000] {processor.py:161} INFO - Started process (PID=4435) to work on /opt/airflow/dags/real_etl_with_failure.py
[2025-11-22T16:41:21.389+0000] {processor.py:830} INFO - Processing file /opt/airflow/dags/real_etl_with_failure.py for tasks to queue
[2025-11-22T16:41:21.428+0000] {logging_mixin.py:188} INFO - [2025-11-22T16:41:21.411+0000] {dagbag.py:538} INFO - Filling up the DagBag from /opt/airflow/dags/real_etl_with_failure.py
[2025-11-22T16:41:22.286+0000] {processor.py:840} INFO - DAG(s) 'real_etl_pipeline_with_db_logging_full' retrieved from /opt/airflow/dags/real_etl_with_failure.py
[2025-11-22T16:41:22.854+0000] {logging_mixin.py:188} INFO - [2025-11-22T16:41:22.854+0000] {dag.py:3036} INFO - Sync 1 DAGs
[2025-11-22T16:41:23.030+0000] {logging_mixin.py:188} INFO - [2025-11-22T16:41:23.029+0000] {dag.py:3823} INFO - Setting next_dagrun for real_etl_pipeline_with_db_logging_full to None, run_after=None
[2025-11-22T16:41:23.177+0000] {processor.py:183} INFO - Processing /opt/airflow/dags/real_etl_with_failure.py took 2.018 seconds
[2025-11-22T16:41:54.682+0000] {processor.py:161} INFO - Started process (PID=4463) to work on /opt/airflow/dags/real_etl_with_failure.py
[2025-11-22T16:41:54.688+0000] {processor.py:830} INFO - Processing file /opt/airflow/dags/real_etl_with_failure.py for tasks to queue
[2025-11-22T16:41:54.694+0000] {logging_mixin.py:188} INFO - [2025-11-22T16:41:54.693+0000] {dagbag.py:538} INFO - Filling up the DagBag from /opt/airflow/dags/real_etl_with_failure.py
[2025-11-22T16:41:55.118+0000] {processor.py:840} INFO - DAG(s) 'real_etl_pipeline_with_db_logging_full' retrieved from /opt/airflow/dags/real_etl_with_failure.py
[2025-11-22T16:41:55.504+0000] {logging_mixin.py:188} INFO - [2025-11-22T16:41:55.504+0000] {dag.py:3036} INFO - Sync 1 DAGs
[2025-11-22T16:41:55.589+0000] {logging_mixin.py:188} INFO - [2025-11-22T16:41:55.588+0000] {dag.py:3823} INFO - Setting next_dagrun for real_etl_pipeline_with_db_logging_full to None, run_after=None
[2025-11-22T16:41:55.727+0000] {processor.py:183} INFO - Processing /opt/airflow/dags/real_etl_with_failure.py took 1.114 seconds
[2025-11-22T16:42:26.316+0000] {processor.py:161} INFO - Started process (PID=4495) to work on /opt/airflow/dags/real_etl_with_failure.py
[2025-11-22T16:42:26.323+0000] {processor.py:830} INFO - Processing file /opt/airflow/dags/real_etl_with_failure.py for tasks to queue
[2025-11-22T16:42:26.329+0000] {logging_mixin.py:188} INFO - [2025-11-22T16:42:26.328+0000] {dagbag.py:538} INFO - Filling up the DagBag from /opt/airflow/dags/real_etl_with_failure.py
[2025-11-22T16:42:26.445+0000] {processor.py:840} INFO - DAG(s) 'real_etl_pipeline_with_db_logging_full' retrieved from /opt/airflow/dags/real_etl_with_failure.py
[2025-11-22T16:42:26.806+0000] {logging_mixin.py:188} INFO - [2025-11-22T16:42:26.805+0000] {dag.py:3036} INFO - Sync 1 DAGs
[2025-11-22T16:42:27.112+0000] {logging_mixin.py:188} INFO - [2025-11-22T16:42:27.112+0000] {dag.py:3823} INFO - Setting next_dagrun for real_etl_pipeline_with_db_logging_full to None, run_after=None
[2025-11-22T16:42:27.797+0000] {processor.py:183} INFO - Processing /opt/airflow/dags/real_etl_with_failure.py took 1.488 seconds
[2025-11-22T16:42:59.416+0000] {processor.py:161} INFO - Started process (PID=4525) to work on /opt/airflow/dags/real_etl_with_failure.py
[2025-11-22T16:42:59.422+0000] {processor.py:830} INFO - Processing file /opt/airflow/dags/real_etl_with_failure.py for tasks to queue
[2025-11-22T16:42:59.424+0000] {logging_mixin.py:188} INFO - [2025-11-22T16:42:59.424+0000] {dagbag.py:538} INFO - Filling up the DagBag from /opt/airflow/dags/real_etl_with_failure.py
[2025-11-22T16:42:59.768+0000] {processor.py:840} INFO - DAG(s) 'real_etl_pipeline_with_db_logging_full' retrieved from /opt/airflow/dags/real_etl_with_failure.py
[2025-11-22T16:42:59.897+0000] {logging_mixin.py:188} INFO - [2025-11-22T16:42:59.886+0000] {dag.py:3036} INFO - Sync 1 DAGs
[2025-11-22T16:42:59.945+0000] {logging_mixin.py:188} INFO - [2025-11-22T16:42:59.945+0000] {dag.py:3823} INFO - Setting next_dagrun for real_etl_pipeline_with_db_logging_full to None, run_after=None
[2025-11-22T16:43:00.132+0000] {processor.py:183} INFO - Processing /opt/airflow/dags/real_etl_with_failure.py took 0.721 seconds
[2025-11-22T16:43:30.917+0000] {processor.py:161} INFO - Started process (PID=4555) to work on /opt/airflow/dags/real_etl_with_failure.py
[2025-11-22T16:43:30.919+0000] {processor.py:830} INFO - Processing file /opt/airflow/dags/real_etl_with_failure.py for tasks to queue
[2025-11-22T16:43:30.920+0000] {logging_mixin.py:188} INFO - [2025-11-22T16:43:30.920+0000] {dagbag.py:538} INFO - Filling up the DagBag from /opt/airflow/dags/real_etl_with_failure.py
[2025-11-22T16:43:30.993+0000] {processor.py:840} INFO - DAG(s) 'real_etl_pipeline_with_db_logging_full' retrieved from /opt/airflow/dags/real_etl_with_failure.py
[2025-11-22T16:43:31.076+0000] {logging_mixin.py:188} INFO - [2025-11-22T16:43:31.076+0000] {dag.py:3036} INFO - Sync 1 DAGs
[2025-11-22T16:43:31.116+0000] {logging_mixin.py:188} INFO - [2025-11-22T16:43:31.116+0000] {dag.py:3823} INFO - Setting next_dagrun for real_etl_pipeline_with_db_logging_full to None, run_after=None
[2025-11-22T16:43:31.239+0000] {processor.py:183} INFO - Processing /opt/airflow/dags/real_etl_with_failure.py took 0.327 seconds
[2025-11-22T16:44:05.487+0000] {processor.py:161} INFO - Started process (PID=4585) to work on /opt/airflow/dags/real_etl_with_failure.py
[2025-11-22T16:44:05.492+0000] {processor.py:830} INFO - Processing file /opt/airflow/dags/real_etl_with_failure.py for tasks to queue
[2025-11-22T16:44:05.497+0000] {logging_mixin.py:188} INFO - [2025-11-22T16:44:05.496+0000] {dagbag.py:538} INFO - Filling up the DagBag from /opt/airflow/dags/real_etl_with_failure.py
[2025-11-22T16:44:05.623+0000] {processor.py:840} INFO - DAG(s) 'real_etl_pipeline_with_db_logging_full' retrieved from /opt/airflow/dags/real_etl_with_failure.py
[2025-11-22T16:44:05.767+0000] {logging_mixin.py:188} INFO - [2025-11-22T16:44:05.767+0000] {dag.py:3036} INFO - Sync 1 DAGs
[2025-11-22T16:44:05.833+0000] {logging_mixin.py:188} INFO - [2025-11-22T16:44:05.833+0000] {dag.py:3823} INFO - Setting next_dagrun for real_etl_pipeline_with_db_logging_full to None, run_after=None
[2025-11-22T16:44:05.938+0000] {processor.py:183} INFO - Processing /opt/airflow/dags/real_etl_with_failure.py took 0.625 seconds
[2025-11-22T17:01:54.950+0000] {processor.py:161} INFO - Started process (PID=4615) to work on /opt/airflow/dags/real_etl_with_failure.py
[2025-11-22T17:01:54.972+0000] {processor.py:830} INFO - Processing file /opt/airflow/dags/real_etl_with_failure.py for tasks to queue
[2025-11-22T17:01:55.004+0000] {logging_mixin.py:188} INFO - [2025-11-22T17:01:54.986+0000] {dagbag.py:538} INFO - Filling up the DagBag from /opt/airflow/dags/real_etl_with_failure.py
[2025-11-22T17:01:55.541+0000] {processor.py:840} INFO - DAG(s) 'real_etl_pipeline_with_db_logging_full' retrieved from /opt/airflow/dags/real_etl_with_failure.py
[2025-11-22T17:01:56.504+0000] {logging_mixin.py:188} INFO - [2025-11-22T17:01:56.503+0000] {dag.py:3036} INFO - Sync 1 DAGs
[2025-11-22T17:01:56.739+0000] {logging_mixin.py:188} INFO - [2025-11-22T17:01:56.738+0000] {dag.py:3823} INFO - Setting next_dagrun for real_etl_pipeline_with_db_logging_full to None, run_after=None
[2025-11-22T17:01:56.927+0000] {processor.py:183} INFO - Processing /opt/airflow/dags/real_etl_with_failure.py took 2.272 seconds
