[2025-11-19T13:01:27.421+0000] {logging_mixin.py:188} INFO - Changing /opt/***/logs/dag_id=real_etl_pipeline_with_db_logging_full/run_id=manual__2025-11-19T13:01:00.032850+00:00/task_id=load_data permission to 509
[2025-11-19T13:01:27.478+0000] {logging_mixin.py:188} INFO - Changing /opt/***/logs/dag_id=real_etl_pipeline_with_db_logging_full/run_id=manual__2025-11-19T13:01:00.032850+00:00/task_id=load_data permission to 509
[2025-11-19T13:01:27.542+0000] {taskinstance.py:1956} INFO - Dependencies all met for dep_context=non-requeueable deps ti=<TaskInstance: real_etl_pipeline_with_db_logging_full.load_data manual__2025-11-19T13:01:00.032850+00:00 [queued]>
[2025-11-19T13:01:27.557+0000] {taskinstance.py:1956} INFO - Dependencies all met for dep_context=requeueable deps ti=<TaskInstance: real_etl_pipeline_with_db_logging_full.load_data manual__2025-11-19T13:01:00.032850+00:00 [queued]>
[2025-11-19T13:01:27.558+0000] {taskinstance.py:2170} INFO - Starting attempt 1 of 1
[2025-11-19T13:01:27.595+0000] {taskinstance.py:2191} INFO - Executing <Task(_PythonDecoratedOperator): load_data> on 2025-11-19 13:01:00.032850+00:00
[2025-11-19T13:01:27.603+0000] {standard_task_runner.py:60} INFO - Started process 423 to run task
[2025-11-19T13:01:27.608+0000] {standard_task_runner.py:87} INFO - Running: ['***', 'tasks', 'run', 'real_etl_pipeline_with_db_logging_full', 'load_data', 'manual__2025-11-19T13:01:00.032850+00:00', '--job-id', '5', '--raw', '--subdir', 'DAGS_FOLDER/real_etl_with_failure.py', '--cfg-path', '/tmp/tmp4ffi3cpv']
[2025-11-19T13:01:27.611+0000] {standard_task_runner.py:88} INFO - Job 5: Subtask load_data
[2025-11-19T13:01:27.725+0000] {logging_mixin.py:188} INFO - Changing /opt/***/logs/dag_id=real_etl_pipeline_with_db_logging_full/run_id=manual__2025-11-19T13:01:00.032850+00:00/task_id=load_data permission to 509
[2025-11-19T13:01:27.729+0000] {task_command.py:423} INFO - Running <TaskInstance: real_etl_pipeline_with_db_logging_full.load_data manual__2025-11-19T13:01:00.032850+00:00 [running]> on host 9c8c86a342b4
[2025-11-19T13:01:27.944+0000] {taskinstance.py:2480} INFO - Exporting env vars: AIRFLOW_CTX_DAG_OWNER='***' AIRFLOW_CTX_DAG_ID='real_etl_pipeline_with_db_logging_full' AIRFLOW_CTX_TASK_ID='load_data' AIRFLOW_CTX_EXECUTION_DATE='2025-11-19T13:01:00.032850+00:00' AIRFLOW_CTX_TRY_NUMBER='1' AIRFLOW_CTX_DAG_RUN_ID='manual__2025-11-19T13:01:00.032850+00:00'
[2025-11-19T13:01:28.332+0000] {real_etl_with_failure.py:172} INFO - Loading 5 records into clean_orders...
[2025-11-19T13:01:28.366+0000] {base.py:83} INFO - Using connection ID 'postgres_default' for task execution.
[2025-11-19T13:01:28.397+0000] {real_etl_with_failure.py:190} ERROR - Failed to insert record {'order_id': '103', 'product': 'Gadget', 'amount': 'ninety-nine'}: invalid input syntax for type integer: "ninety-nine"
LINE 1: ...der_id, product, amount) VALUES ('103', 'Gadget', 'ninety-ni...
                                                             ^

[2025-11-19T13:01:28.412+0000] {base.py:83} INFO - Using connection ID 'postgres_default' for task execution.
[2025-11-19T13:01:28.427+0000] {sql.py:450} INFO - Running statement: 
        INSERT INTO public.pipeline_audit_log (
            dag_id, task_id, ***_run_id, lineage_run_id,
            job_name, namespace, status, error,
            error_class, error_message, stack_trace,
            total_records, success_count, failure_count, failed_records,
            started_at, finished_at, hostname, extra_metadata
        )
        VALUES (%s,%s,%s,%s,%s,%s,%s,%s,%s,%s,%s,%s,%s,%s,%s,%s,%s,%s,%s)
        , parameters: ('real_etl_pipeline_with_db_logging_full', 'load_data', 'manual__2025-11-19T13:01:00.032850+00:00', 'not-found', 'real_etl_pipeline_with_db_logging_full', 'default', 'FAILED', 'data_insertion_error', 'RecordInsertError', '1 record(s) could not be inserted.', None, 5, 4, 1, '[{"order_id": "103", "product": "Gadget", "amount": "ninety-nine", "error_class": "InvalidTextRepresentation", "error_message": "invalid input syntax for type integer: \\"ninety-nine\\"\\nLINE 1: ...der_id, product, amount) VALUES (\'103\', \'Gadget\', \'ninety-ni...\\n                                                             ^"}]', datetime.datetime(2025, 11, 19, 13, 1, 28, 332545), datetime.datetime(2025, 11, 19, 13, 1, 28, 402949), '9c8c86a342b4', '{"component": "load_task", "version": "full_v2_with_traceback"}')
[2025-11-19T13:01:28.431+0000] {sql.py:459} INFO - Rows affected: 1
[2025-11-19T13:01:28.910+0000] {taskinstance.py:2698} ERROR - Task failed with exception
Traceback (most recent call last):
  File "/home/airflow/.local/lib/python3.8/site-packages/airflow/models/taskinstance.py", line 433, in _execute_task
    result = execute_callable(context=context, **execute_callable_kwargs)
  File "/home/airflow/.local/lib/python3.8/site-packages/airflow/decorators/base.py", line 241, in execute
    return_value = super().execute(context)
  File "/home/airflow/.local/lib/python3.8/site-packages/airflow/operators/python.py", line 199, in execute
    return_value = self.execute_callable()
  File "/home/airflow/.local/lib/python3.8/site-packages/airflow/operators/python.py", line 216, in execute_callable
    return self.python_callable(*self.op_args, **self.op_kwargs)
  File "/opt/airflow/dags/real_etl_with_failure.py", line 243, in load_data
    raise Exception(f"{error_msg} Check pipeline_audit_log for details.")
Exception: Load failed for 1 record(s). Check pipeline_audit_log for details.
[2025-11-19T13:01:28.997+0000] {taskinstance.py:1138} INFO - Marking task as FAILED. dag_id=real_etl_pipeline_with_db_logging_full, task_id=load_data, execution_date=20251119T130100, start_date=20251119T130127, end_date=20251119T130128
[2025-11-19T13:01:29.039+0000] {standard_task_runner.py:107} ERROR - Failed to execute job 5 for task load_data (Load failed for 1 record(s). Check pipeline_audit_log for details.; 423)
[2025-11-19T13:01:29.064+0000] {local_task_job_runner.py:234} INFO - Task exited with return code 1
[2025-11-19T13:01:29.092+0000] {taskinstance.py:3280} INFO - 0 downstream tasks scheduled from follow-on schedule check
