[2025-11-14T06:31:17.378+0000] {logging_mixin.py:188} INFO - Changing /opt/***/logs/dag_id=real_etl_pipeline_with_db_logging_v3/run_id=manual__2025-11-14T06:31:08.898660+00:00/task_id=create_tables permission to 509
[2025-11-14T06:31:17.513+0000] {logging_mixin.py:188} INFO - Changing /opt/***/logs/dag_id=real_etl_pipeline_with_db_logging_v3/run_id=manual__2025-11-14T06:31:08.898660+00:00/task_id=create_tables permission to 509
[2025-11-14T06:31:19.509+0000] {taskinstance.py:1956} INFO - Dependencies all met for dep_context=non-requeueable deps ti=<TaskInstance: real_etl_pipeline_with_db_logging_v3.create_tables manual__2025-11-14T06:31:08.898660+00:00 [queued]>
[2025-11-14T06:31:19.578+0000] {taskinstance.py:1956} INFO - Dependencies all met for dep_context=requeueable deps ti=<TaskInstance: real_etl_pipeline_with_db_logging_v3.create_tables manual__2025-11-14T06:31:08.898660+00:00 [queued]>
[2025-11-14T06:31:19.579+0000] {taskinstance.py:2170} INFO - Starting attempt 1 of 1
[2025-11-14T06:31:19.642+0000] {taskinstance.py:2191} INFO - Executing <Task(PostgresOperator): create_tables> on 2025-11-14 06:31:08.898660+00:00
[2025-11-14T06:31:19.658+0000] {standard_task_runner.py:60} INFO - Started process 4706 to run task
[2025-11-14T06:31:19.665+0000] {standard_task_runner.py:87} INFO - Running: ['***', 'tasks', 'run', 'real_etl_pipeline_with_db_logging_v3', 'create_tables', 'manual__2025-11-14T06:31:08.898660+00:00', '--job-id', '19', '--raw', '--subdir', 'DAGS_FOLDER/real_etl_with_failure.py', '--cfg-path', '/tmp/tmp8q1pbxpd']
[2025-11-14T06:31:19.669+0000] {standard_task_runner.py:88} INFO - Job 19: Subtask create_tables
[2025-11-14T06:31:20.016+0000] {logging_mixin.py:188} INFO - Changing /opt/***/logs/dag_id=real_etl_pipeline_with_db_logging_v3/run_id=manual__2025-11-14T06:31:08.898660+00:00/task_id=create_tables permission to 509
[2025-11-14T06:31:20.030+0000] {task_command.py:423} INFO - Running <TaskInstance: real_etl_pipeline_with_db_logging_v3.create_tables manual__2025-11-14T06:31:08.898660+00:00 [running]> on host dd103ceb31c1
[2025-11-14T06:31:20.419+0000] {taskinstance.py:2480} INFO - Exporting env vars: AIRFLOW_CTX_DAG_OWNER='***' AIRFLOW_CTX_DAG_ID='real_etl_pipeline_with_db_logging_v3' AIRFLOW_CTX_TASK_ID='create_tables' AIRFLOW_CTX_EXECUTION_DATE='2025-11-14T06:31:08.898660+00:00' AIRFLOW_CTX_TRY_NUMBER='1' AIRFLOW_CTX_DAG_RUN_ID='manual__2025-11-14T06:31:08.898660+00:00'
[2025-11-14T06:31:20.616+0000] {base.py:83} INFO - Using connection ID 'postgres_default' for task execution.
[2025-11-14T06:31:20.705+0000] {base.py:83} INFO - Using connection ID 'postgres_default' for task execution.
[2025-11-14T06:31:20.737+0000] {base.py:83} INFO - Using connection ID 'postgres_default' for task execution.
[2025-11-14T06:31:20.754+0000] {sql.py:450} INFO - Running statement: SELECT CURRENT_SCHEMA;, parameters: None
[2025-11-14T06:31:20.756+0000] {sql.py:459} INFO - Rows affected: 1
[2025-11-14T06:31:20.773+0000] {base.py:83} INFO - Using connection ID 'postgres_default' for task execution.
[2025-11-14T06:31:20.956+0000] {base.py:83} INFO - Using connection ID 'postgres_default' for task execution.
[2025-11-14T06:31:26.674+0000] {sql.py:276} INFO - Executing: 
        CREATE TABLE IF NOT EXISTS public.raw_orders (
            order_id VARCHAR(50),
            product VARCHAR(100),
            amount VARCHAR(50)
        );

        CREATE TABLE IF NOT EXISTS public.clean_orders (
            order_id VARCHAR(50) PRIMARY KEY,
            product VARCHAR(100),
            amount INTEGER NOT NULL
        );

        CREATE TABLE IF NOT EXISTS public.pipeline_audit_log (
            audit_id BIGSERIAL PRIMARY KEY,
            dag_id TEXT,
            task_id TEXT,
            ***_run_id TEXT,
            lineage_run_id TEXT,
            status TEXT,
            error_class TEXT,
            error_message TEXT,
            stack_trace TEXT,
            total_records INT,
            success_count INT,
            failure_count INT,
            failed_records JSONB,
            started_at TIMESTAMP,
            finished_at TIMESTAMP,
            hostname TEXT,
            extra_metadata JSONB
        );

        TRUNCATE TABLE public.raw_orders;
        TRUNCATE TABLE public.clean_orders;
        
[2025-11-14T06:31:26.711+0000] {base.py:83} INFO - Using connection ID 'postgres_default' for task execution.
[2025-11-14T06:31:26.736+0000] {sql.py:450} INFO - Running statement: 
        CREATE TABLE IF NOT EXISTS public.raw_orders (
            order_id VARCHAR(50),
            product VARCHAR(100),
            amount VARCHAR(50)
        );

        CREATE TABLE IF NOT EXISTS public.clean_orders (
            order_id VARCHAR(50) PRIMARY KEY,
            product VARCHAR(100),
            amount INTEGER NOT NULL
        );

        CREATE TABLE IF NOT EXISTS public.pipeline_audit_log (
            audit_id BIGSERIAL PRIMARY KEY,
            dag_id TEXT,
            task_id TEXT,
            ***_run_id TEXT,
            lineage_run_id TEXT,
            status TEXT,
            error_class TEXT,
            error_message TEXT,
            stack_trace TEXT,
            total_records INT,
            success_count INT,
            failure_count INT,
            failed_records JSONB,
            started_at TIMESTAMP,
            finished_at TIMESTAMP,
            hostname TEXT,
            extra_metadata JSONB
        );

        TRUNCATE TABLE public.raw_orders;
        TRUNCATE TABLE public.clean_orders;
        , parameters: None
[2025-11-14T06:31:26.900+0000] {taskinstance.py:1138} INFO - Marking task as SUCCESS. dag_id=real_etl_pipeline_with_db_logging_v3, task_id=create_tables, execution_date=20251114T063108, start_date=20251114T063119, end_date=20251114T063126
[2025-11-14T06:31:27.031+0000] {base.py:83} INFO - Using connection ID 'postgres_default' for task execution.
[2025-11-14T06:31:27.082+0000] {base.py:83} INFO - Using connection ID 'postgres_default' for task execution.
[2025-11-14T06:31:27.149+0000] {sql.py:450} INFO - Running statement: SELECT CURRENT_SCHEMA;, parameters: None
[2025-11-14T06:31:27.158+0000] {sql.py:459} INFO - Rows affected: 1
[2025-11-14T06:31:27.297+0000] {base.py:83} INFO - Using connection ID 'postgres_default' for task execution.
[2025-11-14T06:31:27.516+0000] {base.py:83} INFO - Using connection ID 'postgres_default' for task execution.
[2025-11-14T06:31:28.803+0000] {local_task_job_runner.py:234} INFO - Task exited with return code 0
[2025-11-14T06:31:28.834+0000] {taskinstance.py:3280} INFO - 0 downstream tasks scheduled from follow-on schedule check
