[2025-11-19T05:01:18.718+0000] {logging_mixin.py:188} INFO - Changing /opt/***/logs/dag_id=real_etl_pipeline_with_openlineage_errors/run_id=manual__2025-11-19T05:01:04.124990+00:00/task_id=load_data permission to 509
[2025-11-19T05:01:18.808+0000] {logging_mixin.py:188} INFO - Changing /opt/***/logs/dag_id=real_etl_pipeline_with_openlineage_errors/run_id=manual__2025-11-19T05:01:04.124990+00:00/task_id=load_data permission to 509
[2025-11-19T05:01:18.910+0000] {taskinstance.py:1956} INFO - Dependencies all met for dep_context=non-requeueable deps ti=<TaskInstance: real_etl_pipeline_with_openlineage_errors.load_data manual__2025-11-19T05:01:04.124990+00:00 [queued]>
[2025-11-19T05:01:18.939+0000] {taskinstance.py:1956} INFO - Dependencies all met for dep_context=requeueable deps ti=<TaskInstance: real_etl_pipeline_with_openlineage_errors.load_data manual__2025-11-19T05:01:04.124990+00:00 [queued]>
[2025-11-19T05:01:18.943+0000] {taskinstance.py:2170} INFO - Starting attempt 1 of 1
[2025-11-19T05:01:18.989+0000] {taskinstance.py:2191} INFO - Executing <Task(_PythonDecoratedOperator): load_data> on 2025-11-19 05:01:04.124990+00:00
[2025-11-19T05:01:19.005+0000] {standard_task_runner.py:60} INFO - Started process 30146 to run task
[2025-11-19T05:01:19.009+0000] {standard_task_runner.py:87} INFO - Running: ['***', 'tasks', 'run', 'real_etl_pipeline_with_openlineage_errors', 'load_data', 'manual__2025-11-19T05:01:04.124990+00:00', '--job-id', '32', '--raw', '--subdir', 'DAGS_FOLDER/etl_pipeline_with_openlineage_errors.py', '--cfg-path', '/tmp/tmpjmyaqcsj']
[2025-11-19T05:01:19.023+0000] {standard_task_runner.py:88} INFO - Job 32: Subtask load_data
[2025-11-19T05:01:19.120+0000] {logging_mixin.py:188} INFO - Changing /opt/***/logs/dag_id=real_etl_pipeline_with_openlineage_errors/run_id=manual__2025-11-19T05:01:04.124990+00:00/task_id=load_data permission to 509
[2025-11-19T05:01:19.125+0000] {task_command.py:423} INFO - Running <TaskInstance: real_etl_pipeline_with_openlineage_errors.load_data manual__2025-11-19T05:01:04.124990+00:00 [running]> on host bf83f8158c22
[2025-11-19T05:01:19.296+0000] {taskinstance.py:2480} INFO - Exporting env vars: AIRFLOW_CTX_DAG_OWNER='***' AIRFLOW_CTX_DAG_ID='real_etl_pipeline_with_openlineage_errors' AIRFLOW_CTX_TASK_ID='load_data' AIRFLOW_CTX_EXECUTION_DATE='2025-11-19T05:01:04.124990+00:00' AIRFLOW_CTX_TRY_NUMBER='1' AIRFLOW_CTX_DAG_RUN_ID='manual__2025-11-19T05:01:04.124990+00:00'
[2025-11-19T05:01:20.112+0000] {etl_pipeline_with_openlineage_errors.py:169} INFO - Attempting to load 5 records into clean_orders...
[2025-11-19T05:01:20.137+0000] {base.py:83} INFO - Using connection ID 'postgres_default' for task execution.
[2025-11-19T05:01:20.166+0000] {etl_pipeline_with_openlineage_errors.py:193} ERROR - Failed to insert record {'order_id': '103', 'product': 'Gadget', 'amount': 'ninety-nine'}: invalid input syntax for type integer: "ninety-nine"
LINE 1: ...der_id, product, amount) VALUES ('103', 'Gadget', 'ninety-ni...
                                                             ^

[2025-11-19T05:01:20.169+0000] {etl_pipeline_with_openlineage_errors.py:194} ERROR - Failed SQL: INSERT INTO public.clean_orders (order_id, product, amount) VALUES ('103', 'Gadget', 'ninety-nine');
[2025-11-19T05:01:20.184+0000] {base.py:83} INFO - Using connection ID 'postgres_default' for task execution.
[2025-11-19T05:01:20.206+0000] {sql.py:450} INFO - Running statement: 
        INSERT INTO public.pipeline_audit_log (
            dag_id, task_id, ***_run_id, lineage_run_id,
            job_name, namespace, status, error,
            error_class, error_message, stack_trace,
            total_records, success_count, failure_count, failed_records,
            started_at, finished_at, hostname, extra_metadata
        )
        VALUES (%s,%s,%s,%s,%s,%s,%s,%s,%s,%s,%s,%s,%s,%s,%s,%s,%s,%s,%s)
        , parameters: ('real_etl_pipeline_with_openlineage_errors', 'load_data', 'manual__2025-11-19T05:01:04.124990+00:00', 'not-found', 'real_etl_pipeline_with_openlineage_errors.load_data', 'default', 'FAILED', 'data_insertion_error', 'RecordInsertError', '1 of 5 record(s) failed to insert.', None, 5, 4, 1, '[{"order_id": "103", "product": "Gadget", "amount": "ninety-nine", "error_class": "InvalidTextRepresentation", "error_message": "invalid input syntax for type integer: \\"ninety-nine\\"\\nLINE 1: ...der_id, product, amount) VALUES (\'103\', \'Gadget\', \'ninety-ni...\\n                                                             ^", "failed_sql_statement": "INSERT INTO public.clean_orders (order_id, product, amount) VALUES (\'103\', \'Gadget\', \'ninety-nine\');"}]', datetime.datetime(2025, 11, 19, 5, 1, 20, 112230), datetime.datetime(2025, 11, 19, 5, 1, 20, 173548), 'bf83f8158c22', '{"component": "load_task", "version": "simplified_v2"}')
[2025-11-19T05:01:20.210+0000] {sql.py:459} INFO - Rows affected: 1
[2025-11-19T05:01:20.662+0000] {taskinstance.py:2698} ERROR - Task failed with exception
Traceback (most recent call last):
  File "/home/airflow/.local/lib/python3.8/site-packages/airflow/models/taskinstance.py", line 433, in _execute_task
    result = execute_callable(context=context, **execute_callable_kwargs)
  File "/home/airflow/.local/lib/python3.8/site-packages/airflow/decorators/base.py", line 241, in execute
    return_value = super().execute(context)
  File "/home/airflow/.local/lib/python3.8/site-packages/airflow/operators/python.py", line 199, in execute
    return_value = self.execute_callable()
  File "/home/airflow/.local/lib/python3.8/site-packages/airflow/operators/python.py", line 216, in execute_callable
    return self.python_callable(*self.op_args, **self.op_kwargs)
  File "/opt/airflow/dags/etl_pipeline_with_openlineage_errors.py", line 240, in load_data
    raise AirflowException(error_message)
airflow.exceptions.AirflowException: 1 of 5 record(s) failed to insert.
[2025-11-19T05:01:20.704+0000] {taskinstance.py:1138} INFO - Marking task as FAILED. dag_id=real_etl_pipeline_with_openlineage_errors, task_id=load_data, execution_date=20251119T050104, start_date=20251119T050118, end_date=20251119T050120
[2025-11-19T05:01:20.787+0000] {standard_task_runner.py:107} ERROR - Failed to execute job 32 for task load_data (1 of 5 record(s) failed to insert.; 30146)
[2025-11-19T05:01:20.814+0000] {local_task_job_runner.py:234} INFO - Task exited with return code 1
[2025-11-19T05:01:20.856+0000] {taskinstance.py:3280} INFO - 0 downstream tasks scheduled from follow-on schedule check
