[2025-11-12T13:25:39.910+0000] {logging_mixin.py:188} INFO - Changing /opt/***/logs/dag_id=real_etl_pipeline_with_failure/run_id=manual__2025-11-12T13:25:35.978581+00:00/task_id=create_source_and_target_tables permission to 509
[2025-11-12T13:25:40.100+0000] {logging_mixin.py:188} INFO - Changing /opt/***/logs/dag_id=real_etl_pipeline_with_failure/run_id=manual__2025-11-12T13:25:35.978581+00:00/task_id=create_source_and_target_tables permission to 509
[2025-11-12T13:25:40.430+0000] {taskinstance.py:1956} INFO - Dependencies all met for dep_context=non-requeueable deps ti=<TaskInstance: real_etl_pipeline_with_failure.create_source_and_target_tables manual__2025-11-12T13:25:35.978581+00:00 [queued]>
[2025-11-12T13:25:40.496+0000] {taskinstance.py:1956} INFO - Dependencies all met for dep_context=requeueable deps ti=<TaskInstance: real_etl_pipeline_with_failure.create_source_and_target_tables manual__2025-11-12T13:25:35.978581+00:00 [queued]>
[2025-11-12T13:25:40.499+0000] {taskinstance.py:2170} INFO - Starting attempt 1 of 1
[2025-11-12T13:25:40.648+0000] {taskinstance.py:2191} INFO - Executing <Task(PostgresOperator): create_source_and_target_tables> on 2025-11-12 13:25:35.978581+00:00
[2025-11-12T13:25:40.711+0000] {standard_task_runner.py:60} INFO - Started process 5610 to run task
[2025-11-12T13:25:40.737+0000] {standard_task_runner.py:87} INFO - Running: ['***', 'tasks', 'run', 'real_etl_pipeline_with_failure', 'create_source_and_target_tables', 'manual__2025-11-12T13:25:35.978581+00:00', '--job-id', '13', '--raw', '--subdir', 'DAGS_FOLDER/real_etl_with_failure.py', '--cfg-path', '/tmp/tmpwh1y6_ok']
[2025-11-12T13:25:40.747+0000] {standard_task_runner.py:88} INFO - Job 13: Subtask create_source_and_target_tables
[2025-11-12T13:25:41.817+0000] {logging_mixin.py:188} INFO - Changing /opt/***/logs/dag_id=real_etl_pipeline_with_failure/run_id=manual__2025-11-12T13:25:35.978581+00:00/task_id=create_source_and_target_tables permission to 509
[2025-11-12T13:25:42.011+0000] {task_command.py:423} INFO - Running <TaskInstance: real_etl_pipeline_with_failure.create_source_and_target_tables manual__2025-11-12T13:25:35.978581+00:00 [running]> on host 0c867993a02e
[2025-11-12T13:25:43.761+0000] {taskinstance.py:2480} INFO - Exporting env vars: AIRFLOW_CTX_DAG_OWNER='***' AIRFLOW_CTX_DAG_ID='real_etl_pipeline_with_failure' AIRFLOW_CTX_TASK_ID='create_source_and_target_tables' AIRFLOW_CTX_EXECUTION_DATE='2025-11-12T13:25:35.978581+00:00' AIRFLOW_CTX_TRY_NUMBER='1' AIRFLOW_CTX_DAG_RUN_ID='manual__2025-11-12T13:25:35.978581+00:00'
[2025-11-12T13:25:45.762+0000] {base.py:83} INFO - Using connection ID 'postgres_default' for task execution.
[2025-11-12T13:25:46.814+0000] {base.py:83} INFO - Using connection ID 'postgres_default' for task execution.
[2025-11-12T13:25:46.859+0000] {base.py:83} INFO - Using connection ID 'postgres_default' for task execution.
[2025-11-12T13:25:46.892+0000] {sql.py:450} INFO - Running statement: SELECT CURRENT_SCHEMA;, parameters: None
[2025-11-12T13:25:47.050+0000] {sql.py:459} INFO - Rows affected: 1
[2025-11-12T13:25:47.154+0000] {base.py:83} INFO - Using connection ID 'postgres_default' for task execution.
[2025-11-12T13:25:47.367+0000] {base.py:83} INFO - Using connection ID 'postgres_default' for task execution.
[2025-11-12T13:25:54.449+0000] {adapter.py:122} WARNING - Failed to emit OpenLineage event of id d4957ff7-a4d4-38a1-bc20-ae7ff27a8fa5
[2025-11-12T13:25:54.472+0000] {sql.py:276} INFO - Executing: 
        CREATE TABLE IF NOT EXISTS public.raw_orders (
            order_id VARCHAR(50),
            product VARCHAR(100),
            amount VARCHAR(50) -- Stored as string to allow for bad data
        );
        CREATE TABLE IF NOT EXISTS public.clean_orders (
            order_id VARCHAR(50) PRIMARY KEY,
            product VARCHAR(100),
            amount INTEGER NOT NULL -- Stored as integer, this will cause the failure
        );
        TRUNCATE TABLE public.raw_orders;
        TRUNCATE TABLE public.clean_orders;
        
[2025-11-12T13:25:54.724+0000] {base.py:83} INFO - Using connection ID 'postgres_default' for task execution.
[2025-11-12T13:25:54.800+0000] {sql.py:450} INFO - Running statement: 
        CREATE TABLE IF NOT EXISTS public.raw_orders (
            order_id VARCHAR(50),
            product VARCHAR(100),
            amount VARCHAR(50) -- Stored as string to allow for bad data
        );
        CREATE TABLE IF NOT EXISTS public.clean_orders (
            order_id VARCHAR(50) PRIMARY KEY,
            product VARCHAR(100),
            amount INTEGER NOT NULL -- Stored as integer, this will cause the failure
        );
        TRUNCATE TABLE public.raw_orders;
        TRUNCATE TABLE public.clean_orders;
        , parameters: None
[2025-11-12T13:25:55.436+0000] {taskinstance.py:1138} INFO - Marking task as SUCCESS. dag_id=real_etl_pipeline_with_failure, task_id=create_source_and_target_tables, execution_date=20251112T132535, start_date=20251112T132540, end_date=20251112T132555
[2025-11-12T13:25:55.892+0000] {base.py:83} INFO - Using connection ID 'postgres_default' for task execution.
[2025-11-12T13:25:55.976+0000] {base.py:83} INFO - Using connection ID 'postgres_default' for task execution.
[2025-11-12T13:25:56.126+0000] {sql.py:450} INFO - Running statement: SELECT CURRENT_SCHEMA;, parameters: None
[2025-11-12T13:25:56.137+0000] {sql.py:459} INFO - Rows affected: 1
[2025-11-12T13:25:56.298+0000] {base.py:83} INFO - Using connection ID 'postgres_default' for task execution.
[2025-11-12T13:25:56.653+0000] {base.py:83} INFO - Using connection ID 'postgres_default' for task execution.
[2025-11-12T13:25:59.478+0000] {local_task_job_runner.py:234} INFO - Task exited with return code 0
[2025-11-12T13:25:59.539+0000] {taskinstance.py:3280} INFO - 0 downstream tasks scheduled from follow-on schedule check
