[2025-11-11T09:22:41.713+0000] {logging_mixin.py:188} INFO - Changing /opt/***/logs/dag_id=failed_lineage_dag/run_id=manual__2025-11-11T09:22:24.670116+00:00/task_id=load_fail permission to 509
[2025-11-11T09:22:41.828+0000] {logging_mixin.py:188} INFO - Changing /opt/***/logs/dag_id=failed_lineage_dag/run_id=manual__2025-11-11T09:22:24.670116+00:00/task_id=load_fail permission to 509
[2025-11-11T09:22:42.028+0000] {taskinstance.py:1956} INFO - Dependencies all met for dep_context=non-requeueable deps ti=<TaskInstance: failed_lineage_dag.load_fail manual__2025-11-11T09:22:24.670116+00:00 [queued]>
[2025-11-11T09:22:42.080+0000] {taskinstance.py:1956} INFO - Dependencies all met for dep_context=requeueable deps ti=<TaskInstance: failed_lineage_dag.load_fail manual__2025-11-11T09:22:24.670116+00:00 [queued]>
[2025-11-11T09:22:42.084+0000] {taskinstance.py:2170} INFO - Starting attempt 1 of 1
[2025-11-11T09:22:42.149+0000] {taskinstance.py:2191} INFO - Executing <Task(PythonOperator): load_fail> on 2025-11-11 09:22:24.670116+00:00
[2025-11-11T09:22:42.324+0000] {standard_task_runner.py:60} INFO - Started process 2492 to run task
[2025-11-11T09:22:42.329+0000] {standard_task_runner.py:87} INFO - Running: ['***', 'tasks', 'run', 'failed_lineage_dag', 'load_fail', 'manual__2025-11-11T09:22:24.670116+00:00', '--job-id', '22', '--raw', '--subdir', 'DAGS_FOLDER/failed_lineage_dag.py', '--cfg-path', '/tmp/tmpjhik24tl']
[2025-11-11T09:22:42.342+0000] {standard_task_runner.py:88} INFO - Job 22: Subtask load_fail
[2025-11-11T09:22:42.512+0000] {logging_mixin.py:188} INFO - Changing /opt/***/logs/dag_id=failed_lineage_dag/run_id=manual__2025-11-11T09:22:24.670116+00:00/task_id=load_fail permission to 509
[2025-11-11T09:22:42.528+0000] {task_command.py:423} INFO - Running <TaskInstance: failed_lineage_dag.load_fail manual__2025-11-11T09:22:24.670116+00:00 [running]> on host daaf74c00587
[2025-11-11T09:22:42.825+0000] {taskinstance.py:2480} INFO - Exporting env vars: AIRFLOW_CTX_DAG_OWNER='***' AIRFLOW_CTX_DAG_ID='failed_lineage_dag' AIRFLOW_CTX_TASK_ID='load_fail' AIRFLOW_CTX_EXECUTION_DATE='2025-11-11T09:22:24.670116+00:00' AIRFLOW_CTX_TRY_NUMBER='1' AIRFLOW_CTX_DAG_RUN_ID='manual__2025-11-11T09:22:24.670116+00:00'
[2025-11-11T09:22:43.558+0000] {taskinstance.py:2698} ERROR - Task failed with exception
Traceback (most recent call last):
  File "/home/airflow/.local/lib/python3.8/site-packages/airflow/models/taskinstance.py", line 433, in _execute_task
    result = execute_callable(context=context, **execute_callable_kwargs)
  File "/home/airflow/.local/lib/python3.8/site-packages/airflow/operators/python.py", line 199, in execute
    return_value = self.execute_callable()
  File "/home/airflow/.local/lib/python3.8/site-packages/airflow/operators/python.py", line 216, in execute_callable
    return self.python_callable(*self.op_args, **self.op_kwargs)
  File "/opt/airflow/dags/failed_lineage_dag.py", line 16, in load_fail
    raise ValueError("❌ Load step failed: Missing required field 'customer_id'")
ValueError: ❌ Load step failed: Missing required field 'customer_id'
[2025-11-11T09:22:43.616+0000] {taskinstance.py:1138} INFO - Marking task as FAILED. dag_id=failed_lineage_dag, task_id=load_fail, execution_date=20251111T092224, start_date=20251111T092242, end_date=20251111T092243
[2025-11-11T09:22:43.679+0000] {standard_task_runner.py:107} ERROR - Failed to execute job 22 for task load_fail (❌ Load step failed: Missing required field 'customer_id'; 2492)
[2025-11-11T09:22:43.741+0000] {local_task_job_runner.py:234} INFO - Task exited with return code 1
[2025-11-11T09:22:43.784+0000] {taskinstance.py:3280} INFO - 0 downstream tasks scheduled from follow-on schedule check
