[2025-11-13T13:05:44.007+0000] {logging_mixin.py:188} INFO - Changing /opt/***/logs/dag_id=real_etl_pipeline_with_db_logging/run_id=manual__2025-11-13T13:05:02.247793+00:00/task_id=create_tables permission to 509
[2025-11-13T13:05:44.291+0000] {logging_mixin.py:188} INFO - Changing /opt/***/logs/dag_id=real_etl_pipeline_with_db_logging/run_id=manual__2025-11-13T13:05:02.247793+00:00/task_id=create_tables permission to 509
[2025-11-13T13:05:46.540+0000] {taskinstance.py:1956} INFO - Dependencies all met for dep_context=non-requeueable deps ti=<TaskInstance: real_etl_pipeline_with_db_logging.create_tables manual__2025-11-13T13:05:02.247793+00:00 [queued]>
[2025-11-13T13:05:46.630+0000] {taskinstance.py:1956} INFO - Dependencies all met for dep_context=requeueable deps ti=<TaskInstance: real_etl_pipeline_with_db_logging.create_tables manual__2025-11-13T13:05:02.247793+00:00 [queued]>
[2025-11-13T13:05:46.639+0000] {taskinstance.py:2170} INFO - Starting attempt 1 of 1
[2025-11-13T13:05:46.916+0000] {taskinstance.py:2191} INFO - Executing <Task(PostgresOperator): create_tables> on 2025-11-13 13:05:02.247793+00:00
[2025-11-13T13:05:47.089+0000] {standard_task_runner.py:60} INFO - Started process 1510 to run task
[2025-11-13T13:05:47.141+0000] {standard_task_runner.py:87} INFO - Running: ['***', 'tasks', 'run', 'real_etl_pipeline_with_db_logging', 'create_tables', 'manual__2025-11-13T13:05:02.247793+00:00', '--job-id', '11', '--raw', '--subdir', 'DAGS_FOLDER/real_etl_with_failure.py', '--cfg-path', '/tmp/tmpcalci40v']
[2025-11-13T13:05:47.175+0000] {standard_task_runner.py:88} INFO - Job 11: Subtask create_tables
[2025-11-13T13:05:48.001+0000] {logging_mixin.py:188} INFO - Changing /opt/***/logs/dag_id=real_etl_pipeline_with_db_logging/run_id=manual__2025-11-13T13:05:02.247793+00:00/task_id=create_tables permission to 509
[2025-11-13T13:05:48.067+0000] {task_command.py:423} INFO - Running <TaskInstance: real_etl_pipeline_with_db_logging.create_tables manual__2025-11-13T13:05:02.247793+00:00 [running]> on host dd103ceb31c1
[2025-11-13T13:05:49.477+0000] {taskinstance.py:2480} INFO - Exporting env vars: AIRFLOW_CTX_DAG_OWNER='***' AIRFLOW_CTX_DAG_ID='real_etl_pipeline_with_db_logging' AIRFLOW_CTX_TASK_ID='create_tables' AIRFLOW_CTX_EXECUTION_DATE='2025-11-13T13:05:02.247793+00:00' AIRFLOW_CTX_TRY_NUMBER='1' AIRFLOW_CTX_DAG_RUN_ID='manual__2025-11-13T13:05:02.247793+00:00'
[2025-11-13T13:05:50.520+0000] {base.py:83} INFO - Using connection ID 'postgres_default' for task execution.
[2025-11-13T13:05:51.326+0000] {base.py:83} INFO - Using connection ID 'postgres_default' for task execution.
[2025-11-13T13:05:51.436+0000] {base.py:83} INFO - Using connection ID 'postgres_default' for task execution.
[2025-11-13T13:05:51.461+0000] {sql.py:450} INFO - Running statement: SELECT CURRENT_SCHEMA;, parameters: None
[2025-11-13T13:05:51.482+0000] {sql.py:459} INFO - Rows affected: 1
[2025-11-13T13:05:51.555+0000] {base.py:83} INFO - Using connection ID 'postgres_default' for task execution.
[2025-11-13T13:05:52.144+0000] {base.py:83} INFO - Using connection ID 'postgres_default' for task execution.
[2025-11-13T13:05:59.140+0000] {adapter.py:122} WARNING - Failed to emit OpenLineage event of id b3292319-ad47-30ec-a2ba-6dd256b1b53f
[2025-11-13T13:05:59.335+0000] {sql.py:276} INFO - Executing: 
        CREATE TABLE IF NOT EXISTS public.raw_orders (
            order_id VARCHAR(50),
            product VARCHAR(100),
            amount VARCHAR(50)
        );
        CREATE TABLE IF NOT EXISTS public.clean_orders (
            order_id VARCHAR(50) PRIMARY KEY,
            product VARCHAR(100),
            amount INTEGER NOT NULL
        );
        CREATE TABLE IF NOT EXISTS public.etl_job_logs (
            job_name TEXT,
            run_id TEXT,
            status TEXT,
            success_count INT,
            fail_count INT,
            failed_records JSONB,
            started_at TIMESTAMP,
            finished_at TIMESTAMP
        );
        TRUNCATE TABLE public.raw_orders;
        TRUNCATE TABLE public.clean_orders;
        
[2025-11-13T13:05:59.548+0000] {base.py:83} INFO - Using connection ID 'postgres_default' for task execution.
[2025-11-13T13:05:59.942+0000] {sql.py:450} INFO - Running statement: 
        CREATE TABLE IF NOT EXISTS public.raw_orders (
            order_id VARCHAR(50),
            product VARCHAR(100),
            amount VARCHAR(50)
        );
        CREATE TABLE IF NOT EXISTS public.clean_orders (
            order_id VARCHAR(50) PRIMARY KEY,
            product VARCHAR(100),
            amount INTEGER NOT NULL
        );
        CREATE TABLE IF NOT EXISTS public.etl_job_logs (
            job_name TEXT,
            run_id TEXT,
            status TEXT,
            success_count INT,
            fail_count INT,
            failed_records JSONB,
            started_at TIMESTAMP,
            finished_at TIMESTAMP
        );
        TRUNCATE TABLE public.raw_orders;
        TRUNCATE TABLE public.clean_orders;
        , parameters: None
[2025-11-13T13:06:01.646+0000] {taskinstance.py:1138} INFO - Marking task as SUCCESS. dag_id=real_etl_pipeline_with_db_logging, task_id=create_tables, execution_date=20251113T130502, start_date=20251113T130546, end_date=20251113T130601
[2025-11-13T13:06:01.748+0000] {base.py:83} INFO - Using connection ID 'postgres_default' for task execution.
[2025-11-13T13:06:01.790+0000] {base.py:83} INFO - Using connection ID 'postgres_default' for task execution.
[2025-11-13T13:06:01.805+0000] {sql.py:450} INFO - Running statement: SELECT CURRENT_SCHEMA;, parameters: None
[2025-11-13T13:06:01.812+0000] {sql.py:459} INFO - Rows affected: 1
[2025-11-13T13:06:01.845+0000] {base.py:83} INFO - Using connection ID 'postgres_default' for task execution.
[2025-11-13T13:06:01.976+0000] {base.py:83} INFO - Using connection ID 'postgres_default' for task execution.
[2025-11-13T13:06:03.520+0000] {local_task_job_runner.py:234} INFO - Task exited with return code 0
[2025-11-13T13:06:03.621+0000] {taskinstance.py:3280} INFO - 0 downstream tasks scheduled from follow-on schedule check
